[0.466s] Invoking command in '/home/ambushee/HexapodLeg_modeling_team/2dof/build/volta_controller': CMAKE_PREFIX_PATH=${CMAKE_PREFIX_PATH}:/home/ambushee/HexapodLeg_modeling_team/2dof/install/hexapod_gz:/home/ambushee/HexapodLeg_modeling_team/2dof/install/experiment_kit:/opt/ros/humble /usr/bin/cmake /home/ambushee/HexapodLeg_modeling_team/2dof/src/volta_controller-20251104T082652Z-1-001/volta_controller -DCMAKE_INSTALL_PREFIX=/home/ambushee/HexapodLeg_modeling_team/2dof/install/volta_controller
[0.509s] -- The C compiler identification is GNU 11.4.0
[0.567s] -- The CXX compiler identification is GNU 11.4.0
[0.574s] -- Detecting C compiler ABI info
[0.634s] -- Detecting C compiler ABI info - done
[0.645s] -- Check for working C compiler: /usr/bin/cc - skipped
[0.646s] -- Detecting C compile features
[0.646s] -- Detecting C compile features - done
[0.651s] -- Detecting CXX compiler ABI info
[0.733s] -- Detecting CXX compiler ABI info - done
[0.741s] -- Check for working CXX compiler: /usr/bin/c++ - skipped
[0.741s] -- Detecting CXX compile features
[0.741s] -- Detecting CXX compile features - done
[0.744s] -- Found ament_cmake: 1.3.11 (/opt/ros/humble/share/ament_cmake/cmake)
[0.894s] -- Found Python3: /usr/bin/python3 (found version "3.10.12") found components: Interpreter 
[0.991s] -- Found rclcpp: 16.0.11 (/opt/ros/humble/share/rclcpp/cmake)
[1.042s] -- Found rosidl_generator_c: 3.1.6 (/opt/ros/humble/share/rosidl_generator_c/cmake)
[1.047s] -- Found rosidl_adapter: 3.1.6 (/opt/ros/humble/share/rosidl_adapter/cmake)
[1.056s] -- Found rosidl_generator_cpp: 3.1.6 (/opt/ros/humble/share/rosidl_generator_cpp/cmake)
[1.069s] -- Using all available rosidl_typesupport_c: rosidl_typesupport_fastrtps_c;rosidl_typesupport_introspection_c
[1.086s] -- Using all available rosidl_typesupport_cpp: rosidl_typesupport_fastrtps_cpp;rosidl_typesupport_introspection_cpp
[1.135s] -- Found rmw_implementation_cmake: 6.1.2 (/opt/ros/humble/share/rmw_implementation_cmake/cmake)
[1.138s] -- Found rmw_fastrtps_cpp: 6.2.7 (/opt/ros/humble/share/rmw_fastrtps_cpp/cmake)
[1.218s] -- Found OpenSSL: /usr/lib/x86_64-linux-gnu/libcrypto.so (found version "3.0.2")  
[1.257s] -- Found FastRTPS: /opt/ros/humble/include  
[1.293s] -- Using RMW implementation 'rmw_fastrtps_cpp' as default
[1.300s] -- Looking for pthread.h
[1.362s] -- Looking for pthread.h - found
[1.363s] -- Performing Test CMAKE_HAVE_LIBC_PTHREAD
[1.421s] -- Performing Test CMAKE_HAVE_LIBC_PTHREAD - Success
[1.422s] -- Found Threads: TRUE  
[1.468s] -- Found rclpy: 3.3.15 (/opt/ros/humble/share/rclpy/cmake)
[1.604s] -- Configuring done
[1.611s] -- Generating done
[1.615s] -- Build files have been written to: /home/ambushee/HexapodLeg_modeling_team/2dof/build/volta_controller
[1.624s] Invoked command in '/home/ambushee/HexapodLeg_modeling_team/2dof/build/volta_controller' returned '0': CMAKE_PREFIX_PATH=${CMAKE_PREFIX_PATH}:/home/ambushee/HexapodLeg_modeling_team/2dof/install/hexapod_gz:/home/ambushee/HexapodLeg_modeling_team/2dof/install/experiment_kit:/opt/ros/humble /usr/bin/cmake /home/ambushee/HexapodLeg_modeling_team/2dof/src/volta_controller-20251104T082652Z-1-001/volta_controller -DCMAKE_INSTALL_PREFIX=/home/ambushee/HexapodLeg_modeling_team/2dof/install/volta_controller
[1.626s] Invoking command in '/home/ambushee/HexapodLeg_modeling_team/2dof/build/volta_controller': CMAKE_PREFIX_PATH=${CMAKE_PREFIX_PATH}:/home/ambushee/HexapodLeg_modeling_team/2dof/install/hexapod_gz:/home/ambushee/HexapodLeg_modeling_team/2dof/install/experiment_kit:/opt/ros/humble /usr/bin/cmake --build /home/ambushee/HexapodLeg_modeling_team/2dof/build/volta_controller -- -j16 -l16
[1.669s] [ 50%] [32mBuilding CXX object CMakeFiles/cpp_node_test.dir/src/cpp_node.cpp.o[0m
[1.676s] [ 50%] Built target ament_cmake_python_copy_volta_controller
[1.941s] [100%] [32m[1mLinking CXX executable cpp_node_test[0m
[1.977s] running egg_info
[1.977s] creating volta_controller.egg-info
[1.977s] writing volta_controller.egg-info/PKG-INFO
[1.978s] writing dependency_links to volta_controller.egg-info/dependency_links.txt
[1.978s] writing top-level names to volta_controller.egg-info/top_level.txt
[1.978s] writing manifest file 'volta_controller.egg-info/SOURCES.txt'
[1.980s] reading manifest file 'volta_controller.egg-info/SOURCES.txt'
[1.980s] writing manifest file 'volta_controller.egg-info/SOURCES.txt'
[2.008s] [100%] Built target ament_cmake_python_build_volta_controller_egg
[2.036s] [100%] Built target cpp_node_test
[2.046s] Invoked command in '/home/ambushee/HexapodLeg_modeling_team/2dof/build/volta_controller' returned '0': CMAKE_PREFIX_PATH=${CMAKE_PREFIX_PATH}:/home/ambushee/HexapodLeg_modeling_team/2dof/install/hexapod_gz:/home/ambushee/HexapodLeg_modeling_team/2dof/install/experiment_kit:/opt/ros/humble /usr/bin/cmake --build /home/ambushee/HexapodLeg_modeling_team/2dof/build/volta_controller -- -j16 -l16
[2.048s] Invoking command in '/home/ambushee/HexapodLeg_modeling_team/2dof/build/volta_controller': CMAKE_PREFIX_PATH=${CMAKE_PREFIX_PATH}:/home/ambushee/HexapodLeg_modeling_team/2dof/install/hexapod_gz:/home/ambushee/HexapodLeg_modeling_team/2dof/install/experiment_kit:/opt/ros/humble /usr/bin/cmake --install /home/ambushee/HexapodLeg_modeling_team/2dof/build/volta_controller
[2.054s] -- Install configuration: ""
[2.054s] -- Installing: /home/ambushee/HexapodLeg_modeling_team/2dof/install/volta_controller/share/volta_controller/environment/pythonpath.sh
[2.054s] -- Installing: /home/ambushee/HexapodLeg_modeling_team/2dof/install/volta_controller/share/volta_controller/environment/pythonpath.dsv
[2.054s] -- Installing: /home/ambushee/HexapodLeg_modeling_team/2dof/install/volta_controller/local/lib/python3.10/dist-packages/volta_controller-0.0.0-py3.10.egg-info
[2.054s] -- Installing: /home/ambushee/HexapodLeg_modeling_team/2dof/install/volta_controller/local/lib/python3.10/dist-packages/volta_controller-0.0.0-py3.10.egg-info/dependency_links.txt
[2.054s] -- Installing: /home/ambushee/HexapodLeg_modeling_team/2dof/install/volta_controller/local/lib/python3.10/dist-packages/volta_controller-0.0.0-py3.10.egg-info/SOURCES.txt
[2.054s] -- Installing: /home/ambushee/HexapodLeg_modeling_team/2dof/install/volta_controller/local/lib/python3.10/dist-packages/volta_controller-0.0.0-py3.10.egg-info/top_level.txt
[2.054s] -- Installing: /home/ambushee/HexapodLeg_modeling_team/2dof/install/volta_controller/local/lib/python3.10/dist-packages/volta_controller-0.0.0-py3.10.egg-info/PKG-INFO
[2.054s] -- Installing: /home/ambushee/HexapodLeg_modeling_team/2dof/install/volta_controller/local/lib/python3.10/dist-packages/volta_controller
[2.054s] -- Installing: /home/ambushee/HexapodLeg_modeling_team/2dof/install/volta_controller/local/lib/python3.10/dist-packages/volta_controller/__init__.py
[2.054s] -- Installing: /home/ambushee/HexapodLeg_modeling_team/2dof/install/volta_controller/local/lib/python3.10/dist-packages/volta_controller/dummy_module.py
[2.090s] Listing '/home/ambushee/HexapodLeg_modeling_team/2dof/install/volta_controller/local/lib/python3.10/dist-packages/volta_controller'...
[2.090s] Compiling '/home/ambushee/HexapodLeg_modeling_team/2dof/install/volta_controller/local/lib/python3.10/dist-packages/volta_controller/__init__.py'...
[2.090s] Compiling '/home/ambushee/HexapodLeg_modeling_team/2dof/install/volta_controller/local/lib/python3.10/dist-packages/volta_controller/dummy_module.py'...
[2.095s] -- Installing: /home/ambushee/HexapodLeg_modeling_team/2dof/install/volta_controller/lib/volta_controller/dummy_script.py
[2.095s] -- Installing: /home/ambushee/HexapodLeg_modeling_team/2dof/install/volta_controller/lib/volta_controller/GravityCompensation.py
[2.095s] -- Installing: /home/ambushee/HexapodLeg_modeling_team/2dof/install/volta_controller/lib/volta_controller/MotorGroupConfig.py
[2.095s] -- Installing: /home/ambushee/HexapodLeg_modeling_team/2dof/install/volta_controller/lib/volta_controller/InverseDynamicsController.py
[2.095s] -- Installing: /home/ambushee/HexapodLeg_modeling_team/2dof/install/volta_controller/lib/volta_controller/DesiredJointsState.py
[2.095s] -- Installing: /home/ambushee/HexapodLeg_modeling_team/2dof/install/volta_controller/lib/volta_controller/VoltaStateMachine.py
[2.096s] -- Installing: /home/ambushee/HexapodLeg_modeling_team/2dof/install/volta_controller/lib/volta_controller/KinematicsFunc.py
[2.096s] -- Installing: /home/ambushee/HexapodLeg_modeling_team/2dof/install/volta_controller/lib/volta_controller/cpp_node_test
[2.096s] -- Set runtime path of "/home/ambushee/HexapodLeg_modeling_team/2dof/install/volta_controller/lib/volta_controller/cpp_node_test" to ""
[2.096s] -- Installing: /home/ambushee/HexapodLeg_modeling_team/2dof/install/volta_controller/share/volta_controller/launch
[2.096s] -- Installing: /home/ambushee/HexapodLeg_modeling_team/2dof/install/volta_controller/share/volta_controller/launch/VoltaController.launch.py
[2.096s] -- Installing: /home/ambushee/HexapodLeg_modeling_team/2dof/install/volta_controller/share/ament_index/resource_index/package_run_dependencies/volta_controller
[2.096s] -- Installing: /home/ambushee/HexapodLeg_modeling_team/2dof/install/volta_controller/share/ament_index/resource_index/parent_prefix_path/volta_controller
[2.096s] -- Installing: /home/ambushee/HexapodLeg_modeling_team/2dof/install/volta_controller/share/volta_controller/environment/ament_prefix_path.sh
[2.096s] -- Installing: /home/ambushee/HexapodLeg_modeling_team/2dof/install/volta_controller/share/volta_controller/environment/ament_prefix_path.dsv
[2.096s] -- Installing: /home/ambushee/HexapodLeg_modeling_team/2dof/install/volta_controller/share/volta_controller/environment/path.sh
[2.097s] -- Installing: /home/ambushee/HexapodLeg_modeling_team/2dof/install/volta_controller/share/volta_controller/environment/path.dsv
[2.097s] -- Installing: /home/ambushee/HexapodLeg_modeling_team/2dof/install/volta_controller/share/volta_controller/local_setup.bash
[2.097s] -- Installing: /home/ambushee/HexapodLeg_modeling_team/2dof/install/volta_controller/share/volta_controller/local_setup.sh
[2.097s] -- Installing: /home/ambushee/HexapodLeg_modeling_team/2dof/install/volta_controller/share/volta_controller/local_setup.zsh
[2.097s] -- Installing: /home/ambushee/HexapodLeg_modeling_team/2dof/install/volta_controller/share/volta_controller/local_setup.dsv
[2.097s] -- Installing: /home/ambushee/HexapodLeg_modeling_team/2dof/install/volta_controller/share/volta_controller/package.dsv
[2.097s] -- Installing: /home/ambushee/HexapodLeg_modeling_team/2dof/install/volta_controller/share/ament_index/resource_index/packages/volta_controller
[2.097s] -- Installing: /home/ambushee/HexapodLeg_modeling_team/2dof/install/volta_controller/share/volta_controller/cmake/volta_controllerConfig.cmake
[2.097s] -- Installing: /home/ambushee/HexapodLeg_modeling_team/2dof/install/volta_controller/share/volta_controller/cmake/volta_controllerConfig-version.cmake
[2.097s] -- Installing: /home/ambushee/HexapodLeg_modeling_team/2dof/install/volta_controller/share/volta_controller/package.xml
[2.100s] Invoked command in '/home/ambushee/HexapodLeg_modeling_team/2dof/build/volta_controller' returned '0': CMAKE_PREFIX_PATH=${CMAKE_PREFIX_PATH}:/home/ambushee/HexapodLeg_modeling_team/2dof/install/hexapod_gz:/home/ambushee/HexapodLeg_modeling_team/2dof/install/experiment_kit:/opt/ros/humble /usr/bin/cmake --install /home/ambushee/HexapodLeg_modeling_team/2dof/build/volta_controller
