[0.092s] DEBUG:colcon:Command line arguments: ['/usr/bin/colcon', 'build']
[0.092s] DEBUG:colcon:Parsed command line arguments: Namespace(log_base=None, log_level=None, verb_name='build', build_base='build', install_base='install', merge_install=False, symlink_install=False, test_result_base=None, continue_on_error=False, executor='parallel', parallel_workers=16, event_handlers=None, ignore_user_meta=False, metas=['./colcon.meta'], base_paths=['.'], packages_ignore=None, packages_ignore_regex=None, paths=None, packages_up_to=None, packages_up_to_regex=None, packages_above=None, packages_above_and_dependencies=None, packages_above_depth=None, packages_select_by_dep=None, packages_skip_by_dep=None, packages_skip_up_to=None, packages_select_build_failed=False, packages_skip_build_finished=False, packages_select_test_failures=False, packages_skip_test_passed=False, packages_select=None, packages_skip=None, packages_select_regex=None, packages_skip_regex=None, packages_start=None, packages_end=None, allow_overriding=[], cmake_args=None, cmake_target=None, cmake_target_skip_unavailable=False, cmake_clean_cache=False, cmake_clean_first=False, cmake_force_configure=False, ament_cmake_args=None, catkin_cmake_args=None, catkin_skip_building_tests=False, verb_parser=<colcon_defaults.argument_parser.defaults.DefaultArgumentsDecorator object at 0x7c7a4505a230>, verb_extension=<colcon_core.verb.build.BuildVerb object at 0x7c7a451e3af0>, main=<bound method BuildVerb.main of <colcon_core.verb.build.BuildVerb object at 0x7c7a451e3af0>>)
[0.277s] Level 1:colcon.colcon_core.package_discovery:discover_packages(colcon_meta) check parameters
[0.277s] Level 1:colcon.colcon_core.package_discovery:discover_packages(recursive) check parameters
[0.277s] Level 1:colcon.colcon_core.package_discovery:discover_packages(ignore) check parameters
[0.277s] Level 1:colcon.colcon_core.package_discovery:discover_packages(path) check parameters
[0.277s] Level 1:colcon.colcon_core.package_discovery:discover_packages(colcon_meta) discover
[0.277s] Level 1:colcon.colcon_core.package_discovery:discover_packages(recursive) discover
[0.277s] INFO:colcon.colcon_core.package_discovery:Crawling recursively for packages in '/home/ambushee/HexapodLeg_modeling_team/2dof'
[0.277s] Level 1:colcon.colcon_core.package_identification:_identify(.) by extensions ['ignore', 'ignore_ament_install']
[0.277s] Level 1:colcon.colcon_core.package_identification:_identify(.) by extension 'ignore'
[0.277s] Level 1:colcon.colcon_core.package_identification:_identify(.) by extension 'ignore_ament_install'
[0.277s] Level 1:colcon.colcon_core.package_identification:_identify(.) by extensions ['colcon_pkg']
[0.277s] Level 1:colcon.colcon_core.package_identification:_identify(.) by extension 'colcon_pkg'
[0.277s] Level 1:colcon.colcon_core.package_identification:_identify(.) by extensions ['colcon_meta']
[0.277s] Level 1:colcon.colcon_core.package_identification:_identify(.) by extension 'colcon_meta'
[0.277s] Level 1:colcon.colcon_core.package_identification:_identify(.) by extensions ['ros']
[0.277s] Level 1:colcon.colcon_core.package_identification:_identify(.) by extension 'ros'
[0.296s] Level 1:colcon.colcon_core.package_identification:_identify(.) by extensions ['cmake', 'python']
[0.296s] Level 1:colcon.colcon_core.package_identification:_identify(.) by extension 'cmake'
[0.296s] Level 1:colcon.colcon_core.package_identification:_identify(.) by extension 'python'
[0.296s] Level 1:colcon.colcon_core.package_identification:_identify(.) by extensions ['python_setup_py']
[0.296s] Level 1:colcon.colcon_core.package_identification:_identify(.) by extension 'python_setup_py'
[0.296s] Level 1:colcon.colcon_core.package_identification:_identify(build) by extensions ['ignore', 'ignore_ament_install']
[0.296s] Level 1:colcon.colcon_core.package_identification:_identify(build) by extension 'ignore'
[0.296s] Level 1:colcon.colcon_core.package_identification:_identify(build) ignored
[0.297s] Level 1:colcon.colcon_core.package_identification:_identify(install) by extensions ['ignore', 'ignore_ament_install']
[0.297s] Level 1:colcon.colcon_core.package_identification:_identify(install) by extension 'ignore'
[0.297s] Level 1:colcon.colcon_core.package_identification:_identify(install) ignored
[0.297s] Level 1:colcon.colcon_core.package_identification:_identify(log) by extensions ['ignore', 'ignore_ament_install']
[0.297s] Level 1:colcon.colcon_core.package_identification:_identify(log) by extension 'ignore'
[0.297s] Level 1:colcon.colcon_core.package_identification:_identify(log) ignored
[0.297s] Level 1:colcon.colcon_core.package_identification:_identify(src) by extensions ['ignore', 'ignore_ament_install']
[0.297s] Level 1:colcon.colcon_core.package_identification:_identify(src) by extension 'ignore'
[0.297s] Level 1:colcon.colcon_core.package_identification:_identify(src) by extension 'ignore_ament_install'
[0.297s] Level 1:colcon.colcon_core.package_identification:_identify(src) by extensions ['colcon_pkg']
[0.297s] Level 1:colcon.colcon_core.package_identification:_identify(src) by extension 'colcon_pkg'
[0.297s] Level 1:colcon.colcon_core.package_identification:_identify(src) by extensions ['colcon_meta']
[0.297s] Level 1:colcon.colcon_core.package_identification:_identify(src) by extension 'colcon_meta'
[0.297s] Level 1:colcon.colcon_core.package_identification:_identify(src) by extensions ['ros']
[0.297s] Level 1:colcon.colcon_core.package_identification:_identify(src) by extension 'ros'
[0.297s] Level 1:colcon.colcon_core.package_identification:_identify(src) by extensions ['cmake', 'python']
[0.297s] Level 1:colcon.colcon_core.package_identification:_identify(src) by extension 'cmake'
[0.297s] Level 1:colcon.colcon_core.package_identification:_identify(src) by extension 'python'
[0.297s] Level 1:colcon.colcon_core.package_identification:_identify(src) by extensions ['python_setup_py']
[0.297s] Level 1:colcon.colcon_core.package_identification:_identify(src) by extension 'python_setup_py'
[0.297s] Level 1:colcon.colcon_core.package_identification:_identify(src/cybergear_driver) by extensions ['ignore', 'ignore_ament_install']
[0.297s] Level 1:colcon.colcon_core.package_identification:_identify(src/cybergear_driver) by extension 'ignore'
[0.298s] Level 1:colcon.colcon_core.package_identification:_identify(src/cybergear_driver) by extension 'ignore_ament_install'
[0.298s] Level 1:colcon.colcon_core.package_identification:_identify(src/cybergear_driver) by extensions ['colcon_pkg']
[0.298s] Level 1:colcon.colcon_core.package_identification:_identify(src/cybergear_driver) by extension 'colcon_pkg'
[0.298s] Level 1:colcon.colcon_core.package_identification:_identify(src/cybergear_driver) by extensions ['colcon_meta']
[0.298s] Level 1:colcon.colcon_core.package_identification:_identify(src/cybergear_driver) by extension 'colcon_meta'
[0.298s] Level 1:colcon.colcon_core.package_identification:_identify(src/cybergear_driver) by extensions ['ros']
[0.298s] Level 1:colcon.colcon_core.package_identification:_identify(src/cybergear_driver) by extension 'ros'
[0.300s] DEBUG:colcon.colcon_core.package_identification:Package 'src/cybergear_driver' with type 'ros.ament_cmake' and name 'cybergear_driver'
[0.300s] Level 1:colcon.colcon_core.package_identification:_identify(src/cybergear_interfaces) by extensions ['ignore', 'ignore_ament_install']
[0.300s] Level 1:colcon.colcon_core.package_identification:_identify(src/cybergear_interfaces) by extension 'ignore'
[0.300s] Level 1:colcon.colcon_core.package_identification:_identify(src/cybergear_interfaces) by extension 'ignore_ament_install'
[0.300s] Level 1:colcon.colcon_core.package_identification:_identify(src/cybergear_interfaces) by extensions ['colcon_pkg']
[0.300s] Level 1:colcon.colcon_core.package_identification:_identify(src/cybergear_interfaces) by extension 'colcon_pkg'
[0.300s] Level 1:colcon.colcon_core.package_identification:_identify(src/cybergear_interfaces) by extensions ['colcon_meta']
[0.300s] Level 1:colcon.colcon_core.package_identification:_identify(src/cybergear_interfaces) by extension 'colcon_meta'
[0.300s] Level 1:colcon.colcon_core.package_identification:_identify(src/cybergear_interfaces) by extensions ['ros']
[0.301s] Level 1:colcon.colcon_core.package_identification:_identify(src/cybergear_interfaces) by extension 'ros'
[0.301s] DEBUG:colcon.colcon_core.package_identification:Package 'src/cybergear_interfaces' with type 'ros.ament_cmake' and name 'cybergear_interfaces'
[0.301s] Level 1:colcon.colcon_core.package_identification:_identify(src/experiment_kit) by extensions ['ignore', 'ignore_ament_install']
[0.301s] Level 1:colcon.colcon_core.package_identification:_identify(src/experiment_kit) by extension 'ignore'
[0.301s] Level 1:colcon.colcon_core.package_identification:_identify(src/experiment_kit) by extension 'ignore_ament_install'
[0.301s] Level 1:colcon.colcon_core.package_identification:_identify(src/experiment_kit) by extensions ['colcon_pkg']
[0.301s] Level 1:colcon.colcon_core.package_identification:_identify(src/experiment_kit) by extension 'colcon_pkg'
[0.301s] Level 1:colcon.colcon_core.package_identification:_identify(src/experiment_kit) by extensions ['colcon_meta']
[0.302s] Level 1:colcon.colcon_core.package_identification:_identify(src/experiment_kit) by extension 'colcon_meta'
[0.302s] Level 1:colcon.colcon_core.package_identification:_identify(src/experiment_kit) by extensions ['ros']
[0.302s] Level 1:colcon.colcon_core.package_identification:_identify(src/experiment_kit) by extension 'ros'
[0.302s] DEBUG:colcon.colcon_core.package_identification:Package 'src/experiment_kit' with type 'ros.ament_python' and name 'experiment_kit'
[0.302s] Level 1:colcon.colcon_core.package_identification:_identify(src/hexapod_gz) by extensions ['ignore', 'ignore_ament_install']
[0.302s] Level 1:colcon.colcon_core.package_identification:_identify(src/hexapod_gz) by extension 'ignore'
[0.302s] Level 1:colcon.colcon_core.package_identification:_identify(src/hexapod_gz) by extension 'ignore_ament_install'
[0.302s] Level 1:colcon.colcon_core.package_identification:_identify(src/hexapod_gz) by extensions ['colcon_pkg']
[0.302s] Level 1:colcon.colcon_core.package_identification:_identify(src/hexapod_gz) by extension 'colcon_pkg'
[0.302s] Level 1:colcon.colcon_core.package_identification:_identify(src/hexapod_gz) by extensions ['colcon_meta']
[0.302s] Level 1:colcon.colcon_core.package_identification:_identify(src/hexapod_gz) by extension 'colcon_meta'
[0.303s] Level 1:colcon.colcon_core.package_identification:_identify(src/hexapod_gz) by extensions ['ros']
[0.303s] Level 1:colcon.colcon_core.package_identification:_identify(src/hexapod_gz) by extension 'ros'
[0.303s] DEBUG:colcon.colcon_core.package_identification:Package 'src/hexapod_gz' with type 'ros.ament_python' and name 'hexapod_gz'
[0.303s] Level 1:colcon.colcon_core.package_identification:_identify(src/volta_controller-20251104T082652Z-1-001) by extensions ['ignore', 'ignore_ament_install']
[0.303s] Level 1:colcon.colcon_core.package_identification:_identify(src/volta_controller-20251104T082652Z-1-001) by extension 'ignore'
[0.303s] Level 1:colcon.colcon_core.package_identification:_identify(src/volta_controller-20251104T082652Z-1-001) by extension 'ignore_ament_install'
[0.303s] Level 1:colcon.colcon_core.package_identification:_identify(src/volta_controller-20251104T082652Z-1-001) by extensions ['colcon_pkg']
[0.303s] Level 1:colcon.colcon_core.package_identification:_identify(src/volta_controller-20251104T082652Z-1-001) by extension 'colcon_pkg'
[0.303s] Level 1:colcon.colcon_core.package_identification:_identify(src/volta_controller-20251104T082652Z-1-001) by extensions ['colcon_meta']
[0.303s] Level 1:colcon.colcon_core.package_identification:_identify(src/volta_controller-20251104T082652Z-1-001) by extension 'colcon_meta'
[0.304s] Level 1:colcon.colcon_core.package_identification:_identify(src/volta_controller-20251104T082652Z-1-001) by extensions ['ros']
[0.304s] Level 1:colcon.colcon_core.package_identification:_identify(src/volta_controller-20251104T082652Z-1-001) by extension 'ros'
[0.304s] Level 1:colcon.colcon_core.package_identification:_identify(src/volta_controller-20251104T082652Z-1-001) by extensions ['cmake', 'python']
[0.304s] Level 1:colcon.colcon_core.package_identification:_identify(src/volta_controller-20251104T082652Z-1-001) by extension 'cmake'
[0.304s] Level 1:colcon.colcon_core.package_identification:_identify(src/volta_controller-20251104T082652Z-1-001) by extension 'python'
[0.304s] Level 1:colcon.colcon_core.package_identification:_identify(src/volta_controller-20251104T082652Z-1-001) by extensions ['python_setup_py']
[0.304s] Level 1:colcon.colcon_core.package_identification:_identify(src/volta_controller-20251104T082652Z-1-001) by extension 'python_setup_py'
[0.304s] Level 1:colcon.colcon_core.package_identification:_identify(src/volta_controller-20251104T082652Z-1-001/volta_controller) by extensions ['ignore', 'ignore_ament_install']
[0.304s] Level 1:colcon.colcon_core.package_identification:_identify(src/volta_controller-20251104T082652Z-1-001/volta_controller) by extension 'ignore'
[0.304s] Level 1:colcon.colcon_core.package_identification:_identify(src/volta_controller-20251104T082652Z-1-001/volta_controller) by extension 'ignore_ament_install'
[0.304s] Level 1:colcon.colcon_core.package_identification:_identify(src/volta_controller-20251104T082652Z-1-001/volta_controller) by extensions ['colcon_pkg']
[0.304s] Level 1:colcon.colcon_core.package_identification:_identify(src/volta_controller-20251104T082652Z-1-001/volta_controller) by extension 'colcon_pkg'
[0.304s] Level 1:colcon.colcon_core.package_identification:_identify(src/volta_controller-20251104T082652Z-1-001/volta_controller) by extensions ['colcon_meta']
[0.304s] Level 1:colcon.colcon_core.package_identification:_identify(src/volta_controller-20251104T082652Z-1-001/volta_controller) by extension 'colcon_meta'
[0.304s] Level 1:colcon.colcon_core.package_identification:_identify(src/volta_controller-20251104T082652Z-1-001/volta_controller) by extensions ['ros']
[0.304s] Level 1:colcon.colcon_core.package_identification:_identify(src/volta_controller-20251104T082652Z-1-001/volta_controller) by extension 'ros'
[0.305s] DEBUG:colcon.colcon_core.package_identification:Package 'src/volta_controller-20251104T082652Z-1-001/volta_controller' with type 'ros.ament_cmake' and name 'volta_controller'
[0.305s] Level 1:colcon.colcon_core.package_discovery:discover_packages(recursive) using defaults
[0.305s] Level 1:colcon.colcon_core.package_discovery:discover_packages(ignore) discover
[0.305s] Level 1:colcon.colcon_core.package_discovery:discover_packages(ignore) using defaults
[0.305s] Level 1:colcon.colcon_core.package_discovery:discover_packages(path) discover
[0.305s] Level 1:colcon.colcon_core.package_discovery:discover_packages(path) using defaults
[0.324s] Level 1:colcon.colcon_core.package_discovery:discover_packages(prefix_path) check parameters
[0.324s] Level 1:colcon.colcon_core.package_discovery:discover_packages(prefix_path) discover
[0.326s] DEBUG:colcon.colcon_installed_package_information.package_discovery:Found 5 installed packages in /home/ambushee/HexapodLeg_modeling_team/2dof/install
[0.326s] DEBUG:colcon.colcon_installed_package_information.package_discovery:Found 2 installed packages in /home/ambushee/ros2_ws/install
[0.327s] DEBUG:colcon.colcon_installed_package_information.package_discovery:Found 359 installed packages in /opt/ros/humble
[0.329s] Level 1:colcon.colcon_core.package_discovery:discover_packages(prefix_path) using defaults
[0.370s] Level 5:colcon.colcon_core.verb:set package 'cybergear_driver' build argument 'cmake_args' from command line to 'None'
[0.370s] Level 5:colcon.colcon_core.verb:set package 'cybergear_driver' build argument 'cmake_target' from command line to 'None'
[0.370s] Level 5:colcon.colcon_core.verb:set package 'cybergear_driver' build argument 'cmake_target_skip_unavailable' from command line to 'False'
[0.370s] Level 5:colcon.colcon_core.verb:set package 'cybergear_driver' build argument 'cmake_clean_cache' from command line to 'False'
[0.370s] Level 5:colcon.colcon_core.verb:set package 'cybergear_driver' build argument 'cmake_clean_first' from command line to 'False'
[0.370s] Level 5:colcon.colcon_core.verb:set package 'cybergear_driver' build argument 'cmake_force_configure' from command line to 'False'
[0.370s] Level 5:colcon.colcon_core.verb:set package 'cybergear_driver' build argument 'ament_cmake_args' from command line to 'None'
[0.370s] Level 5:colcon.colcon_core.verb:set package 'cybergear_driver' build argument 'catkin_cmake_args' from command line to 'None'
[0.370s] Level 5:colcon.colcon_core.verb:set package 'cybergear_driver' build argument 'catkin_skip_building_tests' from command line to 'False'
[0.370s] DEBUG:colcon.colcon_core.verb:Building package 'cybergear_driver' with the following arguments: {'ament_cmake_args': None, 'build_base': '/home/ambushee/HexapodLeg_modeling_team/2dof/build/cybergear_driver', 'catkin_cmake_args': None, 'catkin_skip_building_tests': False, 'cmake_args': None, 'cmake_clean_cache': False, 'cmake_clean_first': False, 'cmake_force_configure': False, 'cmake_target': None, 'cmake_target_skip_unavailable': False, 'install_base': '/home/ambushee/HexapodLeg_modeling_team/2dof/install/cybergear_driver', 'merge_install': False, 'path': '/home/ambushee/HexapodLeg_modeling_team/2dof/src/cybergear_driver', 'symlink_install': False, 'test_result_base': None}
[0.371s] Level 5:colcon.colcon_core.verb:set package 'cybergear_interfaces' build argument 'cmake_args' from command line to 'None'
[0.371s] Level 5:colcon.colcon_core.verb:set package 'cybergear_interfaces' build argument 'cmake_target' from command line to 'None'
[0.371s] Level 5:colcon.colcon_core.verb:set package 'cybergear_interfaces' build argument 'cmake_target_skip_unavailable' from command line to 'False'
[0.371s] Level 5:colcon.colcon_core.verb:set package 'cybergear_interfaces' build argument 'cmake_clean_cache' from command line to 'False'
[0.371s] Level 5:colcon.colcon_core.verb:set package 'cybergear_interfaces' build argument 'cmake_clean_first' from command line to 'False'
[0.371s] Level 5:colcon.colcon_core.verb:set package 'cybergear_interfaces' build argument 'cmake_force_configure' from command line to 'False'
[0.371s] Level 5:colcon.colcon_core.verb:set package 'cybergear_interfaces' build argument 'ament_cmake_args' from command line to 'None'
[0.371s] Level 5:colcon.colcon_core.verb:set package 'cybergear_interfaces' build argument 'catkin_cmake_args' from command line to 'None'
[0.371s] Level 5:colcon.colcon_core.verb:set package 'cybergear_interfaces' build argument 'catkin_skip_building_tests' from command line to 'False'
[0.371s] DEBUG:colcon.colcon_core.verb:Building package 'cybergear_interfaces' with the following arguments: {'ament_cmake_args': None, 'build_base': '/home/ambushee/HexapodLeg_modeling_team/2dof/build/cybergear_interfaces', 'catkin_cmake_args': None, 'catkin_skip_building_tests': False, 'cmake_args': None, 'cmake_clean_cache': False, 'cmake_clean_first': False, 'cmake_force_configure': False, 'cmake_target': None, 'cmake_target_skip_unavailable': False, 'install_base': '/home/ambushee/HexapodLeg_modeling_team/2dof/install/cybergear_interfaces', 'merge_install': False, 'path': '/home/ambushee/HexapodLeg_modeling_team/2dof/src/cybergear_interfaces', 'symlink_install': False, 'test_result_base': None}
[0.371s] Level 5:colcon.colcon_core.verb:set package 'experiment_kit' build argument 'cmake_args' from command line to 'None'
[0.371s] Level 5:colcon.colcon_core.verb:set package 'experiment_kit' build argument 'cmake_target' from command line to 'None'
[0.371s] Level 5:colcon.colcon_core.verb:set package 'experiment_kit' build argument 'cmake_target_skip_unavailable' from command line to 'False'
[0.371s] Level 5:colcon.colcon_core.verb:set package 'experiment_kit' build argument 'cmake_clean_cache' from command line to 'False'
[0.371s] Level 5:colcon.colcon_core.verb:set package 'experiment_kit' build argument 'cmake_clean_first' from command line to 'False'
[0.371s] Level 5:colcon.colcon_core.verb:set package 'experiment_kit' build argument 'cmake_force_configure' from command line to 'False'
[0.371s] Level 5:colcon.colcon_core.verb:set package 'experiment_kit' build argument 'ament_cmake_args' from command line to 'None'
[0.371s] Level 5:colcon.colcon_core.verb:set package 'experiment_kit' build argument 'catkin_cmake_args' from command line to 'None'
[0.371s] Level 5:colcon.colcon_core.verb:set package 'experiment_kit' build argument 'catkin_skip_building_tests' from command line to 'False'
[0.371s] DEBUG:colcon.colcon_core.verb:Building package 'experiment_kit' with the following arguments: {'ament_cmake_args': None, 'build_base': '/home/ambushee/HexapodLeg_modeling_team/2dof/build/experiment_kit', 'catkin_cmake_args': None, 'catkin_skip_building_tests': False, 'cmake_args': None, 'cmake_clean_cache': False, 'cmake_clean_first': False, 'cmake_force_configure': False, 'cmake_target': None, 'cmake_target_skip_unavailable': False, 'install_base': '/home/ambushee/HexapodLeg_modeling_team/2dof/install/experiment_kit', 'merge_install': False, 'path': '/home/ambushee/HexapodLeg_modeling_team/2dof/src/experiment_kit', 'symlink_install': False, 'test_result_base': None}
[0.372s] Level 5:colcon.colcon_core.verb:set package 'hexapod_gz' build argument 'cmake_args' from command line to 'None'
[0.372s] Level 5:colcon.colcon_core.verb:set package 'hexapod_gz' build argument 'cmake_target' from command line to 'None'
[0.372s] Level 5:colcon.colcon_core.verb:set package 'hexapod_gz' build argument 'cmake_target_skip_unavailable' from command line to 'False'
[0.372s] Level 5:colcon.colcon_core.verb:set package 'hexapod_gz' build argument 'cmake_clean_cache' from command line to 'False'
[0.372s] Level 5:colcon.colcon_core.verb:set package 'hexapod_gz' build argument 'cmake_clean_first' from command line to 'False'
[0.372s] Level 5:colcon.colcon_core.verb:set package 'hexapod_gz' build argument 'cmake_force_configure' from command line to 'False'
[0.372s] Level 5:colcon.colcon_core.verb:set package 'hexapod_gz' build argument 'ament_cmake_args' from command line to 'None'
[0.372s] Level 5:colcon.colcon_core.verb:set package 'hexapod_gz' build argument 'catkin_cmake_args' from command line to 'None'
[0.372s] Level 5:colcon.colcon_core.verb:set package 'hexapod_gz' build argument 'catkin_skip_building_tests' from command line to 'False'
[0.372s] DEBUG:colcon.colcon_core.verb:Building package 'hexapod_gz' with the following arguments: {'ament_cmake_args': None, 'build_base': '/home/ambushee/HexapodLeg_modeling_team/2dof/build/hexapod_gz', 'catkin_cmake_args': None, 'catkin_skip_building_tests': False, 'cmake_args': None, 'cmake_clean_cache': False, 'cmake_clean_first': False, 'cmake_force_configure': False, 'cmake_target': None, 'cmake_target_skip_unavailable': False, 'install_base': '/home/ambushee/HexapodLeg_modeling_team/2dof/install/hexapod_gz', 'merge_install': False, 'path': '/home/ambushee/HexapodLeg_modeling_team/2dof/src/hexapod_gz', 'symlink_install': False, 'test_result_base': None}
[0.372s] Level 5:colcon.colcon_core.verb:set package 'volta_controller' build argument 'cmake_args' from command line to 'None'
[0.372s] Level 5:colcon.colcon_core.verb:set package 'volta_controller' build argument 'cmake_target' from command line to 'None'
[0.372s] Level 5:colcon.colcon_core.verb:set package 'volta_controller' build argument 'cmake_target_skip_unavailable' from command line to 'False'
[0.372s] Level 5:colcon.colcon_core.verb:set package 'volta_controller' build argument 'cmake_clean_cache' from command line to 'False'
[0.372s] Level 5:colcon.colcon_core.verb:set package 'volta_controller' build argument 'cmake_clean_first' from command line to 'False'
[0.372s] Level 5:colcon.colcon_core.verb:set package 'volta_controller' build argument 'cmake_force_configure' from command line to 'False'
[0.372s] Level 5:colcon.colcon_core.verb:set package 'volta_controller' build argument 'ament_cmake_args' from command line to 'None'
[0.372s] Level 5:colcon.colcon_core.verb:set package 'volta_controller' build argument 'catkin_cmake_args' from command line to 'None'
[0.372s] Level 5:colcon.colcon_core.verb:set package 'volta_controller' build argument 'catkin_skip_building_tests' from command line to 'False'
[0.372s] DEBUG:colcon.colcon_core.verb:Building package 'volta_controller' with the following arguments: {'ament_cmake_args': None, 'build_base': '/home/ambushee/HexapodLeg_modeling_team/2dof/build/volta_controller', 'catkin_cmake_args': None, 'catkin_skip_building_tests': False, 'cmake_args': None, 'cmake_clean_cache': False, 'cmake_clean_first': False, 'cmake_force_configure': False, 'cmake_target': None, 'cmake_target_skip_unavailable': False, 'install_base': '/home/ambushee/HexapodLeg_modeling_team/2dof/install/volta_controller', 'merge_install': False, 'path': '/home/ambushee/HexapodLeg_modeling_team/2dof/src/volta_controller-20251104T082652Z-1-001/volta_controller', 'symlink_install': False, 'test_result_base': None}
[0.373s] INFO:colcon.colcon_core.executor:Executing jobs using 'parallel' executor
[0.374s] DEBUG:colcon.colcon_parallel_executor.executor.parallel:run_until_complete
[0.374s] INFO:colcon.colcon_ros.task.ament_cmake.build:Building ROS package in '/home/ambushee/HexapodLeg_modeling_team/2dof/src/cybergear_driver' with build type 'ament_cmake'
[0.374s] INFO:colcon.colcon_cmake.task.cmake.build:Building CMake package in '/home/ambushee/HexapodLeg_modeling_team/2dof/src/cybergear_driver'
[0.376s] INFO:colcon.colcon_core.plugin_system:Skipping extension 'colcon_core.shell.bat': Not used on non-Windows systems
[0.376s] INFO:colcon.colcon_core.shell:Skip shell extension 'powershell' for command environment: Not usable outside of PowerShell
[0.376s] DEBUG:colcon.colcon_core.shell:Skip shell extension 'dsv' for command environment
[0.381s] INFO:colcon.colcon_ros.task.ament_cmake.build:Building ROS package in '/home/ambushee/HexapodLeg_modeling_team/2dof/src/cybergear_interfaces' with build type 'ament_cmake'
[0.381s] INFO:colcon.colcon_cmake.task.cmake.build:Building CMake package in '/home/ambushee/HexapodLeg_modeling_team/2dof/src/cybergear_interfaces'
[0.381s] INFO:colcon.colcon_core.shell:Skip shell extension 'powershell' for command environment: Not usable outside of PowerShell
[0.381s] DEBUG:colcon.colcon_core.shell:Skip shell extension 'dsv' for command environment
[0.384s] INFO:colcon.colcon_ros.task.ament_python.build:Building ROS package in '/home/ambushee/HexapodLeg_modeling_team/2dof/src/experiment_kit' with build type 'ament_python'
[0.384s] Level 1:colcon.colcon_core.shell:create_environment_hook('experiment_kit', 'ament_prefix_path')
[0.385s] INFO:colcon.colcon_core.shell:Creating environment hook '/home/ambushee/HexapodLeg_modeling_team/2dof/install/experiment_kit/share/experiment_kit/hook/ament_prefix_path.ps1'
[0.385s] INFO:colcon.colcon_core.shell:Creating environment descriptor '/home/ambushee/HexapodLeg_modeling_team/2dof/install/experiment_kit/share/experiment_kit/hook/ament_prefix_path.dsv'
[0.386s] INFO:colcon.colcon_core.shell:Creating environment hook '/home/ambushee/HexapodLeg_modeling_team/2dof/install/experiment_kit/share/experiment_kit/hook/ament_prefix_path.sh'
[0.386s] INFO:colcon.colcon_core.shell:Skip shell extension 'powershell' for command environment: Not usable outside of PowerShell
[0.386s] DEBUG:colcon.colcon_core.shell:Skip shell extension 'dsv' for command environment
[0.390s] INFO:colcon.colcon_ros.task.ament_python.build:Building ROS package in '/home/ambushee/HexapodLeg_modeling_team/2dof/src/hexapod_gz' with build type 'ament_python'
[0.390s] Level 1:colcon.colcon_core.shell:create_environment_hook('hexapod_gz', 'ament_prefix_path')
[0.390s] INFO:colcon.colcon_core.shell:Creating environment hook '/home/ambushee/HexapodLeg_modeling_team/2dof/install/hexapod_gz/share/hexapod_gz/hook/ament_prefix_path.ps1'
[0.390s] INFO:colcon.colcon_core.shell:Creating environment descriptor '/home/ambushee/HexapodLeg_modeling_team/2dof/install/hexapod_gz/share/hexapod_gz/hook/ament_prefix_path.dsv'
[0.391s] INFO:colcon.colcon_core.shell:Creating environment hook '/home/ambushee/HexapodLeg_modeling_team/2dof/install/hexapod_gz/share/hexapod_gz/hook/ament_prefix_path.sh'
[0.391s] INFO:colcon.colcon_core.shell:Skip shell extension 'powershell' for command environment: Not usable outside of PowerShell
[0.391s] DEBUG:colcon.colcon_core.shell:Skip shell extension 'dsv' for command environment
[0.394s] INFO:colcon.colcon_ros.task.ament_cmake.build:Building ROS package in '/home/ambushee/HexapodLeg_modeling_team/2dof/src/volta_controller-20251104T082652Z-1-001/volta_controller' with build type 'ament_cmake'
[0.394s] INFO:colcon.colcon_cmake.task.cmake.build:Building CMake package in '/home/ambushee/HexapodLeg_modeling_team/2dof/src/volta_controller-20251104T082652Z-1-001/volta_controller'
[0.395s] INFO:colcon.colcon_core.shell:Skip shell extension 'powershell' for command environment: Not usable outside of PowerShell
[0.395s] DEBUG:colcon.colcon_core.shell:Skip shell extension 'dsv' for command environment
[0.403s] DEBUG:colcon.colcon_core.event_handler.log_command:Invoking command in '/home/ambushee/HexapodLeg_modeling_team/2dof/build/cybergear_driver': CMAKE_PREFIX_PATH=${CMAKE_PREFIX_PATH}:/home/ambushee/HexapodLeg_modeling_team/2dof/install/hexapod_gz:/home/ambushee/HexapodLeg_modeling_team/2dof/install/experiment_kit:/opt/ros/humble /usr/bin/cmake --build /home/ambushee/HexapodLeg_modeling_team/2dof/build/cybergear_driver -- -j16 -l16
[0.406s] DEBUG:colcon.colcon_core.event_handler.log_command:Invoking command in '/home/ambushee/HexapodLeg_modeling_team/2dof/build/cybergear_interfaces': CMAKE_PREFIX_PATH=${CMAKE_PREFIX_PATH}:/home/ambushee/HexapodLeg_modeling_team/2dof/install/hexapod_gz:/home/ambushee/HexapodLeg_modeling_team/2dof/install/experiment_kit:/opt/ros/humble /usr/bin/cmake --build /home/ambushee/HexapodLeg_modeling_team/2dof/build/cybergear_interfaces -- -j16 -l16
[0.718s] INFO:colcon.colcon_core.task.python.build:Building Python package in '/home/ambushee/HexapodLeg_modeling_team/2dof/src/experiment_kit'
[0.718s] INFO:colcon.colcon_core.shell:Skip shell extension 'powershell' for command environment: Not usable outside of PowerShell
[0.718s] DEBUG:colcon.colcon_core.shell:Skip shell extension 'dsv' for command environment
[1.020s] INFO:colcon.colcon_core.task.python.build:Building Python package in '/home/ambushee/HexapodLeg_modeling_team/2dof/src/hexapod_gz'
[1.020s] INFO:colcon.colcon_core.shell:Skip shell extension 'powershell' for command environment: Not usable outside of PowerShell
[1.020s] DEBUG:colcon.colcon_core.shell:Skip shell extension 'dsv' for command environment
[1.033s] DEBUG:colcon.colcon_core.event_handler.log_command:Invoking command in '/home/ambushee/HexapodLeg_modeling_team/2dof/build/volta_controller': CMAKE_PREFIX_PATH=${CMAKE_PREFIX_PATH}:/home/ambushee/HexapodLeg_modeling_team/2dof/install/hexapod_gz:/home/ambushee/HexapodLeg_modeling_team/2dof/install/experiment_kit:/opt/ros/humble /usr/bin/cmake --build /home/ambushee/HexapodLeg_modeling_team/2dof/build/volta_controller -- -j16 -l16
[1.033s] DEBUG:colcon.colcon_core.event_handler.log_command:Invoked command in '/home/ambushee/HexapodLeg_modeling_team/2dof/build/cybergear_interfaces' returned '0': CMAKE_PREFIX_PATH=${CMAKE_PREFIX_PATH}:/home/ambushee/HexapodLeg_modeling_team/2dof/install/hexapod_gz:/home/ambushee/HexapodLeg_modeling_team/2dof/install/experiment_kit:/opt/ros/humble /usr/bin/cmake --build /home/ambushee/HexapodLeg_modeling_team/2dof/build/cybergear_interfaces -- -j16 -l16
[1.042s] DEBUG:colcon.colcon_core.event_handler.log_command:Invoking command in '/home/ambushee/HexapodLeg_modeling_team/2dof/build/cybergear_interfaces': CMAKE_PREFIX_PATH=${CMAKE_PREFIX_PATH}:/home/ambushee/HexapodLeg_modeling_team/2dof/install/hexapod_gz:/home/ambushee/HexapodLeg_modeling_team/2dof/install/experiment_kit:/opt/ros/humble /usr/bin/cmake --install /home/ambushee/HexapodLeg_modeling_team/2dof/build/cybergear_interfaces
[1.042s] DEBUG:colcon.colcon_core.event_handler.log_command:Invoked command in '/home/ambushee/HexapodLeg_modeling_team/2dof/build/cybergear_driver' returned '0': CMAKE_PREFIX_PATH=${CMAKE_PREFIX_PATH}:/home/ambushee/HexapodLeg_modeling_team/2dof/install/hexapod_gz:/home/ambushee/HexapodLeg_modeling_team/2dof/install/experiment_kit:/opt/ros/humble /usr/bin/cmake --build /home/ambushee/HexapodLeg_modeling_team/2dof/build/cybergear_driver -- -j16 -l16
[1.044s] DEBUG:colcon.colcon_core.event_handler.log_command:Invoking command in '/home/ambushee/HexapodLeg_modeling_team/2dof/build/cybergear_driver': CMAKE_PREFIX_PATH=${CMAKE_PREFIX_PATH}:/home/ambushee/HexapodLeg_modeling_team/2dof/install/hexapod_gz:/home/ambushee/HexapodLeg_modeling_team/2dof/install/experiment_kit:/opt/ros/humble /usr/bin/cmake --install /home/ambushee/HexapodLeg_modeling_team/2dof/build/cybergear_driver
[1.101s] Level 1:colcon.colcon_core.environment:create_environment_scripts_only(cybergear_driver)
[1.104s] DEBUG:colcon.colcon_core.event_handler.log_command:Invoked command in '/home/ambushee/HexapodLeg_modeling_team/2dof/build/cybergear_driver' returned '0': CMAKE_PREFIX_PATH=${CMAKE_PREFIX_PATH}:/home/ambushee/HexapodLeg_modeling_team/2dof/install/hexapod_gz:/home/ambushee/HexapodLeg_modeling_team/2dof/install/experiment_kit:/opt/ros/humble /usr/bin/cmake --install /home/ambushee/HexapodLeg_modeling_team/2dof/build/cybergear_driver
[1.108s] Level 1:colcon.colcon_core.environment:checking '/home/ambushee/HexapodLeg_modeling_team/2dof/install/cybergear_driver' for CMake module files
[1.108s] Level 1:colcon.colcon_core.environment:checking '/home/ambushee/HexapodLeg_modeling_team/2dof/install/cybergear_driver' for CMake config files
[1.109s] Level 1:colcon.colcon_core.shell:create_environment_hook('cybergear_driver', 'cmake_prefix_path')
[1.109s] INFO:colcon.colcon_core.shell:Creating environment hook '/home/ambushee/HexapodLeg_modeling_team/2dof/install/cybergear_driver/share/cybergear_driver/hook/cmake_prefix_path.ps1'
[1.110s] INFO:colcon.colcon_core.shell:Creating environment descriptor '/home/ambushee/HexapodLeg_modeling_team/2dof/install/cybergear_driver/share/cybergear_driver/hook/cmake_prefix_path.dsv'
[1.110s] INFO:colcon.colcon_core.shell:Creating environment hook '/home/ambushee/HexapodLeg_modeling_team/2dof/install/cybergear_driver/share/cybergear_driver/hook/cmake_prefix_path.sh'
[1.111s] Level 1:colcon.colcon_core.environment:checking '/home/ambushee/HexapodLeg_modeling_team/2dof/install/cybergear_driver/lib'
[1.112s] Level 1:colcon.colcon_core.environment:checking '/home/ambushee/HexapodLeg_modeling_team/2dof/install/cybergear_driver/bin'
[1.112s] Level 1:colcon.colcon_core.environment:checking '/home/ambushee/HexapodLeg_modeling_team/2dof/install/cybergear_driver/lib/pkgconfig/cybergear_driver.pc'
[1.112s] Level 1:colcon.colcon_core.environment:checking '/home/ambushee/HexapodLeg_modeling_team/2dof/install/cybergear_driver/lib/python3.10/site-packages'
[1.113s] Level 1:colcon.colcon_core.environment:checking '/home/ambushee/HexapodLeg_modeling_team/2dof/install/cybergear_driver/bin'
[1.113s] INFO:colcon.colcon_core.shell:Creating package script '/home/ambushee/HexapodLeg_modeling_team/2dof/install/cybergear_driver/share/cybergear_driver/package.ps1'
[1.115s] INFO:colcon.colcon_core.shell:Creating package descriptor '/home/ambushee/HexapodLeg_modeling_team/2dof/install/cybergear_driver/share/cybergear_driver/package.dsv'
[1.117s] INFO:colcon.colcon_core.shell:Creating package script '/home/ambushee/HexapodLeg_modeling_team/2dof/install/cybergear_driver/share/cybergear_driver/package.sh'
[1.119s] INFO:colcon.colcon_core.shell:Creating package script '/home/ambushee/HexapodLeg_modeling_team/2dof/install/cybergear_driver/share/cybergear_driver/package.bash'
[1.121s] INFO:colcon.colcon_core.shell:Creating package script '/home/ambushee/HexapodLeg_modeling_team/2dof/install/cybergear_driver/share/cybergear_driver/package.zsh'
[1.126s] Level 1:colcon.colcon_core.environment:create_file_with_runtime_dependencies(/home/ambushee/HexapodLeg_modeling_team/2dof/install/cybergear_driver/share/colcon-core/packages/cybergear_driver)
[1.129s] Level 1:colcon.colcon_core.environment:create_environment_scripts_only(cybergear_driver)
[1.130s] Level 1:colcon.colcon_core.environment:checking '/home/ambushee/HexapodLeg_modeling_team/2dof/install/cybergear_driver' for CMake module files
[1.133s] Level 1:colcon.colcon_core.environment:checking '/home/ambushee/HexapodLeg_modeling_team/2dof/install/cybergear_driver' for CMake config files
[1.134s] Level 1:colcon.colcon_core.shell:create_environment_hook('cybergear_driver', 'cmake_prefix_path')
[1.135s] INFO:colcon.colcon_core.shell:Creating environment hook '/home/ambushee/HexapodLeg_modeling_team/2dof/install/cybergear_driver/share/cybergear_driver/hook/cmake_prefix_path.ps1'
[1.136s] INFO:colcon.colcon_core.shell:Creating environment descriptor '/home/ambushee/HexapodLeg_modeling_team/2dof/install/cybergear_driver/share/cybergear_driver/hook/cmake_prefix_path.dsv'
[1.136s] INFO:colcon.colcon_core.shell:Creating environment hook '/home/ambushee/HexapodLeg_modeling_team/2dof/install/cybergear_driver/share/cybergear_driver/hook/cmake_prefix_path.sh'
[1.138s] Level 1:colcon.colcon_core.environment:checking '/home/ambushee/HexapodLeg_modeling_team/2dof/install/cybergear_driver/lib'
[1.138s] Level 1:colcon.colcon_core.environment:checking '/home/ambushee/HexapodLeg_modeling_team/2dof/install/cybergear_driver/bin'
[1.138s] Level 1:colcon.colcon_core.environment:checking '/home/ambushee/HexapodLeg_modeling_team/2dof/install/cybergear_driver/lib/pkgconfig/cybergear_driver.pc'
[1.139s] Level 1:colcon.colcon_core.environment:checking '/home/ambushee/HexapodLeg_modeling_team/2dof/install/cybergear_driver/lib/python3.10/site-packages'
[1.139s] Level 1:colcon.colcon_core.environment:checking '/home/ambushee/HexapodLeg_modeling_team/2dof/install/cybergear_driver/bin'
[1.140s] INFO:colcon.colcon_core.shell:Creating package script '/home/ambushee/HexapodLeg_modeling_team/2dof/install/cybergear_driver/share/cybergear_driver/package.ps1'
[1.141s] INFO:colcon.colcon_core.shell:Creating package descriptor '/home/ambushee/HexapodLeg_modeling_team/2dof/install/cybergear_driver/share/cybergear_driver/package.dsv'
[1.142s] INFO:colcon.colcon_core.shell:Creating package script '/home/ambushee/HexapodLeg_modeling_team/2dof/install/cybergear_driver/share/cybergear_driver/package.sh'
[1.143s] INFO:colcon.colcon_core.shell:Creating package script '/home/ambushee/HexapodLeg_modeling_team/2dof/install/cybergear_driver/share/cybergear_driver/package.bash'
[1.144s] INFO:colcon.colcon_core.shell:Creating package script '/home/ambushee/HexapodLeg_modeling_team/2dof/install/cybergear_driver/share/cybergear_driver/package.zsh'
[1.145s] Level 1:colcon.colcon_core.environment:create_file_with_runtime_dependencies(/home/ambushee/HexapodLeg_modeling_team/2dof/install/cybergear_driver/share/colcon-core/packages/cybergear_driver)
[1.147s] Level 1:colcon.colcon_core.environment:create_environment_scripts_only(cybergear_interfaces)
[1.148s] Level 1:colcon.colcon_core.environment:checking '/home/ambushee/HexapodLeg_modeling_team/2dof/install/cybergear_interfaces' for CMake module files
[1.150s] DEBUG:colcon.colcon_core.event_handler.log_command:Invoked command in '/home/ambushee/HexapodLeg_modeling_team/2dof/build/cybergear_interfaces' returned '0': CMAKE_PREFIX_PATH=${CMAKE_PREFIX_PATH}:/home/ambushee/HexapodLeg_modeling_team/2dof/install/hexapod_gz:/home/ambushee/HexapodLeg_modeling_team/2dof/install/experiment_kit:/opt/ros/humble /usr/bin/cmake --install /home/ambushee/HexapodLeg_modeling_team/2dof/build/cybergear_interfaces
[1.151s] Level 1:colcon.colcon_core.environment:checking '/home/ambushee/HexapodLeg_modeling_team/2dof/install/cybergear_interfaces' for CMake config files
[1.152s] Level 1:colcon.colcon_core.shell:create_environment_hook('cybergear_interfaces', 'cmake_prefix_path')
[1.152s] INFO:colcon.colcon_core.shell:Creating environment hook '/home/ambushee/HexapodLeg_modeling_team/2dof/install/cybergear_interfaces/share/cybergear_interfaces/hook/cmake_prefix_path.ps1'
[1.153s] INFO:colcon.colcon_core.shell:Creating environment descriptor '/home/ambushee/HexapodLeg_modeling_team/2dof/install/cybergear_interfaces/share/cybergear_interfaces/hook/cmake_prefix_path.dsv'
[1.154s] INFO:colcon.colcon_core.shell:Creating environment hook '/home/ambushee/HexapodLeg_modeling_team/2dof/install/cybergear_interfaces/share/cybergear_interfaces/hook/cmake_prefix_path.sh'
[1.155s] Level 1:colcon.colcon_core.environment:checking '/home/ambushee/HexapodLeg_modeling_team/2dof/install/cybergear_interfaces/lib'
[1.155s] Level 1:colcon.colcon_core.shell:create_environment_hook('cybergear_interfaces', 'ld_library_path_lib')
[1.156s] INFO:colcon.colcon_core.shell:Creating environment hook '/home/ambushee/HexapodLeg_modeling_team/2dof/install/cybergear_interfaces/share/cybergear_interfaces/hook/ld_library_path_lib.ps1'
[1.157s] INFO:colcon.colcon_core.shell:Creating environment descriptor '/home/ambushee/HexapodLeg_modeling_team/2dof/install/cybergear_interfaces/share/cybergear_interfaces/hook/ld_library_path_lib.dsv'
[1.157s] INFO:colcon.colcon_core.shell:Creating environment hook '/home/ambushee/HexapodLeg_modeling_team/2dof/install/cybergear_interfaces/share/cybergear_interfaces/hook/ld_library_path_lib.sh'
[1.158s] Level 1:colcon.colcon_core.environment:checking '/home/ambushee/HexapodLeg_modeling_team/2dof/install/cybergear_interfaces/bin'
[1.158s] Level 1:colcon.colcon_core.environment:checking '/home/ambushee/HexapodLeg_modeling_team/2dof/install/cybergear_interfaces/lib/pkgconfig/cybergear_interfaces.pc'
[1.159s] Level 1:colcon.colcon_core.environment:checking '/home/ambushee/HexapodLeg_modeling_team/2dof/install/cybergear_interfaces/lib/python3.10/site-packages'
[1.159s] Level 1:colcon.colcon_core.environment:checking '/home/ambushee/HexapodLeg_modeling_team/2dof/install/cybergear_interfaces/bin'
[1.160s] INFO:colcon.colcon_core.shell:Creating package script '/home/ambushee/HexapodLeg_modeling_team/2dof/install/cybergear_interfaces/share/cybergear_interfaces/package.ps1'
[1.161s] INFO:colcon.colcon_core.shell:Creating package descriptor '/home/ambushee/HexapodLeg_modeling_team/2dof/install/cybergear_interfaces/share/cybergear_interfaces/package.dsv'
[1.162s] INFO:colcon.colcon_core.shell:Creating package script '/home/ambushee/HexapodLeg_modeling_team/2dof/install/cybergear_interfaces/share/cybergear_interfaces/package.sh'
[1.162s] INFO:colcon.colcon_core.shell:Creating package script '/home/ambushee/HexapodLeg_modeling_team/2dof/install/cybergear_interfaces/share/cybergear_interfaces/package.bash'
[1.163s] INFO:colcon.colcon_core.shell:Creating package script '/home/ambushee/HexapodLeg_modeling_team/2dof/install/cybergear_interfaces/share/cybergear_interfaces/package.zsh'
[1.164s] Level 1:colcon.colcon_core.environment:create_file_with_runtime_dependencies(/home/ambushee/HexapodLeg_modeling_team/2dof/install/cybergear_interfaces/share/colcon-core/packages/cybergear_interfaces)
[1.165s] Level 1:colcon.colcon_core.environment:create_environment_scripts_only(cybergear_interfaces)
[1.166s] Level 1:colcon.colcon_core.environment:checking '/home/ambushee/HexapodLeg_modeling_team/2dof/install/cybergear_interfaces' for CMake module files
[1.167s] Level 1:colcon.colcon_core.environment:checking '/home/ambushee/HexapodLeg_modeling_team/2dof/install/cybergear_interfaces' for CMake config files
[1.168s] Level 1:colcon.colcon_core.shell:create_environment_hook('cybergear_interfaces', 'cmake_prefix_path')
[1.168s] INFO:colcon.colcon_core.shell:Creating environment hook '/home/ambushee/HexapodLeg_modeling_team/2dof/install/cybergear_interfaces/share/cybergear_interfaces/hook/cmake_prefix_path.ps1'
[1.169s] INFO:colcon.colcon_core.shell:Creating environment descriptor '/home/ambushee/HexapodLeg_modeling_team/2dof/install/cybergear_interfaces/share/cybergear_interfaces/hook/cmake_prefix_path.dsv'
[1.170s] INFO:colcon.colcon_core.shell:Creating environment hook '/home/ambushee/HexapodLeg_modeling_team/2dof/install/cybergear_interfaces/share/cybergear_interfaces/hook/cmake_prefix_path.sh'
[1.171s] Level 1:colcon.colcon_core.environment:checking '/home/ambushee/HexapodLeg_modeling_team/2dof/install/cybergear_interfaces/lib'
[1.171s] Level 1:colcon.colcon_core.shell:create_environment_hook('cybergear_interfaces', 'ld_library_path_lib')
[1.171s] INFO:colcon.colcon_core.shell:Creating environment hook '/home/ambushee/HexapodLeg_modeling_team/2dof/install/cybergear_interfaces/share/cybergear_interfaces/hook/ld_library_path_lib.ps1'
[1.172s] INFO:colcon.colcon_core.shell:Creating environment descriptor '/home/ambushee/HexapodLeg_modeling_team/2dof/install/cybergear_interfaces/share/cybergear_interfaces/hook/ld_library_path_lib.dsv'
[1.173s] INFO:colcon.colcon_core.shell:Creating environment hook '/home/ambushee/HexapodLeg_modeling_team/2dof/install/cybergear_interfaces/share/cybergear_interfaces/hook/ld_library_path_lib.sh'
[1.173s] Level 1:colcon.colcon_core.environment:checking '/home/ambushee/HexapodLeg_modeling_team/2dof/install/cybergear_interfaces/bin'
[1.174s] Level 1:colcon.colcon_core.environment:checking '/home/ambushee/HexapodLeg_modeling_team/2dof/install/cybergear_interfaces/lib/pkgconfig/cybergear_interfaces.pc'
[1.174s] Level 1:colcon.colcon_core.environment:checking '/home/ambushee/HexapodLeg_modeling_team/2dof/install/cybergear_interfaces/lib/python3.10/site-packages'
[1.174s] Level 1:colcon.colcon_core.environment:checking '/home/ambushee/HexapodLeg_modeling_team/2dof/install/cybergear_interfaces/bin'
[1.175s] INFO:colcon.colcon_core.shell:Creating package script '/home/ambushee/HexapodLeg_modeling_team/2dof/install/cybergear_interfaces/share/cybergear_interfaces/package.ps1'
[1.176s] INFO:colcon.colcon_core.shell:Creating package descriptor '/home/ambushee/HexapodLeg_modeling_team/2dof/install/cybergear_interfaces/share/cybergear_interfaces/package.dsv'
[1.177s] INFO:colcon.colcon_core.shell:Creating package script '/home/ambushee/HexapodLeg_modeling_team/2dof/install/cybergear_interfaces/share/cybergear_interfaces/package.sh'
[1.178s] INFO:colcon.colcon_core.shell:Creating package script '/home/ambushee/HexapodLeg_modeling_team/2dof/install/cybergear_interfaces/share/cybergear_interfaces/package.bash'
[1.179s] INFO:colcon.colcon_core.shell:Creating package script '/home/ambushee/HexapodLeg_modeling_team/2dof/install/cybergear_interfaces/share/cybergear_interfaces/package.zsh'
[1.180s] Level 1:colcon.colcon_core.environment:create_file_with_runtime_dependencies(/home/ambushee/HexapodLeg_modeling_team/2dof/install/cybergear_interfaces/share/colcon-core/packages/cybergear_interfaces)
[1.450s] DEBUG:colcon.colcon_core.event_handler.log_command:Invoked command in '/home/ambushee/HexapodLeg_modeling_team/2dof/build/volta_controller' returned '0': CMAKE_PREFIX_PATH=${CMAKE_PREFIX_PATH}:/home/ambushee/HexapodLeg_modeling_team/2dof/install/hexapod_gz:/home/ambushee/HexapodLeg_modeling_team/2dof/install/experiment_kit:/opt/ros/humble /usr/bin/cmake --build /home/ambushee/HexapodLeg_modeling_team/2dof/build/volta_controller -- -j16 -l16
[1.452s] DEBUG:colcon.colcon_core.event_handler.log_command:Invoking command in '/home/ambushee/HexapodLeg_modeling_team/2dof/build/volta_controller': CMAKE_PREFIX_PATH=${CMAKE_PREFIX_PATH}:/home/ambushee/HexapodLeg_modeling_team/2dof/install/hexapod_gz:/home/ambushee/HexapodLeg_modeling_team/2dof/install/experiment_kit:/opt/ros/humble /usr/bin/cmake --install /home/ambushee/HexapodLeg_modeling_team/2dof/build/volta_controller
[1.497s] DEBUG:colcon.colcon_core.event_handler.log_command:Invoking command in '/home/ambushee/HexapodLeg_modeling_team/2dof/src/hexapod_gz': PYTHONPATH=/home/ambushee/HexapodLeg_modeling_team/2dof/build/hexapod_gz/prefix_override:/usr/lib/python3/dist-packages/colcon_core/task/python/colcon_distutils_commands:/home/ambushee/HexapodLeg_modeling_team/2dof/install/hexapod_gz/lib/python3.10/site-packages:${PYTHONPATH} /usr/bin/python3 -W ignore:setup.py install is deprecated -W ignore:easy_install command is deprecated setup.py egg_info --egg-base ../../build/hexapod_gz build --build-base /home/ambushee/HexapodLeg_modeling_team/2dof/build/hexapod_gz/build install --record /home/ambushee/HexapodLeg_modeling_team/2dof/build/hexapod_gz/install.log --single-version-externally-managed install_data
[1.510s] Level 1:colcon.colcon_core.environment:create_environment_scripts_only(volta_controller)
[1.511s] Level 1:colcon.colcon_core.environment:checking '/home/ambushee/HexapodLeg_modeling_team/2dof/install/volta_controller' for CMake module files
[1.511s] DEBUG:colcon.colcon_core.event_handler.log_command:Invoked command in '/home/ambushee/HexapodLeg_modeling_team/2dof/build/volta_controller' returned '0': CMAKE_PREFIX_PATH=${CMAKE_PREFIX_PATH}:/home/ambushee/HexapodLeg_modeling_team/2dof/install/hexapod_gz:/home/ambushee/HexapodLeg_modeling_team/2dof/install/experiment_kit:/opt/ros/humble /usr/bin/cmake --install /home/ambushee/HexapodLeg_modeling_team/2dof/build/volta_controller
[1.512s] Level 1:colcon.colcon_core.environment:checking '/home/ambushee/HexapodLeg_modeling_team/2dof/install/volta_controller' for CMake config files
[1.512s] Level 1:colcon.colcon_core.shell:create_environment_hook('volta_controller', 'cmake_prefix_path')
[1.512s] INFO:colcon.colcon_core.shell:Creating environment hook '/home/ambushee/HexapodLeg_modeling_team/2dof/install/volta_controller/share/volta_controller/hook/cmake_prefix_path.ps1'
[1.513s] INFO:colcon.colcon_core.shell:Creating environment descriptor '/home/ambushee/HexapodLeg_modeling_team/2dof/install/volta_controller/share/volta_controller/hook/cmake_prefix_path.dsv'
[1.513s] INFO:colcon.colcon_core.shell:Creating environment hook '/home/ambushee/HexapodLeg_modeling_team/2dof/install/volta_controller/share/volta_controller/hook/cmake_prefix_path.sh'
[1.514s] Level 1:colcon.colcon_core.environment:checking '/home/ambushee/HexapodLeg_modeling_team/2dof/install/volta_controller/lib'
[1.514s] Level 1:colcon.colcon_core.environment:checking '/home/ambushee/HexapodLeg_modeling_team/2dof/install/volta_controller/bin'
[1.514s] Level 1:colcon.colcon_core.environment:checking '/home/ambushee/HexapodLeg_modeling_team/2dof/install/volta_controller/lib/pkgconfig/volta_controller.pc'
[1.514s] Level 1:colcon.colcon_core.environment:checking '/home/ambushee/HexapodLeg_modeling_team/2dof/install/volta_controller/lib/python3.10/site-packages'
[1.514s] Level 1:colcon.colcon_core.environment:checking '/home/ambushee/HexapodLeg_modeling_team/2dof/install/volta_controller/bin'
[1.514s] INFO:colcon.colcon_core.shell:Creating package script '/home/ambushee/HexapodLeg_modeling_team/2dof/install/volta_controller/share/volta_controller/package.ps1'
[1.515s] INFO:colcon.colcon_core.shell:Creating package descriptor '/home/ambushee/HexapodLeg_modeling_team/2dof/install/volta_controller/share/volta_controller/package.dsv'
[1.515s] INFO:colcon.colcon_core.shell:Creating package script '/home/ambushee/HexapodLeg_modeling_team/2dof/install/volta_controller/share/volta_controller/package.sh'
[1.516s] INFO:colcon.colcon_core.shell:Creating package script '/home/ambushee/HexapodLeg_modeling_team/2dof/install/volta_controller/share/volta_controller/package.bash'
[1.516s] INFO:colcon.colcon_core.shell:Creating package script '/home/ambushee/HexapodLeg_modeling_team/2dof/install/volta_controller/share/volta_controller/package.zsh'
[1.516s] Level 1:colcon.colcon_core.environment:create_file_with_runtime_dependencies(/home/ambushee/HexapodLeg_modeling_team/2dof/install/volta_controller/share/colcon-core/packages/volta_controller)
[1.517s] Level 1:colcon.colcon_core.environment:create_environment_scripts_only(volta_controller)
[1.517s] Level 1:colcon.colcon_core.environment:checking '/home/ambushee/HexapodLeg_modeling_team/2dof/install/volta_controller' for CMake module files
[1.517s] Level 1:colcon.colcon_core.environment:checking '/home/ambushee/HexapodLeg_modeling_team/2dof/install/volta_controller' for CMake config files
[1.518s] Level 1:colcon.colcon_core.shell:create_environment_hook('volta_controller', 'cmake_prefix_path')
[1.518s] INFO:colcon.colcon_core.shell:Creating environment hook '/home/ambushee/HexapodLeg_modeling_team/2dof/install/volta_controller/share/volta_controller/hook/cmake_prefix_path.ps1'
[1.518s] INFO:colcon.colcon_core.shell:Creating environment descriptor '/home/ambushee/HexapodLeg_modeling_team/2dof/install/volta_controller/share/volta_controller/hook/cmake_prefix_path.dsv'
[1.519s] INFO:colcon.colcon_core.shell:Creating environment hook '/home/ambushee/HexapodLeg_modeling_team/2dof/install/volta_controller/share/volta_controller/hook/cmake_prefix_path.sh'
[1.519s] Level 1:colcon.colcon_core.environment:checking '/home/ambushee/HexapodLeg_modeling_team/2dof/install/volta_controller/lib'
[1.519s] Level 1:colcon.colcon_core.environment:checking '/home/ambushee/HexapodLeg_modeling_team/2dof/install/volta_controller/bin'
[1.519s] Level 1:colcon.colcon_core.environment:checking '/home/ambushee/HexapodLeg_modeling_team/2dof/install/volta_controller/lib/pkgconfig/volta_controller.pc'
[1.519s] Level 1:colcon.colcon_core.environment:checking '/home/ambushee/HexapodLeg_modeling_team/2dof/install/volta_controller/lib/python3.10/site-packages'
[1.520s] Level 1:colcon.colcon_core.environment:checking '/home/ambushee/HexapodLeg_modeling_team/2dof/install/volta_controller/bin'
[1.520s] INFO:colcon.colcon_core.shell:Creating package script '/home/ambushee/HexapodLeg_modeling_team/2dof/install/volta_controller/share/volta_controller/package.ps1'
[1.520s] INFO:colcon.colcon_core.shell:Creating package descriptor '/home/ambushee/HexapodLeg_modeling_team/2dof/install/volta_controller/share/volta_controller/package.dsv'
[1.521s] INFO:colcon.colcon_core.shell:Creating package script '/home/ambushee/HexapodLeg_modeling_team/2dof/install/volta_controller/share/volta_controller/package.sh'
[1.521s] INFO:colcon.colcon_core.shell:Creating package script '/home/ambushee/HexapodLeg_modeling_team/2dof/install/volta_controller/share/volta_controller/package.bash'
[1.522s] INFO:colcon.colcon_core.shell:Creating package script '/home/ambushee/HexapodLeg_modeling_team/2dof/install/volta_controller/share/volta_controller/package.zsh'
[1.522s] Level 1:colcon.colcon_core.environment:create_file_with_runtime_dependencies(/home/ambushee/HexapodLeg_modeling_team/2dof/install/volta_controller/share/colcon-core/packages/volta_controller)
[1.526s] DEBUG:colcon.colcon_core.event_handler.log_command:Invoking command in '/home/ambushee/HexapodLeg_modeling_team/2dof/src/experiment_kit': PYTHONPATH=/home/ambushee/HexapodLeg_modeling_team/2dof/build/experiment_kit/prefix_override:/usr/lib/python3/dist-packages/colcon_core/task/python/colcon_distutils_commands:/home/ambushee/HexapodLeg_modeling_team/2dof/install/experiment_kit/lib/python3.10/site-packages:${PYTHONPATH} /usr/bin/python3 -W ignore:setup.py install is deprecated -W ignore:easy_install command is deprecated setup.py egg_info --egg-base ../../build/experiment_kit build --build-base /home/ambushee/HexapodLeg_modeling_team/2dof/build/experiment_kit/build install --record /home/ambushee/HexapodLeg_modeling_team/2dof/build/experiment_kit/install.log --single-version-externally-managed install_data
[1.860s] Level 1:colcon.colcon_core.environment:checking '/home/ambushee/HexapodLeg_modeling_team/2dof/install/hexapod_gz' for CMake module files
[1.861s] DEBUG:colcon.colcon_core.event_handler.log_command:Invoked command in '/home/ambushee/HexapodLeg_modeling_team/2dof/src/hexapod_gz' returned '0': PYTHONPATH=/home/ambushee/HexapodLeg_modeling_team/2dof/build/hexapod_gz/prefix_override:/usr/lib/python3/dist-packages/colcon_core/task/python/colcon_distutils_commands:/home/ambushee/HexapodLeg_modeling_team/2dof/install/hexapod_gz/lib/python3.10/site-packages:${PYTHONPATH} /usr/bin/python3 -W ignore:setup.py install is deprecated -W ignore:easy_install command is deprecated setup.py egg_info --egg-base ../../build/hexapod_gz build --build-base /home/ambushee/HexapodLeg_modeling_team/2dof/build/hexapod_gz/build install --record /home/ambushee/HexapodLeg_modeling_team/2dof/build/hexapod_gz/install.log --single-version-externally-managed install_data
[1.861s] Level 1:colcon.colcon_core.environment:checking '/home/ambushee/HexapodLeg_modeling_team/2dof/install/hexapod_gz' for CMake config files
[1.862s] Level 1:colcon.colcon_core.environment:checking '/home/ambushee/HexapodLeg_modeling_team/2dof/install/hexapod_gz/lib'
[1.862s] Level 1:colcon.colcon_core.environment:checking '/home/ambushee/HexapodLeg_modeling_team/2dof/install/hexapod_gz/bin'
[1.862s] Level 1:colcon.colcon_core.environment:checking '/home/ambushee/HexapodLeg_modeling_team/2dof/install/hexapod_gz/lib/pkgconfig/hexapod_gz.pc'
[1.863s] Level 1:colcon.colcon_core.environment:checking '/home/ambushee/HexapodLeg_modeling_team/2dof/install/hexapod_gz/lib/python3.10/site-packages'
[1.863s] Level 1:colcon.colcon_core.shell:create_environment_hook('hexapod_gz', 'pythonpath')
[1.863s] INFO:colcon.colcon_core.shell:Creating environment hook '/home/ambushee/HexapodLeg_modeling_team/2dof/install/hexapod_gz/share/hexapod_gz/hook/pythonpath.ps1'
[1.864s] INFO:colcon.colcon_core.shell:Creating environment descriptor '/home/ambushee/HexapodLeg_modeling_team/2dof/install/hexapod_gz/share/hexapod_gz/hook/pythonpath.dsv'
[1.865s] INFO:colcon.colcon_core.shell:Creating environment hook '/home/ambushee/HexapodLeg_modeling_team/2dof/install/hexapod_gz/share/hexapod_gz/hook/pythonpath.sh'
[1.866s] Level 1:colcon.colcon_core.environment:checking '/home/ambushee/HexapodLeg_modeling_team/2dof/install/hexapod_gz/bin'
[1.866s] Level 1:colcon.colcon_core.environment:create_environment_scripts_only(hexapod_gz)
[1.866s] INFO:colcon.colcon_core.shell:Creating package script '/home/ambushee/HexapodLeg_modeling_team/2dof/install/hexapod_gz/share/hexapod_gz/package.ps1'
[1.867s] INFO:colcon.colcon_core.shell:Creating package descriptor '/home/ambushee/HexapodLeg_modeling_team/2dof/install/hexapod_gz/share/hexapod_gz/package.dsv'
[1.868s] INFO:colcon.colcon_core.shell:Creating package script '/home/ambushee/HexapodLeg_modeling_team/2dof/install/hexapod_gz/share/hexapod_gz/package.sh'
[1.868s] INFO:colcon.colcon_core.shell:Creating package script '/home/ambushee/HexapodLeg_modeling_team/2dof/install/hexapod_gz/share/hexapod_gz/package.bash'
[1.869s] INFO:colcon.colcon_core.shell:Creating package script '/home/ambushee/HexapodLeg_modeling_team/2dof/install/hexapod_gz/share/hexapod_gz/package.zsh'
[1.869s] Level 1:colcon.colcon_core.environment:create_file_with_runtime_dependencies(/home/ambushee/HexapodLeg_modeling_team/2dof/install/hexapod_gz/share/colcon-core/packages/hexapod_gz)
[1.885s] Level 1:colcon.colcon_core.environment:checking '/home/ambushee/HexapodLeg_modeling_team/2dof/install/experiment_kit' for CMake module files
[1.886s] DEBUG:colcon.colcon_core.event_handler.log_command:Invoked command in '/home/ambushee/HexapodLeg_modeling_team/2dof/src/experiment_kit' returned '0': PYTHONPATH=/home/ambushee/HexapodLeg_modeling_team/2dof/build/experiment_kit/prefix_override:/usr/lib/python3/dist-packages/colcon_core/task/python/colcon_distutils_commands:/home/ambushee/HexapodLeg_modeling_team/2dof/install/experiment_kit/lib/python3.10/site-packages:${PYTHONPATH} /usr/bin/python3 -W ignore:setup.py install is deprecated -W ignore:easy_install command is deprecated setup.py egg_info --egg-base ../../build/experiment_kit build --build-base /home/ambushee/HexapodLeg_modeling_team/2dof/build/experiment_kit/build install --record /home/ambushee/HexapodLeg_modeling_team/2dof/build/experiment_kit/install.log --single-version-externally-managed install_data
[1.887s] Level 1:colcon.colcon_core.environment:checking '/home/ambushee/HexapodLeg_modeling_team/2dof/install/experiment_kit' for CMake config files
[1.888s] Level 1:colcon.colcon_core.environment:checking '/home/ambushee/HexapodLeg_modeling_team/2dof/install/experiment_kit/lib'
[1.888s] Level 1:colcon.colcon_core.environment:checking '/home/ambushee/HexapodLeg_modeling_team/2dof/install/experiment_kit/bin'
[1.888s] Level 1:colcon.colcon_core.environment:checking '/home/ambushee/HexapodLeg_modeling_team/2dof/install/experiment_kit/lib/pkgconfig/experiment_kit.pc'
[1.888s] Level 1:colcon.colcon_core.environment:checking '/home/ambushee/HexapodLeg_modeling_team/2dof/install/experiment_kit/lib/python3.10/site-packages'
[1.888s] Level 1:colcon.colcon_core.shell:create_environment_hook('experiment_kit', 'pythonpath')
[1.889s] INFO:colcon.colcon_core.shell:Creating environment hook '/home/ambushee/HexapodLeg_modeling_team/2dof/install/experiment_kit/share/experiment_kit/hook/pythonpath.ps1'
[1.889s] INFO:colcon.colcon_core.shell:Creating environment descriptor '/home/ambushee/HexapodLeg_modeling_team/2dof/install/experiment_kit/share/experiment_kit/hook/pythonpath.dsv'
[1.890s] INFO:colcon.colcon_core.shell:Creating environment hook '/home/ambushee/HexapodLeg_modeling_team/2dof/install/experiment_kit/share/experiment_kit/hook/pythonpath.sh'
[1.891s] Level 1:colcon.colcon_core.environment:checking '/home/ambushee/HexapodLeg_modeling_team/2dof/install/experiment_kit/bin'
[1.891s] Level 1:colcon.colcon_core.environment:create_environment_scripts_only(experiment_kit)
[1.891s] INFO:colcon.colcon_core.shell:Creating package script '/home/ambushee/HexapodLeg_modeling_team/2dof/install/experiment_kit/share/experiment_kit/package.ps1'
[1.892s] INFO:colcon.colcon_core.shell:Creating package descriptor '/home/ambushee/HexapodLeg_modeling_team/2dof/install/experiment_kit/share/experiment_kit/package.dsv'
[1.893s] INFO:colcon.colcon_core.shell:Creating package script '/home/ambushee/HexapodLeg_modeling_team/2dof/install/experiment_kit/share/experiment_kit/package.sh'
[1.893s] INFO:colcon.colcon_core.shell:Creating package script '/home/ambushee/HexapodLeg_modeling_team/2dof/install/experiment_kit/share/experiment_kit/package.bash'
[1.894s] INFO:colcon.colcon_core.shell:Creating package script '/home/ambushee/HexapodLeg_modeling_team/2dof/install/experiment_kit/share/experiment_kit/package.zsh'
[1.894s] Level 1:colcon.colcon_core.environment:create_file_with_runtime_dependencies(/home/ambushee/HexapodLeg_modeling_team/2dof/install/experiment_kit/share/colcon-core/packages/experiment_kit)
[1.895s] DEBUG:colcon.colcon_parallel_executor.executor.parallel:closing loop
[1.895s] DEBUG:colcon.colcon_parallel_executor.executor.parallel:loop closed
[1.895s] DEBUG:colcon.colcon_parallel_executor.executor.parallel:run_until_complete finished with '0'
[1.895s] DEBUG:colcon.colcon_core.event_reactor:joining thread
[1.904s] INFO:colcon.colcon_core.plugin_system:Skipping extension 'colcon_notification.desktop_notification.terminal_notifier': Not used on non-Darwin systems
[1.904s] INFO:colcon.colcon_core.plugin_system:Skipping extension 'colcon_notification.desktop_notification.win32': Not used on non-Windows systems
[1.904s] INFO:colcon.colcon_notification.desktop_notification:Sending desktop notification using 'notify2'
[1.922s] DEBUG:colcon.colcon_core.event_reactor:joined thread
[1.923s] INFO:colcon.colcon_core.shell:Creating prefix script '/home/ambushee/HexapodLeg_modeling_team/2dof/install/local_setup.ps1'
[1.925s] INFO:colcon.colcon_core.shell:Creating prefix util module '/home/ambushee/HexapodLeg_modeling_team/2dof/install/_local_setup_util_ps1.py'
[1.927s] INFO:colcon.colcon_core.shell:Creating prefix chain script '/home/ambushee/HexapodLeg_modeling_team/2dof/install/setup.ps1'
[1.929s] INFO:colcon.colcon_core.shell:Creating prefix script '/home/ambushee/HexapodLeg_modeling_team/2dof/install/local_setup.sh'
[1.930s] INFO:colcon.colcon_core.shell:Creating prefix util module '/home/ambushee/HexapodLeg_modeling_team/2dof/install/_local_setup_util_sh.py'
[1.931s] INFO:colcon.colcon_core.shell:Creating prefix chain script '/home/ambushee/HexapodLeg_modeling_team/2dof/install/setup.sh'
[1.933s] INFO:colcon.colcon_core.shell:Creating prefix script '/home/ambushee/HexapodLeg_modeling_team/2dof/install/local_setup.bash'
[1.934s] INFO:colcon.colcon_core.shell:Creating prefix chain script '/home/ambushee/HexapodLeg_modeling_team/2dof/install/setup.bash'
[1.936s] INFO:colcon.colcon_core.shell:Creating prefix script '/home/ambushee/HexapodLeg_modeling_team/2dof/install/local_setup.zsh'
[1.937s] INFO:colcon.colcon_core.shell:Creating prefix chain script '/home/ambushee/HexapodLeg_modeling_team/2dof/install/setup.zsh'
