running egg_info
creating ../../build/experiment_kit/experiment_kit.egg-info
writing ../../build/experiment_kit/experiment_kit.egg-info/PKG-INFO
writing dependency_links to ../../build/experiment_kit/experiment_kit.egg-info/dependency_links.txt
writing entry points to ../../build/experiment_kit/experiment_kit.egg-info/entry_points.txt
writing requirements to ../../build/experiment_kit/experiment_kit.egg-info/requires.txt
writing top-level names to ../../build/experiment_kit/experiment_kit.egg-info/top_level.txt
writing manifest file '../../build/experiment_kit/experiment_kit.egg-info/SOURCES.txt'
reading manifest file '../../build/experiment_kit/experiment_kit.egg-info/SOURCES.txt'
writing manifest file '../../build/experiment_kit/experiment_kit.egg-info/SOURCES.txt'
running build
running build_py
creating /home/ambushee/HexapodLeg_modeling_team/2dof/build/experiment_kit/build
creating /home/ambushee/HexapodLeg_modeling_team/2dof/build/experiment_kit/build/lib
creating /home/ambushee/HexapodLeg_modeling_team/2dof/build/experiment_kit/build/lib/experiment_kit
copying experiment_kit/PD_Controller.py -> /home/ambushee/HexapodLeg_modeling_team/2dof/build/experiment_kit/build/lib/experiment_kit
copying experiment_kit/__init__.py -> /home/ambushee/HexapodLeg_modeling_team/2dof/build/experiment_kit/build/lib/experiment_kit
copying experiment_kit/pd_step_commander_link2.py -> /home/ambushee/HexapodLeg_modeling_team/2dof/build/experiment_kit/build/lib/experiment_kit
copying experiment_kit/pd_step_commander.py -> /home/ambushee/HexapodLeg_modeling_team/2dof/build/experiment_kit/build/lib/experiment_kit
copying experiment_kit/pd_step_commander_link1.py -> /home/ambushee/HexapodLeg_modeling_team/2dof/build/experiment_kit/build/lib/experiment_kit
running install
running install_lib
creating /home/ambushee/HexapodLeg_modeling_team/2dof/install/experiment_kit/lib/python3.10/site-packages/experiment_kit
copying /home/ambushee/HexapodLeg_modeling_team/2dof/build/experiment_kit/build/lib/experiment_kit/PD_Controller.py -> /home/ambushee/HexapodLeg_modeling_team/2dof/install/experiment_kit/lib/python3.10/site-packages/experiment_kit
copying /home/ambushee/HexapodLeg_modeling_team/2dof/build/experiment_kit/build/lib/experiment_kit/__init__.py -> /home/ambushee/HexapodLeg_modeling_team/2dof/install/experiment_kit/lib/python3.10/site-packages/experiment_kit
copying /home/ambushee/HexapodLeg_modeling_team/2dof/build/experiment_kit/build/lib/experiment_kit/pd_step_commander_link2.py -> /home/ambushee/HexapodLeg_modeling_team/2dof/install/experiment_kit/lib/python3.10/site-packages/experiment_kit
copying /home/ambushee/HexapodLeg_modeling_team/2dof/build/experiment_kit/build/lib/experiment_kit/pd_step_commander.py -> /home/ambushee/HexapodLeg_modeling_team/2dof/install/experiment_kit/lib/python3.10/site-packages/experiment_kit
copying /home/ambushee/HexapodLeg_modeling_team/2dof/build/experiment_kit/build/lib/experiment_kit/pd_step_commander_link1.py -> /home/ambushee/HexapodLeg_modeling_team/2dof/install/experiment_kit/lib/python3.10/site-packages/experiment_kit
byte-compiling /home/ambushee/HexapodLeg_modeling_team/2dof/install/experiment_kit/lib/python3.10/site-packages/experiment_kit/PD_Controller.py to PD_Controller.cpython-310.pyc
byte-compiling /home/ambushee/HexapodLeg_modeling_team/2dof/install/experiment_kit/lib/python3.10/site-packages/experiment_kit/__init__.py to __init__.cpython-310.pyc
byte-compiling /home/ambushee/HexapodLeg_modeling_team/2dof/install/experiment_kit/lib/python3.10/site-packages/experiment_kit/pd_step_commander_link2.py to pd_step_commander_link2.cpython-310.pyc
byte-compiling /home/ambushee/HexapodLeg_modeling_team/2dof/install/experiment_kit/lib/python3.10/site-packages/experiment_kit/pd_step_commander.py to pd_step_commander.cpython-310.pyc
byte-compiling /home/ambushee/HexapodLeg_modeling_team/2dof/install/experiment_kit/lib/python3.10/site-packages/experiment_kit/pd_step_commander_link1.py to pd_step_commander_link1.cpython-310.pyc
running install_data
creating /home/ambushee/HexapodLeg_modeling_team/2dof/install/experiment_kit/share/ament_index
creating /home/ambushee/HexapodLeg_modeling_team/2dof/install/experiment_kit/share/ament_index/resource_index
creating /home/ambushee/HexapodLeg_modeling_team/2dof/install/experiment_kit/share/ament_index/resource_index/packages
copying resource/experiment_kit -> /home/ambushee/HexapodLeg_modeling_team/2dof/install/experiment_kit/share/ament_index/resource_index/packages
copying package.xml -> /home/ambushee/HexapodLeg_modeling_team/2dof/install/experiment_kit/share/experiment_kit
creating /home/ambushee/HexapodLeg_modeling_team/2dof/install/experiment_kit/share/experiment_kit/launch
copying launch/spawn_robot_step.launch.py -> /home/ambushee/HexapodLeg_modeling_team/2dof/install/experiment_kit/share/experiment_kit/launch
copying launch/spawn_robot_step_link1.launch.py -> /home/ambushee/HexapodLeg_modeling_team/2dof/install/experiment_kit/share/experiment_kit/launch
copying launch/spawn_robot_step_link2.launch.py -> /home/ambushee/HexapodLeg_modeling_team/2dof/install/experiment_kit/share/experiment_kit/launch
creating /home/ambushee/HexapodLeg_modeling_team/2dof/install/experiment_kit/share/experiment_kit/config
copying config/ros2_controllers.yaml -> /home/ambushee/HexapodLeg_modeling_team/2dof/install/experiment_kit/share/experiment_kit/config
copying config/ros2_controllers_link1.yaml -> /home/ambushee/HexapodLeg_modeling_team/2dof/install/experiment_kit/share/experiment_kit/config
copying config/ros2_controllers_link2.yaml -> /home/ambushee/HexapodLeg_modeling_team/2dof/install/experiment_kit/share/experiment_kit/config
copying config/plotjuggler_layout.xml -> /home/ambushee/HexapodLeg_modeling_team/2dof/install/experiment_kit/share/experiment_kit/config
creating /home/ambushee/HexapodLeg_modeling_team/2dof/install/experiment_kit/share/experiment_kit/urdf
copying urdf/hexapod_modelling_team.xacro -> /home/ambushee/HexapodLeg_modeling_team/2dof/install/experiment_kit/share/experiment_kit/urdf
copying urdf/link1.xacro -> /home/ambushee/HexapodLeg_modeling_team/2dof/install/experiment_kit/share/experiment_kit/urdf
copying urdf/link2.xacro -> /home/ambushee/HexapodLeg_modeling_team/2dof/install/experiment_kit/share/experiment_kit/urdf
copying urdf/link1_vertical.xacro -> /home/ambushee/HexapodLeg_modeling_team/2dof/install/experiment_kit/share/experiment_kit/urdf
copying urdf/link2_vertical.xacro -> /home/ambushee/HexapodLeg_modeling_team/2dof/install/experiment_kit/share/experiment_kit/urdf
creating /home/ambushee/HexapodLeg_modeling_team/2dof/install/experiment_kit/share/experiment_kit/worlds
copying worlds/hexapod.sdf -> /home/ambushee/HexapodLeg_modeling_team/2dof/install/experiment_kit/share/experiment_kit/worlds
creating /home/ambushee/HexapodLeg_modeling_team/2dof/install/experiment_kit/share/experiment_kit/meshes
copying meshes/base_link.STL -> /home/ambushee/HexapodLeg_modeling_team/2dof/install/experiment_kit/share/experiment_kit/meshes
copying meshes/Link1.STL -> /home/ambushee/HexapodLeg_modeling_team/2dof/install/experiment_kit/share/experiment_kit/meshes
copying meshes/Link_2.STL -> /home/ambushee/HexapodLeg_modeling_team/2dof/install/experiment_kit/share/experiment_kit/meshes
running install_egg_info
Copying ../../build/experiment_kit/experiment_kit.egg-info to /home/ambushee/HexapodLeg_modeling_team/2dof/install/experiment_kit/lib/python3.10/site-packages/experiment_kit-0.1.0-py3.10.egg-info
running install_scripts
Installing pd_position_commander script to /home/ambushee/HexapodLeg_modeling_team/2dof/install/experiment_kit/lib/experiment_kit
Installing pd_step_commander script to /home/ambushee/HexapodLeg_modeling_team/2dof/install/experiment_kit/lib/experiment_kit
writing list of installed files to '/home/ambushee/HexapodLeg_modeling_team/2dof/build/experiment_kit/install.log'
