[35m[1mConsolidate compiler generated dependencies of target cpp_node_test[0m
[100%] Built target cpp_node_test
[100%] Built target ament_cmake_python_copy_volta_controller
running egg_info
writing volta_controller.egg-info/PKG-INFO
writing dependency_links to volta_controller.egg-info/dependency_links.txt
writing top-level names to volta_controller.egg-info/top_level.txt
reading manifest file 'volta_controller.egg-info/SOURCES.txt'
writing manifest file 'volta_controller.egg-info/SOURCES.txt'
[100%] Built target ament_cmake_python_build_volta_controller_egg
-- Install configuration: ""
-- Up-to-date: /home/ambushee/HexapodLeg_modeling_team/2dof/install/volta_controller/share/volta_controller/environment/pythonpath.sh
-- Up-to-date: /home/ambushee/HexapodLeg_modeling_team/2dof/install/volta_controller/share/volta_controller/environment/pythonpath.dsv
-- Up-to-date: /home/ambushee/HexapodLeg_modeling_team/2dof/install/volta_controller/local/lib/python3.10/dist-packages/volta_controller-0.0.0-py3.10.egg-info
-- Installing: /home/ambushee/HexapodLeg_modeling_team/2dof/install/volta_controller/local/lib/python3.10/dist-packages/volta_controller-0.0.0-py3.10.egg-info/dependency_links.txt
-- Installing: /home/ambushee/HexapodLeg_modeling_team/2dof/install/volta_controller/local/lib/python3.10/dist-packages/volta_controller-0.0.0-py3.10.egg-info/SOURCES.txt
-- Installing: /home/ambushee/HexapodLeg_modeling_team/2dof/install/volta_controller/local/lib/python3.10/dist-packages/volta_controller-0.0.0-py3.10.egg-info/top_level.txt
-- Installing: /home/ambushee/HexapodLeg_modeling_team/2dof/install/volta_controller/local/lib/python3.10/dist-packages/volta_controller-0.0.0-py3.10.egg-info/PKG-INFO
-- Up-to-date: /home/ambushee/HexapodLeg_modeling_team/2dof/install/volta_controller/local/lib/python3.10/dist-packages/volta_controller
-- Up-to-date: /home/ambushee/HexapodLeg_modeling_team/2dof/install/volta_controller/local/lib/python3.10/dist-packages/volta_controller/__init__.py
-- Up-to-date: /home/ambushee/HexapodLeg_modeling_team/2dof/install/volta_controller/local/lib/python3.10/dist-packages/volta_controller/dummy_module.py
Listing '/home/ambushee/HexapodLeg_modeling_team/2dof/install/volta_controller/local/lib/python3.10/dist-packages/volta_controller'...
-- Up-to-date: /home/ambushee/HexapodLeg_modeling_team/2dof/install/volta_controller/lib/volta_controller/dummy_script.py
-- Up-to-date: /home/ambushee/HexapodLeg_modeling_team/2dof/install/volta_controller/lib/volta_controller/GravityCompensation.py
-- Installing: /home/ambushee/HexapodLeg_modeling_team/2dof/install/volta_controller/lib/volta_controller/MotorGroupConfig.py
-- Up-to-date: /home/ambushee/HexapodLeg_modeling_team/2dof/install/volta_controller/lib/volta_controller/InverseDynamicsController.py
-- Up-to-date: /home/ambushee/HexapodLeg_modeling_team/2dof/install/volta_controller/lib/volta_controller/DesiredJointsState.py
-- Up-to-date: /home/ambushee/HexapodLeg_modeling_team/2dof/install/volta_controller/lib/volta_controller/VoltaStateMachine.py
-- Up-to-date: /home/ambushee/HexapodLeg_modeling_team/2dof/install/volta_controller/lib/volta_controller/KinematicsFunc.py
-- Up-to-date: /home/ambushee/HexapodLeg_modeling_team/2dof/install/volta_controller/lib/volta_controller/cpp_node_test
-- Up-to-date: /home/ambushee/HexapodLeg_modeling_team/2dof/install/volta_controller/share/volta_controller/launch
-- Up-to-date: /home/ambushee/HexapodLeg_modeling_team/2dof/install/volta_controller/share/volta_controller/launch/VoltaController.launch.py
-- Up-to-date: /home/ambushee/HexapodLeg_modeling_team/2dof/install/volta_controller/share/ament_index/resource_index/package_run_dependencies/volta_controller
-- Up-to-date: /home/ambushee/HexapodLeg_modeling_team/2dof/install/volta_controller/share/ament_index/resource_index/parent_prefix_path/volta_controller
-- Up-to-date: /home/ambushee/HexapodLeg_modeling_team/2dof/install/volta_controller/share/volta_controller/environment/ament_prefix_path.sh
-- Up-to-date: /home/ambushee/HexapodLeg_modeling_team/2dof/install/volta_controller/share/volta_controller/environment/ament_prefix_path.dsv
-- Up-to-date: /home/ambushee/HexapodLeg_modeling_team/2dof/install/volta_controller/share/volta_controller/environment/path.sh
-- Up-to-date: /home/ambushee/HexapodLeg_modeling_team/2dof/install/volta_controller/share/volta_controller/environment/path.dsv
-- Up-to-date: /home/ambushee/HexapodLeg_modeling_team/2dof/install/volta_controller/share/volta_controller/local_setup.bash
-- Up-to-date: /home/ambushee/HexapodLeg_modeling_team/2dof/install/volta_controller/share/volta_controller/local_setup.sh
-- Up-to-date: /home/ambushee/HexapodLeg_modeling_team/2dof/install/volta_controller/share/volta_controller/local_setup.zsh
-- Up-to-date: /home/ambushee/HexapodLeg_modeling_team/2dof/install/volta_controller/share/volta_controller/local_setup.dsv
-- Up-to-date: /home/ambushee/HexapodLeg_modeling_team/2dof/install/volta_controller/share/volta_controller/package.dsv
-- Up-to-date: /home/ambushee/HexapodLeg_modeling_team/2dof/install/volta_controller/share/ament_index/resource_index/packages/volta_controller
-- Up-to-date: /home/ambushee/HexapodLeg_modeling_team/2dof/install/volta_controller/share/volta_controller/cmake/volta_controllerConfig.cmake
-- Up-to-date: /home/ambushee/HexapodLeg_modeling_team/2dof/install/volta_controller/share/volta_controller/cmake/volta_controllerConfig-version.cmake
-- Up-to-date: /home/ambushee/HexapodLeg_modeling_team/2dof/install/volta_controller/share/volta_controller/package.xml
