[0.019s] Invoking command in '/home/ambushee/HexapodLeg_modeling_team/2dof/build/cybergear_interfaces': CMAKE_PREFIX_PATH=${CMAKE_PREFIX_PATH}:/home/ambushee/HexapodLeg_modeling_team/2dof/install/hexapod_gz:/home/ambushee/HexapodLeg_modeling_team/2dof/install/experiment_kit:/opt/ros/humble /usr/bin/cmake /home/ambushee/HexapodLeg_modeling_team/2dof/src/cybergear_interfaces -DCMAKE_INSTALL_PREFIX=/home/ambushee/HexapodLeg_modeling_team/2dof/install/cybergear_interfaces
[0.475s] -- The C compiler identification is GNU 11.4.0
[0.475s] -- The CXX compiler identification is GNU 11.4.0
[0.475s] -- Detecting C compiler ABI info
[0.475s] -- Detecting C compiler ABI info - done
[0.475s] -- Check for working C compiler: /usr/bin/cc - skipped
[0.475s] -- Detecting C compile features
[0.475s] -- Detecting C compile features - done
[0.475s] -- Detecting CXX compiler ABI info
[0.475s] -- Detecting CXX compiler ABI info - done
[0.475s] -- Check for working CXX compiler: /usr/bin/c++ - skipped
[0.475s] -- Detecting CXX compile features
[0.475s] -- Detecting CXX compile features - done
[0.475s] -- Found ament_cmake: 1.3.11 (/opt/ros/humble/share/ament_cmake/cmake)
[0.475s] -- Found Python3: /usr/bin/python3 (found version "3.10.12") found components: Interpreter 
[0.475s] -- Found ament_cmake_auto: 1.3.11 (/opt/ros/humble/share/ament_cmake_auto/cmake)
[0.494s] -- Using all available rosidl_typesupport_c: rosidl_typesupport_fastrtps_c;rosidl_typesupport_introspection_c
[0.499s] -- Found rosidl_adapter: 3.1.6 (/opt/ros/humble/share/rosidl_adapter/cmake)
[0.534s] -- Using all available rosidl_typesupport_cpp: rosidl_typesupport_fastrtps_cpp;rosidl_typesupport_introspection_cpp
[0.845s] -- Found ament_cmake_ros: 0.10.0 (/opt/ros/humble/share/ament_cmake_ros/cmake)
[1.078s] -- Using all available rosidl_typesupport_c: rosidl_typesupport_fastrtps_c;rosidl_typesupport_introspection_c
[1.353s] -- Using all available rosidl_typesupport_cpp: rosidl_typesupport_fastrtps_cpp;rosidl_typesupport_introspection_cpp
[1.374s] -- Found PythonInterp: /usr/bin/python3 (found suitable version "3.10.12", minimum required is "3.6") 
[1.376s] -- Found python_cmake_module: 0.10.0 (/opt/ros/humble/share/python_cmake_module/cmake)
[1.401s] -- Found PythonLibs: /usr/lib/x86_64-linux-gnu/libpython3.10.so (found suitable version "3.10.12", minimum required is "3.5") 
[1.402s] -- Using PYTHON_EXECUTABLE: /usr/bin/python3
[1.402s] -- Using PYTHON_INCLUDE_DIRS: /usr/include/python3.10
[1.402s] -- Using PYTHON_LIBRARIES: /usr/lib/x86_64-linux-gnu/libpython3.10.so
[1.421s] -- Found PythonExtra: .so  
[1.467s] -- Found ament_lint_auto: 0.12.11 (/opt/ros/humble/share/ament_lint_auto/cmake)
[1.494s] -- Added test 'lint_cmake' to check CMake code style
[1.495s] -- Added test 'xmllint' to check XML markup files
[1.498s] -- Configuring done
[1.534s] -- Generating done
[1.545s] -- Build files have been written to: /home/ambushee/HexapodLeg_modeling_team/2dof/build/cybergear_interfaces
[1.552s] Invoked command in '/home/ambushee/HexapodLeg_modeling_team/2dof/build/cybergear_interfaces' returned '0': CMAKE_PREFIX_PATH=${CMAKE_PREFIX_PATH}:/home/ambushee/HexapodLeg_modeling_team/2dof/install/hexapod_gz:/home/ambushee/HexapodLeg_modeling_team/2dof/install/experiment_kit:/opt/ros/humble /usr/bin/cmake /home/ambushee/HexapodLeg_modeling_team/2dof/src/cybergear_interfaces -DCMAKE_INSTALL_PREFIX=/home/ambushee/HexapodLeg_modeling_team/2dof/install/cybergear_interfaces
[1.553s] Invoking command in '/home/ambushee/HexapodLeg_modeling_team/2dof/build/cybergear_interfaces': CMAKE_PREFIX_PATH=${CMAKE_PREFIX_PATH}:/home/ambushee/HexapodLeg_modeling_team/2dof/install/hexapod_gz:/home/ambushee/HexapodLeg_modeling_team/2dof/install/experiment_kit:/opt/ros/humble /usr/bin/cmake --build /home/ambushee/HexapodLeg_modeling_team/2dof/build/cybergear_interfaces -- -j16 -l16
[1.586s] [  1%] [34m[1mGenerating C code for ROS interfaces[0m
[1.593s] [  2%] [34m[1mGenerating C++ code for ROS interfaces[0m
[1.598s] [  2%] Built target ament_cmake_python_copy_cybergear_interfaces
[1.876s] running egg_info
[1.876s] creating cybergear_interfaces.egg-info
[1.876s] writing cybergear_interfaces.egg-info/PKG-INFO
[1.876s] writing dependency_links to cybergear_interfaces.egg-info/dependency_links.txt
[1.876s] writing top-level names to cybergear_interfaces.egg-info/top_level.txt
[1.877s] writing manifest file 'cybergear_interfaces.egg-info/SOURCES.txt'
[1.879s] reading manifest file 'cybergear_interfaces.egg-info/SOURCES.txt'
[1.879s] writing manifest file 'cybergear_interfaces.egg-info/SOURCES.txt'
[1.906s] [  2%] Built target ament_cmake_python_build_cybergear_interfaces_egg
[2.353s] [  5%] [32mBuilding C object CMakeFiles/cybergear_interfaces__rosidl_generator_c.dir/rosidl_generator_c/cybergear_interfaces/msg/detail/set_point__functions.c.o[0m
[2.353s] [  5%] [32mBuilding C object CMakeFiles/cybergear_interfaces__rosidl_generator_c.dir/rosidl_generator_c/cybergear_interfaces/msg/detail/motor_control__functions.c.o[0m
[2.353s] [  8%] [32mBuilding C object CMakeFiles/cybergear_interfaces__rosidl_generator_c.dir/rosidl_generator_c/cybergear_interfaces/msg/detail/motor_control_group__functions.c.o[0m
[2.354s] [  8%] [32mBuilding C object CMakeFiles/cybergear_interfaces__rosidl_generator_c.dir/rosidl_generator_c/cybergear_interfaces/srv/detail/set_param__functions.c.o[0m
[2.354s] [  9%] [32mBuilding C object CMakeFiles/cybergear_interfaces__rosidl_generator_c.dir/rosidl_generator_c/cybergear_interfaces/srv/detail/set_motion_gain__functions.c.o[0m
[2.354s] [ 11%] [32mBuilding C object CMakeFiles/cybergear_interfaces__rosidl_generator_c.dir/rosidl_generator_c/cybergear_interfaces/srv/detail/volta_operation_command__functions.c.o[0m
[2.356s] [ 11%] Built target cybergear_interfaces__cpp
[2.364s] [ 12%] [34m[1mGenerating C++ type support dispatch for ROS interfaces[0m
[2.365s] [ 15%] [34m[1mGenerating C++ type support for eProsima Fast-RTPS[0m
[2.365s] [ 15%] [34m[1mGenerating C++ introspection for ROS interfaces[0m
[2.441s] [ 16%] [32m[1mLinking C shared library libcybergear_interfaces__rosidl_generator_c.so[0m
[2.482s] [ 16%] Built target cybergear_interfaces__rosidl_generator_c
[2.491s] [ 18%] [34m[1mGenerating C type support for eProsima Fast-RTPS[0m
[2.491s] [ 19%] [34m[1mGenerating C introspection for ROS interfaces[0m
[2.492s] [ 21%] [34m[1mGenerating C type support dispatch for ROS interfaces[0m
[2.988s] [ 22%] [32mBuilding CXX object CMakeFiles/cybergear_interfaces__rosidl_typesupport_cpp.dir/rosidl_typesupport_cpp/cybergear_interfaces/msg/motor_control__type_support.cpp.o[0m
[2.989s] [ 23%] [32mBuilding CXX object CMakeFiles/cybergear_interfaces__rosidl_typesupport_cpp.dir/rosidl_typesupport_cpp/cybergear_interfaces/msg/set_point__type_support.cpp.o[0m
[2.989s] [ 25%] [32mBuilding CXX object CMakeFiles/cybergear_interfaces__rosidl_typesupport_cpp.dir/rosidl_typesupport_cpp/cybergear_interfaces/srv/set_param__type_support.cpp.o[0m
[2.989s] [ 26%] [32mBuilding CXX object CMakeFiles/cybergear_interfaces__rosidl_typesupport_cpp.dir/rosidl_typesupport_cpp/cybergear_interfaces/msg/motor_control_group__type_support.cpp.o[0m
[2.990s] [ 28%] [32mBuilding CXX object CMakeFiles/cybergear_interfaces__rosidl_typesupport_cpp.dir/rosidl_typesupport_cpp/cybergear_interfaces/srv/set_motion_gain__type_support.cpp.o[0m
[2.990s] [ 29%] [32mBuilding CXX object CMakeFiles/cybergear_interfaces__rosidl_typesupport_cpp.dir/rosidl_typesupport_cpp/cybergear_interfaces/srv/volta_operation_command__type_support.cpp.o[0m
[3.136s] [ 30%] [32mBuilding CXX object CMakeFiles/cybergear_interfaces__rosidl_typesupport_introspection_cpp.dir/rosidl_typesupport_introspection_cpp/cybergear_interfaces/msg/detail/motor_control__type_support.cpp.o[0m
[3.136s] [ 33%] [32mBuilding CXX object CMakeFiles/cybergear_interfaces__rosidl_typesupport_introspection_cpp.dir/rosidl_typesupport_introspection_cpp/cybergear_interfaces/srv/detail/set_motion_gain__type_support.cpp.o[0m
[3.136s] [ 33%] [32mBuilding CXX object CMakeFiles/cybergear_interfaces__rosidl_typesupport_introspection_cpp.dir/rosidl_typesupport_introspection_cpp/cybergear_interfaces/msg/detail/motor_control_group__type_support.cpp.o[0m
[3.137s] [ 36%] [32mBuilding CXX object CMakeFiles/cybergear_interfaces__rosidl_typesupport_introspection_cpp.dir/rosidl_typesupport_introspection_cpp/cybergear_interfaces/srv/detail/set_param__type_support.cpp.o[0m
[3.137s] [ 35%] [32mBuilding CXX object CMakeFiles/cybergear_interfaces__rosidl_typesupport_introspection_cpp.dir/rosidl_typesupport_introspection_cpp/cybergear_interfaces/msg/detail/set_point__type_support.cpp.o[0m
[3.139s] [ 38%] [32mBuilding CXX object CMakeFiles/cybergear_interfaces__rosidl_typesupport_introspection_cpp.dir/rosidl_typesupport_introspection_cpp/cybergear_interfaces/srv/detail/volta_operation_command__type_support.cpp.o[0m
[3.280s] [ 39%] [32mBuilding CXX object CMakeFiles/cybergear_interfaces__rosidl_typesupport_c.dir/rosidl_typesupport_c/cybergear_interfaces/msg/motor_control__type_support.cpp.o[0m
[3.335s] [ 40%] [32mBuilding CXX object CMakeFiles/cybergear_interfaces__rosidl_typesupport_c.dir/rosidl_typesupport_c/cybergear_interfaces/msg/motor_control_group__type_support.cpp.o[0m
[3.346s] [ 42%] [32mBuilding CXX object CMakeFiles/cybergear_interfaces__rosidl_typesupport_fastrtps_cpp.dir/rosidl_typesupport_fastrtps_cpp/cybergear_interfaces/msg/detail/dds_fastrtps/motor_control__type_support.cpp.o[0m
[3.394s] [ 43%] [32mBuilding CXX object CMakeFiles/cybergear_interfaces__rosidl_typesupport_c.dir/rosidl_typesupport_c/cybergear_interfaces/msg/set_point__type_support.cpp.o[0m
[3.452s] [ 45%] [32mBuilding CXX object CMakeFiles/cybergear_interfaces__rosidl_typesupport_c.dir/rosidl_typesupport_c/cybergear_interfaces/srv/set_param__type_support.cpp.o[0m
[3.468s] [ 46%] [32mBuilding CXX object CMakeFiles/cybergear_interfaces__rosidl_typesupport_c.dir/rosidl_typesupport_c/cybergear_interfaces/srv/set_motion_gain__type_support.cpp.o[0m
[3.473s] [ 47%] [32mBuilding CXX object CMakeFiles/cybergear_interfaces__rosidl_typesupport_c.dir/rosidl_typesupport_c/cybergear_interfaces/srv/volta_operation_command__type_support.cpp.o[0m
[3.484s] [ 49%] [32mBuilding CXX object CMakeFiles/cybergear_interfaces__rosidl_typesupport_fastrtps_cpp.dir/rosidl_typesupport_fastrtps_cpp/cybergear_interfaces/msg/detail/dds_fastrtps/motor_control_group__type_support.cpp.o[0m
[3.499s] [ 50%] [32mBuilding CXX object CMakeFiles/cybergear_interfaces__rosidl_typesupport_fastrtps_cpp.dir/rosidl_typesupport_fastrtps_cpp/cybergear_interfaces/msg/detail/dds_fastrtps/set_point__type_support.cpp.o[0m
[3.502s] [ 52%] [32m[1mLinking CXX shared library libcybergear_interfaces__rosidl_typesupport_cpp.so[0m
[3.511s] [ 53%] [32mBuilding CXX object CMakeFiles/cybergear_interfaces__rosidl_typesupport_fastrtps_cpp.dir/rosidl_typesupport_fastrtps_cpp/cybergear_interfaces/srv/detail/dds_fastrtps/set_param__type_support.cpp.o[0m
[3.513s] [ 54%] [32mBuilding CXX object CMakeFiles/cybergear_interfaces__rosidl_typesupport_fastrtps_cpp.dir/rosidl_typesupport_fastrtps_cpp/cybergear_interfaces/srv/detail/dds_fastrtps/set_motion_gain__type_support.cpp.o[0m
[3.535s] [ 56%] [32mBuilding CXX object CMakeFiles/cybergear_interfaces__rosidl_typesupport_fastrtps_cpp.dir/rosidl_typesupport_fastrtps_cpp/cybergear_interfaces/srv/detail/dds_fastrtps/volta_operation_command__type_support.cpp.o[0m
[3.535s] [ 57%] [32mBuilding C object CMakeFiles/cybergear_interfaces__rosidl_typesupport_introspection_c.dir/rosidl_typesupport_introspection_c/cybergear_interfaces/msg/detail/motor_control__type_support.c.o[0m
[3.543s] [ 59%] [32m[1mLinking CXX shared library libcybergear_interfaces__rosidl_typesupport_c.so[0m
[3.580s] [ 60%] [32mBuilding CXX object CMakeFiles/cybergear_interfaces__rosidl_typesupport_fastrtps_c.dir/rosidl_typesupport_fastrtps_c/cybergear_interfaces/msg/detail/motor_control__type_support_c.cpp.o[0m
[3.583s] [ 60%] Built target cybergear_interfaces__rosidl_typesupport_cpp
[3.599s] [ 61%] [32mBuilding CXX object CMakeFiles/cybergear_interfaces__rosidl_typesupport_fastrtps_c.dir/rosidl_typesupport_fastrtps_c/cybergear_interfaces/msg/detail/motor_control_group__type_support_c.cpp.o[0m
[3.600s] [ 63%] [32mBuilding C object CMakeFiles/cybergear_interfaces__rosidl_typesupport_introspection_c.dir/rosidl_typesupport_introspection_c/cybergear_interfaces/msg/detail/motor_control_group__type_support.c.o[0m
[3.621s] [ 63%] Built target cybergear_interfaces__rosidl_typesupport_c
[3.638s] [ 64%] [32mBuilding CXX object CMakeFiles/cybergear_interfaces__rosidl_typesupport_fastrtps_c.dir/rosidl_typesupport_fastrtps_c/cybergear_interfaces/msg/detail/set_point__type_support_c.cpp.o[0m
[3.678s] [ 66%] [32mBuilding C object CMakeFiles/cybergear_interfaces__rosidl_typesupport_introspection_c.dir/rosidl_typesupport_introspection_c/cybergear_interfaces/msg/detail/set_point__type_support.c.o[0m
[3.744s] [ 67%] [32mBuilding C object CMakeFiles/cybergear_interfaces__rosidl_typesupport_introspection_c.dir/rosidl_typesupport_introspection_c/cybergear_interfaces/srv/detail/set_param__type_support.c.o[0m
[3.812s] [ 69%] [32mBuilding C object CMakeFiles/cybergear_interfaces__rosidl_typesupport_introspection_c.dir/rosidl_typesupport_introspection_c/cybergear_interfaces/srv/detail/set_motion_gain__type_support.c.o[0m
[3.883s] [ 70%] [32mBuilding C object CMakeFiles/cybergear_interfaces__rosidl_typesupport_introspection_c.dir/rosidl_typesupport_introspection_c/cybergear_interfaces/srv/detail/volta_operation_command__type_support.c.o[0m
[3.896s] [ 71%] [32mBuilding CXX object CMakeFiles/cybergear_interfaces__rosidl_typesupport_fastrtps_c.dir/rosidl_typesupport_fastrtps_c/cybergear_interfaces/srv/detail/set_param__type_support_c.cpp.o[0m
[3.905s] [ 73%] [32mBuilding CXX object CMakeFiles/cybergear_interfaces__rosidl_typesupport_fastrtps_c.dir/rosidl_typesupport_fastrtps_c/cybergear_interfaces/srv/detail/set_motion_gain__type_support_c.cpp.o[0m
[3.907s] [ 74%] [32mBuilding CXX object CMakeFiles/cybergear_interfaces__rosidl_typesupport_fastrtps_c.dir/rosidl_typesupport_fastrtps_c/cybergear_interfaces/srv/detail/volta_operation_command__type_support_c.cpp.o[0m
[3.952s] [ 76%] [32m[1mLinking C shared library libcybergear_interfaces__rosidl_typesupport_introspection_c.so[0m
[3.974s] [ 77%] [32m[1mLinking CXX shared library libcybergear_interfaces__rosidl_typesupport_introspection_cpp.so[0m
[4.014s] [ 77%] Built target cybergear_interfaces__rosidl_typesupport_introspection_c
[4.114s] [ 77%] Built target cybergear_interfaces__rosidl_typesupport_introspection_cpp
[4.309s] [ 78%] [32m[1mLinking CXX shared library libcybergear_interfaces__rosidl_typesupport_fastrtps_cpp.so[0m
[4.383s] [ 78%] Built target cybergear_interfaces__rosidl_typesupport_fastrtps_cpp
[4.432s] [ 80%] [32m[1mLinking CXX shared library libcybergear_interfaces__rosidl_typesupport_fastrtps_c.so[0m
[4.483s] [ 80%] Built target cybergear_interfaces__rosidl_typesupport_fastrtps_c
[4.495s] [ 80%] Built target cybergear_interfaces
[4.506s] [ 81%] [34m[1mGenerating Python code for ROS interfaces[0m
[5.632s] [ 81%] Built target cybergear_interfaces__py
[5.646s] [ 85%] [32mBuilding C object CMakeFiles/cybergear_interfaces__rosidl_generator_py.dir/rosidl_generator_py/cybergear_interfaces/msg/_motor_control_group_s.c.o[0m
[5.646s] [ 85%] [32mBuilding C object CMakeFiles/cybergear_interfaces__rosidl_generator_py.dir/rosidl_generator_py/cybergear_interfaces/msg/_motor_control_s.c.o[0m
[5.647s] [ 85%] [32mBuilding C object CMakeFiles/cybergear_interfaces__rosidl_generator_py.dir/rosidl_generator_py/cybergear_interfaces/msg/_set_point_s.c.o[0m
[5.647s] [ 87%] [32mBuilding C object CMakeFiles/cybergear_interfaces__rosidl_generator_py.dir/rosidl_generator_py/cybergear_interfaces/srv/_set_param_s.c.o[0m
[5.647s] [ 88%] [32mBuilding C object CMakeFiles/cybergear_interfaces__rosidl_generator_py.dir/rosidl_generator_py/cybergear_interfaces/srv/_set_motion_gain_s.c.o[0m
[5.647s] [ 90%] [32mBuilding C object CMakeFiles/cybergear_interfaces__rosidl_generator_py.dir/rosidl_generator_py/cybergear_interfaces/srv/_volta_operation_command_s.c.o[0m
[5.775s] [ 91%] [32m[1mLinking C shared library rosidl_generator_py/cybergear_interfaces/libcybergear_interfaces__rosidl_generator_py.so[0m
[5.804s] [ 91%] Built target cybergear_interfaces__rosidl_generator_py
[5.815s] [ 92%] [32mBuilding C object CMakeFiles/cybergear_interfaces__rosidl_typesupport_fastrtps_c__pyext.dir/rosidl_generator_py/cybergear_interfaces/_cybergear_interfaces_s.ep.rosidl_typesupport_fastrtps_c.c.o[0m
[5.815s] [ 94%] [32mBuilding C object CMakeFiles/cybergear_interfaces__rosidl_typesupport_introspection_c__pyext.dir/rosidl_generator_py/cybergear_interfaces/_cybergear_interfaces_s.ep.rosidl_typesupport_introspection_c.c.o[0m
[5.816s] [ 95%] [32mBuilding C object CMakeFiles/cybergear_interfaces__rosidl_typesupport_c__pyext.dir/rosidl_generator_py/cybergear_interfaces/_cybergear_interfaces_s.ep.rosidl_typesupport_c.c.o[0m
[5.934s] [ 97%] [32m[1mLinking C shared library rosidl_generator_py/cybergear_interfaces/cybergear_interfaces_s__rosidl_typesupport_c.cpython-310-x86_64-linux-gnu.so[0m
[5.934s] [ 98%] [32m[1mLinking C shared library rosidl_generator_py/cybergear_interfaces/cybergear_interfaces_s__rosidl_typesupport_introspection_c.cpython-310-x86_64-linux-gnu.so[0m
[5.934s] [100%] [32m[1mLinking C shared library rosidl_generator_py/cybergear_interfaces/cybergear_interfaces_s__rosidl_typesupport_fastrtps_c.cpython-310-x86_64-linux-gnu.so[0m
[5.964s] [100%] Built target cybergear_interfaces__rosidl_typesupport_introspection_c__pyext
[5.964s] [100%] Built target cybergear_interfaces__rosidl_typesupport_fastrtps_c__pyext
[5.964s] [100%] Built target cybergear_interfaces__rosidl_typesupport_c__pyext
[5.972s] Invoked command in '/home/ambushee/HexapodLeg_modeling_team/2dof/build/cybergear_interfaces' returned '0': CMAKE_PREFIX_PATH=${CMAKE_PREFIX_PATH}:/home/ambushee/HexapodLeg_modeling_team/2dof/install/hexapod_gz:/home/ambushee/HexapodLeg_modeling_team/2dof/install/experiment_kit:/opt/ros/humble /usr/bin/cmake --build /home/ambushee/HexapodLeg_modeling_team/2dof/build/cybergear_interfaces -- -j16 -l16
[5.973s] Invoking command in '/home/ambushee/HexapodLeg_modeling_team/2dof/build/cybergear_interfaces': CMAKE_PREFIX_PATH=${CMAKE_PREFIX_PATH}:/home/ambushee/HexapodLeg_modeling_team/2dof/install/hexapod_gz:/home/ambushee/HexapodLeg_modeling_team/2dof/install/experiment_kit:/opt/ros/humble /usr/bin/cmake --install /home/ambushee/HexapodLeg_modeling_team/2dof/build/cybergear_interfaces
[5.978s] -- Install configuration: ""
[5.978s] -- Installing: /home/ambushee/HexapodLeg_modeling_team/2dof/install/cybergear_interfaces/share/ament_index/resource_index/rosidl_interfaces/cybergear_interfaces
[5.978s] -- Installing: /home/ambushee/HexapodLeg_modeling_team/2dof/install/cybergear_interfaces/include/cybergear_interfaces/cybergear_interfaces
[5.979s] -- Installing: /home/ambushee/HexapodLeg_modeling_team/2dof/install/cybergear_interfaces/include/cybergear_interfaces/cybergear_interfaces/msg
[5.979s] -- Installing: /home/ambushee/HexapodLeg_modeling_team/2dof/install/cybergear_interfaces/include/cybergear_interfaces/cybergear_interfaces/msg/motor_control.h
[5.979s] -- Installing: /home/ambushee/HexapodLeg_modeling_team/2dof/install/cybergear_interfaces/include/cybergear_interfaces/cybergear_interfaces/msg/motor_control_group.h
[5.979s] -- Installing: /home/ambushee/HexapodLeg_modeling_team/2dof/install/cybergear_interfaces/include/cybergear_interfaces/cybergear_interfaces/msg/set_point.h
[5.979s] -- Installing: /home/ambushee/HexapodLeg_modeling_team/2dof/install/cybergear_interfaces/include/cybergear_interfaces/cybergear_interfaces/msg/detail
[5.979s] -- Installing: /home/ambushee/HexapodLeg_modeling_team/2dof/install/cybergear_interfaces/include/cybergear_interfaces/cybergear_interfaces/msg/detail/motor_control__functions.c
[5.979s] -- Installing: /home/ambushee/HexapodLeg_modeling_team/2dof/install/cybergear_interfaces/include/cybergear_interfaces/cybergear_interfaces/msg/detail/set_point__functions.h
[5.979s] -- Installing: /home/ambushee/HexapodLeg_modeling_team/2dof/install/cybergear_interfaces/include/cybergear_interfaces/cybergear_interfaces/msg/detail/motor_control__struct.h
[5.979s] -- Installing: /home/ambushee/HexapodLeg_modeling_team/2dof/install/cybergear_interfaces/include/cybergear_interfaces/cybergear_interfaces/msg/detail/motor_control_group__struct.h
[5.979s] -- Installing: /home/ambushee/HexapodLeg_modeling_team/2dof/install/cybergear_interfaces/include/cybergear_interfaces/cybergear_interfaces/msg/detail/motor_control_group__functions.c
[5.979s] -- Installing: /home/ambushee/HexapodLeg_modeling_team/2dof/install/cybergear_interfaces/include/cybergear_interfaces/cybergear_interfaces/msg/detail/motor_control__type_support.h
[5.979s] -- Installing: /home/ambushee/HexapodLeg_modeling_team/2dof/install/cybergear_interfaces/include/cybergear_interfaces/cybergear_interfaces/msg/detail/set_point__struct.h
[5.979s] -- Installing: /home/ambushee/HexapodLeg_modeling_team/2dof/install/cybergear_interfaces/include/cybergear_interfaces/cybergear_interfaces/msg/detail/motor_control__functions.h
[5.979s] -- Installing: /home/ambushee/HexapodLeg_modeling_team/2dof/install/cybergear_interfaces/include/cybergear_interfaces/cybergear_interfaces/msg/detail/set_point__functions.c
[5.979s] -- Installing: /home/ambushee/HexapodLeg_modeling_team/2dof/install/cybergear_interfaces/include/cybergear_interfaces/cybergear_interfaces/msg/detail/motor_control_group__functions.h
[5.979s] -- Installing: /home/ambushee/HexapodLeg_modeling_team/2dof/install/cybergear_interfaces/include/cybergear_interfaces/cybergear_interfaces/msg/detail/motor_control_group__type_support.h
[5.979s] -- Installing: /home/ambushee/HexapodLeg_modeling_team/2dof/install/cybergear_interfaces/include/cybergear_interfaces/cybergear_interfaces/msg/detail/set_point__type_support.h
[5.979s] -- Installing: /home/ambushee/HexapodLeg_modeling_team/2dof/install/cybergear_interfaces/include/cybergear_interfaces/cybergear_interfaces/msg/rosidl_generator_c__visibility_control.h
[5.980s] -- Installing: /home/ambushee/HexapodLeg_modeling_team/2dof/install/cybergear_interfaces/include/cybergear_interfaces/cybergear_interfaces/srv
[5.980s] -- Installing: /home/ambushee/HexapodLeg_modeling_team/2dof/install/cybergear_interfaces/include/cybergear_interfaces/cybergear_interfaces/srv/set_motion_gain.h
[5.980s] -- Installing: /home/ambushee/HexapodLeg_modeling_team/2dof/install/cybergear_interfaces/include/cybergear_interfaces/cybergear_interfaces/srv/detail
[5.980s] -- Installing: /home/ambushee/HexapodLeg_modeling_team/2dof/install/cybergear_interfaces/include/cybergear_interfaces/cybergear_interfaces/srv/detail/set_param__type_support.h
[5.980s] -- Installing: /home/ambushee/HexapodLeg_modeling_team/2dof/install/cybergear_interfaces/include/cybergear_interfaces/cybergear_interfaces/srv/detail/volta_operation_command__struct.h
[5.980s] -- Installing: /home/ambushee/HexapodLeg_modeling_team/2dof/install/cybergear_interfaces/include/cybergear_interfaces/cybergear_interfaces/srv/detail/volta_operation_command__functions.h
[5.980s] -- Installing: /home/ambushee/HexapodLeg_modeling_team/2dof/install/cybergear_interfaces/include/cybergear_interfaces/cybergear_interfaces/srv/detail/set_motion_gain__struct.h
[5.980s] -- Installing: /home/ambushee/HexapodLeg_modeling_team/2dof/install/cybergear_interfaces/include/cybergear_interfaces/cybergear_interfaces/srv/detail/set_param__functions.h
[5.980s] -- Installing: /home/ambushee/HexapodLeg_modeling_team/2dof/install/cybergear_interfaces/include/cybergear_interfaces/cybergear_interfaces/srv/detail/set_motion_gain__functions.c
[5.980s] -- Installing: /home/ambushee/HexapodLeg_modeling_team/2dof/install/cybergear_interfaces/include/cybergear_interfaces/cybergear_interfaces/srv/detail/set_param__struct.h
[5.980s] -- Installing: /home/ambushee/HexapodLeg_modeling_team/2dof/install/cybergear_interfaces/include/cybergear_interfaces/cybergear_interfaces/srv/detail/volta_operation_command__type_support.h
[5.980s] -- Installing: /home/ambushee/HexapodLeg_modeling_team/2dof/install/cybergear_interfaces/include/cybergear_interfaces/cybergear_interfaces/srv/detail/set_param__functions.c
[5.980s] -- Installing: /home/ambushee/HexapodLeg_modeling_team/2dof/install/cybergear_interfaces/include/cybergear_interfaces/cybergear_interfaces/srv/detail/volta_operation_command__functions.c
[5.980s] -- Installing: /home/ambushee/HexapodLeg_modeling_team/2dof/install/cybergear_interfaces/include/cybergear_interfaces/cybergear_interfaces/srv/detail/set_motion_gain__functions.h
[5.980s] -- Installing: /home/ambushee/HexapodLeg_modeling_team/2dof/install/cybergear_interfaces/include/cybergear_interfaces/cybergear_interfaces/srv/detail/set_motion_gain__type_support.h
[5.980s] -- Installing: /home/ambushee/HexapodLeg_modeling_team/2dof/install/cybergear_interfaces/include/cybergear_interfaces/cybergear_interfaces/srv/volta_operation_command.h
[5.980s] -- Installing: /home/ambushee/HexapodLeg_modeling_team/2dof/install/cybergear_interfaces/include/cybergear_interfaces/cybergear_interfaces/srv/set_param.h
[5.980s] -- Installing: /home/ambushee/HexapodLeg_modeling_team/2dof/install/cybergear_interfaces/share/cybergear_interfaces/environment/library_path.sh
[5.981s] -- Installing: /home/ambushee/HexapodLeg_modeling_team/2dof/install/cybergear_interfaces/share/cybergear_interfaces/environment/library_path.dsv
[5.981s] -- Installing: /home/ambushee/HexapodLeg_modeling_team/2dof/install/cybergear_interfaces/lib/libcybergear_interfaces__rosidl_generator_c.so
[5.981s] -- Set runtime path of "/home/ambushee/HexapodLeg_modeling_team/2dof/install/cybergear_interfaces/lib/libcybergear_interfaces__rosidl_generator_c.so" to ""
[5.981s] -- Up-to-date: /home/ambushee/HexapodLeg_modeling_team/2dof/install/cybergear_interfaces/include/cybergear_interfaces/cybergear_interfaces
[5.981s] -- Up-to-date: /home/ambushee/HexapodLeg_modeling_team/2dof/install/cybergear_interfaces/include/cybergear_interfaces/cybergear_interfaces/msg
[5.981s] -- Up-to-date: /home/ambushee/HexapodLeg_modeling_team/2dof/install/cybergear_interfaces/include/cybergear_interfaces/cybergear_interfaces/msg/detail
[5.981s] -- Installing: /home/ambushee/HexapodLeg_modeling_team/2dof/install/cybergear_interfaces/include/cybergear_interfaces/cybergear_interfaces/msg/detail/motor_control__rosidl_typesupport_fastrtps_c.h
[5.981s] -- Installing: /home/ambushee/HexapodLeg_modeling_team/2dof/install/cybergear_interfaces/include/cybergear_interfaces/cybergear_interfaces/msg/detail/motor_control_group__rosidl_typesupport_fastrtps_c.h
[5.981s] -- Installing: /home/ambushee/HexapodLeg_modeling_team/2dof/install/cybergear_interfaces/include/cybergear_interfaces/cybergear_interfaces/msg/detail/set_point__rosidl_typesupport_fastrtps_c.h
[5.981s] -- Installing: /home/ambushee/HexapodLeg_modeling_team/2dof/install/cybergear_interfaces/include/cybergear_interfaces/cybergear_interfaces/msg/rosidl_typesupport_fastrtps_c__visibility_control.h
[5.981s] -- Up-to-date: /home/ambushee/HexapodLeg_modeling_team/2dof/install/cybergear_interfaces/include/cybergear_interfaces/cybergear_interfaces/srv
[5.981s] -- Up-to-date: /home/ambushee/HexapodLeg_modeling_team/2dof/install/cybergear_interfaces/include/cybergear_interfaces/cybergear_interfaces/srv/detail
[5.981s] -- Installing: /home/ambushee/HexapodLeg_modeling_team/2dof/install/cybergear_interfaces/include/cybergear_interfaces/cybergear_interfaces/srv/detail/set_param__rosidl_typesupport_fastrtps_c.h
[5.982s] -- Installing: /home/ambushee/HexapodLeg_modeling_team/2dof/install/cybergear_interfaces/include/cybergear_interfaces/cybergear_interfaces/srv/detail/set_motion_gain__rosidl_typesupport_fastrtps_c.h
[5.982s] -- Installing: /home/ambushee/HexapodLeg_modeling_team/2dof/install/cybergear_interfaces/include/cybergear_interfaces/cybergear_interfaces/srv/detail/volta_operation_command__rosidl_typesupport_fastrtps_c.h
[5.982s] -- Installing: /home/ambushee/HexapodLeg_modeling_team/2dof/install/cybergear_interfaces/lib/libcybergear_interfaces__rosidl_typesupport_fastrtps_c.so
[5.982s] -- Set runtime path of "/home/ambushee/HexapodLeg_modeling_team/2dof/install/cybergear_interfaces/lib/libcybergear_interfaces__rosidl_typesupport_fastrtps_c.so" to ""
[5.982s] -- Up-to-date: /home/ambushee/HexapodLeg_modeling_team/2dof/install/cybergear_interfaces/include/cybergear_interfaces/cybergear_interfaces
[5.982s] -- Up-to-date: /home/ambushee/HexapodLeg_modeling_team/2dof/install/cybergear_interfaces/include/cybergear_interfaces/cybergear_interfaces/msg
[5.982s] -- Up-to-date: /home/ambushee/HexapodLeg_modeling_team/2dof/install/cybergear_interfaces/include/cybergear_interfaces/cybergear_interfaces/msg/detail
[5.982s] -- Installing: /home/ambushee/HexapodLeg_modeling_team/2dof/install/cybergear_interfaces/include/cybergear_interfaces/cybergear_interfaces/msg/detail/motor_control_group__rosidl_typesupport_introspection_c.h
[5.982s] -- Installing: /home/ambushee/HexapodLeg_modeling_team/2dof/install/cybergear_interfaces/include/cybergear_interfaces/cybergear_interfaces/msg/detail/motor_control__type_support.c
[5.982s] -- Installing: /home/ambushee/HexapodLeg_modeling_team/2dof/install/cybergear_interfaces/include/cybergear_interfaces/cybergear_interfaces/msg/detail/set_point__type_support.c
[5.982s] -- Installing: /home/ambushee/HexapodLeg_modeling_team/2dof/install/cybergear_interfaces/include/cybergear_interfaces/cybergear_interfaces/msg/detail/motor_control_group__type_support.c
[5.982s] -- Installing: /home/ambushee/HexapodLeg_modeling_team/2dof/install/cybergear_interfaces/include/cybergear_interfaces/cybergear_interfaces/msg/detail/set_point__rosidl_typesupport_introspection_c.h
[5.982s] -- Installing: /home/ambushee/HexapodLeg_modeling_team/2dof/install/cybergear_interfaces/include/cybergear_interfaces/cybergear_interfaces/msg/detail/motor_control__rosidl_typesupport_introspection_c.h
[5.982s] -- Installing: /home/ambushee/HexapodLeg_modeling_team/2dof/install/cybergear_interfaces/include/cybergear_interfaces/cybergear_interfaces/msg/rosidl_typesupport_introspection_c__visibility_control.h
[5.982s] -- Up-to-date: /home/ambushee/HexapodLeg_modeling_team/2dof/install/cybergear_interfaces/include/cybergear_interfaces/cybergear_interfaces/srv
[5.982s] -- Up-to-date: /home/ambushee/HexapodLeg_modeling_team/2dof/install/cybergear_interfaces/include/cybergear_interfaces/cybergear_interfaces/srv/detail
[5.982s] -- Installing: /home/ambushee/HexapodLeg_modeling_team/2dof/install/cybergear_interfaces/include/cybergear_interfaces/cybergear_interfaces/srv/detail/set_param__rosidl_typesupport_introspection_c.h
[5.982s] -- Installing: /home/ambushee/HexapodLeg_modeling_team/2dof/install/cybergear_interfaces/include/cybergear_interfaces/cybergear_interfaces/srv/detail/set_motion_gain__rosidl_typesupport_introspection_c.h
[5.983s] -- Installing: /home/ambushee/HexapodLeg_modeling_team/2dof/install/cybergear_interfaces/include/cybergear_interfaces/cybergear_interfaces/srv/detail/volta_operation_command__type_support.c
[5.983s] -- Installing: /home/ambushee/HexapodLeg_modeling_team/2dof/install/cybergear_interfaces/include/cybergear_interfaces/cybergear_interfaces/srv/detail/volta_operation_command__rosidl_typesupport_introspection_c.h
[5.983s] -- Installing: /home/ambushee/HexapodLeg_modeling_team/2dof/install/cybergear_interfaces/include/cybergear_interfaces/cybergear_interfaces/srv/detail/set_param__type_support.c
[5.983s] -- Installing: /home/ambushee/HexapodLeg_modeling_team/2dof/install/cybergear_interfaces/include/cybergear_interfaces/cybergear_interfaces/srv/detail/set_motion_gain__type_support.c
[5.983s] -- Installing: /home/ambushee/HexapodLeg_modeling_team/2dof/install/cybergear_interfaces/lib/libcybergear_interfaces__rosidl_typesupport_introspection_c.so
[5.983s] -- Set runtime path of "/home/ambushee/HexapodLeg_modeling_team/2dof/install/cybergear_interfaces/lib/libcybergear_interfaces__rosidl_typesupport_introspection_c.so" to ""
[5.983s] -- Installing: /home/ambushee/HexapodLeg_modeling_team/2dof/install/cybergear_interfaces/lib/libcybergear_interfaces__rosidl_typesupport_c.so
[5.983s] -- Set runtime path of "/home/ambushee/HexapodLeg_modeling_team/2dof/install/cybergear_interfaces/lib/libcybergear_interfaces__rosidl_typesupport_c.so" to ""
[5.983s] -- Up-to-date: /home/ambushee/HexapodLeg_modeling_team/2dof/install/cybergear_interfaces/include/cybergear_interfaces/cybergear_interfaces
[5.983s] -- Up-to-date: /home/ambushee/HexapodLeg_modeling_team/2dof/install/cybergear_interfaces/include/cybergear_interfaces/cybergear_interfaces/msg
[5.983s] -- Up-to-date: /home/ambushee/HexapodLeg_modeling_team/2dof/install/cybergear_interfaces/include/cybergear_interfaces/cybergear_interfaces/msg/detail
[5.983s] -- Installing: /home/ambushee/HexapodLeg_modeling_team/2dof/install/cybergear_interfaces/include/cybergear_interfaces/cybergear_interfaces/msg/detail/motor_control__struct.hpp
[5.983s] -- Installing: /home/ambushee/HexapodLeg_modeling_team/2dof/install/cybergear_interfaces/include/cybergear_interfaces/cybergear_interfaces/msg/detail/set_point__traits.hpp
[5.983s] -- Installing: /home/ambushee/HexapodLeg_modeling_team/2dof/install/cybergear_interfaces/include/cybergear_interfaces/cybergear_interfaces/msg/detail/motor_control__builder.hpp
[5.983s] -- Installing: /home/ambushee/HexapodLeg_modeling_team/2dof/install/cybergear_interfaces/include/cybergear_interfaces/cybergear_interfaces/msg/detail/motor_control_group__type_support.hpp
[5.983s] -- Installing: /home/ambushee/HexapodLeg_modeling_team/2dof/install/cybergear_interfaces/include/cybergear_interfaces/cybergear_interfaces/msg/detail/set_point__builder.hpp
[5.984s] -- Installing: /home/ambushee/HexapodLeg_modeling_team/2dof/install/cybergear_interfaces/include/cybergear_interfaces/cybergear_interfaces/msg/detail/set_point__struct.hpp
[5.984s] -- Installing: /home/ambushee/HexapodLeg_modeling_team/2dof/install/cybergear_interfaces/include/cybergear_interfaces/cybergear_interfaces/msg/detail/motor_control_group__builder.hpp
[5.984s] -- Installing: /home/ambushee/HexapodLeg_modeling_team/2dof/install/cybergear_interfaces/include/cybergear_interfaces/cybergear_interfaces/msg/detail/set_point__type_support.hpp
[5.984s] -- Installing: /home/ambushee/HexapodLeg_modeling_team/2dof/install/cybergear_interfaces/include/cybergear_interfaces/cybergear_interfaces/msg/detail/motor_control__traits.hpp
[5.984s] -- Installing: /home/ambushee/HexapodLeg_modeling_team/2dof/install/cybergear_interfaces/include/cybergear_interfaces/cybergear_interfaces/msg/detail/motor_control_group__traits.hpp
[5.984s] -- Installing: /home/ambushee/HexapodLeg_modeling_team/2dof/install/cybergear_interfaces/include/cybergear_interfaces/cybergear_interfaces/msg/detail/motor_control__type_support.hpp
[5.984s] -- Installing: /home/ambushee/HexapodLeg_modeling_team/2dof/install/cybergear_interfaces/include/cybergear_interfaces/cybergear_interfaces/msg/detail/motor_control_group__struct.hpp
[5.984s] -- Installing: /home/ambushee/HexapodLeg_modeling_team/2dof/install/cybergear_interfaces/include/cybergear_interfaces/cybergear_interfaces/msg/motor_control.hpp
[5.984s] -- Installing: /home/ambushee/HexapodLeg_modeling_team/2dof/install/cybergear_interfaces/include/cybergear_interfaces/cybergear_interfaces/msg/rosidl_generator_cpp__visibility_control.hpp
[5.984s] -- Installing: /home/ambushee/HexapodLeg_modeling_team/2dof/install/cybergear_interfaces/include/cybergear_interfaces/cybergear_interfaces/msg/set_point.hpp
[5.984s] -- Installing: /home/ambushee/HexapodLeg_modeling_team/2dof/install/cybergear_interfaces/include/cybergear_interfaces/cybergear_interfaces/msg/motor_control_group.hpp
[5.984s] -- Up-to-date: /home/ambushee/HexapodLeg_modeling_team/2dof/install/cybergear_interfaces/include/cybergear_interfaces/cybergear_interfaces/srv
[5.984s] -- Installing: /home/ambushee/HexapodLeg_modeling_team/2dof/install/cybergear_interfaces/include/cybergear_interfaces/cybergear_interfaces/srv/set_param.hpp
[5.984s] -- Up-to-date: /home/ambushee/HexapodLeg_modeling_team/2dof/install/cybergear_interfaces/include/cybergear_interfaces/cybergear_interfaces/srv/detail
[5.984s] -- Installing: /home/ambushee/HexapodLeg_modeling_team/2dof/install/cybergear_interfaces/include/cybergear_interfaces/cybergear_interfaces/srv/detail/volta_operation_command__struct.hpp
[5.984s] -- Installing: /home/ambushee/HexapodLeg_modeling_team/2dof/install/cybergear_interfaces/include/cybergear_interfaces/cybergear_interfaces/srv/detail/volta_operation_command__type_support.hpp
[5.984s] -- Installing: /home/ambushee/HexapodLeg_modeling_team/2dof/install/cybergear_interfaces/include/cybergear_interfaces/cybergear_interfaces/srv/detail/set_param__struct.hpp
[5.984s] -- Installing: /home/ambushee/HexapodLeg_modeling_team/2dof/install/cybergear_interfaces/include/cybergear_interfaces/cybergear_interfaces/srv/detail/set_param__traits.hpp
[5.984s] -- Installing: /home/ambushee/HexapodLeg_modeling_team/2dof/install/cybergear_interfaces/include/cybergear_interfaces/cybergear_interfaces/srv/detail/volta_operation_command__traits.hpp
[5.985s] -- Installing: /home/ambushee/HexapodLeg_modeling_team/2dof/install/cybergear_interfaces/include/cybergear_interfaces/cybergear_interfaces/srv/detail/set_param__builder.hpp
[5.985s] -- Installing: /home/ambushee/HexapodLeg_modeling_team/2dof/install/cybergear_interfaces/include/cybergear_interfaces/cybergear_interfaces/srv/detail/set_motion_gain__builder.hpp
[5.985s] -- Installing: /home/ambushee/HexapodLeg_modeling_team/2dof/install/cybergear_interfaces/include/cybergear_interfaces/cybergear_interfaces/srv/detail/volta_operation_command__builder.hpp
[5.985s] -- Installing: /home/ambushee/HexapodLeg_modeling_team/2dof/install/cybergear_interfaces/include/cybergear_interfaces/cybergear_interfaces/srv/detail/set_motion_gain__traits.hpp
[5.985s] -- Installing: /home/ambushee/HexapodLeg_modeling_team/2dof/install/cybergear_interfaces/include/cybergear_interfaces/cybergear_interfaces/srv/detail/set_param__type_support.hpp
[5.985s] -- Installing: /home/ambushee/HexapodLeg_modeling_team/2dof/install/cybergear_interfaces/include/cybergear_interfaces/cybergear_interfaces/srv/detail/set_motion_gain__struct.hpp
[5.985s] -- Installing: /home/ambushee/HexapodLeg_modeling_team/2dof/install/cybergear_interfaces/include/cybergear_interfaces/cybergear_interfaces/srv/detail/set_motion_gain__type_support.hpp
[5.985s] -- Installing: /home/ambushee/HexapodLeg_modeling_team/2dof/install/cybergear_interfaces/include/cybergear_interfaces/cybergear_interfaces/srv/set_motion_gain.hpp
[5.985s] -- Installing: /home/ambushee/HexapodLeg_modeling_team/2dof/install/cybergear_interfaces/include/cybergear_interfaces/cybergear_interfaces/srv/volta_operation_command.hpp
[5.985s] -- Up-to-date: /home/ambushee/HexapodLeg_modeling_team/2dof/install/cybergear_interfaces/include/cybergear_interfaces/cybergear_interfaces
[5.985s] -- Up-to-date: /home/ambushee/HexapodLeg_modeling_team/2dof/install/cybergear_interfaces/include/cybergear_interfaces/cybergear_interfaces/msg
[5.985s] -- Up-to-date: /home/ambushee/HexapodLeg_modeling_team/2dof/install/cybergear_interfaces/include/cybergear_interfaces/cybergear_interfaces/msg/detail
[5.985s] -- Installing: /home/ambushee/HexapodLeg_modeling_team/2dof/install/cybergear_interfaces/include/cybergear_interfaces/cybergear_interfaces/msg/detail/set_point__rosidl_typesupport_fastrtps_cpp.hpp
[5.985s] -- Installing: /home/ambushee/HexapodLeg_modeling_team/2dof/install/cybergear_interfaces/include/cybergear_interfaces/cybergear_interfaces/msg/detail/dds_fastrtps
[5.985s] -- Installing: /home/ambushee/HexapodLeg_modeling_team/2dof/install/cybergear_interfaces/include/cybergear_interfaces/cybergear_interfaces/msg/detail/motor_control_group__rosidl_typesupport_fastrtps_cpp.hpp
[5.985s] -- Installing: /home/ambushee/HexapodLeg_modeling_team/2dof/install/cybergear_interfaces/include/cybergear_interfaces/cybergear_interfaces/msg/detail/motor_control__rosidl_typesupport_fastrtps_cpp.hpp
[5.985s] -- Installing: /home/ambushee/HexapodLeg_modeling_team/2dof/install/cybergear_interfaces/include/cybergear_interfaces/cybergear_interfaces/msg/rosidl_typesupport_fastrtps_cpp__visibility_control.h
[5.985s] -- Up-to-date: /home/ambushee/HexapodLeg_modeling_team/2dof/install/cybergear_interfaces/include/cybergear_interfaces/cybergear_interfaces/srv
[5.985s] -- Up-to-date: /home/ambushee/HexapodLeg_modeling_team/2dof/install/cybergear_interfaces/include/cybergear_interfaces/cybergear_interfaces/srv/detail
[5.986s] -- Installing: /home/ambushee/HexapodLeg_modeling_team/2dof/install/cybergear_interfaces/include/cybergear_interfaces/cybergear_interfaces/srv/detail/dds_fastrtps
[5.986s] -- Installing: /home/ambushee/HexapodLeg_modeling_team/2dof/install/cybergear_interfaces/include/cybergear_interfaces/cybergear_interfaces/srv/detail/set_param__rosidl_typesupport_fastrtps_cpp.hpp
[5.986s] -- Installing: /home/ambushee/HexapodLeg_modeling_team/2dof/install/cybergear_interfaces/include/cybergear_interfaces/cybergear_interfaces/srv/detail/volta_operation_command__rosidl_typesupport_fastrtps_cpp.hpp
[5.986s] -- Installing: /home/ambushee/HexapodLeg_modeling_team/2dof/install/cybergear_interfaces/include/cybergear_interfaces/cybergear_interfaces/srv/detail/set_motion_gain__rosidl_typesupport_fastrtps_cpp.hpp
[5.986s] -- Installing: /home/ambushee/HexapodLeg_modeling_team/2dof/install/cybergear_interfaces/lib/libcybergear_interfaces__rosidl_typesupport_fastrtps_cpp.so
[5.986s] -- Set runtime path of "/home/ambushee/HexapodLeg_modeling_team/2dof/install/cybergear_interfaces/lib/libcybergear_interfaces__rosidl_typesupport_fastrtps_cpp.so" to ""
[5.986s] -- Up-to-date: /home/ambushee/HexapodLeg_modeling_team/2dof/install/cybergear_interfaces/include/cybergear_interfaces/cybergear_interfaces
[5.986s] -- Up-to-date: /home/ambushee/HexapodLeg_modeling_team/2dof/install/cybergear_interfaces/include/cybergear_interfaces/cybergear_interfaces/msg
[5.986s] -- Up-to-date: /home/ambushee/HexapodLeg_modeling_team/2dof/install/cybergear_interfaces/include/cybergear_interfaces/cybergear_interfaces/msg/detail
[5.986s] -- Installing: /home/ambushee/HexapodLeg_modeling_team/2dof/install/cybergear_interfaces/include/cybergear_interfaces/cybergear_interfaces/msg/detail/motor_control__type_support.cpp
[5.986s] -- Installing: /home/ambushee/HexapodLeg_modeling_team/2dof/install/cybergear_interfaces/include/cybergear_interfaces/cybergear_interfaces/msg/detail/set_point__rosidl_typesupport_introspection_cpp.hpp
[5.986s] -- Installing: /home/ambushee/HexapodLeg_modeling_team/2dof/install/cybergear_interfaces/include/cybergear_interfaces/cybergear_interfaces/msg/detail/set_point__type_support.cpp
[5.986s] -- Installing: /home/ambushee/HexapodLeg_modeling_team/2dof/install/cybergear_interfaces/include/cybergear_interfaces/cybergear_interfaces/msg/detail/motor_control_group__rosidl_typesupport_introspection_cpp.hpp
[5.986s] -- Installing: /home/ambushee/HexapodLeg_modeling_team/2dof/install/cybergear_interfaces/include/cybergear_interfaces/cybergear_interfaces/msg/detail/motor_control__rosidl_typesupport_introspection_cpp.hpp
[5.986s] -- Installing: /home/ambushee/HexapodLeg_modeling_team/2dof/install/cybergear_interfaces/include/cybergear_interfaces/cybergear_interfaces/msg/detail/motor_control_group__type_support.cpp
[5.986s] -- Up-to-date: /home/ambushee/HexapodLeg_modeling_team/2dof/install/cybergear_interfaces/include/cybergear_interfaces/cybergear_interfaces/srv
[5.987s] -- Up-to-date: /home/ambushee/HexapodLeg_modeling_team/2dof/install/cybergear_interfaces/include/cybergear_interfaces/cybergear_interfaces/srv/detail
[5.987s] -- Installing: /home/ambushee/HexapodLeg_modeling_team/2dof/install/cybergear_interfaces/include/cybergear_interfaces/cybergear_interfaces/srv/detail/volta_operation_command__rosidl_typesupport_introspection_cpp.hpp
[5.987s] -- Installing: /home/ambushee/HexapodLeg_modeling_team/2dof/install/cybergear_interfaces/include/cybergear_interfaces/cybergear_interfaces/srv/detail/set_motion_gain__type_support.cpp
[5.987s] -- Installing: /home/ambushee/HexapodLeg_modeling_team/2dof/install/cybergear_interfaces/include/cybergear_interfaces/cybergear_interfaces/srv/detail/set_param__type_support.cpp
[5.987s] -- Installing: /home/ambushee/HexapodLeg_modeling_team/2dof/install/cybergear_interfaces/include/cybergear_interfaces/cybergear_interfaces/srv/detail/volta_operation_command__type_support.cpp
[5.987s] -- Installing: /home/ambushee/HexapodLeg_modeling_team/2dof/install/cybergear_interfaces/include/cybergear_interfaces/cybergear_interfaces/srv/detail/set_motion_gain__rosidl_typesupport_introspection_cpp.hpp
[5.987s] -- Installing: /home/ambushee/HexapodLeg_modeling_team/2dof/install/cybergear_interfaces/include/cybergear_interfaces/cybergear_interfaces/srv/detail/set_param__rosidl_typesupport_introspection_cpp.hpp
[5.987s] -- Installing: /home/ambushee/HexapodLeg_modeling_team/2dof/install/cybergear_interfaces/lib/libcybergear_interfaces__rosidl_typesupport_introspection_cpp.so
[5.987s] -- Set runtime path of "/home/ambushee/HexapodLeg_modeling_team/2dof/install/cybergear_interfaces/lib/libcybergear_interfaces__rosidl_typesupport_introspection_cpp.so" to ""
[5.987s] -- Installing: /home/ambushee/HexapodLeg_modeling_team/2dof/install/cybergear_interfaces/lib/libcybergear_interfaces__rosidl_typesupport_cpp.so
[5.987s] -- Set runtime path of "/home/ambushee/HexapodLeg_modeling_team/2dof/install/cybergear_interfaces/lib/libcybergear_interfaces__rosidl_typesupport_cpp.so" to ""
[5.987s] -- Installing: /home/ambushee/HexapodLeg_modeling_team/2dof/install/cybergear_interfaces/share/cybergear_interfaces/environment/pythonpath.sh
[5.988s] -- Installing: /home/ambushee/HexapodLeg_modeling_team/2dof/install/cybergear_interfaces/share/cybergear_interfaces/environment/pythonpath.dsv
[5.988s] -- Installing: /home/ambushee/HexapodLeg_modeling_team/2dof/install/cybergear_interfaces/local/lib/python3.10/dist-packages/cybergear_interfaces-0.0.0-py3.10.egg-info
[5.988s] -- Installing: /home/ambushee/HexapodLeg_modeling_team/2dof/install/cybergear_interfaces/local/lib/python3.10/dist-packages/cybergear_interfaces-0.0.0-py3.10.egg-info/dependency_links.txt
[5.988s] -- Installing: /home/ambushee/HexapodLeg_modeling_team/2dof/install/cybergear_interfaces/local/lib/python3.10/dist-packages/cybergear_interfaces-0.0.0-py3.10.egg-info/SOURCES.txt
[5.988s] -- Installing: /home/ambushee/HexapodLeg_modeling_team/2dof/install/cybergear_interfaces/local/lib/python3.10/dist-packages/cybergear_interfaces-0.0.0-py3.10.egg-info/top_level.txt
[5.988s] -- Installing: /home/ambushee/HexapodLeg_modeling_team/2dof/install/cybergear_interfaces/local/lib/python3.10/dist-packages/cybergear_interfaces-0.0.0-py3.10.egg-info/PKG-INFO
[5.988s] -- Installing: /home/ambushee/HexapodLeg_modeling_team/2dof/install/cybergear_interfaces/local/lib/python3.10/dist-packages/cybergear_interfaces
[5.988s] -- Installing: /home/ambushee/HexapodLeg_modeling_team/2dof/install/cybergear_interfaces/local/lib/python3.10/dist-packages/cybergear_interfaces/cybergear_interfaces_s__rosidl_typesupport_introspection_c.cpython-310-x86_64-linux-gnu.so
[5.988s] -- Installing: /home/ambushee/HexapodLeg_modeling_team/2dof/install/cybergear_interfaces/local/lib/python3.10/dist-packages/cybergear_interfaces/_cybergear_interfaces_s.ep.rosidl_typesupport_c.c
[5.988s] -- Installing: /home/ambushee/HexapodLeg_modeling_team/2dof/install/cybergear_interfaces/local/lib/python3.10/dist-packages/cybergear_interfaces/_cybergear_interfaces_s.ep.rosidl_typesupport_fastrtps_c.c
[5.988s] -- Installing: /home/ambushee/HexapodLeg_modeling_team/2dof/install/cybergear_interfaces/local/lib/python3.10/dist-packages/cybergear_interfaces/__init__.py
[5.988s] -- Installing: /home/ambushee/HexapodLeg_modeling_team/2dof/install/cybergear_interfaces/local/lib/python3.10/dist-packages/cybergear_interfaces/cybergear_interfaces_s__rosidl_typesupport_c.cpython-310-x86_64-linux-gnu.so
[5.988s] -- Installing: /home/ambushee/HexapodLeg_modeling_team/2dof/install/cybergear_interfaces/local/lib/python3.10/dist-packages/cybergear_interfaces/_cybergear_interfaces_s.ep.rosidl_typesupport_introspection_c.c
[5.988s] -- Installing: /home/ambushee/HexapodLeg_modeling_team/2dof/install/cybergear_interfaces/local/lib/python3.10/dist-packages/cybergear_interfaces/msg
[5.988s] -- Installing: /home/ambushee/HexapodLeg_modeling_team/2dof/install/cybergear_interfaces/local/lib/python3.10/dist-packages/cybergear_interfaces/msg/_motor_control.py
[5.988s] -- Installing: /home/ambushee/HexapodLeg_modeling_team/2dof/install/cybergear_interfaces/local/lib/python3.10/dist-packages/cybergear_interfaces/msg/_set_point.py
[5.989s] -- Installing: /home/ambushee/HexapodLeg_modeling_team/2dof/install/cybergear_interfaces/local/lib/python3.10/dist-packages/cybergear_interfaces/msg/_motor_control_group_s.c
[5.989s] -- Installing: /home/ambushee/HexapodLeg_modeling_team/2dof/install/cybergear_interfaces/local/lib/python3.10/dist-packages/cybergear_interfaces/msg/_set_point_s.c
[5.989s] -- Installing: /home/ambushee/HexapodLeg_modeling_team/2dof/install/cybergear_interfaces/local/lib/python3.10/dist-packages/cybergear_interfaces/msg/_motor_control_s.c
[5.989s] -- Installing: /home/ambushee/HexapodLeg_modeling_team/2dof/install/cybergear_interfaces/local/lib/python3.10/dist-packages/cybergear_interfaces/msg/__init__.py
[5.989s] -- Installing: /home/ambushee/HexapodLeg_modeling_team/2dof/install/cybergear_interfaces/local/lib/python3.10/dist-packages/cybergear_interfaces/msg/_motor_control_group.py
[5.989s] -- Installing: /home/ambushee/HexapodLeg_modeling_team/2dof/install/cybergear_interfaces/local/lib/python3.10/dist-packages/cybergear_interfaces/srv
[5.989s] -- Installing: /home/ambushee/HexapodLeg_modeling_team/2dof/install/cybergear_interfaces/local/lib/python3.10/dist-packages/cybergear_interfaces/srv/_set_motion_gain_s.c
[5.989s] -- Installing: /home/ambushee/HexapodLeg_modeling_team/2dof/install/cybergear_interfaces/local/lib/python3.10/dist-packages/cybergear_interfaces/srv/_volta_operation_command.py
[5.989s] -- Installing: /home/ambushee/HexapodLeg_modeling_team/2dof/install/cybergear_interfaces/local/lib/python3.10/dist-packages/cybergear_interfaces/srv/_set_param.py
[5.989s] -- Installing: /home/ambushee/HexapodLeg_modeling_team/2dof/install/cybergear_interfaces/local/lib/python3.10/dist-packages/cybergear_interfaces/srv/_set_motion_gain.py
[5.989s] -- Installing: /home/ambushee/HexapodLeg_modeling_team/2dof/install/cybergear_interfaces/local/lib/python3.10/dist-packages/cybergear_interfaces/srv/__init__.py
[5.989s] -- Installing: /home/ambushee/HexapodLeg_modeling_team/2dof/install/cybergear_interfaces/local/lib/python3.10/dist-packages/cybergear_interfaces/srv/_volta_operation_command_s.c
[5.989s] -- Installing: /home/ambushee/HexapodLeg_modeling_team/2dof/install/cybergear_interfaces/local/lib/python3.10/dist-packages/cybergear_interfaces/srv/_set_param_s.c
[5.989s] -- Installing: /home/ambushee/HexapodLeg_modeling_team/2dof/install/cybergear_interfaces/local/lib/python3.10/dist-packages/cybergear_interfaces/libcybergear_interfaces__rosidl_generator_py.so
[5.989s] -- Installing: /home/ambushee/HexapodLeg_modeling_team/2dof/install/cybergear_interfaces/local/lib/python3.10/dist-packages/cybergear_interfaces/cybergear_interfaces_s__rosidl_typesupport_fastrtps_c.cpython-310-x86_64-linux-gnu.so
[6.029s] Listing '/home/ambushee/HexapodLeg_modeling_team/2dof/install/cybergear_interfaces/local/lib/python3.10/dist-packages/cybergear_interfaces'...
[6.029s] Compiling '/home/ambushee/HexapodLeg_modeling_team/2dof/install/cybergear_interfaces/local/lib/python3.10/dist-packages/cybergear_interfaces/__init__.py'...
[6.029s] Listing '/home/ambushee/HexapodLeg_modeling_team/2dof/install/cybergear_interfaces/local/lib/python3.10/dist-packages/cybergear_interfaces/msg'...
[6.029s] Compiling '/home/ambushee/HexapodLeg_modeling_team/2dof/install/cybergear_interfaces/local/lib/python3.10/dist-packages/cybergear_interfaces/msg/__init__.py'...
[6.029s] Compiling '/home/ambushee/HexapodLeg_modeling_team/2dof/install/cybergear_interfaces/local/lib/python3.10/dist-packages/cybergear_interfaces/msg/_motor_control.py'...
[6.029s] Compiling '/home/ambushee/HexapodLeg_modeling_team/2dof/install/cybergear_interfaces/local/lib/python3.10/dist-packages/cybergear_interfaces/msg/_motor_control_group.py'...
[6.029s] Compiling '/home/ambushee/HexapodLeg_modeling_team/2dof/install/cybergear_interfaces/local/lib/python3.10/dist-packages/cybergear_interfaces/msg/_set_point.py'...
[6.029s] Listing '/home/ambushee/HexapodLeg_modeling_team/2dof/install/cybergear_interfaces/local/lib/python3.10/dist-packages/cybergear_interfaces/srv'...
[6.029s] Compiling '/home/ambushee/HexapodLeg_modeling_team/2dof/install/cybergear_interfaces/local/lib/python3.10/dist-packages/cybergear_interfaces/srv/__init__.py'...
[6.029s] Compiling '/home/ambushee/HexapodLeg_modeling_team/2dof/install/cybergear_interfaces/local/lib/python3.10/dist-packages/cybergear_interfaces/srv/_set_motion_gain.py'...
[6.030s] Compiling '/home/ambushee/HexapodLeg_modeling_team/2dof/install/cybergear_interfaces/local/lib/python3.10/dist-packages/cybergear_interfaces/srv/_set_param.py'...
[6.030s] Compiling '/home/ambushee/HexapodLeg_modeling_team/2dof/install/cybergear_interfaces/local/lib/python3.10/dist-packages/cybergear_interfaces/srv/_volta_operation_command.py'...
[6.033s] -- Installing: /home/ambushee/HexapodLeg_modeling_team/2dof/install/cybergear_interfaces/local/lib/python3.10/dist-packages/cybergear_interfaces/cybergear_interfaces_s__rosidl_typesupport_fastrtps_c.cpython-310-x86_64-linux-gnu.so
[6.033s] -- Set runtime path of "/home/ambushee/HexapodLeg_modeling_team/2dof/install/cybergear_interfaces/local/lib/python3.10/dist-packages/cybergear_interfaces/cybergear_interfaces_s__rosidl_typesupport_fastrtps_c.cpython-310-x86_64-linux-gnu.so" to ""
[6.033s] -- Installing: /home/ambushee/HexapodLeg_modeling_team/2dof/install/cybergear_interfaces/local/lib/python3.10/dist-packages/cybergear_interfaces/cybergear_interfaces_s__rosidl_typesupport_introspection_c.cpython-310-x86_64-linux-gnu.so
[6.034s] -- Set runtime path of "/home/ambushee/HexapodLeg_modeling_team/2dof/install/cybergear_interfaces/local/lib/python3.10/dist-packages/cybergear_interfaces/cybergear_interfaces_s__rosidl_typesupport_introspection_c.cpython-310-x86_64-linux-gnu.so" to ""
[6.034s] -- Installing: /home/ambushee/HexapodLeg_modeling_team/2dof/install/cybergear_interfaces/local/lib/python3.10/dist-packages/cybergear_interfaces/cybergear_interfaces_s__rosidl_typesupport_c.cpython-310-x86_64-linux-gnu.so
[6.034s] -- Set runtime path of "/home/ambushee/HexapodLeg_modeling_team/2dof/install/cybergear_interfaces/local/lib/python3.10/dist-packages/cybergear_interfaces/cybergear_interfaces_s__rosidl_typesupport_c.cpython-310-x86_64-linux-gnu.so" to ""
[6.034s] -- Installing: /home/ambushee/HexapodLeg_modeling_team/2dof/install/cybergear_interfaces/lib/libcybergear_interfaces__rosidl_generator_py.so
[6.034s] -- Set runtime path of "/home/ambushee/HexapodLeg_modeling_team/2dof/install/cybergear_interfaces/lib/libcybergear_interfaces__rosidl_generator_py.so" to ""
[6.034s] -- Installing: /home/ambushee/HexapodLeg_modeling_team/2dof/install/cybergear_interfaces/share/cybergear_interfaces/msg/MotorControl.idl
[6.034s] -- Installing: /home/ambushee/HexapodLeg_modeling_team/2dof/install/cybergear_interfaces/share/cybergear_interfaces/msg/MotorControlGroup.idl
[6.034s] -- Installing: /home/ambushee/HexapodLeg_modeling_team/2dof/install/cybergear_interfaces/share/cybergear_interfaces/msg/SetPoint.idl
[6.035s] -- Installing: /home/ambushee/HexapodLeg_modeling_team/2dof/install/cybergear_interfaces/share/cybergear_interfaces/srv/SetParam.idl
[6.035s] -- Installing: /home/ambushee/HexapodLeg_modeling_team/2dof/install/cybergear_interfaces/share/cybergear_interfaces/srv/SetMotionGain.idl
[6.035s] -- Installing: /home/ambushee/HexapodLeg_modeling_team/2dof/install/cybergear_interfaces/share/cybergear_interfaces/srv/VoltaOperationCommand.idl
[6.035s] -- Installing: /home/ambushee/HexapodLeg_modeling_team/2dof/install/cybergear_interfaces/share/cybergear_interfaces/msg/MotorControl.msg
[6.035s] -- Installing: /home/ambushee/HexapodLeg_modeling_team/2dof/install/cybergear_interfaces/share/cybergear_interfaces/msg/MotorControlGroup.msg
[6.035s] -- Installing: /home/ambushee/HexapodLeg_modeling_team/2dof/install/cybergear_interfaces/share/cybergear_interfaces/msg/SetPoint.msg
[6.035s] -- Installing: /home/ambushee/HexapodLeg_modeling_team/2dof/install/cybergear_interfaces/share/cybergear_interfaces/srv/SetParam.srv
[6.035s] -- Installing: /home/ambushee/HexapodLeg_modeling_team/2dof/install/cybergear_interfaces/share/cybergear_interfaces/srv/SetParam_Request.msg
[6.035s] -- Installing: /home/ambushee/HexapodLeg_modeling_team/2dof/install/cybergear_interfaces/share/cybergear_interfaces/srv/SetParam_Response.msg
[6.035s] -- Installing: /home/ambushee/HexapodLeg_modeling_team/2dof/install/cybergear_interfaces/share/cybergear_interfaces/srv/SetMotionGain.srv
[6.036s] -- Installing: /home/ambushee/HexapodLeg_modeling_team/2dof/install/cybergear_interfaces/share/cybergear_interfaces/srv/SetMotionGain_Request.msg
[6.036s] -- Installing: /home/ambushee/HexapodLeg_modeling_team/2dof/install/cybergear_interfaces/share/cybergear_interfaces/srv/SetMotionGain_Response.msg
[6.036s] -- Installing: /home/ambushee/HexapodLeg_modeling_team/2dof/install/cybergear_interfaces/share/cybergear_interfaces/srv/VoltaOperationCommand.srv
[6.036s] -- Installing: /home/ambushee/HexapodLeg_modeling_team/2dof/install/cybergear_interfaces/share/cybergear_interfaces/srv/VoltaOperationCommand_Request.msg
[6.036s] -- Installing: /home/ambushee/HexapodLeg_modeling_team/2dof/install/cybergear_interfaces/share/cybergear_interfaces/srv/VoltaOperationCommand_Response.msg
[6.037s] -- Installing: /home/ambushee/HexapodLeg_modeling_team/2dof/install/cybergear_interfaces/share/ament_index/resource_index/package_run_dependencies/cybergear_interfaces
[6.037s] -- Installing: /home/ambushee/HexapodLeg_modeling_team/2dof/install/cybergear_interfaces/share/ament_index/resource_index/parent_prefix_path/cybergear_interfaces
[6.037s] -- Installing: /home/ambushee/HexapodLeg_modeling_team/2dof/install/cybergear_interfaces/share/cybergear_interfaces/environment/ament_prefix_path.sh
[6.037s] -- Installing: /home/ambushee/HexapodLeg_modeling_team/2dof/install/cybergear_interfaces/share/cybergear_interfaces/environment/ament_prefix_path.dsv
[6.037s] -- Installing: /home/ambushee/HexapodLeg_modeling_team/2dof/install/cybergear_interfaces/share/cybergear_interfaces/environment/path.sh
[6.037s] -- Installing: /home/ambushee/HexapodLeg_modeling_team/2dof/install/cybergear_interfaces/share/cybergear_interfaces/environment/path.dsv
[6.037s] -- Installing: /home/ambushee/HexapodLeg_modeling_team/2dof/install/cybergear_interfaces/share/cybergear_interfaces/local_setup.bash
[6.038s] -- Installing: /home/ambushee/HexapodLeg_modeling_team/2dof/install/cybergear_interfaces/share/cybergear_interfaces/local_setup.sh
[6.038s] -- Installing: /home/ambushee/HexapodLeg_modeling_team/2dof/install/cybergear_interfaces/share/cybergear_interfaces/local_setup.zsh
[6.038s] -- Installing: /home/ambushee/HexapodLeg_modeling_team/2dof/install/cybergear_interfaces/share/cybergear_interfaces/local_setup.dsv
[6.038s] -- Installing: /home/ambushee/HexapodLeg_modeling_team/2dof/install/cybergear_interfaces/share/cybergear_interfaces/package.dsv
[6.038s] -- Installing: /home/ambushee/HexapodLeg_modeling_team/2dof/install/cybergear_interfaces/share/ament_index/resource_index/packages/cybergear_interfaces
[6.038s] -- Installing: /home/ambushee/HexapodLeg_modeling_team/2dof/install/cybergear_interfaces/share/cybergear_interfaces/cmake/export_cybergear_interfaces__rosidl_generator_cExport.cmake
[6.038s] -- Installing: /home/ambushee/HexapodLeg_modeling_team/2dof/install/cybergear_interfaces/share/cybergear_interfaces/cmake/export_cybergear_interfaces__rosidl_generator_cExport-noconfig.cmake
[6.038s] -- Installing: /home/ambushee/HexapodLeg_modeling_team/2dof/install/cybergear_interfaces/share/cybergear_interfaces/cmake/export_cybergear_interfaces__rosidl_typesupport_fastrtps_cExport.cmake
[6.039s] -- Installing: /home/ambushee/HexapodLeg_modeling_team/2dof/install/cybergear_interfaces/share/cybergear_interfaces/cmake/export_cybergear_interfaces__rosidl_typesupport_fastrtps_cExport-noconfig.cmake
[6.039s] -- Installing: /home/ambushee/HexapodLeg_modeling_team/2dof/install/cybergear_interfaces/share/cybergear_interfaces/cmake/cybergear_interfaces__rosidl_typesupport_introspection_cExport.cmake
[6.039s] -- Installing: /home/ambushee/HexapodLeg_modeling_team/2dof/install/cybergear_interfaces/share/cybergear_interfaces/cmake/cybergear_interfaces__rosidl_typesupport_introspection_cExport-noconfig.cmake
[6.039s] -- Installing: /home/ambushee/HexapodLeg_modeling_team/2dof/install/cybergear_interfaces/share/cybergear_interfaces/cmake/cybergear_interfaces__rosidl_typesupport_cExport.cmake
[6.039s] -- Installing: /home/ambushee/HexapodLeg_modeling_team/2dof/install/cybergear_interfaces/share/cybergear_interfaces/cmake/cybergear_interfaces__rosidl_typesupport_cExport-noconfig.cmake
[6.039s] -- Installing: /home/ambushee/HexapodLeg_modeling_team/2dof/install/cybergear_interfaces/share/cybergear_interfaces/cmake/export_cybergear_interfaces__rosidl_generator_cppExport.cmake
[6.039s] -- Installing: /home/ambushee/HexapodLeg_modeling_team/2dof/install/cybergear_interfaces/share/cybergear_interfaces/cmake/export_cybergear_interfaces__rosidl_typesupport_fastrtps_cppExport.cmake
[6.039s] -- Installing: /home/ambushee/HexapodLeg_modeling_team/2dof/install/cybergear_interfaces/share/cybergear_interfaces/cmake/export_cybergear_interfaces__rosidl_typesupport_fastrtps_cppExport-noconfig.cmake
[6.039s] -- Installing: /home/ambushee/HexapodLeg_modeling_team/2dof/install/cybergear_interfaces/share/cybergear_interfaces/cmake/cybergear_interfaces__rosidl_typesupport_introspection_cppExport.cmake
[6.039s] -- Installing: /home/ambushee/HexapodLeg_modeling_team/2dof/install/cybergear_interfaces/share/cybergear_interfaces/cmake/cybergear_interfaces__rosidl_typesupport_introspection_cppExport-noconfig.cmake
[6.039s] -- Installing: /home/ambushee/HexapodLeg_modeling_team/2dof/install/cybergear_interfaces/share/cybergear_interfaces/cmake/cybergear_interfaces__rosidl_typesupport_cppExport.cmake
[6.039s] -- Installing: /home/ambushee/HexapodLeg_modeling_team/2dof/install/cybergear_interfaces/share/cybergear_interfaces/cmake/cybergear_interfaces__rosidl_typesupport_cppExport-noconfig.cmake
[6.040s] -- Installing: /home/ambushee/HexapodLeg_modeling_team/2dof/install/cybergear_interfaces/share/cybergear_interfaces/cmake/export_cybergear_interfaces__rosidl_generator_pyExport.cmake
[6.040s] -- Installing: /home/ambushee/HexapodLeg_modeling_team/2dof/install/cybergear_interfaces/share/cybergear_interfaces/cmake/export_cybergear_interfaces__rosidl_generator_pyExport-noconfig.cmake
[6.040s] -- Installing: /home/ambushee/HexapodLeg_modeling_team/2dof/install/cybergear_interfaces/share/cybergear_interfaces/cmake/rosidl_cmake-extras.cmake
[6.040s] -- Installing: /home/ambushee/HexapodLeg_modeling_team/2dof/install/cybergear_interfaces/share/cybergear_interfaces/cmake/ament_cmake_export_dependencies-extras.cmake
[6.040s] -- Installing: /home/ambushee/HexapodLeg_modeling_team/2dof/install/cybergear_interfaces/share/cybergear_interfaces/cmake/ament_cmake_export_include_directories-extras.cmake
[6.040s] -- Installing: /home/ambushee/HexapodLeg_modeling_team/2dof/install/cybergear_interfaces/share/cybergear_interfaces/cmake/ament_cmake_export_libraries-extras.cmake
[6.040s] -- Installing: /home/ambushee/HexapodLeg_modeling_team/2dof/install/cybergear_interfaces/share/cybergear_interfaces/cmake/ament_cmake_export_targets-extras.cmake
[6.040s] -- Installing: /home/ambushee/HexapodLeg_modeling_team/2dof/install/cybergear_interfaces/share/cybergear_interfaces/cmake/rosidl_cmake_export_typesupport_targets-extras.cmake
[6.040s] -- Installing: /home/ambushee/HexapodLeg_modeling_team/2dof/install/cybergear_interfaces/share/cybergear_interfaces/cmake/rosidl_cmake_export_typesupport_libraries-extras.cmake
[6.040s] -- Installing: /home/ambushee/HexapodLeg_modeling_team/2dof/install/cybergear_interfaces/share/cybergear_interfaces/cmake/cybergear_interfacesConfig.cmake
[6.040s] -- Installing: /home/ambushee/HexapodLeg_modeling_team/2dof/install/cybergear_interfaces/share/cybergear_interfaces/cmake/cybergear_interfacesConfig-version.cmake
[6.040s] -- Installing: /home/ambushee/HexapodLeg_modeling_team/2dof/install/cybergear_interfaces/share/cybergear_interfaces/package.xml
[6.042s] Invoked command in '/home/ambushee/HexapodLeg_modeling_team/2dof/build/cybergear_interfaces' returned '0': CMAKE_PREFIX_PATH=${CMAKE_PREFIX_PATH}:/home/ambushee/HexapodLeg_modeling_team/2dof/install/hexapod_gz:/home/ambushee/HexapodLeg_modeling_team/2dof/install/experiment_kit:/opt/ros/humble /usr/bin/cmake --install /home/ambushee/HexapodLeg_modeling_team/2dof/build/cybergear_interfaces
