[0.024s] Invoking command in '/home/ambushee/HexapodLeg_modeling_team/2dof/build/cybergear_interfaces': CMAKE_PREFIX_PATH=${CMAKE_PREFIX_PATH}:/home/ambushee/HexapodLeg_modeling_team/2dof/install/hexapod_gz:/home/ambushee/HexapodLeg_modeling_team/2dof/install/experiment_kit:/opt/ros/humble /usr/bin/cmake --build /home/ambushee/HexapodLeg_modeling_team/2dof/build/cybergear_interfaces -- -j16 -l16
[0.614s] [  1%] Built target cybergear_interfaces__cpp
[0.615s] [ 12%] Built target cybergear_interfaces__rosidl_generator_c
[0.615s] [ 12%] Built target ament_cmake_python_copy_cybergear_interfaces
[0.615s] [ 23%] Built target cybergear_interfaces__rosidl_typesupport_fastrtps_cpp
[0.615s] [ 45%] Built target cybergear_interfaces__rosidl_typesupport_introspection_cpp
[0.615s] [ 46%] Built target cybergear_interfaces__rosidl_typesupport_c
[0.615s] [ 57%] Built target cybergear_interfaces__rosidl_typesupport_cpp
[0.615s] [ 69%] Built target cybergear_interfaces__rosidl_typesupport_introspection_c
[0.615s] [ 80%] Built target cybergear_interfaces__rosidl_typesupport_fastrtps_c
[0.616s] [ 80%] Built target cybergear_interfaces
[0.616s] [ 81%] Built target cybergear_interfaces__py
[0.616s] [ 91%] Built target cybergear_interfaces__rosidl_generator_py
[0.616s] [ 97%] Built target cybergear_interfaces__rosidl_typesupport_fastrtps_c__pyext
[0.616s] [ 97%] Built target cybergear_interfaces__rosidl_typesupport_c__pyext
[0.617s] [100%] Built target cybergear_interfaces__rosidl_typesupport_introspection_c__pyext
[0.617s] running egg_info
[0.617s] writing cybergear_interfaces.egg-info/PKG-INFO
[0.617s] writing dependency_links to cybergear_interfaces.egg-info/dependency_links.txt
[0.617s] writing top-level names to cybergear_interfaces.egg-info/top_level.txt
[0.617s] reading manifest file 'cybergear_interfaces.egg-info/SOURCES.txt'
[0.617s] writing manifest file 'cybergear_interfaces.egg-info/SOURCES.txt'
[0.618s] [100%] Built target ament_cmake_python_build_cybergear_interfaces_egg
[0.619s] Invoked command in '/home/ambushee/HexapodLeg_modeling_team/2dof/build/cybergear_interfaces' returned '0': CMAKE_PREFIX_PATH=${CMAKE_PREFIX_PATH}:/home/ambushee/HexapodLeg_modeling_team/2dof/install/hexapod_gz:/home/ambushee/HexapodLeg_modeling_team/2dof/install/experiment_kit:/opt/ros/humble /usr/bin/cmake --build /home/ambushee/HexapodLeg_modeling_team/2dof/build/cybergear_interfaces -- -j16 -l16
[0.624s] Invoking command in '/home/ambushee/HexapodLeg_modeling_team/2dof/build/cybergear_interfaces': CMAKE_PREFIX_PATH=${CMAKE_PREFIX_PATH}:/home/ambushee/HexapodLeg_modeling_team/2dof/install/hexapod_gz:/home/ambushee/HexapodLeg_modeling_team/2dof/install/experiment_kit:/opt/ros/humble /usr/bin/cmake --install /home/ambushee/HexapodLeg_modeling_team/2dof/build/cybergear_interfaces
[0.630s] -- Install configuration: ""
[0.630s] -- Up-to-date: /home/ambushee/HexapodLeg_modeling_team/2dof/install/cybergear_interfaces/share/ament_index/resource_index/rosidl_interfaces/cybergear_interfaces
[0.630s] -- Up-to-date: /home/ambushee/HexapodLeg_modeling_team/2dof/install/cybergear_interfaces/include/cybergear_interfaces/cybergear_interfaces
[0.631s] -- Up-to-date: /home/ambushee/HexapodLeg_modeling_team/2dof/install/cybergear_interfaces/include/cybergear_interfaces/cybergear_interfaces/msg
[0.631s] -- Up-to-date: /home/ambushee/HexapodLeg_modeling_team/2dof/install/cybergear_interfaces/include/cybergear_interfaces/cybergear_interfaces/msg/motor_control.h
[0.631s] -- Up-to-date: /home/ambushee/HexapodLeg_modeling_team/2dof/install/cybergear_interfaces/include/cybergear_interfaces/cybergear_interfaces/msg/motor_control_group.h
[0.631s] -- Up-to-date: /home/ambushee/HexapodLeg_modeling_team/2dof/install/cybergear_interfaces/include/cybergear_interfaces/cybergear_interfaces/msg/set_point.h
[0.631s] -- Up-to-date: /home/ambushee/HexapodLeg_modeling_team/2dof/install/cybergear_interfaces/include/cybergear_interfaces/cybergear_interfaces/msg/detail
[0.631s] -- Up-to-date: /home/ambushee/HexapodLeg_modeling_team/2dof/install/cybergear_interfaces/include/cybergear_interfaces/cybergear_interfaces/msg/detail/motor_control__functions.c
[0.631s] -- Up-to-date: /home/ambushee/HexapodLeg_modeling_team/2dof/install/cybergear_interfaces/include/cybergear_interfaces/cybergear_interfaces/msg/detail/set_point__functions.h
[0.631s] -- Up-to-date: /home/ambushee/HexapodLeg_modeling_team/2dof/install/cybergear_interfaces/include/cybergear_interfaces/cybergear_interfaces/msg/detail/motor_control__struct.h
[0.631s] -- Up-to-date: /home/ambushee/HexapodLeg_modeling_team/2dof/install/cybergear_interfaces/include/cybergear_interfaces/cybergear_interfaces/msg/detail/motor_control_group__struct.h
[0.632s] -- Up-to-date: /home/ambushee/HexapodLeg_modeling_team/2dof/install/cybergear_interfaces/include/cybergear_interfaces/cybergear_interfaces/msg/detail/motor_control_group__functions.c
[0.632s] -- Up-to-date: /home/ambushee/HexapodLeg_modeling_team/2dof/install/cybergear_interfaces/include/cybergear_interfaces/cybergear_interfaces/msg/detail/motor_control__type_support.h
[0.632s] -- Up-to-date: /home/ambushee/HexapodLeg_modeling_team/2dof/install/cybergear_interfaces/include/cybergear_interfaces/cybergear_interfaces/msg/detail/set_point__struct.h
[0.632s] -- Up-to-date: /home/ambushee/HexapodLeg_modeling_team/2dof/install/cybergear_interfaces/include/cybergear_interfaces/cybergear_interfaces/msg/detail/motor_control__functions.h
[0.632s] -- Up-to-date: /home/ambushee/HexapodLeg_modeling_team/2dof/install/cybergear_interfaces/include/cybergear_interfaces/cybergear_interfaces/msg/detail/set_point__functions.c
[0.632s] -- Up-to-date: /home/ambushee/HexapodLeg_modeling_team/2dof/install/cybergear_interfaces/include/cybergear_interfaces/cybergear_interfaces/msg/detail/motor_control_group__functions.h
[0.632s] -- Up-to-date: /home/ambushee/HexapodLeg_modeling_team/2dof/install/cybergear_interfaces/include/cybergear_interfaces/cybergear_interfaces/msg/detail/motor_control_group__type_support.h
[0.632s] -- Up-to-date: /home/ambushee/HexapodLeg_modeling_team/2dof/install/cybergear_interfaces/include/cybergear_interfaces/cybergear_interfaces/msg/detail/set_point__type_support.h
[0.632s] -- Up-to-date: /home/ambushee/HexapodLeg_modeling_team/2dof/install/cybergear_interfaces/include/cybergear_interfaces/cybergear_interfaces/msg/rosidl_generator_c__visibility_control.h
[0.632s] -- Up-to-date: /home/ambushee/HexapodLeg_modeling_team/2dof/install/cybergear_interfaces/include/cybergear_interfaces/cybergear_interfaces/srv
[0.632s] -- Up-to-date: /home/ambushee/HexapodLeg_modeling_team/2dof/install/cybergear_interfaces/include/cybergear_interfaces/cybergear_interfaces/srv/set_motion_gain.h
[0.632s] -- Up-to-date: /home/ambushee/HexapodLeg_modeling_team/2dof/install/cybergear_interfaces/include/cybergear_interfaces/cybergear_interfaces/srv/detail
[0.632s] -- Up-to-date: /home/ambushee/HexapodLeg_modeling_team/2dof/install/cybergear_interfaces/include/cybergear_interfaces/cybergear_interfaces/srv/detail/set_param__type_support.h
[0.633s] -- Up-to-date: /home/ambushee/HexapodLeg_modeling_team/2dof/install/cybergear_interfaces/include/cybergear_interfaces/cybergear_interfaces/srv/detail/volta_operation_command__struct.h
[0.633s] -- Up-to-date: /home/ambushee/HexapodLeg_modeling_team/2dof/install/cybergear_interfaces/include/cybergear_interfaces/cybergear_interfaces/srv/detail/volta_operation_command__functions.h
[0.633s] -- Up-to-date: /home/ambushee/HexapodLeg_modeling_team/2dof/install/cybergear_interfaces/include/cybergear_interfaces/cybergear_interfaces/srv/detail/set_motion_gain__struct.h
[0.633s] -- Up-to-date: /home/ambushee/HexapodLeg_modeling_team/2dof/install/cybergear_interfaces/include/cybergear_interfaces/cybergear_interfaces/srv/detail/set_param__functions.h
[0.633s] -- Up-to-date: /home/ambushee/HexapodLeg_modeling_team/2dof/install/cybergear_interfaces/include/cybergear_interfaces/cybergear_interfaces/srv/detail/set_motion_gain__functions.c
[0.633s] -- Up-to-date: /home/ambushee/HexapodLeg_modeling_team/2dof/install/cybergear_interfaces/include/cybergear_interfaces/cybergear_interfaces/srv/detail/set_param__struct.h
[0.633s] -- Up-to-date: /home/ambushee/HexapodLeg_modeling_team/2dof/install/cybergear_interfaces/include/cybergear_interfaces/cybergear_interfaces/srv/detail/volta_operation_command__type_support.h
[0.633s] -- Up-to-date: /home/ambushee/HexapodLeg_modeling_team/2dof/install/cybergear_interfaces/include/cybergear_interfaces/cybergear_interfaces/srv/detail/set_param__functions.c
[0.633s] -- Up-to-date: /home/ambushee/HexapodLeg_modeling_team/2dof/install/cybergear_interfaces/include/cybergear_interfaces/cybergear_interfaces/srv/detail/volta_operation_command__functions.c
[0.633s] -- Up-to-date: /home/ambushee/HexapodLeg_modeling_team/2dof/install/cybergear_interfaces/include/cybergear_interfaces/cybergear_interfaces/srv/detail/set_motion_gain__functions.h
[0.633s] -- Up-to-date: /home/ambushee/HexapodLeg_modeling_team/2dof/install/cybergear_interfaces/include/cybergear_interfaces/cybergear_interfaces/srv/detail/set_motion_gain__type_support.h
[0.633s] -- Up-to-date: /home/ambushee/HexapodLeg_modeling_team/2dof/install/cybergear_interfaces/include/cybergear_interfaces/cybergear_interfaces/srv/volta_operation_command.h
[0.634s] -- Up-to-date: /home/ambushee/HexapodLeg_modeling_team/2dof/install/cybergear_interfaces/include/cybergear_interfaces/cybergear_interfaces/srv/set_param.h
[0.634s] -- Up-to-date: /home/ambushee/HexapodLeg_modeling_team/2dof/install/cybergear_interfaces/share/cybergear_interfaces/environment/library_path.sh
[0.634s] -- Up-to-date: /home/ambushee/HexapodLeg_modeling_team/2dof/install/cybergear_interfaces/share/cybergear_interfaces/environment/library_path.dsv
[0.634s] -- Up-to-date: /home/ambushee/HexapodLeg_modeling_team/2dof/install/cybergear_interfaces/lib/libcybergear_interfaces__rosidl_generator_c.so
[0.634s] -- Up-to-date: /home/ambushee/HexapodLeg_modeling_team/2dof/install/cybergear_interfaces/include/cybergear_interfaces/cybergear_interfaces
[0.634s] -- Up-to-date: /home/ambushee/HexapodLeg_modeling_team/2dof/install/cybergear_interfaces/include/cybergear_interfaces/cybergear_interfaces/msg
[0.634s] -- Up-to-date: /home/ambushee/HexapodLeg_modeling_team/2dof/install/cybergear_interfaces/include/cybergear_interfaces/cybergear_interfaces/msg/detail
[0.634s] -- Up-to-date: /home/ambushee/HexapodLeg_modeling_team/2dof/install/cybergear_interfaces/include/cybergear_interfaces/cybergear_interfaces/msg/detail/motor_control__rosidl_typesupport_fastrtps_c.h
[0.634s] -- Up-to-date: /home/ambushee/HexapodLeg_modeling_team/2dof/install/cybergear_interfaces/include/cybergear_interfaces/cybergear_interfaces/msg/detail/motor_control_group__rosidl_typesupport_fastrtps_c.h
[0.634s] -- Up-to-date: /home/ambushee/HexapodLeg_modeling_team/2dof/install/cybergear_interfaces/include/cybergear_interfaces/cybergear_interfaces/msg/detail/set_point__rosidl_typesupport_fastrtps_c.h
[0.634s] -- Up-to-date: /home/ambushee/HexapodLeg_modeling_team/2dof/install/cybergear_interfaces/include/cybergear_interfaces/cybergear_interfaces/msg/rosidl_typesupport_fastrtps_c__visibility_control.h
[0.634s] -- Up-to-date: /home/ambushee/HexapodLeg_modeling_team/2dof/install/cybergear_interfaces/include/cybergear_interfaces/cybergear_interfaces/srv
[0.634s] -- Up-to-date: /home/ambushee/HexapodLeg_modeling_team/2dof/install/cybergear_interfaces/include/cybergear_interfaces/cybergear_interfaces/srv/detail
[0.635s] -- Up-to-date: /home/ambushee/HexapodLeg_modeling_team/2dof/install/cybergear_interfaces/include/cybergear_interfaces/cybergear_interfaces/srv/detail/set_param__rosidl_typesupport_fastrtps_c.h
[0.635s] -- Up-to-date: /home/ambushee/HexapodLeg_modeling_team/2dof/install/cybergear_interfaces/include/cybergear_interfaces/cybergear_interfaces/srv/detail/set_motion_gain__rosidl_typesupport_fastrtps_c.h
[0.635s] -- Up-to-date: /home/ambushee/HexapodLeg_modeling_team/2dof/install/cybergear_interfaces/include/cybergear_interfaces/cybergear_interfaces/srv/detail/volta_operation_command__rosidl_typesupport_fastrtps_c.h
[0.635s] -- Up-to-date: /home/ambushee/HexapodLeg_modeling_team/2dof/install/cybergear_interfaces/lib/libcybergear_interfaces__rosidl_typesupport_fastrtps_c.so
[0.635s] -- Up-to-date: /home/ambushee/HexapodLeg_modeling_team/2dof/install/cybergear_interfaces/include/cybergear_interfaces/cybergear_interfaces
[0.635s] -- Up-to-date: /home/ambushee/HexapodLeg_modeling_team/2dof/install/cybergear_interfaces/include/cybergear_interfaces/cybergear_interfaces/msg
[0.635s] -- Up-to-date: /home/ambushee/HexapodLeg_modeling_team/2dof/install/cybergear_interfaces/include/cybergear_interfaces/cybergear_interfaces/msg/detail
[0.635s] -- Up-to-date: /home/ambushee/HexapodLeg_modeling_team/2dof/install/cybergear_interfaces/include/cybergear_interfaces/cybergear_interfaces/msg/detail/motor_control_group__rosidl_typesupport_introspection_c.h
[0.635s] -- Up-to-date: /home/ambushee/HexapodLeg_modeling_team/2dof/install/cybergear_interfaces/include/cybergear_interfaces/cybergear_interfaces/msg/detail/motor_control__type_support.c
[0.635s] -- Up-to-date: /home/ambushee/HexapodLeg_modeling_team/2dof/install/cybergear_interfaces/include/cybergear_interfaces/cybergear_interfaces/msg/detail/set_point__type_support.c
[0.635s] -- Up-to-date: /home/ambushee/HexapodLeg_modeling_team/2dof/install/cybergear_interfaces/include/cybergear_interfaces/cybergear_interfaces/msg/detail/motor_control_group__type_support.c
[0.635s] -- Up-to-date: /home/ambushee/HexapodLeg_modeling_team/2dof/install/cybergear_interfaces/include/cybergear_interfaces/cybergear_interfaces/msg/detail/set_point__rosidl_typesupport_introspection_c.h
[0.635s] -- Up-to-date: /home/ambushee/HexapodLeg_modeling_team/2dof/install/cybergear_interfaces/include/cybergear_interfaces/cybergear_interfaces/msg/detail/motor_control__rosidl_typesupport_introspection_c.h
[0.636s] -- Up-to-date: /home/ambushee/HexapodLeg_modeling_team/2dof/install/cybergear_interfaces/include/cybergear_interfaces/cybergear_interfaces/msg/rosidl_typesupport_introspection_c__visibility_control.h
[0.636s] -- Up-to-date: /home/ambushee/HexapodLeg_modeling_team/2dof/install/cybergear_interfaces/include/cybergear_interfaces/cybergear_interfaces/srv
[0.636s] -- Up-to-date: /home/ambushee/HexapodLeg_modeling_team/2dof/install/cybergear_interfaces/include/cybergear_interfaces/cybergear_interfaces/srv/detail
[0.636s] -- Up-to-date: /home/ambushee/HexapodLeg_modeling_team/2dof/install/cybergear_interfaces/include/cybergear_interfaces/cybergear_interfaces/srv/detail/set_param__rosidl_typesupport_introspection_c.h
[0.636s] -- Up-to-date: /home/ambushee/HexapodLeg_modeling_team/2dof/install/cybergear_interfaces/include/cybergear_interfaces/cybergear_interfaces/srv/detail/set_motion_gain__rosidl_typesupport_introspection_c.h
[0.636s] -- Up-to-date: /home/ambushee/HexapodLeg_modeling_team/2dof/install/cybergear_interfaces/include/cybergear_interfaces/cybergear_interfaces/srv/detail/volta_operation_command__type_support.c
[0.636s] -- Up-to-date: /home/ambushee/HexapodLeg_modeling_team/2dof/install/cybergear_interfaces/include/cybergear_interfaces/cybergear_interfaces/srv/detail/volta_operation_command__rosidl_typesupport_introspection_c.h
[0.636s] -- Up-to-date: /home/ambushee/HexapodLeg_modeling_team/2dof/install/cybergear_interfaces/include/cybergear_interfaces/cybergear_interfaces/srv/detail/set_param__type_support.c
[0.636s] -- Up-to-date: /home/ambushee/HexapodLeg_modeling_team/2dof/install/cybergear_interfaces/include/cybergear_interfaces/cybergear_interfaces/srv/detail/set_motion_gain__type_support.c
[0.636s] -- Up-to-date: /home/ambushee/HexapodLeg_modeling_team/2dof/install/cybergear_interfaces/lib/libcybergear_interfaces__rosidl_typesupport_introspection_c.so
[0.636s] -- Up-to-date: /home/ambushee/HexapodLeg_modeling_team/2dof/install/cybergear_interfaces/lib/libcybergear_interfaces__rosidl_typesupport_c.so
[0.636s] -- Up-to-date: /home/ambushee/HexapodLeg_modeling_team/2dof/install/cybergear_interfaces/include/cybergear_interfaces/cybergear_interfaces
[0.636s] -- Up-to-date: /home/ambushee/HexapodLeg_modeling_team/2dof/install/cybergear_interfaces/include/cybergear_interfaces/cybergear_interfaces/msg
[0.637s] -- Up-to-date: /home/ambushee/HexapodLeg_modeling_team/2dof/install/cybergear_interfaces/include/cybergear_interfaces/cybergear_interfaces/msg/detail
[0.637s] -- Up-to-date: /home/ambushee/HexapodLeg_modeling_team/2dof/install/cybergear_interfaces/include/cybergear_interfaces/cybergear_interfaces/msg/detail/motor_control__struct.hpp
[0.637s] -- Up-to-date: /home/ambushee/HexapodLeg_modeling_team/2dof/install/cybergear_interfaces/include/cybergear_interfaces/cybergear_interfaces/msg/detail/set_point__traits.hpp
[0.637s] -- Up-to-date: /home/ambushee/HexapodLeg_modeling_team/2dof/install/cybergear_interfaces/include/cybergear_interfaces/cybergear_interfaces/msg/detail/motor_control__builder.hpp
[0.637s] -- Up-to-date: /home/ambushee/HexapodLeg_modeling_team/2dof/install/cybergear_interfaces/include/cybergear_interfaces/cybergear_interfaces/msg/detail/motor_control_group__type_support.hpp
[0.637s] -- Up-to-date: /home/ambushee/HexapodLeg_modeling_team/2dof/install/cybergear_interfaces/include/cybergear_interfaces/cybergear_interfaces/msg/detail/set_point__builder.hpp
[0.637s] -- Up-to-date: /home/ambushee/HexapodLeg_modeling_team/2dof/install/cybergear_interfaces/include/cybergear_interfaces/cybergear_interfaces/msg/detail/set_point__struct.hpp
[0.637s] -- Up-to-date: /home/ambushee/HexapodLeg_modeling_team/2dof/install/cybergear_interfaces/include/cybergear_interfaces/cybergear_interfaces/msg/detail/motor_control_group__builder.hpp
[0.637s] -- Up-to-date: /home/ambushee/HexapodLeg_modeling_team/2dof/install/cybergear_interfaces/include/cybergear_interfaces/cybergear_interfaces/msg/detail/set_point__type_support.hpp
[0.637s] -- Up-to-date: /home/ambushee/HexapodLeg_modeling_team/2dof/install/cybergear_interfaces/include/cybergear_interfaces/cybergear_interfaces/msg/detail/motor_control__traits.hpp
[0.637s] -- Up-to-date: /home/ambushee/HexapodLeg_modeling_team/2dof/install/cybergear_interfaces/include/cybergear_interfaces/cybergear_interfaces/msg/detail/motor_control_group__traits.hpp
[0.637s] -- Up-to-date: /home/ambushee/HexapodLeg_modeling_team/2dof/install/cybergear_interfaces/include/cybergear_interfaces/cybergear_interfaces/msg/detail/motor_control__type_support.hpp
[0.637s] -- Up-to-date: /home/ambushee/HexapodLeg_modeling_team/2dof/install/cybergear_interfaces/include/cybergear_interfaces/cybergear_interfaces/msg/detail/motor_control_group__struct.hpp
[0.637s] -- Up-to-date: /home/ambushee/HexapodLeg_modeling_team/2dof/install/cybergear_interfaces/include/cybergear_interfaces/cybergear_interfaces/msg/motor_control.hpp
[0.637s] -- Up-to-date: /home/ambushee/HexapodLeg_modeling_team/2dof/install/cybergear_interfaces/include/cybergear_interfaces/cybergear_interfaces/msg/rosidl_generator_cpp__visibility_control.hpp
[0.637s] -- Up-to-date: /home/ambushee/HexapodLeg_modeling_team/2dof/install/cybergear_interfaces/include/cybergear_interfaces/cybergear_interfaces/msg/set_point.hpp
[0.637s] -- Up-to-date: /home/ambushee/HexapodLeg_modeling_team/2dof/install/cybergear_interfaces/include/cybergear_interfaces/cybergear_interfaces/msg/motor_control_group.hpp
[0.637s] -- Up-to-date: /home/ambushee/HexapodLeg_modeling_team/2dof/install/cybergear_interfaces/include/cybergear_interfaces/cybergear_interfaces/srv
[0.637s] -- Up-to-date: /home/ambushee/HexapodLeg_modeling_team/2dof/install/cybergear_interfaces/include/cybergear_interfaces/cybergear_interfaces/srv/set_param.hpp
[0.637s] -- Up-to-date: /home/ambushee/HexapodLeg_modeling_team/2dof/install/cybergear_interfaces/include/cybergear_interfaces/cybergear_interfaces/srv/detail
[0.637s] -- Up-to-date: /home/ambushee/HexapodLeg_modeling_team/2dof/install/cybergear_interfaces/include/cybergear_interfaces/cybergear_interfaces/srv/detail/volta_operation_command__struct.hpp
[0.638s] -- Up-to-date: /home/ambushee/HexapodLeg_modeling_team/2dof/install/cybergear_interfaces/include/cybergear_interfaces/cybergear_interfaces/srv/detail/volta_operation_command__type_support.hpp
[0.638s] -- Up-to-date: /home/ambushee/HexapodLeg_modeling_team/2dof/install/cybergear_interfaces/include/cybergear_interfaces/cybergear_interfaces/srv/detail/set_param__struct.hpp
[0.638s] -- Up-to-date: /home/ambushee/HexapodLeg_modeling_team/2dof/install/cybergear_interfaces/include/cybergear_interfaces/cybergear_interfaces/srv/detail/set_param__traits.hpp
[0.638s] -- Up-to-date: /home/ambushee/HexapodLeg_modeling_team/2dof/install/cybergear_interfaces/include/cybergear_interfaces/cybergear_interfaces/srv/detail/volta_operation_command__traits.hpp
[0.638s] -- Up-to-date: /home/ambushee/HexapodLeg_modeling_team/2dof/install/cybergear_interfaces/include/cybergear_interfaces/cybergear_interfaces/srv/detail/set_param__builder.hpp
[0.638s] -- Up-to-date: /home/ambushee/HexapodLeg_modeling_team/2dof/install/cybergear_interfaces/include/cybergear_interfaces/cybergear_interfaces/srv/detail/set_motion_gain__builder.hpp
[0.638s] -- Up-to-date: /home/ambushee/HexapodLeg_modeling_team/2dof/install/cybergear_interfaces/include/cybergear_interfaces/cybergear_interfaces/srv/detail/volta_operation_command__builder.hpp
[0.638s] -- Up-to-date: /home/ambushee/HexapodLeg_modeling_team/2dof/install/cybergear_interfaces/include/cybergear_interfaces/cybergear_interfaces/srv/detail/set_motion_gain__traits.hpp
[0.638s] -- Up-to-date: /home/ambushee/HexapodLeg_modeling_team/2dof/install/cybergear_interfaces/include/cybergear_interfaces/cybergear_interfaces/srv/detail/set_param__type_support.hpp
[0.638s] -- Up-to-date: /home/ambushee/HexapodLeg_modeling_team/2dof/install/cybergear_interfaces/include/cybergear_interfaces/cybergear_interfaces/srv/detail/set_motion_gain__struct.hpp
[0.638s] -- Up-to-date: /home/ambushee/HexapodLeg_modeling_team/2dof/install/cybergear_interfaces/include/cybergear_interfaces/cybergear_interfaces/srv/detail/set_motion_gain__type_support.hpp
[0.638s] -- Up-to-date: /home/ambushee/HexapodLeg_modeling_team/2dof/install/cybergear_interfaces/include/cybergear_interfaces/cybergear_interfaces/srv/set_motion_gain.hpp
[0.638s] -- Up-to-date: /home/ambushee/HexapodLeg_modeling_team/2dof/install/cybergear_interfaces/include/cybergear_interfaces/cybergear_interfaces/srv/volta_operation_command.hpp
[0.639s] -- Up-to-date: /home/ambushee/HexapodLeg_modeling_team/2dof/install/cybergear_interfaces/include/cybergear_interfaces/cybergear_interfaces
[0.639s] -- Up-to-date: /home/ambushee/HexapodLeg_modeling_team/2dof/install/cybergear_interfaces/include/cybergear_interfaces/cybergear_interfaces/msg
[0.639s] -- Up-to-date: /home/ambushee/HexapodLeg_modeling_team/2dof/install/cybergear_interfaces/include/cybergear_interfaces/cybergear_interfaces/msg/detail
[0.639s] -- Up-to-date: /home/ambushee/HexapodLeg_modeling_team/2dof/install/cybergear_interfaces/include/cybergear_interfaces/cybergear_interfaces/msg/detail/set_point__rosidl_typesupport_fastrtps_cpp.hpp
[0.639s] -- Up-to-date: /home/ambushee/HexapodLeg_modeling_team/2dof/install/cybergear_interfaces/include/cybergear_interfaces/cybergear_interfaces/msg/detail/dds_fastrtps
[0.639s] -- Up-to-date: /home/ambushee/HexapodLeg_modeling_team/2dof/install/cybergear_interfaces/include/cybergear_interfaces/cybergear_interfaces/msg/detail/motor_control_group__rosidl_typesupport_fastrtps_cpp.hpp
[0.639s] -- Up-to-date: /home/ambushee/HexapodLeg_modeling_team/2dof/install/cybergear_interfaces/include/cybergear_interfaces/cybergear_interfaces/msg/detail/motor_control__rosidl_typesupport_fastrtps_cpp.hpp
[0.639s] -- Up-to-date: /home/ambushee/HexapodLeg_modeling_team/2dof/install/cybergear_interfaces/include/cybergear_interfaces/cybergear_interfaces/msg/rosidl_typesupport_fastrtps_cpp__visibility_control.h
[0.639s] -- Up-to-date: /home/ambushee/HexapodLeg_modeling_team/2dof/install/cybergear_interfaces/include/cybergear_interfaces/cybergear_interfaces/srv
[0.639s] -- Up-to-date: /home/ambushee/HexapodLeg_modeling_team/2dof/install/cybergear_interfaces/include/cybergear_interfaces/cybergear_interfaces/srv/detail
[0.639s] -- Up-to-date: /home/ambushee/HexapodLeg_modeling_team/2dof/install/cybergear_interfaces/include/cybergear_interfaces/cybergear_interfaces/srv/detail/dds_fastrtps
[0.639s] -- Up-to-date: /home/ambushee/HexapodLeg_modeling_team/2dof/install/cybergear_interfaces/include/cybergear_interfaces/cybergear_interfaces/srv/detail/set_param__rosidl_typesupport_fastrtps_cpp.hpp
[0.639s] -- Up-to-date: /home/ambushee/HexapodLeg_modeling_team/2dof/install/cybergear_interfaces/include/cybergear_interfaces/cybergear_interfaces/srv/detail/volta_operation_command__rosidl_typesupport_fastrtps_cpp.hpp
[0.640s] -- Up-to-date: /home/ambushee/HexapodLeg_modeling_team/2dof/install/cybergear_interfaces/include/cybergear_interfaces/cybergear_interfaces/srv/detail/set_motion_gain__rosidl_typesupport_fastrtps_cpp.hpp
[0.640s] -- Up-to-date: /home/ambushee/HexapodLeg_modeling_team/2dof/install/cybergear_interfaces/lib/libcybergear_interfaces__rosidl_typesupport_fastrtps_cpp.so
[0.640s] -- Up-to-date: /home/ambushee/HexapodLeg_modeling_team/2dof/install/cybergear_interfaces/include/cybergear_interfaces/cybergear_interfaces
[0.640s] -- Up-to-date: /home/ambushee/HexapodLeg_modeling_team/2dof/install/cybergear_interfaces/include/cybergear_interfaces/cybergear_interfaces/msg
[0.640s] -- Up-to-date: /home/ambushee/HexapodLeg_modeling_team/2dof/install/cybergear_interfaces/include/cybergear_interfaces/cybergear_interfaces/msg/detail
[0.640s] -- Up-to-date: /home/ambushee/HexapodLeg_modeling_team/2dof/install/cybergear_interfaces/include/cybergear_interfaces/cybergear_interfaces/msg/detail/motor_control__type_support.cpp
[0.640s] -- Up-to-date: /home/ambushee/HexapodLeg_modeling_team/2dof/install/cybergear_interfaces/include/cybergear_interfaces/cybergear_interfaces/msg/detail/set_point__rosidl_typesupport_introspection_cpp.hpp
[0.640s] -- Up-to-date: /home/ambushee/HexapodLeg_modeling_team/2dof/install/cybergear_interfaces/include/cybergear_interfaces/cybergear_interfaces/msg/detail/set_point__type_support.cpp
[0.640s] -- Up-to-date: /home/ambushee/HexapodLeg_modeling_team/2dof/install/cybergear_interfaces/include/cybergear_interfaces/cybergear_interfaces/msg/detail/motor_control_group__rosidl_typesupport_introspection_cpp.hpp
[0.640s] -- Up-to-date: /home/ambushee/HexapodLeg_modeling_team/2dof/install/cybergear_interfaces/include/cybergear_interfaces/cybergear_interfaces/msg/detail/motor_control__rosidl_typesupport_introspection_cpp.hpp
[0.640s] -- Up-to-date: /home/ambushee/HexapodLeg_modeling_team/2dof/install/cybergear_interfaces/include/cybergear_interfaces/cybergear_interfaces/msg/detail/motor_control_group__type_support.cpp
[0.640s] -- Up-to-date: /home/ambushee/HexapodLeg_modeling_team/2dof/install/cybergear_interfaces/include/cybergear_interfaces/cybergear_interfaces/srv
[0.640s] -- Up-to-date: /home/ambushee/HexapodLeg_modeling_team/2dof/install/cybergear_interfaces/include/cybergear_interfaces/cybergear_interfaces/srv/detail
[0.640s] -- Up-to-date: /home/ambushee/HexapodLeg_modeling_team/2dof/install/cybergear_interfaces/include/cybergear_interfaces/cybergear_interfaces/srv/detail/volta_operation_command__rosidl_typesupport_introspection_cpp.hpp
[0.640s] -- Up-to-date: /home/ambushee/HexapodLeg_modeling_team/2dof/install/cybergear_interfaces/include/cybergear_interfaces/cybergear_interfaces/srv/detail/set_motion_gain__type_support.cpp
[0.640s] -- Up-to-date: /home/ambushee/HexapodLeg_modeling_team/2dof/install/cybergear_interfaces/include/cybergear_interfaces/cybergear_interfaces/srv/detail/set_param__type_support.cpp
[0.641s] -- Up-to-date: /home/ambushee/HexapodLeg_modeling_team/2dof/install/cybergear_interfaces/include/cybergear_interfaces/cybergear_interfaces/srv/detail/volta_operation_command__type_support.cpp
[0.641s] -- Up-to-date: /home/ambushee/HexapodLeg_modeling_team/2dof/install/cybergear_interfaces/include/cybergear_interfaces/cybergear_interfaces/srv/detail/set_motion_gain__rosidl_typesupport_introspection_cpp.hpp
[0.641s] -- Up-to-date: /home/ambushee/HexapodLeg_modeling_team/2dof/install/cybergear_interfaces/include/cybergear_interfaces/cybergear_interfaces/srv/detail/set_param__rosidl_typesupport_introspection_cpp.hpp
[0.641s] -- Up-to-date: /home/ambushee/HexapodLeg_modeling_team/2dof/install/cybergear_interfaces/lib/libcybergear_interfaces__rosidl_typesupport_introspection_cpp.so
[0.641s] -- Up-to-date: /home/ambushee/HexapodLeg_modeling_team/2dof/install/cybergear_interfaces/lib/libcybergear_interfaces__rosidl_typesupport_cpp.so
[0.641s] -- Up-to-date: /home/ambushee/HexapodLeg_modeling_team/2dof/install/cybergear_interfaces/share/cybergear_interfaces/environment/pythonpath.sh
[0.641s] -- Up-to-date: /home/ambushee/HexapodLeg_modeling_team/2dof/install/cybergear_interfaces/share/cybergear_interfaces/environment/pythonpath.dsv
[0.641s] -- Up-to-date: /home/ambushee/HexapodLeg_modeling_team/2dof/install/cybergear_interfaces/local/lib/python3.10/dist-packages/cybergear_interfaces-0.0.0-py3.10.egg-info
[0.641s] -- Installing: /home/ambushee/HexapodLeg_modeling_team/2dof/install/cybergear_interfaces/local/lib/python3.10/dist-packages/cybergear_interfaces-0.0.0-py3.10.egg-info/dependency_links.txt
[0.641s] -- Installing: /home/ambushee/HexapodLeg_modeling_team/2dof/install/cybergear_interfaces/local/lib/python3.10/dist-packages/cybergear_interfaces-0.0.0-py3.10.egg-info/SOURCES.txt
[0.641s] -- Installing: /home/ambushee/HexapodLeg_modeling_team/2dof/install/cybergear_interfaces/local/lib/python3.10/dist-packages/cybergear_interfaces-0.0.0-py3.10.egg-info/top_level.txt
[0.641s] -- Installing: /home/ambushee/HexapodLeg_modeling_team/2dof/install/cybergear_interfaces/local/lib/python3.10/dist-packages/cybergear_interfaces-0.0.0-py3.10.egg-info/PKG-INFO
[0.641s] -- Up-to-date: /home/ambushee/HexapodLeg_modeling_team/2dof/install/cybergear_interfaces/local/lib/python3.10/dist-packages/cybergear_interfaces
[0.641s] -- Up-to-date: /home/ambushee/HexapodLeg_modeling_team/2dof/install/cybergear_interfaces/local/lib/python3.10/dist-packages/cybergear_interfaces/cybergear_interfaces_s__rosidl_typesupport_introspection_c.cpython-310-x86_64-linux-gnu.so
[0.641s] -- Up-to-date: /home/ambushee/HexapodLeg_modeling_team/2dof/install/cybergear_interfaces/local/lib/python3.10/dist-packages/cybergear_interfaces/_cybergear_interfaces_s.ep.rosidl_typesupport_c.c
[0.641s] -- Up-to-date: /home/ambushee/HexapodLeg_modeling_team/2dof/install/cybergear_interfaces/local/lib/python3.10/dist-packages/cybergear_interfaces/_cybergear_interfaces_s.ep.rosidl_typesupport_fastrtps_c.c
[0.642s] -- Up-to-date: /home/ambushee/HexapodLeg_modeling_team/2dof/install/cybergear_interfaces/local/lib/python3.10/dist-packages/cybergear_interfaces/__init__.py
[0.642s] -- Up-to-date: /home/ambushee/HexapodLeg_modeling_team/2dof/install/cybergear_interfaces/local/lib/python3.10/dist-packages/cybergear_interfaces/cybergear_interfaces_s__rosidl_typesupport_c.cpython-310-x86_64-linux-gnu.so
[0.642s] -- Up-to-date: /home/ambushee/HexapodLeg_modeling_team/2dof/install/cybergear_interfaces/local/lib/python3.10/dist-packages/cybergear_interfaces/_cybergear_interfaces_s.ep.rosidl_typesupport_introspection_c.c
[0.642s] -- Up-to-date: /home/ambushee/HexapodLeg_modeling_team/2dof/install/cybergear_interfaces/local/lib/python3.10/dist-packages/cybergear_interfaces/msg
[0.642s] -- Up-to-date: /home/ambushee/HexapodLeg_modeling_team/2dof/install/cybergear_interfaces/local/lib/python3.10/dist-packages/cybergear_interfaces/msg/_motor_control.py
[0.642s] -- Up-to-date: /home/ambushee/HexapodLeg_modeling_team/2dof/install/cybergear_interfaces/local/lib/python3.10/dist-packages/cybergear_interfaces/msg/_set_point.py
[0.642s] -- Up-to-date: /home/ambushee/HexapodLeg_modeling_team/2dof/install/cybergear_interfaces/local/lib/python3.10/dist-packages/cybergear_interfaces/msg/_motor_control_group_s.c
[0.642s] -- Up-to-date: /home/ambushee/HexapodLeg_modeling_team/2dof/install/cybergear_interfaces/local/lib/python3.10/dist-packages/cybergear_interfaces/msg/_set_point_s.c
[0.642s] -- Up-to-date: /home/ambushee/HexapodLeg_modeling_team/2dof/install/cybergear_interfaces/local/lib/python3.10/dist-packages/cybergear_interfaces/msg/_motor_control_s.c
[0.642s] -- Up-to-date: /home/ambushee/HexapodLeg_modeling_team/2dof/install/cybergear_interfaces/local/lib/python3.10/dist-packages/cybergear_interfaces/msg/__init__.py
[0.642s] -- Up-to-date: /home/ambushee/HexapodLeg_modeling_team/2dof/install/cybergear_interfaces/local/lib/python3.10/dist-packages/cybergear_interfaces/msg/_motor_control_group.py
[0.642s] -- Up-to-date: /home/ambushee/HexapodLeg_modeling_team/2dof/install/cybergear_interfaces/local/lib/python3.10/dist-packages/cybergear_interfaces/srv
[0.642s] -- Up-to-date: /home/ambushee/HexapodLeg_modeling_team/2dof/install/cybergear_interfaces/local/lib/python3.10/dist-packages/cybergear_interfaces/srv/_set_motion_gain_s.c
[0.642s] -- Up-to-date: /home/ambushee/HexapodLeg_modeling_team/2dof/install/cybergear_interfaces/local/lib/python3.10/dist-packages/cybergear_interfaces/srv/_volta_operation_command.py
[0.642s] -- Up-to-date: /home/ambushee/HexapodLeg_modeling_team/2dof/install/cybergear_interfaces/local/lib/python3.10/dist-packages/cybergear_interfaces/srv/_set_param.py
[0.642s] -- Up-to-date: /home/ambushee/HexapodLeg_modeling_team/2dof/install/cybergear_interfaces/local/lib/python3.10/dist-packages/cybergear_interfaces/srv/_set_motion_gain.py
[0.642s] -- Up-to-date: /home/ambushee/HexapodLeg_modeling_team/2dof/install/cybergear_interfaces/local/lib/python3.10/dist-packages/cybergear_interfaces/srv/__init__.py
[0.642s] -- Up-to-date: /home/ambushee/HexapodLeg_modeling_team/2dof/install/cybergear_interfaces/local/lib/python3.10/dist-packages/cybergear_interfaces/srv/_volta_operation_command_s.c
[0.642s] -- Up-to-date: /home/ambushee/HexapodLeg_modeling_team/2dof/install/cybergear_interfaces/local/lib/python3.10/dist-packages/cybergear_interfaces/srv/_set_param_s.c
[0.642s] -- Up-to-date: /home/ambushee/HexapodLeg_modeling_team/2dof/install/cybergear_interfaces/local/lib/python3.10/dist-packages/cybergear_interfaces/libcybergear_interfaces__rosidl_generator_py.so
[0.642s] -- Up-to-date: /home/ambushee/HexapodLeg_modeling_team/2dof/install/cybergear_interfaces/local/lib/python3.10/dist-packages/cybergear_interfaces/cybergear_interfaces_s__rosidl_typesupport_fastrtps_c.cpython-310-x86_64-linux-gnu.so
[0.669s] Listing '/home/ambushee/HexapodLeg_modeling_team/2dof/install/cybergear_interfaces/local/lib/python3.10/dist-packages/cybergear_interfaces'...
[0.669s] Listing '/home/ambushee/HexapodLeg_modeling_team/2dof/install/cybergear_interfaces/local/lib/python3.10/dist-packages/cybergear_interfaces/msg'...
[0.669s] Listing '/home/ambushee/HexapodLeg_modeling_team/2dof/install/cybergear_interfaces/local/lib/python3.10/dist-packages/cybergear_interfaces/srv'...
[0.674s] -- Up-to-date: /home/ambushee/HexapodLeg_modeling_team/2dof/install/cybergear_interfaces/local/lib/python3.10/dist-packages/cybergear_interfaces/cybergear_interfaces_s__rosidl_typesupport_fastrtps_c.cpython-310-x86_64-linux-gnu.so
[0.674s] -- Up-to-date: /home/ambushee/HexapodLeg_modeling_team/2dof/install/cybergear_interfaces/local/lib/python3.10/dist-packages/cybergear_interfaces/cybergear_interfaces_s__rosidl_typesupport_introspection_c.cpython-310-x86_64-linux-gnu.so
[0.675s] -- Up-to-date: /home/ambushee/HexapodLeg_modeling_team/2dof/install/cybergear_interfaces/local/lib/python3.10/dist-packages/cybergear_interfaces/cybergear_interfaces_s__rosidl_typesupport_c.cpython-310-x86_64-linux-gnu.so
[0.675s] -- Up-to-date: /home/ambushee/HexapodLeg_modeling_team/2dof/install/cybergear_interfaces/lib/libcybergear_interfaces__rosidl_generator_py.so
[0.675s] -- Up-to-date: /home/ambushee/HexapodLeg_modeling_team/2dof/install/cybergear_interfaces/share/cybergear_interfaces/msg/MotorControl.idl
[0.675s] -- Up-to-date: /home/ambushee/HexapodLeg_modeling_team/2dof/install/cybergear_interfaces/share/cybergear_interfaces/msg/MotorControlGroup.idl
[0.675s] -- Up-to-date: /home/ambushee/HexapodLeg_modeling_team/2dof/install/cybergear_interfaces/share/cybergear_interfaces/msg/SetPoint.idl
[0.675s] -- Up-to-date: /home/ambushee/HexapodLeg_modeling_team/2dof/install/cybergear_interfaces/share/cybergear_interfaces/srv/SetParam.idl
[0.675s] -- Up-to-date: /home/ambushee/HexapodLeg_modeling_team/2dof/install/cybergear_interfaces/share/cybergear_interfaces/srv/SetMotionGain.idl
[0.675s] -- Up-to-date: /home/ambushee/HexapodLeg_modeling_team/2dof/install/cybergear_interfaces/share/cybergear_interfaces/srv/VoltaOperationCommand.idl
[0.675s] -- Up-to-date: /home/ambushee/HexapodLeg_modeling_team/2dof/install/cybergear_interfaces/share/cybergear_interfaces/msg/MotorControl.msg
[0.675s] -- Up-to-date: /home/ambushee/HexapodLeg_modeling_team/2dof/install/cybergear_interfaces/share/cybergear_interfaces/msg/MotorControlGroup.msg
[0.676s] -- Up-to-date: /home/ambushee/HexapodLeg_modeling_team/2dof/install/cybergear_interfaces/share/cybergear_interfaces/msg/SetPoint.msg
[0.676s] -- Up-to-date: /home/ambushee/HexapodLeg_modeling_team/2dof/install/cybergear_interfaces/share/cybergear_interfaces/srv/SetParam.srv
[0.676s] -- Up-to-date: /home/ambushee/HexapodLeg_modeling_team/2dof/install/cybergear_interfaces/share/cybergear_interfaces/srv/SetParam_Request.msg
[0.676s] -- Up-to-date: /home/ambushee/HexapodLeg_modeling_team/2dof/install/cybergear_interfaces/share/cybergear_interfaces/srv/SetParam_Response.msg
[0.676s] -- Up-to-date: /home/ambushee/HexapodLeg_modeling_team/2dof/install/cybergear_interfaces/share/cybergear_interfaces/srv/SetMotionGain.srv
[0.676s] -- Up-to-date: /home/ambushee/HexapodLeg_modeling_team/2dof/install/cybergear_interfaces/share/cybergear_interfaces/srv/SetMotionGain_Request.msg
[0.676s] -- Up-to-date: /home/ambushee/HexapodLeg_modeling_team/2dof/install/cybergear_interfaces/share/cybergear_interfaces/srv/SetMotionGain_Response.msg
[0.676s] -- Up-to-date: /home/ambushee/HexapodLeg_modeling_team/2dof/install/cybergear_interfaces/share/cybergear_interfaces/srv/VoltaOperationCommand.srv
[0.676s] -- Up-to-date: /home/ambushee/HexapodLeg_modeling_team/2dof/install/cybergear_interfaces/share/cybergear_interfaces/srv/VoltaOperationCommand_Request.msg
[0.676s] -- Up-to-date: /home/ambushee/HexapodLeg_modeling_team/2dof/install/cybergear_interfaces/share/cybergear_interfaces/srv/VoltaOperationCommand_Response.msg
[0.677s] -- Up-to-date: /home/ambushee/HexapodLeg_modeling_team/2dof/install/cybergear_interfaces/share/ament_index/resource_index/package_run_dependencies/cybergear_interfaces
[0.677s] -- Up-to-date: /home/ambushee/HexapodLeg_modeling_team/2dof/install/cybergear_interfaces/share/ament_index/resource_index/parent_prefix_path/cybergear_interfaces
[0.677s] -- Up-to-date: /home/ambushee/HexapodLeg_modeling_team/2dof/install/cybergear_interfaces/share/cybergear_interfaces/environment/ament_prefix_path.sh
[0.677s] -- Up-to-date: /home/ambushee/HexapodLeg_modeling_team/2dof/install/cybergear_interfaces/share/cybergear_interfaces/environment/ament_prefix_path.dsv
[0.678s] -- Up-to-date: /home/ambushee/HexapodLeg_modeling_team/2dof/install/cybergear_interfaces/share/cybergear_interfaces/environment/path.sh
[0.678s] -- Up-to-date: /home/ambushee/HexapodLeg_modeling_team/2dof/install/cybergear_interfaces/share/cybergear_interfaces/environment/path.dsv
[0.678s] -- Up-to-date: /home/ambushee/HexapodLeg_modeling_team/2dof/install/cybergear_interfaces/share/cybergear_interfaces/local_setup.bash
[0.679s] -- Up-to-date: /home/ambushee/HexapodLeg_modeling_team/2dof/install/cybergear_interfaces/share/cybergear_interfaces/local_setup.sh
[0.679s] -- Up-to-date: /home/ambushee/HexapodLeg_modeling_team/2dof/install/cybergear_interfaces/share/cybergear_interfaces/local_setup.zsh
[0.679s] -- Up-to-date: /home/ambushee/HexapodLeg_modeling_team/2dof/install/cybergear_interfaces/share/cybergear_interfaces/local_setup.dsv
[0.679s] -- Installing: /home/ambushee/HexapodLeg_modeling_team/2dof/install/cybergear_interfaces/share/cybergear_interfaces/package.dsv
[0.679s] -- Up-to-date: /home/ambushee/HexapodLeg_modeling_team/2dof/install/cybergear_interfaces/share/ament_index/resource_index/packages/cybergear_interfaces
[0.679s] -- Up-to-date: /home/ambushee/HexapodLeg_modeling_team/2dof/install/cybergear_interfaces/share/cybergear_interfaces/cmake/export_cybergear_interfaces__rosidl_generator_cExport.cmake
[0.679s] -- Up-to-date: /home/ambushee/HexapodLeg_modeling_team/2dof/install/cybergear_interfaces/share/cybergear_interfaces/cmake/export_cybergear_interfaces__rosidl_generator_cExport-noconfig.cmake
[0.679s] -- Up-to-date: /home/ambushee/HexapodLeg_modeling_team/2dof/install/cybergear_interfaces/share/cybergear_interfaces/cmake/export_cybergear_interfaces__rosidl_typesupport_fastrtps_cExport.cmake
[0.679s] -- Up-to-date: /home/ambushee/HexapodLeg_modeling_team/2dof/install/cybergear_interfaces/share/cybergear_interfaces/cmake/export_cybergear_interfaces__rosidl_typesupport_fastrtps_cExport-noconfig.cmake
[0.680s] -- Up-to-date: /home/ambushee/HexapodLeg_modeling_team/2dof/install/cybergear_interfaces/share/cybergear_interfaces/cmake/cybergear_interfaces__rosidl_typesupport_introspection_cExport.cmake
[0.680s] -- Up-to-date: /home/ambushee/HexapodLeg_modeling_team/2dof/install/cybergear_interfaces/share/cybergear_interfaces/cmake/cybergear_interfaces__rosidl_typesupport_introspection_cExport-noconfig.cmake
[0.680s] -- Up-to-date: /home/ambushee/HexapodLeg_modeling_team/2dof/install/cybergear_interfaces/share/cybergear_interfaces/cmake/cybergear_interfaces__rosidl_typesupport_cExport.cmake
[0.680s] -- Up-to-date: /home/ambushee/HexapodLeg_modeling_team/2dof/install/cybergear_interfaces/share/cybergear_interfaces/cmake/cybergear_interfaces__rosidl_typesupport_cExport-noconfig.cmake
[0.680s] -- Up-to-date: /home/ambushee/HexapodLeg_modeling_team/2dof/install/cybergear_interfaces/share/cybergear_interfaces/cmake/export_cybergear_interfaces__rosidl_generator_cppExport.cmake
[0.680s] -- Up-to-date: /home/ambushee/HexapodLeg_modeling_team/2dof/install/cybergear_interfaces/share/cybergear_interfaces/cmake/export_cybergear_interfaces__rosidl_typesupport_fastrtps_cppExport.cmake
[0.680s] -- Up-to-date: /home/ambushee/HexapodLeg_modeling_team/2dof/install/cybergear_interfaces/share/cybergear_interfaces/cmake/export_cybergear_interfaces__rosidl_typesupport_fastrtps_cppExport-noconfig.cmake
[0.680s] -- Up-to-date: /home/ambushee/HexapodLeg_modeling_team/2dof/install/cybergear_interfaces/share/cybergear_interfaces/cmake/cybergear_interfaces__rosidl_typesupport_introspection_cppExport.cmake
[0.681s] -- Up-to-date: /home/ambushee/HexapodLeg_modeling_team/2dof/install/cybergear_interfaces/share/cybergear_interfaces/cmake/cybergear_interfaces__rosidl_typesupport_introspection_cppExport-noconfig.cmake
[0.681s] -- Up-to-date: /home/ambushee/HexapodLeg_modeling_team/2dof/install/cybergear_interfaces/share/cybergear_interfaces/cmake/cybergear_interfaces__rosidl_typesupport_cppExport.cmake
[0.681s] -- Up-to-date: /home/ambushee/HexapodLeg_modeling_team/2dof/install/cybergear_interfaces/share/cybergear_interfaces/cmake/cybergear_interfaces__rosidl_typesupport_cppExport-noconfig.cmake
[0.681s] -- Up-to-date: /home/ambushee/HexapodLeg_modeling_team/2dof/install/cybergear_interfaces/share/cybergear_interfaces/cmake/export_cybergear_interfaces__rosidl_generator_pyExport.cmake
[0.681s] -- Up-to-date: /home/ambushee/HexapodLeg_modeling_team/2dof/install/cybergear_interfaces/share/cybergear_interfaces/cmake/export_cybergear_interfaces__rosidl_generator_pyExport-noconfig.cmake
[0.681s] -- Up-to-date: /home/ambushee/HexapodLeg_modeling_team/2dof/install/cybergear_interfaces/share/cybergear_interfaces/cmake/rosidl_cmake-extras.cmake
[0.681s] -- Up-to-date: /home/ambushee/HexapodLeg_modeling_team/2dof/install/cybergear_interfaces/share/cybergear_interfaces/cmake/ament_cmake_export_dependencies-extras.cmake
[0.681s] -- Up-to-date: /home/ambushee/HexapodLeg_modeling_team/2dof/install/cybergear_interfaces/share/cybergear_interfaces/cmake/ament_cmake_export_include_directories-extras.cmake
[0.681s] -- Up-to-date: /home/ambushee/HexapodLeg_modeling_team/2dof/install/cybergear_interfaces/share/cybergear_interfaces/cmake/ament_cmake_export_libraries-extras.cmake
[0.681s] -- Up-to-date: /home/ambushee/HexapodLeg_modeling_team/2dof/install/cybergear_interfaces/share/cybergear_interfaces/cmake/ament_cmake_export_targets-extras.cmake
[0.682s] -- Up-to-date: /home/ambushee/HexapodLeg_modeling_team/2dof/install/cybergear_interfaces/share/cybergear_interfaces/cmake/rosidl_cmake_export_typesupport_targets-extras.cmake
[0.682s] -- Up-to-date: /home/ambushee/HexapodLeg_modeling_team/2dof/install/cybergear_interfaces/share/cybergear_interfaces/cmake/rosidl_cmake_export_typesupport_libraries-extras.cmake
[0.682s] -- Up-to-date: /home/ambushee/HexapodLeg_modeling_team/2dof/install/cybergear_interfaces/share/cybergear_interfaces/cmake/cybergear_interfacesConfig.cmake
[0.682s] -- Up-to-date: /home/ambushee/HexapodLeg_modeling_team/2dof/install/cybergear_interfaces/share/cybergear_interfaces/cmake/cybergear_interfacesConfig-version.cmake
[0.682s] -- Up-to-date: /home/ambushee/HexapodLeg_modeling_team/2dof/install/cybergear_interfaces/share/cybergear_interfaces/package.xml
[0.715s] Invoked command in '/home/ambushee/HexapodLeg_modeling_team/2dof/build/cybergear_interfaces' returned '0': CMAKE_PREFIX_PATH=${CMAKE_PREFIX_PATH}:/home/ambushee/HexapodLeg_modeling_team/2dof/install/hexapod_gz:/home/ambushee/HexapodLeg_modeling_team/2dof/install/experiment_kit:/opt/ros/humble /usr/bin/cmake --install /home/ambushee/HexapodLeg_modeling_team/2dof/build/cybergear_interfaces
