[0.655s] Invoking command in '/home/ambushee/HexapodLeg_modeling_team/2dof/build/volta_controller': CMAKE_PREFIX_PATH=${CMAKE_PREFIX_PATH}:/home/ambushee/HexapodLeg_modeling_team/2dof/install/hexapod_gz:/home/ambushee/HexapodLeg_modeling_team/2dof/install/experiment_kit:/opt/ros/humble /usr/bin/cmake --build /home/ambushee/HexapodLeg_modeling_team/2dof/build/volta_controller -- -j16 -l16
[0.697s] [100%] Built target cpp_node_test
[0.708s] [100%] Built target ament_cmake_python_copy_volta_controller
[1.026s] running egg_info
[1.026s] writing volta_controller.egg-info/PKG-INFO
[1.026s] writing dependency_links to volta_controller.egg-info/dependency_links.txt
[1.027s] writing top-level names to volta_controller.egg-info/top_level.txt
[1.029s] reading manifest file 'volta_controller.egg-info/SOURCES.txt'
[1.030s] writing manifest file 'volta_controller.egg-info/SOURCES.txt'
[1.057s] [100%] Built target ament_cmake_python_build_volta_controller_egg
[1.068s] Invoked command in '/home/ambushee/HexapodLeg_modeling_team/2dof/build/volta_controller' returned '0': CMAKE_PREFIX_PATH=${CMAKE_PREFIX_PATH}:/home/ambushee/HexapodLeg_modeling_team/2dof/install/hexapod_gz:/home/ambushee/HexapodLeg_modeling_team/2dof/install/experiment_kit:/opt/ros/humble /usr/bin/cmake --build /home/ambushee/HexapodLeg_modeling_team/2dof/build/volta_controller -- -j16 -l16
[1.070s] Invoking command in '/home/ambushee/HexapodLeg_modeling_team/2dof/build/volta_controller': CMAKE_PREFIX_PATH=${CMAKE_PREFIX_PATH}:/home/ambushee/HexapodLeg_modeling_team/2dof/install/hexapod_gz:/home/ambushee/HexapodLeg_modeling_team/2dof/install/experiment_kit:/opt/ros/humble /usr/bin/cmake --install /home/ambushee/HexapodLeg_modeling_team/2dof/build/volta_controller
[1.078s] -- Install configuration: ""
[1.078s] -- Up-to-date: /home/ambushee/HexapodLeg_modeling_team/2dof/install/volta_controller/share/volta_controller/environment/pythonpath.sh
[1.078s] -- Up-to-date: /home/ambushee/HexapodLeg_modeling_team/2dof/install/volta_controller/share/volta_controller/environment/pythonpath.dsv
[1.078s] -- Up-to-date: /home/ambushee/HexapodLeg_modeling_team/2dof/install/volta_controller/local/lib/python3.10/dist-packages/volta_controller-0.0.0-py3.10.egg-info
[1.078s] -- Installing: /home/ambushee/HexapodLeg_modeling_team/2dof/install/volta_controller/local/lib/python3.10/dist-packages/volta_controller-0.0.0-py3.10.egg-info/dependency_links.txt
[1.078s] -- Installing: /home/ambushee/HexapodLeg_modeling_team/2dof/install/volta_controller/local/lib/python3.10/dist-packages/volta_controller-0.0.0-py3.10.egg-info/SOURCES.txt
[1.078s] -- Installing: /home/ambushee/HexapodLeg_modeling_team/2dof/install/volta_controller/local/lib/python3.10/dist-packages/volta_controller-0.0.0-py3.10.egg-info/top_level.txt
[1.079s] -- Installing: /home/ambushee/HexapodLeg_modeling_team/2dof/install/volta_controller/local/lib/python3.10/dist-packages/volta_controller-0.0.0-py3.10.egg-info/PKG-INFO
[1.079s] -- Up-to-date: /home/ambushee/HexapodLeg_modeling_team/2dof/install/volta_controller/local/lib/python3.10/dist-packages/volta_controller
[1.079s] -- Up-to-date: /home/ambushee/HexapodLeg_modeling_team/2dof/install/volta_controller/local/lib/python3.10/dist-packages/volta_controller/__init__.py
[1.079s] -- Up-to-date: /home/ambushee/HexapodLeg_modeling_team/2dof/install/volta_controller/local/lib/python3.10/dist-packages/volta_controller/dummy_module.py
[1.116s] Listing '/home/ambushee/HexapodLeg_modeling_team/2dof/install/volta_controller/local/lib/python3.10/dist-packages/volta_controller'...
[1.120s] -- Up-to-date: /home/ambushee/HexapodLeg_modeling_team/2dof/install/volta_controller/lib/volta_controller/dummy_script.py
[1.120s] -- Up-to-date: /home/ambushee/HexapodLeg_modeling_team/2dof/install/volta_controller/lib/volta_controller/GravityCompensation.py
[1.120s] -- Installing: /home/ambushee/HexapodLeg_modeling_team/2dof/install/volta_controller/lib/volta_controller/MotorGroupConfig.py
[1.121s] -- Up-to-date: /home/ambushee/HexapodLeg_modeling_team/2dof/install/volta_controller/lib/volta_controller/InverseDynamicsController.py
[1.121s] -- Up-to-date: /home/ambushee/HexapodLeg_modeling_team/2dof/install/volta_controller/lib/volta_controller/DesiredJointsState.py
[1.121s] -- Up-to-date: /home/ambushee/HexapodLeg_modeling_team/2dof/install/volta_controller/lib/volta_controller/VoltaStateMachine.py
[1.121s] -- Up-to-date: /home/ambushee/HexapodLeg_modeling_team/2dof/install/volta_controller/lib/volta_controller/KinematicsFunc.py
[1.121s] -- Up-to-date: /home/ambushee/HexapodLeg_modeling_team/2dof/install/volta_controller/lib/volta_controller/cpp_node_test
[1.121s] -- Up-to-date: /home/ambushee/HexapodLeg_modeling_team/2dof/install/volta_controller/share/volta_controller/launch
[1.121s] -- Up-to-date: /home/ambushee/HexapodLeg_modeling_team/2dof/install/volta_controller/share/volta_controller/launch/VoltaController.launch.py
[1.121s] -- Up-to-date: /home/ambushee/HexapodLeg_modeling_team/2dof/install/volta_controller/share/ament_index/resource_index/package_run_dependencies/volta_controller
[1.121s] -- Up-to-date: /home/ambushee/HexapodLeg_modeling_team/2dof/install/volta_controller/share/ament_index/resource_index/parent_prefix_path/volta_controller
[1.121s] -- Up-to-date: /home/ambushee/HexapodLeg_modeling_team/2dof/install/volta_controller/share/volta_controller/environment/ament_prefix_path.sh
[1.121s] -- Up-to-date: /home/ambushee/HexapodLeg_modeling_team/2dof/install/volta_controller/share/volta_controller/environment/ament_prefix_path.dsv
[1.121s] -- Up-to-date: /home/ambushee/HexapodLeg_modeling_team/2dof/install/volta_controller/share/volta_controller/environment/path.sh
[1.121s] -- Up-to-date: /home/ambushee/HexapodLeg_modeling_team/2dof/install/volta_controller/share/volta_controller/environment/path.dsv
[1.122s] -- Up-to-date: /home/ambushee/HexapodLeg_modeling_team/2dof/install/volta_controller/share/volta_controller/local_setup.bash
[1.122s] -- Up-to-date: /home/ambushee/HexapodLeg_modeling_team/2dof/install/volta_controller/share/volta_controller/local_setup.sh
[1.122s] -- Up-to-date: /home/ambushee/HexapodLeg_modeling_team/2dof/install/volta_controller/share/volta_controller/local_setup.zsh
[1.122s] -- Up-to-date: /home/ambushee/HexapodLeg_modeling_team/2dof/install/volta_controller/share/volta_controller/local_setup.dsv
[1.122s] -- Installing: /home/ambushee/HexapodLeg_modeling_team/2dof/install/volta_controller/share/volta_controller/package.dsv
[1.122s] -- Up-to-date: /home/ambushee/HexapodLeg_modeling_team/2dof/install/volta_controller/share/ament_index/resource_index/packages/volta_controller
[1.122s] -- Up-to-date: /home/ambushee/HexapodLeg_modeling_team/2dof/install/volta_controller/share/volta_controller/cmake/volta_controllerConfig.cmake
[1.122s] -- Up-to-date: /home/ambushee/HexapodLeg_modeling_team/2dof/install/volta_controller/share/volta_controller/cmake/volta_controllerConfig-version.cmake
[1.122s] -- Up-to-date: /home/ambushee/HexapodLeg_modeling_team/2dof/install/volta_controller/share/volta_controller/package.xml
[1.124s] Invoked command in '/home/ambushee/HexapodLeg_modeling_team/2dof/build/volta_controller' returned '0': CMAKE_PREFIX_PATH=${CMAKE_PREFIX_PATH}:/home/ambushee/HexapodLeg_modeling_team/2dof/install/hexapod_gz:/home/ambushee/HexapodLeg_modeling_team/2dof/install/experiment_kit:/opt/ros/humble /usr/bin/cmake --install /home/ambushee/HexapodLeg_modeling_team/2dof/build/volta_controller
