/home/ambushee/HexapodLeg_modeling_team/2dof/install/experiment_kit/lib/python3.10/site-packages/experiment_kit/PD_Controller.py
/home/ambushee/HexapodLeg_modeling_team/2dof/install/experiment_kit/lib/python3.10/site-packages/experiment_kit/__init__.py
/home/ambushee/HexapodLeg_modeling_team/2dof/install/experiment_kit/lib/python3.10/site-packages/experiment_kit/pd_step_commander_link2.py
/home/ambushee/HexapodLeg_modeling_team/2dof/install/experiment_kit/lib/python3.10/site-packages/experiment_kit/pd_step_commander.py
/home/ambushee/HexapodLeg_modeling_team/2dof/install/experiment_kit/lib/python3.10/site-packages/experiment_kit/pd_step_commander_link1.py
/home/ambushee/HexapodLeg_modeling_team/2dof/install/experiment_kit/lib/python3.10/site-packages/experiment_kit/__pycache__/PD_Controller.cpython-310.pyc
/home/ambushee/HexapodLeg_modeling_team/2dof/install/experiment_kit/lib/python3.10/site-packages/experiment_kit/__pycache__/__init__.cpython-310.pyc
/home/ambushee/HexapodLeg_modeling_team/2dof/install/experiment_kit/lib/python3.10/site-packages/experiment_kit/__pycache__/pd_step_commander_link2.cpython-310.pyc
/home/ambushee/HexapodLeg_modeling_team/2dof/install/experiment_kit/lib/python3.10/site-packages/experiment_kit/__pycache__/pd_step_commander.cpython-310.pyc
/home/ambushee/HexapodLeg_modeling_team/2dof/install/experiment_kit/lib/python3.10/site-packages/experiment_kit/__pycache__/pd_step_commander_link1.cpython-310.pyc
/home/ambushee/HexapodLeg_modeling_team/2dof/install/experiment_kit/share/ament_index/resource_index/packages/experiment_kit
/home/ambushee/HexapodLeg_modeling_team/2dof/install/experiment_kit/share/experiment_kit/package.xml
/home/ambushee/HexapodLeg_modeling_team/2dof/install/experiment_kit/share/experiment_kit/launch/spawn_robot_step.launch.py
/home/ambushee/HexapodLeg_modeling_team/2dof/install/experiment_kit/share/experiment_kit/launch/spawn_robot_step_link1.launch.py
/home/ambushee/HexapodLeg_modeling_team/2dof/install/experiment_kit/share/experiment_kit/launch/spawn_robot_step_link2.launch.py
/home/ambushee/HexapodLeg_modeling_team/2dof/install/experiment_kit/share/experiment_kit/config/ros2_controllers.yaml
/home/ambushee/HexapodLeg_modeling_team/2dof/install/experiment_kit/share/experiment_kit/config/ros2_controllers_link1.yaml
/home/ambushee/HexapodLeg_modeling_team/2dof/install/experiment_kit/share/experiment_kit/config/ros2_controllers_link2.yaml
/home/ambushee/HexapodLeg_modeling_team/2dof/install/experiment_kit/share/experiment_kit/config/plotjuggler_layout.xml
/home/ambushee/HexapodLeg_modeling_team/2dof/install/experiment_kit/share/experiment_kit/urdf/hexapod_modelling_team.xacro
/home/ambushee/HexapodLeg_modeling_team/2dof/install/experiment_kit/share/experiment_kit/urdf/link1.xacro
/home/ambushee/HexapodLeg_modeling_team/2dof/install/experiment_kit/share/experiment_kit/urdf/link2.xacro
/home/ambushee/HexapodLeg_modeling_team/2dof/install/experiment_kit/share/experiment_kit/urdf/link1_vertical.xacro
/home/ambushee/HexapodLeg_modeling_team/2dof/install/experiment_kit/share/experiment_kit/urdf/link2_vertical.xacro
/home/ambushee/HexapodLeg_modeling_team/2dof/install/experiment_kit/share/experiment_kit/worlds/hexapod.sdf
/home/ambushee/HexapodLeg_modeling_team/2dof/install/experiment_kit/share/experiment_kit/meshes/base_link.STL
/home/ambushee/HexapodLeg_modeling_team/2dof/install/experiment_kit/share/experiment_kit/meshes/Link1.STL
/home/ambushee/HexapodLeg_modeling_team/2dof/install/experiment_kit/share/experiment_kit/meshes/Link_2.STL
/home/ambushee/HexapodLeg_modeling_team/2dof/install/experiment_kit/lib/python3.10/site-packages/experiment_kit-0.1.0-py3.10.egg-info/entry_points.txt
/home/ambushee/HexapodLeg_modeling_team/2dof/install/experiment_kit/lib/python3.10/site-packages/experiment_kit-0.1.0-py3.10.egg-info/requires.txt
/home/ambushee/HexapodLeg_modeling_team/2dof/install/experiment_kit/lib/python3.10/site-packages/experiment_kit-0.1.0-py3.10.egg-info/dependency_links.txt
/home/ambushee/HexapodLeg_modeling_team/2dof/install/experiment_kit/lib/python3.10/site-packages/experiment_kit-0.1.0-py3.10.egg-info/zip-safe
/home/ambushee/HexapodLeg_modeling_team/2dof/install/experiment_kit/lib/python3.10/site-packages/experiment_kit-0.1.0-py3.10.egg-info/SOURCES.txt
/home/ambushee/HexapodLeg_modeling_team/2dof/install/experiment_kit/lib/python3.10/site-packages/experiment_kit-0.1.0-py3.10.egg-info/top_level.txt
/home/ambushee/HexapodLeg_modeling_team/2dof/install/experiment_kit/lib/python3.10/site-packages/experiment_kit-0.1.0-py3.10.egg-info/PKG-INFO
/home/ambushee/HexapodLeg_modeling_team/2dof/install/experiment_kit/lib/experiment_kit/pd_position_commander
/home/ambushee/HexapodLeg_modeling_team/2dof/install/experiment_kit/lib/experiment_kit/pd_step_commander
/home/ambushee/HexapodLeg_modeling_team/2dof/install/experiment_kit/lib/experiment_kit/pd_step_commander_link1
