[0.100s] DEBUG:colcon:Command line arguments: ['/usr/bin/colcon', 'build']
[0.100s] DEBUG:colcon:Parsed command line arguments: Namespace(log_base=None, log_level=None, verb_name='build', build_base='build', install_base='install', merge_install=False, symlink_install=False, test_result_base=None, continue_on_error=False, executor='parallel', parallel_workers=16, event_handlers=None, ignore_user_meta=False, metas=['./colcon.meta'], base_paths=['.'], packages_ignore=None, packages_ignore_regex=None, paths=None, packages_up_to=None, packages_up_to_regex=None, packages_above=None, packages_above_and_dependencies=None, packages_above_depth=None, packages_select_by_dep=None, packages_skip_by_dep=None, packages_skip_up_to=None, packages_select_build_failed=False, packages_skip_build_finished=False, packages_select_test_failures=False, packages_skip_test_passed=False, packages_select=None, packages_skip=None, packages_select_regex=None, packages_skip_regex=None, packages_start=None, packages_end=None, allow_overriding=[], cmake_args=None, cmake_target=None, cmake_target_skip_unavailable=False, cmake_clean_cache=False, cmake_clean_first=False, cmake_force_configure=False, ament_cmake_args=None, catkin_cmake_args=None, catkin_skip_building_tests=False, verb_parser=<colcon_defaults.argument_parser.defaults.DefaultArgumentsDecorator object at 0x7b2cbca52200>, verb_extension=<colcon_core.verb.build.BuildVerb object at 0x7b2cbcbdbac0>, main=<bound method BuildVerb.main of <colcon_core.verb.build.BuildVerb object at 0x7b2cbcbdbac0>>)
[0.304s] Level 1:colcon.colcon_core.package_discovery:discover_packages(colcon_meta) check parameters
[0.304s] Level 1:colcon.colcon_core.package_discovery:discover_packages(recursive) check parameters
[0.304s] Level 1:colcon.colcon_core.package_discovery:discover_packages(ignore) check parameters
[0.304s] Level 1:colcon.colcon_core.package_discovery:discover_packages(path) check parameters
[0.304s] Level 1:colcon.colcon_core.package_discovery:discover_packages(colcon_meta) discover
[0.304s] Level 1:colcon.colcon_core.package_discovery:discover_packages(recursive) discover
[0.304s] INFO:colcon.colcon_core.package_discovery:Crawling recursively for packages in '/home/ambushee/HexapodLeg_modeling_team/2dof'
[0.304s] Level 1:colcon.colcon_core.package_identification:_identify(.) by extensions ['ignore', 'ignore_ament_install']
[0.304s] Level 1:colcon.colcon_core.package_identification:_identify(.) by extension 'ignore'
[0.304s] Level 1:colcon.colcon_core.package_identification:_identify(.) by extension 'ignore_ament_install'
[0.304s] Level 1:colcon.colcon_core.package_identification:_identify(.) by extensions ['colcon_pkg']
[0.304s] Level 1:colcon.colcon_core.package_identification:_identify(.) by extension 'colcon_pkg'
[0.304s] Level 1:colcon.colcon_core.package_identification:_identify(.) by extensions ['colcon_meta']
[0.304s] Level 1:colcon.colcon_core.package_identification:_identify(.) by extension 'colcon_meta'
[0.304s] Level 1:colcon.colcon_core.package_identification:_identify(.) by extensions ['ros']
[0.304s] Level 1:colcon.colcon_core.package_identification:_identify(.) by extension 'ros'
[0.325s] Level 1:colcon.colcon_core.package_identification:_identify(.) by extensions ['cmake', 'python']
[0.325s] Level 1:colcon.colcon_core.package_identification:_identify(.) by extension 'cmake'
[0.325s] Level 1:colcon.colcon_core.package_identification:_identify(.) by extension 'python'
[0.325s] Level 1:colcon.colcon_core.package_identification:_identify(.) by extensions ['python_setup_py']
[0.325s] Level 1:colcon.colcon_core.package_identification:_identify(.) by extension 'python_setup_py'
[0.325s] Level 1:colcon.colcon_core.package_identification:_identify(build) by extensions ['ignore', 'ignore_ament_install']
[0.326s] Level 1:colcon.colcon_core.package_identification:_identify(build) by extension 'ignore'
[0.326s] Level 1:colcon.colcon_core.package_identification:_identify(build) ignored
[0.326s] Level 1:colcon.colcon_core.package_identification:_identify(install) by extensions ['ignore', 'ignore_ament_install']
[0.326s] Level 1:colcon.colcon_core.package_identification:_identify(install) by extension 'ignore'
[0.326s] Level 1:colcon.colcon_core.package_identification:_identify(install) ignored
[0.326s] Level 1:colcon.colcon_core.package_identification:_identify(log) by extensions ['ignore', 'ignore_ament_install']
[0.326s] Level 1:colcon.colcon_core.package_identification:_identify(log) by extension 'ignore'
[0.326s] Level 1:colcon.colcon_core.package_identification:_identify(log) ignored
[0.326s] Level 1:colcon.colcon_core.package_identification:_identify(src) by extensions ['ignore', 'ignore_ament_install']
[0.326s] Level 1:colcon.colcon_core.package_identification:_identify(src) by extension 'ignore'
[0.326s] Level 1:colcon.colcon_core.package_identification:_identify(src) by extension 'ignore_ament_install'
[0.326s] Level 1:colcon.colcon_core.package_identification:_identify(src) by extensions ['colcon_pkg']
[0.326s] Level 1:colcon.colcon_core.package_identification:_identify(src) by extension 'colcon_pkg'
[0.326s] Level 1:colcon.colcon_core.package_identification:_identify(src) by extensions ['colcon_meta']
[0.327s] Level 1:colcon.colcon_core.package_identification:_identify(src) by extension 'colcon_meta'
[0.327s] Level 1:colcon.colcon_core.package_identification:_identify(src) by extensions ['ros']
[0.327s] Level 1:colcon.colcon_core.package_identification:_identify(src) by extension 'ros'
[0.327s] Level 1:colcon.colcon_core.package_identification:_identify(src) by extensions ['cmake', 'python']
[0.327s] Level 1:colcon.colcon_core.package_identification:_identify(src) by extension 'cmake'
[0.327s] Level 1:colcon.colcon_core.package_identification:_identify(src) by extension 'python'
[0.327s] Level 1:colcon.colcon_core.package_identification:_identify(src) by extensions ['python_setup_py']
[0.327s] Level 1:colcon.colcon_core.package_identification:_identify(src) by extension 'python_setup_py'
[0.327s] Level 1:colcon.colcon_core.package_identification:_identify(src/cybergear_driver) by extensions ['ignore', 'ignore_ament_install']
[0.327s] Level 1:colcon.colcon_core.package_identification:_identify(src/cybergear_driver) by extension 'ignore'
[0.327s] Level 1:colcon.colcon_core.package_identification:_identify(src/cybergear_driver) by extension 'ignore_ament_install'
[0.327s] Level 1:colcon.colcon_core.package_identification:_identify(src/cybergear_driver) by extensions ['colcon_pkg']
[0.327s] Level 1:colcon.colcon_core.package_identification:_identify(src/cybergear_driver) by extension 'colcon_pkg'
[0.327s] Level 1:colcon.colcon_core.package_identification:_identify(src/cybergear_driver) by extensions ['colcon_meta']
[0.327s] Level 1:colcon.colcon_core.package_identification:_identify(src/cybergear_driver) by extension 'colcon_meta'
[0.327s] Level 1:colcon.colcon_core.package_identification:_identify(src/cybergear_driver) by extensions ['ros']
[0.327s] Level 1:colcon.colcon_core.package_identification:_identify(src/cybergear_driver) by extension 'ros'
[0.330s] DEBUG:colcon.colcon_core.package_identification:Package 'src/cybergear_driver' with type 'ros.ament_cmake' and name 'cybergear_driver'
[0.330s] Level 1:colcon.colcon_core.package_identification:_identify(src/cybergear_interfaces) by extensions ['ignore', 'ignore_ament_install']
[0.330s] Level 1:colcon.colcon_core.package_identification:_identify(src/cybergear_interfaces) by extension 'ignore'
[0.331s] Level 1:colcon.colcon_core.package_identification:_identify(src/cybergear_interfaces) by extension 'ignore_ament_install'
[0.331s] Level 1:colcon.colcon_core.package_identification:_identify(src/cybergear_interfaces) by extensions ['colcon_pkg']
[0.331s] Level 1:colcon.colcon_core.package_identification:_identify(src/cybergear_interfaces) by extension 'colcon_pkg'
[0.331s] Level 1:colcon.colcon_core.package_identification:_identify(src/cybergear_interfaces) by extensions ['colcon_meta']
[0.331s] Level 1:colcon.colcon_core.package_identification:_identify(src/cybergear_interfaces) by extension 'colcon_meta'
[0.331s] Level 1:colcon.colcon_core.package_identification:_identify(src/cybergear_interfaces) by extensions ['ros']
[0.331s] Level 1:colcon.colcon_core.package_identification:_identify(src/cybergear_interfaces) by extension 'ros'
[0.332s] DEBUG:colcon.colcon_core.package_identification:Package 'src/cybergear_interfaces' with type 'ros.ament_cmake' and name 'cybergear_interfaces'
[0.332s] Level 1:colcon.colcon_core.package_identification:_identify(src/experiment_kit) by extensions ['ignore', 'ignore_ament_install']
[0.332s] Level 1:colcon.colcon_core.package_identification:_identify(src/experiment_kit) by extension 'ignore'
[0.332s] Level 1:colcon.colcon_core.package_identification:_identify(src/experiment_kit) by extension 'ignore_ament_install'
[0.332s] Level 1:colcon.colcon_core.package_identification:_identify(src/experiment_kit) by extensions ['colcon_pkg']
[0.332s] Level 1:colcon.colcon_core.package_identification:_identify(src/experiment_kit) by extension 'colcon_pkg'
[0.332s] Level 1:colcon.colcon_core.package_identification:_identify(src/experiment_kit) by extensions ['colcon_meta']
[0.332s] Level 1:colcon.colcon_core.package_identification:_identify(src/experiment_kit) by extension 'colcon_meta'
[0.332s] Level 1:colcon.colcon_core.package_identification:_identify(src/experiment_kit) by extensions ['ros']
[0.332s] Level 1:colcon.colcon_core.package_identification:_identify(src/experiment_kit) by extension 'ros'
[0.333s] DEBUG:colcon.colcon_core.package_identification:Package 'src/experiment_kit' with type 'ros.ament_python' and name 'experiment_kit'
[0.333s] Level 1:colcon.colcon_core.package_identification:_identify(src/hexapod_gz) by extensions ['ignore', 'ignore_ament_install']
[0.333s] Level 1:colcon.colcon_core.package_identification:_identify(src/hexapod_gz) by extension 'ignore'
[0.333s] Level 1:colcon.colcon_core.package_identification:_identify(src/hexapod_gz) by extension 'ignore_ament_install'
[0.333s] Level 1:colcon.colcon_core.package_identification:_identify(src/hexapod_gz) by extensions ['colcon_pkg']
[0.333s] Level 1:colcon.colcon_core.package_identification:_identify(src/hexapod_gz) by extension 'colcon_pkg'
[0.333s] Level 1:colcon.colcon_core.package_identification:_identify(src/hexapod_gz) by extensions ['colcon_meta']
[0.333s] Level 1:colcon.colcon_core.package_identification:_identify(src/hexapod_gz) by extension 'colcon_meta'
[0.333s] Level 1:colcon.colcon_core.package_identification:_identify(src/hexapod_gz) by extensions ['ros']
[0.333s] Level 1:colcon.colcon_core.package_identification:_identify(src/hexapod_gz) by extension 'ros'
[0.334s] DEBUG:colcon.colcon_core.package_identification:Package 'src/hexapod_gz' with type 'ros.ament_python' and name 'hexapod_gz'
[0.334s] Level 1:colcon.colcon_core.package_identification:_identify(src/volta_controller-20251104T082652Z-1-001) by extensions ['ignore', 'ignore_ament_install']
[0.334s] Level 1:colcon.colcon_core.package_identification:_identify(src/volta_controller-20251104T082652Z-1-001) by extension 'ignore'
[0.334s] Level 1:colcon.colcon_core.package_identification:_identify(src/volta_controller-20251104T082652Z-1-001) by extension 'ignore_ament_install'
[0.334s] Level 1:colcon.colcon_core.package_identification:_identify(src/volta_controller-20251104T082652Z-1-001) by extensions ['colcon_pkg']
[0.334s] Level 1:colcon.colcon_core.package_identification:_identify(src/volta_controller-20251104T082652Z-1-001) by extension 'colcon_pkg'
[0.334s] Level 1:colcon.colcon_core.package_identification:_identify(src/volta_controller-20251104T082652Z-1-001) by extensions ['colcon_meta']
[0.334s] Level 1:colcon.colcon_core.package_identification:_identify(src/volta_controller-20251104T082652Z-1-001) by extension 'colcon_meta'
[0.334s] Level 1:colcon.colcon_core.package_identification:_identify(src/volta_controller-20251104T082652Z-1-001) by extensions ['ros']
[0.334s] Level 1:colcon.colcon_core.package_identification:_identify(src/volta_controller-20251104T082652Z-1-001) by extension 'ros'
[0.334s] Level 1:colcon.colcon_core.package_identification:_identify(src/volta_controller-20251104T082652Z-1-001) by extensions ['cmake', 'python']
[0.334s] Level 1:colcon.colcon_core.package_identification:_identify(src/volta_controller-20251104T082652Z-1-001) by extension 'cmake'
[0.334s] Level 1:colcon.colcon_core.package_identification:_identify(src/volta_controller-20251104T082652Z-1-001) by extension 'python'
[0.334s] Level 1:colcon.colcon_core.package_identification:_identify(src/volta_controller-20251104T082652Z-1-001) by extensions ['python_setup_py']
[0.335s] Level 1:colcon.colcon_core.package_identification:_identify(src/volta_controller-20251104T082652Z-1-001) by extension 'python_setup_py'
[0.335s] Level 1:colcon.colcon_core.package_identification:_identify(src/volta_controller-20251104T082652Z-1-001/volta_controller) by extensions ['ignore', 'ignore_ament_install']
[0.335s] Level 1:colcon.colcon_core.package_identification:_identify(src/volta_controller-20251104T082652Z-1-001/volta_controller) by extension 'ignore'
[0.335s] Level 1:colcon.colcon_core.package_identification:_identify(src/volta_controller-20251104T082652Z-1-001/volta_controller) by extension 'ignore_ament_install'
[0.335s] Level 1:colcon.colcon_core.package_identification:_identify(src/volta_controller-20251104T082652Z-1-001/volta_controller) by extensions ['colcon_pkg']
[0.335s] Level 1:colcon.colcon_core.package_identification:_identify(src/volta_controller-20251104T082652Z-1-001/volta_controller) by extension 'colcon_pkg'
[0.335s] Level 1:colcon.colcon_core.package_identification:_identify(src/volta_controller-20251104T082652Z-1-001/volta_controller) by extensions ['colcon_meta']
[0.335s] Level 1:colcon.colcon_core.package_identification:_identify(src/volta_controller-20251104T082652Z-1-001/volta_controller) by extension 'colcon_meta'
[0.335s] Level 1:colcon.colcon_core.package_identification:_identify(src/volta_controller-20251104T082652Z-1-001/volta_controller) by extensions ['ros']
[0.335s] Level 1:colcon.colcon_core.package_identification:_identify(src/volta_controller-20251104T082652Z-1-001/volta_controller) by extension 'ros'
[0.336s] DEBUG:colcon.colcon_core.package_identification:Package 'src/volta_controller-20251104T082652Z-1-001/volta_controller' with type 'ros.ament_cmake' and name 'volta_controller'
[0.336s] Level 1:colcon.colcon_core.package_discovery:discover_packages(recursive) using defaults
[0.336s] Level 1:colcon.colcon_core.package_discovery:discover_packages(ignore) discover
[0.336s] Level 1:colcon.colcon_core.package_discovery:discover_packages(ignore) using defaults
[0.336s] Level 1:colcon.colcon_core.package_discovery:discover_packages(path) discover
[0.336s] Level 1:colcon.colcon_core.package_discovery:discover_packages(path) using defaults
[0.358s] Level 1:colcon.colcon_core.package_discovery:discover_packages(prefix_path) check parameters
[0.358s] Level 1:colcon.colcon_core.package_discovery:discover_packages(prefix_path) discover
[0.360s] DEBUG:colcon.colcon_installed_package_information.package_discovery:Found 5 installed packages in /home/ambushee/HexapodLeg_modeling_team/2dof/install
[0.361s] DEBUG:colcon.colcon_installed_package_information.package_discovery:Found 2 installed packages in /home/ambushee/ros2_ws/install
[0.362s] DEBUG:colcon.colcon_installed_package_information.package_discovery:Found 359 installed packages in /opt/ros/humble
[0.365s] Level 1:colcon.colcon_core.package_discovery:discover_packages(prefix_path) using defaults
[0.412s] Level 5:colcon.colcon_core.verb:set package 'cybergear_driver' build argument 'cmake_args' from command line to 'None'
[0.412s] Level 5:colcon.colcon_core.verb:set package 'cybergear_driver' build argument 'cmake_target' from command line to 'None'
[0.412s] Level 5:colcon.colcon_core.verb:set package 'cybergear_driver' build argument 'cmake_target_skip_unavailable' from command line to 'False'
[0.412s] Level 5:colcon.colcon_core.verb:set package 'cybergear_driver' build argument 'cmake_clean_cache' from command line to 'False'
[0.412s] Level 5:colcon.colcon_core.verb:set package 'cybergear_driver' build argument 'cmake_clean_first' from command line to 'False'
[0.412s] Level 5:colcon.colcon_core.verb:set package 'cybergear_driver' build argument 'cmake_force_configure' from command line to 'False'
[0.412s] Level 5:colcon.colcon_core.verb:set package 'cybergear_driver' build argument 'ament_cmake_args' from command line to 'None'
[0.412s] Level 5:colcon.colcon_core.verb:set package 'cybergear_driver' build argument 'catkin_cmake_args' from command line to 'None'
[0.412s] Level 5:colcon.colcon_core.verb:set package 'cybergear_driver' build argument 'catkin_skip_building_tests' from command line to 'False'
[0.412s] DEBUG:colcon.colcon_core.verb:Building package 'cybergear_driver' with the following arguments: {'ament_cmake_args': None, 'build_base': '/home/ambushee/HexapodLeg_modeling_team/2dof/build/cybergear_driver', 'catkin_cmake_args': None, 'catkin_skip_building_tests': False, 'cmake_args': None, 'cmake_clean_cache': False, 'cmake_clean_first': False, 'cmake_force_configure': False, 'cmake_target': None, 'cmake_target_skip_unavailable': False, 'install_base': '/home/ambushee/HexapodLeg_modeling_team/2dof/install/cybergear_driver', 'merge_install': False, 'path': '/home/ambushee/HexapodLeg_modeling_team/2dof/src/cybergear_driver', 'symlink_install': False, 'test_result_base': None}
[0.413s] Level 5:colcon.colcon_core.verb:set package 'cybergear_interfaces' build argument 'cmake_args' from command line to 'None'
[0.413s] Level 5:colcon.colcon_core.verb:set package 'cybergear_interfaces' build argument 'cmake_target' from command line to 'None'
[0.413s] Level 5:colcon.colcon_core.verb:set package 'cybergear_interfaces' build argument 'cmake_target_skip_unavailable' from command line to 'False'
[0.413s] Level 5:colcon.colcon_core.verb:set package 'cybergear_interfaces' build argument 'cmake_clean_cache' from command line to 'False'
[0.413s] Level 5:colcon.colcon_core.verb:set package 'cybergear_interfaces' build argument 'cmake_clean_first' from command line to 'False'
[0.413s] Level 5:colcon.colcon_core.verb:set package 'cybergear_interfaces' build argument 'cmake_force_configure' from command line to 'False'
[0.413s] Level 5:colcon.colcon_core.verb:set package 'cybergear_interfaces' build argument 'ament_cmake_args' from command line to 'None'
[0.413s] Level 5:colcon.colcon_core.verb:set package 'cybergear_interfaces' build argument 'catkin_cmake_args' from command line to 'None'
[0.413s] Level 5:colcon.colcon_core.verb:set package 'cybergear_interfaces' build argument 'catkin_skip_building_tests' from command line to 'False'
[0.413s] DEBUG:colcon.colcon_core.verb:Building package 'cybergear_interfaces' with the following arguments: {'ament_cmake_args': None, 'build_base': '/home/ambushee/HexapodLeg_modeling_team/2dof/build/cybergear_interfaces', 'catkin_cmake_args': None, 'catkin_skip_building_tests': False, 'cmake_args': None, 'cmake_clean_cache': False, 'cmake_clean_first': False, 'cmake_force_configure': False, 'cmake_target': None, 'cmake_target_skip_unavailable': False, 'install_base': '/home/ambushee/HexapodLeg_modeling_team/2dof/install/cybergear_interfaces', 'merge_install': False, 'path': '/home/ambushee/HexapodLeg_modeling_team/2dof/src/cybergear_interfaces', 'symlink_install': False, 'test_result_base': None}
[0.414s] Level 5:colcon.colcon_core.verb:set package 'experiment_kit' build argument 'cmake_args' from command line to 'None'
[0.414s] Level 5:colcon.colcon_core.verb:set package 'experiment_kit' build argument 'cmake_target' from command line to 'None'
[0.414s] Level 5:colcon.colcon_core.verb:set package 'experiment_kit' build argument 'cmake_target_skip_unavailable' from command line to 'False'
[0.414s] Level 5:colcon.colcon_core.verb:set package 'experiment_kit' build argument 'cmake_clean_cache' from command line to 'False'
[0.414s] Level 5:colcon.colcon_core.verb:set package 'experiment_kit' build argument 'cmake_clean_first' from command line to 'False'
[0.414s] Level 5:colcon.colcon_core.verb:set package 'experiment_kit' build argument 'cmake_force_configure' from command line to 'False'
[0.414s] Level 5:colcon.colcon_core.verb:set package 'experiment_kit' build argument 'ament_cmake_args' from command line to 'None'
[0.414s] Level 5:colcon.colcon_core.verb:set package 'experiment_kit' build argument 'catkin_cmake_args' from command line to 'None'
[0.414s] Level 5:colcon.colcon_core.verb:set package 'experiment_kit' build argument 'catkin_skip_building_tests' from command line to 'False'
[0.414s] DEBUG:colcon.colcon_core.verb:Building package 'experiment_kit' with the following arguments: {'ament_cmake_args': None, 'build_base': '/home/ambushee/HexapodLeg_modeling_team/2dof/build/experiment_kit', 'catkin_cmake_args': None, 'catkin_skip_building_tests': False, 'cmake_args': None, 'cmake_clean_cache': False, 'cmake_clean_first': False, 'cmake_force_configure': False, 'cmake_target': None, 'cmake_target_skip_unavailable': False, 'install_base': '/home/ambushee/HexapodLeg_modeling_team/2dof/install/experiment_kit', 'merge_install': False, 'path': '/home/ambushee/HexapodLeg_modeling_team/2dof/src/experiment_kit', 'symlink_install': False, 'test_result_base': None}
[0.414s] Level 5:colcon.colcon_core.verb:set package 'hexapod_gz' build argument 'cmake_args' from command line to 'None'
[0.414s] Level 5:colcon.colcon_core.verb:set package 'hexapod_gz' build argument 'cmake_target' from command line to 'None'
[0.414s] Level 5:colcon.colcon_core.verb:set package 'hexapod_gz' build argument 'cmake_target_skip_unavailable' from command line to 'False'
[0.414s] Level 5:colcon.colcon_core.verb:set package 'hexapod_gz' build argument 'cmake_clean_cache' from command line to 'False'
[0.414s] Level 5:colcon.colcon_core.verb:set package 'hexapod_gz' build argument 'cmake_clean_first' from command line to 'False'
[0.414s] Level 5:colcon.colcon_core.verb:set package 'hexapod_gz' build argument 'cmake_force_configure' from command line to 'False'
[0.414s] Level 5:colcon.colcon_core.verb:set package 'hexapod_gz' build argument 'ament_cmake_args' from command line to 'None'
[0.414s] Level 5:colcon.colcon_core.verb:set package 'hexapod_gz' build argument 'catkin_cmake_args' from command line to 'None'
[0.414s] Level 5:colcon.colcon_core.verb:set package 'hexapod_gz' build argument 'catkin_skip_building_tests' from command line to 'False'
[0.414s] DEBUG:colcon.colcon_core.verb:Building package 'hexapod_gz' with the following arguments: {'ament_cmake_args': None, 'build_base': '/home/ambushee/HexapodLeg_modeling_team/2dof/build/hexapod_gz', 'catkin_cmake_args': None, 'catkin_skip_building_tests': False, 'cmake_args': None, 'cmake_clean_cache': False, 'cmake_clean_first': False, 'cmake_force_configure': False, 'cmake_target': None, 'cmake_target_skip_unavailable': False, 'install_base': '/home/ambushee/HexapodLeg_modeling_team/2dof/install/hexapod_gz', 'merge_install': False, 'path': '/home/ambushee/HexapodLeg_modeling_team/2dof/src/hexapod_gz', 'symlink_install': False, 'test_result_base': None}
[0.415s] Level 5:colcon.colcon_core.verb:set package 'volta_controller' build argument 'cmake_args' from command line to 'None'
[0.415s] Level 5:colcon.colcon_core.verb:set package 'volta_controller' build argument 'cmake_target' from command line to 'None'
[0.415s] Level 5:colcon.colcon_core.verb:set package 'volta_controller' build argument 'cmake_target_skip_unavailable' from command line to 'False'
[0.415s] Level 5:colcon.colcon_core.verb:set package 'volta_controller' build argument 'cmake_clean_cache' from command line to 'False'
[0.415s] Level 5:colcon.colcon_core.verb:set package 'volta_controller' build argument 'cmake_clean_first' from command line to 'False'
[0.415s] Level 5:colcon.colcon_core.verb:set package 'volta_controller' build argument 'cmake_force_configure' from command line to 'False'
[0.415s] Level 5:colcon.colcon_core.verb:set package 'volta_controller' build argument 'ament_cmake_args' from command line to 'None'
[0.415s] Level 5:colcon.colcon_core.verb:set package 'volta_controller' build argument 'catkin_cmake_args' from command line to 'None'
[0.415s] Level 5:colcon.colcon_core.verb:set package 'volta_controller' build argument 'catkin_skip_building_tests' from command line to 'False'
[0.415s] DEBUG:colcon.colcon_core.verb:Building package 'volta_controller' with the following arguments: {'ament_cmake_args': None, 'build_base': '/home/ambushee/HexapodLeg_modeling_team/2dof/build/volta_controller', 'catkin_cmake_args': None, 'catkin_skip_building_tests': False, 'cmake_args': None, 'cmake_clean_cache': False, 'cmake_clean_first': False, 'cmake_force_configure': False, 'cmake_target': None, 'cmake_target_skip_unavailable': False, 'install_base': '/home/ambushee/HexapodLeg_modeling_team/2dof/install/volta_controller', 'merge_install': False, 'path': '/home/ambushee/HexapodLeg_modeling_team/2dof/src/volta_controller-20251104T082652Z-1-001/volta_controller', 'symlink_install': False, 'test_result_base': None}
[0.415s] INFO:colcon.colcon_core.executor:Executing jobs using 'parallel' executor
[0.416s] DEBUG:colcon.colcon_parallel_executor.executor.parallel:run_until_complete
[0.417s] INFO:colcon.colcon_ros.task.ament_cmake.build:Building ROS package in '/home/ambushee/HexapodLeg_modeling_team/2dof/src/cybergear_driver' with build type 'ament_cmake'
[0.417s] INFO:colcon.colcon_cmake.task.cmake.build:Building CMake package in '/home/ambushee/HexapodLeg_modeling_team/2dof/src/cybergear_driver'
[0.419s] INFO:colcon.colcon_core.plugin_system:Skipping extension 'colcon_core.shell.bat': Not used on non-Windows systems
[0.419s] INFO:colcon.colcon_core.shell:Skip shell extension 'powershell' for command environment: Not usable outside of PowerShell
[0.419s] DEBUG:colcon.colcon_core.shell:Skip shell extension 'dsv' for command environment
[0.424s] INFO:colcon.colcon_ros.task.ament_cmake.build:Building ROS package in '/home/ambushee/HexapodLeg_modeling_team/2dof/src/cybergear_interfaces' with build type 'ament_cmake'
[0.424s] INFO:colcon.colcon_cmake.task.cmake.build:Building CMake package in '/home/ambushee/HexapodLeg_modeling_team/2dof/src/cybergear_interfaces'
[0.424s] INFO:colcon.colcon_core.shell:Skip shell extension 'powershell' for command environment: Not usable outside of PowerShell
[0.424s] DEBUG:colcon.colcon_core.shell:Skip shell extension 'dsv' for command environment
[0.428s] INFO:colcon.colcon_ros.task.ament_python.build:Building ROS package in '/home/ambushee/HexapodLeg_modeling_team/2dof/src/experiment_kit' with build type 'ament_python'
[0.428s] Level 1:colcon.colcon_core.shell:create_environment_hook('experiment_kit', 'ament_prefix_path')
[0.428s] INFO:colcon.colcon_core.shell:Creating environment hook '/home/ambushee/HexapodLeg_modeling_team/2dof/install/experiment_kit/share/experiment_kit/hook/ament_prefix_path.ps1'
[0.429s] INFO:colcon.colcon_core.shell:Creating environment descriptor '/home/ambushee/HexapodLeg_modeling_team/2dof/install/experiment_kit/share/experiment_kit/hook/ament_prefix_path.dsv'
[0.430s] INFO:colcon.colcon_core.shell:Creating environment hook '/home/ambushee/HexapodLeg_modeling_team/2dof/install/experiment_kit/share/experiment_kit/hook/ament_prefix_path.sh'
[0.430s] INFO:colcon.colcon_core.shell:Skip shell extension 'powershell' for command environment: Not usable outside of PowerShell
[0.430s] DEBUG:colcon.colcon_core.shell:Skip shell extension 'dsv' for command environment
[0.434s] INFO:colcon.colcon_ros.task.ament_python.build:Building ROS package in '/home/ambushee/HexapodLeg_modeling_team/2dof/src/hexapod_gz' with build type 'ament_python'
[0.434s] Level 1:colcon.colcon_core.shell:create_environment_hook('hexapod_gz', 'ament_prefix_path')
[0.435s] INFO:colcon.colcon_core.shell:Creating environment hook '/home/ambushee/HexapodLeg_modeling_team/2dof/install/hexapod_gz/share/hexapod_gz/hook/ament_prefix_path.ps1'
[0.435s] INFO:colcon.colcon_core.shell:Creating environment descriptor '/home/ambushee/HexapodLeg_modeling_team/2dof/install/hexapod_gz/share/hexapod_gz/hook/ament_prefix_path.dsv'
[0.435s] INFO:colcon.colcon_core.shell:Creating environment hook '/home/ambushee/HexapodLeg_modeling_team/2dof/install/hexapod_gz/share/hexapod_gz/hook/ament_prefix_path.sh'
[0.436s] INFO:colcon.colcon_core.shell:Skip shell extension 'powershell' for command environment: Not usable outside of PowerShell
[0.436s] DEBUG:colcon.colcon_core.shell:Skip shell extension 'dsv' for command environment
[0.440s] INFO:colcon.colcon_ros.task.ament_cmake.build:Building ROS package in '/home/ambushee/HexapodLeg_modeling_team/2dof/src/volta_controller-20251104T082652Z-1-001/volta_controller' with build type 'ament_cmake'
[0.440s] INFO:colcon.colcon_cmake.task.cmake.build:Building CMake package in '/home/ambushee/HexapodLeg_modeling_team/2dof/src/volta_controller-20251104T082652Z-1-001/volta_controller'
[0.440s] INFO:colcon.colcon_core.shell:Skip shell extension 'powershell' for command environment: Not usable outside of PowerShell
[0.440s] DEBUG:colcon.colcon_core.shell:Skip shell extension 'dsv' for command environment
[0.450s] DEBUG:colcon.colcon_core.event_handler.log_command:Invoking command in '/home/ambushee/HexapodLeg_modeling_team/2dof/build/cybergear_driver': CMAKE_PREFIX_PATH=${CMAKE_PREFIX_PATH}:/home/ambushee/HexapodLeg_modeling_team/2dof/install/hexapod_gz:/home/ambushee/HexapodLeg_modeling_team/2dof/install/experiment_kit:/opt/ros/humble /usr/bin/cmake --build /home/ambushee/HexapodLeg_modeling_team/2dof/build/cybergear_driver -- -j16 -l16
[0.452s] DEBUG:colcon.colcon_core.event_handler.log_command:Invoking command in '/home/ambushee/HexapodLeg_modeling_team/2dof/build/cybergear_interfaces': CMAKE_PREFIX_PATH=${CMAKE_PREFIX_PATH}:/home/ambushee/HexapodLeg_modeling_team/2dof/install/hexapod_gz:/home/ambushee/HexapodLeg_modeling_team/2dof/install/experiment_kit:/opt/ros/humble /usr/bin/cmake --build /home/ambushee/HexapodLeg_modeling_team/2dof/build/cybergear_interfaces -- -j16 -l16
[0.825s] INFO:colcon.colcon_core.task.python.build:Building Python package in '/home/ambushee/HexapodLeg_modeling_team/2dof/src/experiment_kit'
[0.826s] INFO:colcon.colcon_core.shell:Skip shell extension 'powershell' for command environment: Not usable outside of PowerShell
[0.826s] DEBUG:colcon.colcon_core.shell:Skip shell extension 'dsv' for command environment
[1.108s] INFO:colcon.colcon_core.task.python.build:Building Python package in '/home/ambushee/HexapodLeg_modeling_team/2dof/src/hexapod_gz'
[1.108s] INFO:colcon.colcon_core.shell:Skip shell extension 'powershell' for command environment: Not usable outside of PowerShell
[1.108s] DEBUG:colcon.colcon_core.shell:Skip shell extension 'dsv' for command environment
[1.123s] DEBUG:colcon.colcon_core.event_handler.log_command:Invoking command in '/home/ambushee/HexapodLeg_modeling_team/2dof/build/volta_controller': CMAKE_PREFIX_PATH=${CMAKE_PREFIX_PATH}:/home/ambushee/HexapodLeg_modeling_team/2dof/install/hexapod_gz:/home/ambushee/HexapodLeg_modeling_team/2dof/install/experiment_kit:/opt/ros/humble /usr/bin/cmake --build /home/ambushee/HexapodLeg_modeling_team/2dof/build/volta_controller -- -j16 -l16
[1.124s] DEBUG:colcon.colcon_core.event_handler.log_command:Invoked command in '/home/ambushee/HexapodLeg_modeling_team/2dof/build/cybergear_driver' returned '0': CMAKE_PREFIX_PATH=${CMAKE_PREFIX_PATH}:/home/ambushee/HexapodLeg_modeling_team/2dof/install/hexapod_gz:/home/ambushee/HexapodLeg_modeling_team/2dof/install/experiment_kit:/opt/ros/humble /usr/bin/cmake --build /home/ambushee/HexapodLeg_modeling_team/2dof/build/cybergear_driver -- -j16 -l16
[1.131s] DEBUG:colcon.colcon_core.event_handler.log_command:Invoking command in '/home/ambushee/HexapodLeg_modeling_team/2dof/build/cybergear_driver': CMAKE_PREFIX_PATH=${CMAKE_PREFIX_PATH}:/home/ambushee/HexapodLeg_modeling_team/2dof/install/hexapod_gz:/home/ambushee/HexapodLeg_modeling_team/2dof/install/experiment_kit:/opt/ros/humble /usr/bin/cmake --install /home/ambushee/HexapodLeg_modeling_team/2dof/build/cybergear_driver
[1.132s] DEBUG:colcon.colcon_core.event_handler.log_command:Invoked command in '/home/ambushee/HexapodLeg_modeling_team/2dof/build/cybergear_interfaces' returned '0': CMAKE_PREFIX_PATH=${CMAKE_PREFIX_PATH}:/home/ambushee/HexapodLeg_modeling_team/2dof/install/hexapod_gz:/home/ambushee/HexapodLeg_modeling_team/2dof/install/experiment_kit:/opt/ros/humble /usr/bin/cmake --build /home/ambushee/HexapodLeg_modeling_team/2dof/build/cybergear_interfaces -- -j16 -l16
[1.133s] DEBUG:colcon.colcon_core.event_handler.log_command:Invoking command in '/home/ambushee/HexapodLeg_modeling_team/2dof/build/cybergear_interfaces': CMAKE_PREFIX_PATH=${CMAKE_PREFIX_PATH}:/home/ambushee/HexapodLeg_modeling_team/2dof/install/hexapod_gz:/home/ambushee/HexapodLeg_modeling_team/2dof/install/experiment_kit:/opt/ros/humble /usr/bin/cmake --install /home/ambushee/HexapodLeg_modeling_team/2dof/build/cybergear_interfaces
[1.183s] Level 1:colcon.colcon_core.environment:create_environment_scripts_only(cybergear_driver)
[1.186s] DEBUG:colcon.colcon_core.event_handler.log_command:Invoked command in '/home/ambushee/HexapodLeg_modeling_team/2dof/build/cybergear_driver' returned '0': CMAKE_PREFIX_PATH=${CMAKE_PREFIX_PATH}:/home/ambushee/HexapodLeg_modeling_team/2dof/install/hexapod_gz:/home/ambushee/HexapodLeg_modeling_team/2dof/install/experiment_kit:/opt/ros/humble /usr/bin/cmake --install /home/ambushee/HexapodLeg_modeling_team/2dof/build/cybergear_driver
[1.192s] Level 1:colcon.colcon_core.environment:checking '/home/ambushee/HexapodLeg_modeling_team/2dof/install/cybergear_driver' for CMake module files
[1.192s] Level 1:colcon.colcon_core.environment:checking '/home/ambushee/HexapodLeg_modeling_team/2dof/install/cybergear_driver' for CMake config files
[1.192s] Level 1:colcon.colcon_core.shell:create_environment_hook('cybergear_driver', 'cmake_prefix_path')
[1.193s] INFO:colcon.colcon_core.shell:Creating environment hook '/home/ambushee/HexapodLeg_modeling_team/2dof/install/cybergear_driver/share/cybergear_driver/hook/cmake_prefix_path.ps1'
[1.193s] INFO:colcon.colcon_core.shell:Creating environment descriptor '/home/ambushee/HexapodLeg_modeling_team/2dof/install/cybergear_driver/share/cybergear_driver/hook/cmake_prefix_path.dsv'
[1.194s] INFO:colcon.colcon_core.shell:Creating environment hook '/home/ambushee/HexapodLeg_modeling_team/2dof/install/cybergear_driver/share/cybergear_driver/hook/cmake_prefix_path.sh'
[1.194s] Level 1:colcon.colcon_core.environment:checking '/home/ambushee/HexapodLeg_modeling_team/2dof/install/cybergear_driver/lib'
[1.194s] Level 1:colcon.colcon_core.environment:checking '/home/ambushee/HexapodLeg_modeling_team/2dof/install/cybergear_driver/bin'
[1.195s] Level 1:colcon.colcon_core.environment:checking '/home/ambushee/HexapodLeg_modeling_team/2dof/install/cybergear_driver/lib/pkgconfig/cybergear_driver.pc'
[1.195s] Level 1:colcon.colcon_core.environment:checking '/home/ambushee/HexapodLeg_modeling_team/2dof/install/cybergear_driver/lib/python3.10/site-packages'
[1.195s] Level 1:colcon.colcon_core.environment:checking '/home/ambushee/HexapodLeg_modeling_team/2dof/install/cybergear_driver/bin'
[1.195s] INFO:colcon.colcon_core.shell:Creating package script '/home/ambushee/HexapodLeg_modeling_team/2dof/install/cybergear_driver/share/cybergear_driver/package.ps1'
[1.196s] INFO:colcon.colcon_core.shell:Creating package descriptor '/home/ambushee/HexapodLeg_modeling_team/2dof/install/cybergear_driver/share/cybergear_driver/package.dsv'
[1.197s] INFO:colcon.colcon_core.shell:Creating package script '/home/ambushee/HexapodLeg_modeling_team/2dof/install/cybergear_driver/share/cybergear_driver/package.sh'
[1.198s] INFO:colcon.colcon_core.shell:Creating package script '/home/ambushee/HexapodLeg_modeling_team/2dof/install/cybergear_driver/share/cybergear_driver/package.bash'
[1.198s] INFO:colcon.colcon_core.shell:Creating package script '/home/ambushee/HexapodLeg_modeling_team/2dof/install/cybergear_driver/share/cybergear_driver/package.zsh'
[1.199s] Level 1:colcon.colcon_core.environment:create_file_with_runtime_dependencies(/home/ambushee/HexapodLeg_modeling_team/2dof/install/cybergear_driver/share/colcon-core/packages/cybergear_driver)
[1.200s] Level 1:colcon.colcon_core.environment:create_environment_scripts_only(cybergear_driver)
[1.200s] Level 1:colcon.colcon_core.environment:checking '/home/ambushee/HexapodLeg_modeling_team/2dof/install/cybergear_driver' for CMake module files
[1.201s] Level 1:colcon.colcon_core.environment:checking '/home/ambushee/HexapodLeg_modeling_team/2dof/install/cybergear_driver' for CMake config files
[1.201s] Level 1:colcon.colcon_core.shell:create_environment_hook('cybergear_driver', 'cmake_prefix_path')
[1.201s] INFO:colcon.colcon_core.shell:Creating environment hook '/home/ambushee/HexapodLeg_modeling_team/2dof/install/cybergear_driver/share/cybergear_driver/hook/cmake_prefix_path.ps1'
[1.201s] INFO:colcon.colcon_core.shell:Creating environment descriptor '/home/ambushee/HexapodLeg_modeling_team/2dof/install/cybergear_driver/share/cybergear_driver/hook/cmake_prefix_path.dsv'
[1.202s] INFO:colcon.colcon_core.shell:Creating environment hook '/home/ambushee/HexapodLeg_modeling_team/2dof/install/cybergear_driver/share/cybergear_driver/hook/cmake_prefix_path.sh'
[1.202s] Level 1:colcon.colcon_core.environment:checking '/home/ambushee/HexapodLeg_modeling_team/2dof/install/cybergear_driver/lib'
[1.202s] Level 1:colcon.colcon_core.environment:checking '/home/ambushee/HexapodLeg_modeling_team/2dof/install/cybergear_driver/bin'
[1.203s] Level 1:colcon.colcon_core.environment:checking '/home/ambushee/HexapodLeg_modeling_team/2dof/install/cybergear_driver/lib/pkgconfig/cybergear_driver.pc'
[1.203s] Level 1:colcon.colcon_core.environment:checking '/home/ambushee/HexapodLeg_modeling_team/2dof/install/cybergear_driver/lib/python3.10/site-packages'
[1.203s] Level 1:colcon.colcon_core.environment:checking '/home/ambushee/HexapodLeg_modeling_team/2dof/install/cybergear_driver/bin'
[1.203s] INFO:colcon.colcon_core.shell:Creating package script '/home/ambushee/HexapodLeg_modeling_team/2dof/install/cybergear_driver/share/cybergear_driver/package.ps1'
[1.204s] INFO:colcon.colcon_core.shell:Creating package descriptor '/home/ambushee/HexapodLeg_modeling_team/2dof/install/cybergear_driver/share/cybergear_driver/package.dsv'
[1.204s] INFO:colcon.colcon_core.shell:Creating package script '/home/ambushee/HexapodLeg_modeling_team/2dof/install/cybergear_driver/share/cybergear_driver/package.sh'
[1.205s] INFO:colcon.colcon_core.shell:Creating package script '/home/ambushee/HexapodLeg_modeling_team/2dof/install/cybergear_driver/share/cybergear_driver/package.bash'
[1.205s] INFO:colcon.colcon_core.shell:Creating package script '/home/ambushee/HexapodLeg_modeling_team/2dof/install/cybergear_driver/share/cybergear_driver/package.zsh'
[1.206s] Level 1:colcon.colcon_core.environment:create_file_with_runtime_dependencies(/home/ambushee/HexapodLeg_modeling_team/2dof/install/cybergear_driver/share/colcon-core/packages/cybergear_driver)
[1.207s] Level 1:colcon.colcon_core.environment:create_environment_scripts_only(cybergear_interfaces)
[1.207s] Level 1:colcon.colcon_core.environment:checking '/home/ambushee/HexapodLeg_modeling_team/2dof/install/cybergear_interfaces' for CMake module files
[1.208s] DEBUG:colcon.colcon_core.event_handler.log_command:Invoked command in '/home/ambushee/HexapodLeg_modeling_team/2dof/build/cybergear_interfaces' returned '0': CMAKE_PREFIX_PATH=${CMAKE_PREFIX_PATH}:/home/ambushee/HexapodLeg_modeling_team/2dof/install/hexapod_gz:/home/ambushee/HexapodLeg_modeling_team/2dof/install/experiment_kit:/opt/ros/humble /usr/bin/cmake --install /home/ambushee/HexapodLeg_modeling_team/2dof/build/cybergear_interfaces
[1.208s] Level 1:colcon.colcon_core.environment:checking '/home/ambushee/HexapodLeg_modeling_team/2dof/install/cybergear_interfaces' for CMake config files
[1.209s] Level 1:colcon.colcon_core.shell:create_environment_hook('cybergear_interfaces', 'cmake_prefix_path')
[1.209s] INFO:colcon.colcon_core.shell:Creating environment hook '/home/ambushee/HexapodLeg_modeling_team/2dof/install/cybergear_interfaces/share/cybergear_interfaces/hook/cmake_prefix_path.ps1'
[1.209s] INFO:colcon.colcon_core.shell:Creating environment descriptor '/home/ambushee/HexapodLeg_modeling_team/2dof/install/cybergear_interfaces/share/cybergear_interfaces/hook/cmake_prefix_path.dsv'
[1.210s] INFO:colcon.colcon_core.shell:Creating environment hook '/home/ambushee/HexapodLeg_modeling_team/2dof/install/cybergear_interfaces/share/cybergear_interfaces/hook/cmake_prefix_path.sh'
[1.210s] Level 1:colcon.colcon_core.environment:checking '/home/ambushee/HexapodLeg_modeling_team/2dof/install/cybergear_interfaces/lib'
[1.211s] Level 1:colcon.colcon_core.shell:create_environment_hook('cybergear_interfaces', 'ld_library_path_lib')
[1.211s] INFO:colcon.colcon_core.shell:Creating environment hook '/home/ambushee/HexapodLeg_modeling_team/2dof/install/cybergear_interfaces/share/cybergear_interfaces/hook/ld_library_path_lib.ps1'
[1.211s] INFO:colcon.colcon_core.shell:Creating environment descriptor '/home/ambushee/HexapodLeg_modeling_team/2dof/install/cybergear_interfaces/share/cybergear_interfaces/hook/ld_library_path_lib.dsv'
[1.212s] INFO:colcon.colcon_core.shell:Creating environment hook '/home/ambushee/HexapodLeg_modeling_team/2dof/install/cybergear_interfaces/share/cybergear_interfaces/hook/ld_library_path_lib.sh'
[1.212s] Level 1:colcon.colcon_core.environment:checking '/home/ambushee/HexapodLeg_modeling_team/2dof/install/cybergear_interfaces/bin'
[1.212s] Level 1:colcon.colcon_core.environment:checking '/home/ambushee/HexapodLeg_modeling_team/2dof/install/cybergear_interfaces/lib/pkgconfig/cybergear_interfaces.pc'
[1.212s] Level 1:colcon.colcon_core.environment:checking '/home/ambushee/HexapodLeg_modeling_team/2dof/install/cybergear_interfaces/lib/python3.10/site-packages'
[1.213s] Level 1:colcon.colcon_core.environment:checking '/home/ambushee/HexapodLeg_modeling_team/2dof/install/cybergear_interfaces/bin'
[1.213s] INFO:colcon.colcon_core.shell:Creating package script '/home/ambushee/HexapodLeg_modeling_team/2dof/install/cybergear_interfaces/share/cybergear_interfaces/package.ps1'
[1.213s] INFO:colcon.colcon_core.shell:Creating package descriptor '/home/ambushee/HexapodLeg_modeling_team/2dof/install/cybergear_interfaces/share/cybergear_interfaces/package.dsv'
[1.214s] INFO:colcon.colcon_core.shell:Creating package script '/home/ambushee/HexapodLeg_modeling_team/2dof/install/cybergear_interfaces/share/cybergear_interfaces/package.sh'
[1.214s] INFO:colcon.colcon_core.shell:Creating package script '/home/ambushee/HexapodLeg_modeling_team/2dof/install/cybergear_interfaces/share/cybergear_interfaces/package.bash'
[1.215s] INFO:colcon.colcon_core.shell:Creating package script '/home/ambushee/HexapodLeg_modeling_team/2dof/install/cybergear_interfaces/share/cybergear_interfaces/package.zsh'
[1.215s] Level 1:colcon.colcon_core.environment:create_file_with_runtime_dependencies(/home/ambushee/HexapodLeg_modeling_team/2dof/install/cybergear_interfaces/share/colcon-core/packages/cybergear_interfaces)
[1.216s] Level 1:colcon.colcon_core.environment:create_environment_scripts_only(cybergear_interfaces)
[1.216s] Level 1:colcon.colcon_core.environment:checking '/home/ambushee/HexapodLeg_modeling_team/2dof/install/cybergear_interfaces' for CMake module files
[1.217s] Level 1:colcon.colcon_core.environment:checking '/home/ambushee/HexapodLeg_modeling_team/2dof/install/cybergear_interfaces' for CMake config files
[1.217s] Level 1:colcon.colcon_core.shell:create_environment_hook('cybergear_interfaces', 'cmake_prefix_path')
[1.218s] INFO:colcon.colcon_core.shell:Creating environment hook '/home/ambushee/HexapodLeg_modeling_team/2dof/install/cybergear_interfaces/share/cybergear_interfaces/hook/cmake_prefix_path.ps1'
[1.218s] INFO:colcon.colcon_core.shell:Creating environment descriptor '/home/ambushee/HexapodLeg_modeling_team/2dof/install/cybergear_interfaces/share/cybergear_interfaces/hook/cmake_prefix_path.dsv'
[1.218s] INFO:colcon.colcon_core.shell:Creating environment hook '/home/ambushee/HexapodLeg_modeling_team/2dof/install/cybergear_interfaces/share/cybergear_interfaces/hook/cmake_prefix_path.sh'
[1.220s] Level 1:colcon.colcon_core.environment:checking '/home/ambushee/HexapodLeg_modeling_team/2dof/install/cybergear_interfaces/lib'
[1.220s] Level 1:colcon.colcon_core.shell:create_environment_hook('cybergear_interfaces', 'ld_library_path_lib')
[1.220s] INFO:colcon.colcon_core.shell:Creating environment hook '/home/ambushee/HexapodLeg_modeling_team/2dof/install/cybergear_interfaces/share/cybergear_interfaces/hook/ld_library_path_lib.ps1'
[1.221s] INFO:colcon.colcon_core.shell:Creating environment descriptor '/home/ambushee/HexapodLeg_modeling_team/2dof/install/cybergear_interfaces/share/cybergear_interfaces/hook/ld_library_path_lib.dsv'
[1.221s] INFO:colcon.colcon_core.shell:Creating environment hook '/home/ambushee/HexapodLeg_modeling_team/2dof/install/cybergear_interfaces/share/cybergear_interfaces/hook/ld_library_path_lib.sh'
[1.222s] Level 1:colcon.colcon_core.environment:checking '/home/ambushee/HexapodLeg_modeling_team/2dof/install/cybergear_interfaces/bin'
[1.222s] Level 1:colcon.colcon_core.environment:checking '/home/ambushee/HexapodLeg_modeling_team/2dof/install/cybergear_interfaces/lib/pkgconfig/cybergear_interfaces.pc'
[1.222s] Level 1:colcon.colcon_core.environment:checking '/home/ambushee/HexapodLeg_modeling_team/2dof/install/cybergear_interfaces/lib/python3.10/site-packages'
[1.222s] Level 1:colcon.colcon_core.environment:checking '/home/ambushee/HexapodLeg_modeling_team/2dof/install/cybergear_interfaces/bin'
[1.223s] INFO:colcon.colcon_core.shell:Creating package script '/home/ambushee/HexapodLeg_modeling_team/2dof/install/cybergear_interfaces/share/cybergear_interfaces/package.ps1'
[1.224s] INFO:colcon.colcon_core.shell:Creating package descriptor '/home/ambushee/HexapodLeg_modeling_team/2dof/install/cybergear_interfaces/share/cybergear_interfaces/package.dsv'
[1.224s] INFO:colcon.colcon_core.shell:Creating package script '/home/ambushee/HexapodLeg_modeling_team/2dof/install/cybergear_interfaces/share/cybergear_interfaces/package.sh'
[1.225s] INFO:colcon.colcon_core.shell:Creating package script '/home/ambushee/HexapodLeg_modeling_team/2dof/install/cybergear_interfaces/share/cybergear_interfaces/package.bash'
[1.225s] INFO:colcon.colcon_core.shell:Creating package script '/home/ambushee/HexapodLeg_modeling_team/2dof/install/cybergear_interfaces/share/cybergear_interfaces/package.zsh'
[1.226s] Level 1:colcon.colcon_core.environment:create_file_with_runtime_dependencies(/home/ambushee/HexapodLeg_modeling_team/2dof/install/cybergear_interfaces/share/colcon-core/packages/cybergear_interfaces)
[1.528s] DEBUG:colcon.colcon_core.event_handler.log_command:Invoked command in '/home/ambushee/HexapodLeg_modeling_team/2dof/build/volta_controller' returned '0': CMAKE_PREFIX_PATH=${CMAKE_PREFIX_PATH}:/home/ambushee/HexapodLeg_modeling_team/2dof/install/hexapod_gz:/home/ambushee/HexapodLeg_modeling_team/2dof/install/experiment_kit:/opt/ros/humble /usr/bin/cmake --build /home/ambushee/HexapodLeg_modeling_team/2dof/build/volta_controller -- -j16 -l16
[1.529s] DEBUG:colcon.colcon_core.event_handler.log_command:Invoking command in '/home/ambushee/HexapodLeg_modeling_team/2dof/build/volta_controller': CMAKE_PREFIX_PATH=${CMAKE_PREFIX_PATH}:/home/ambushee/HexapodLeg_modeling_team/2dof/install/hexapod_gz:/home/ambushee/HexapodLeg_modeling_team/2dof/install/experiment_kit:/opt/ros/humble /usr/bin/cmake --install /home/ambushee/HexapodLeg_modeling_team/2dof/build/volta_controller
[1.560s] DEBUG:colcon.colcon_core.event_handler.log_command:Invoking command in '/home/ambushee/HexapodLeg_modeling_team/2dof/src/hexapod_gz': PYTHONPATH=/home/ambushee/HexapodLeg_modeling_team/2dof/build/hexapod_gz/prefix_override:/usr/lib/python3/dist-packages/colcon_core/task/python/colcon_distutils_commands:/home/ambushee/HexapodLeg_modeling_team/2dof/install/hexapod_gz/lib/python3.10/site-packages:${PYTHONPATH} /usr/bin/python3 -W ignore:setup.py install is deprecated -W ignore:easy_install command is deprecated setup.py egg_info --egg-base ../../build/hexapod_gz build --build-base /home/ambushee/HexapodLeg_modeling_team/2dof/build/hexapod_gz/build install --record /home/ambushee/HexapodLeg_modeling_team/2dof/build/hexapod_gz/install.log --single-version-externally-managed install_data
[1.560s] DEBUG:colcon.colcon_core.event_handler.log_command:Invoking command in '/home/ambushee/HexapodLeg_modeling_team/2dof/src/experiment_kit': PYTHONPATH=/home/ambushee/HexapodLeg_modeling_team/2dof/build/experiment_kit/prefix_override:/usr/lib/python3/dist-packages/colcon_core/task/python/colcon_distutils_commands:/home/ambushee/HexapodLeg_modeling_team/2dof/install/experiment_kit/lib/python3.10/site-packages:${PYTHONPATH} /usr/bin/python3 -W ignore:setup.py install is deprecated -W ignore:easy_install command is deprecated setup.py egg_info --egg-base ../../build/experiment_kit build --build-base /home/ambushee/HexapodLeg_modeling_team/2dof/build/experiment_kit/build install --record /home/ambushee/HexapodLeg_modeling_team/2dof/build/experiment_kit/install.log --single-version-externally-managed install_data
[1.585s] Level 1:colcon.colcon_core.environment:create_environment_scripts_only(volta_controller)
[1.586s] Level 1:colcon.colcon_core.environment:checking '/home/ambushee/HexapodLeg_modeling_team/2dof/install/volta_controller' for CMake module files
[1.586s] DEBUG:colcon.colcon_core.event_handler.log_command:Invoked command in '/home/ambushee/HexapodLeg_modeling_team/2dof/build/volta_controller' returned '0': CMAKE_PREFIX_PATH=${CMAKE_PREFIX_PATH}:/home/ambushee/HexapodLeg_modeling_team/2dof/install/hexapod_gz:/home/ambushee/HexapodLeg_modeling_team/2dof/install/experiment_kit:/opt/ros/humble /usr/bin/cmake --install /home/ambushee/HexapodLeg_modeling_team/2dof/build/volta_controller
[1.586s] Level 1:colcon.colcon_core.environment:checking '/home/ambushee/HexapodLeg_modeling_team/2dof/install/volta_controller' for CMake config files
[1.587s] Level 1:colcon.colcon_core.shell:create_environment_hook('volta_controller', 'cmake_prefix_path')
[1.587s] INFO:colcon.colcon_core.shell:Creating environment hook '/home/ambushee/HexapodLeg_modeling_team/2dof/install/volta_controller/share/volta_controller/hook/cmake_prefix_path.ps1'
[1.587s] INFO:colcon.colcon_core.shell:Creating environment descriptor '/home/ambushee/HexapodLeg_modeling_team/2dof/install/volta_controller/share/volta_controller/hook/cmake_prefix_path.dsv'
[1.588s] INFO:colcon.colcon_core.shell:Creating environment hook '/home/ambushee/HexapodLeg_modeling_team/2dof/install/volta_controller/share/volta_controller/hook/cmake_prefix_path.sh'
[1.588s] Level 1:colcon.colcon_core.environment:checking '/home/ambushee/HexapodLeg_modeling_team/2dof/install/volta_controller/lib'
[1.588s] Level 1:colcon.colcon_core.environment:checking '/home/ambushee/HexapodLeg_modeling_team/2dof/install/volta_controller/bin'
[1.588s] Level 1:colcon.colcon_core.environment:checking '/home/ambushee/HexapodLeg_modeling_team/2dof/install/volta_controller/lib/pkgconfig/volta_controller.pc'
[1.588s] Level 1:colcon.colcon_core.environment:checking '/home/ambushee/HexapodLeg_modeling_team/2dof/install/volta_controller/lib/python3.10/site-packages'
[1.589s] Level 1:colcon.colcon_core.environment:checking '/home/ambushee/HexapodLeg_modeling_team/2dof/install/volta_controller/bin'
[1.589s] INFO:colcon.colcon_core.shell:Creating package script '/home/ambushee/HexapodLeg_modeling_team/2dof/install/volta_controller/share/volta_controller/package.ps1'
[1.589s] INFO:colcon.colcon_core.shell:Creating package descriptor '/home/ambushee/HexapodLeg_modeling_team/2dof/install/volta_controller/share/volta_controller/package.dsv'
[1.590s] INFO:colcon.colcon_core.shell:Creating package script '/home/ambushee/HexapodLeg_modeling_team/2dof/install/volta_controller/share/volta_controller/package.sh'
[1.590s] INFO:colcon.colcon_core.shell:Creating package script '/home/ambushee/HexapodLeg_modeling_team/2dof/install/volta_controller/share/volta_controller/package.bash'
[1.590s] INFO:colcon.colcon_core.shell:Creating package script '/home/ambushee/HexapodLeg_modeling_team/2dof/install/volta_controller/share/volta_controller/package.zsh'
[1.591s] Level 1:colcon.colcon_core.environment:create_file_with_runtime_dependencies(/home/ambushee/HexapodLeg_modeling_team/2dof/install/volta_controller/share/colcon-core/packages/volta_controller)
[1.591s] Level 1:colcon.colcon_core.environment:create_environment_scripts_only(volta_controller)
[1.591s] Level 1:colcon.colcon_core.environment:checking '/home/ambushee/HexapodLeg_modeling_team/2dof/install/volta_controller' for CMake module files
[1.592s] Level 1:colcon.colcon_core.environment:checking '/home/ambushee/HexapodLeg_modeling_team/2dof/install/volta_controller' for CMake config files
[1.592s] Level 1:colcon.colcon_core.shell:create_environment_hook('volta_controller', 'cmake_prefix_path')
[1.592s] INFO:colcon.colcon_core.shell:Creating environment hook '/home/ambushee/HexapodLeg_modeling_team/2dof/install/volta_controller/share/volta_controller/hook/cmake_prefix_path.ps1'
[1.593s] INFO:colcon.colcon_core.shell:Creating environment descriptor '/home/ambushee/HexapodLeg_modeling_team/2dof/install/volta_controller/share/volta_controller/hook/cmake_prefix_path.dsv'
[1.593s] INFO:colcon.colcon_core.shell:Creating environment hook '/home/ambushee/HexapodLeg_modeling_team/2dof/install/volta_controller/share/volta_controller/hook/cmake_prefix_path.sh'
[1.593s] Level 1:colcon.colcon_core.environment:checking '/home/ambushee/HexapodLeg_modeling_team/2dof/install/volta_controller/lib'
[1.593s] Level 1:colcon.colcon_core.environment:checking '/home/ambushee/HexapodLeg_modeling_team/2dof/install/volta_controller/bin'
[1.594s] Level 1:colcon.colcon_core.environment:checking '/home/ambushee/HexapodLeg_modeling_team/2dof/install/volta_controller/lib/pkgconfig/volta_controller.pc'
[1.594s] Level 1:colcon.colcon_core.environment:checking '/home/ambushee/HexapodLeg_modeling_team/2dof/install/volta_controller/lib/python3.10/site-packages'
[1.594s] Level 1:colcon.colcon_core.environment:checking '/home/ambushee/HexapodLeg_modeling_team/2dof/install/volta_controller/bin'
[1.594s] INFO:colcon.colcon_core.shell:Creating package script '/home/ambushee/HexapodLeg_modeling_team/2dof/install/volta_controller/share/volta_controller/package.ps1'
[1.595s] INFO:colcon.colcon_core.shell:Creating package descriptor '/home/ambushee/HexapodLeg_modeling_team/2dof/install/volta_controller/share/volta_controller/package.dsv'
[1.595s] INFO:colcon.colcon_core.shell:Creating package script '/home/ambushee/HexapodLeg_modeling_team/2dof/install/volta_controller/share/volta_controller/package.sh'
[1.595s] INFO:colcon.colcon_core.shell:Creating package script '/home/ambushee/HexapodLeg_modeling_team/2dof/install/volta_controller/share/volta_controller/package.bash'
[1.596s] INFO:colcon.colcon_core.shell:Creating package script '/home/ambushee/HexapodLeg_modeling_team/2dof/install/volta_controller/share/volta_controller/package.zsh'
[1.596s] Level 1:colcon.colcon_core.environment:create_file_with_runtime_dependencies(/home/ambushee/HexapodLeg_modeling_team/2dof/install/volta_controller/share/colcon-core/packages/volta_controller)
[1.863s] Level 1:colcon.colcon_core.environment:checking '/home/ambushee/HexapodLeg_modeling_team/2dof/install/hexapod_gz' for CMake module files
[1.863s] DEBUG:colcon.colcon_core.event_handler.log_command:Invoked command in '/home/ambushee/HexapodLeg_modeling_team/2dof/src/hexapod_gz' returned '0': PYTHONPATH=/home/ambushee/HexapodLeg_modeling_team/2dof/build/hexapod_gz/prefix_override:/usr/lib/python3/dist-packages/colcon_core/task/python/colcon_distutils_commands:/home/ambushee/HexapodLeg_modeling_team/2dof/install/hexapod_gz/lib/python3.10/site-packages:${PYTHONPATH} /usr/bin/python3 -W ignore:setup.py install is deprecated -W ignore:easy_install command is deprecated setup.py egg_info --egg-base ../../build/hexapod_gz build --build-base /home/ambushee/HexapodLeg_modeling_team/2dof/build/hexapod_gz/build install --record /home/ambushee/HexapodLeg_modeling_team/2dof/build/hexapod_gz/install.log --single-version-externally-managed install_data
[1.864s] Level 1:colcon.colcon_core.environment:checking '/home/ambushee/HexapodLeg_modeling_team/2dof/install/hexapod_gz' for CMake config files
[1.865s] Level 1:colcon.colcon_core.environment:checking '/home/ambushee/HexapodLeg_modeling_team/2dof/install/hexapod_gz/lib'
[1.865s] Level 1:colcon.colcon_core.environment:checking '/home/ambushee/HexapodLeg_modeling_team/2dof/install/hexapod_gz/bin'
[1.865s] Level 1:colcon.colcon_core.environment:checking '/home/ambushee/HexapodLeg_modeling_team/2dof/install/hexapod_gz/lib/pkgconfig/hexapod_gz.pc'
[1.865s] Level 1:colcon.colcon_core.environment:checking '/home/ambushee/HexapodLeg_modeling_team/2dof/install/hexapod_gz/lib/python3.10/site-packages'
[1.866s] Level 1:colcon.colcon_core.shell:create_environment_hook('hexapod_gz', 'pythonpath')
[1.866s] INFO:colcon.colcon_core.shell:Creating environment hook '/home/ambushee/HexapodLeg_modeling_team/2dof/install/hexapod_gz/share/hexapod_gz/hook/pythonpath.ps1'
[1.867s] INFO:colcon.colcon_core.shell:Creating environment descriptor '/home/ambushee/HexapodLeg_modeling_team/2dof/install/hexapod_gz/share/hexapod_gz/hook/pythonpath.dsv'
[1.867s] INFO:colcon.colcon_core.shell:Creating environment hook '/home/ambushee/HexapodLeg_modeling_team/2dof/install/hexapod_gz/share/hexapod_gz/hook/pythonpath.sh'
[1.868s] Level 1:colcon.colcon_core.environment:checking '/home/ambushee/HexapodLeg_modeling_team/2dof/install/hexapod_gz/bin'
[1.868s] Level 1:colcon.colcon_core.environment:create_environment_scripts_only(hexapod_gz)
[1.869s] INFO:colcon.colcon_core.shell:Creating package script '/home/ambushee/HexapodLeg_modeling_team/2dof/install/hexapod_gz/share/hexapod_gz/package.ps1'
[1.870s] INFO:colcon.colcon_core.shell:Creating package descriptor '/home/ambushee/HexapodLeg_modeling_team/2dof/install/hexapod_gz/share/hexapod_gz/package.dsv'
[1.871s] INFO:colcon.colcon_core.shell:Creating package script '/home/ambushee/HexapodLeg_modeling_team/2dof/install/hexapod_gz/share/hexapod_gz/package.sh'
[1.872s] INFO:colcon.colcon_core.shell:Creating package script '/home/ambushee/HexapodLeg_modeling_team/2dof/install/hexapod_gz/share/hexapod_gz/package.bash'
[1.872s] INFO:colcon.colcon_core.shell:Creating package script '/home/ambushee/HexapodLeg_modeling_team/2dof/install/hexapod_gz/share/hexapod_gz/package.zsh'
[1.873s] Level 1:colcon.colcon_core.environment:create_file_with_runtime_dependencies(/home/ambushee/HexapodLeg_modeling_team/2dof/install/hexapod_gz/share/colcon-core/packages/hexapod_gz)
[1.893s] Level 1:colcon.colcon_core.environment:checking '/home/ambushee/HexapodLeg_modeling_team/2dof/install/experiment_kit' for CMake module files
[1.894s] DEBUG:colcon.colcon_core.event_handler.log_command:Invoked command in '/home/ambushee/HexapodLeg_modeling_team/2dof/src/experiment_kit' returned '0': PYTHONPATH=/home/ambushee/HexapodLeg_modeling_team/2dof/build/experiment_kit/prefix_override:/usr/lib/python3/dist-packages/colcon_core/task/python/colcon_distutils_commands:/home/ambushee/HexapodLeg_modeling_team/2dof/install/experiment_kit/lib/python3.10/site-packages:${PYTHONPATH} /usr/bin/python3 -W ignore:setup.py install is deprecated -W ignore:easy_install command is deprecated setup.py egg_info --egg-base ../../build/experiment_kit build --build-base /home/ambushee/HexapodLeg_modeling_team/2dof/build/experiment_kit/build install --record /home/ambushee/HexapodLeg_modeling_team/2dof/build/experiment_kit/install.log --single-version-externally-managed install_data
[1.894s] Level 1:colcon.colcon_core.environment:checking '/home/ambushee/HexapodLeg_modeling_team/2dof/install/experiment_kit' for CMake config files
[1.895s] Level 1:colcon.colcon_core.environment:checking '/home/ambushee/HexapodLeg_modeling_team/2dof/install/experiment_kit/lib'
[1.895s] Level 1:colcon.colcon_core.environment:checking '/home/ambushee/HexapodLeg_modeling_team/2dof/install/experiment_kit/bin'
[1.895s] Level 1:colcon.colcon_core.environment:checking '/home/ambushee/HexapodLeg_modeling_team/2dof/install/experiment_kit/lib/pkgconfig/experiment_kit.pc'
[1.896s] Level 1:colcon.colcon_core.environment:checking '/home/ambushee/HexapodLeg_modeling_team/2dof/install/experiment_kit/lib/python3.10/site-packages'
[1.896s] Level 1:colcon.colcon_core.shell:create_environment_hook('experiment_kit', 'pythonpath')
[1.896s] INFO:colcon.colcon_core.shell:Creating environment hook '/home/ambushee/HexapodLeg_modeling_team/2dof/install/experiment_kit/share/experiment_kit/hook/pythonpath.ps1'
[1.897s] INFO:colcon.colcon_core.shell:Creating environment descriptor '/home/ambushee/HexapodLeg_modeling_team/2dof/install/experiment_kit/share/experiment_kit/hook/pythonpath.dsv'
[1.897s] INFO:colcon.colcon_core.shell:Creating environment hook '/home/ambushee/HexapodLeg_modeling_team/2dof/install/experiment_kit/share/experiment_kit/hook/pythonpath.sh'
[1.898s] Level 1:colcon.colcon_core.environment:checking '/home/ambushee/HexapodLeg_modeling_team/2dof/install/experiment_kit/bin'
[1.898s] Level 1:colcon.colcon_core.environment:create_environment_scripts_only(experiment_kit)
[1.898s] INFO:colcon.colcon_core.shell:Creating package script '/home/ambushee/HexapodLeg_modeling_team/2dof/install/experiment_kit/share/experiment_kit/package.ps1'
[1.899s] INFO:colcon.colcon_core.shell:Creating package descriptor '/home/ambushee/HexapodLeg_modeling_team/2dof/install/experiment_kit/share/experiment_kit/package.dsv'
[1.900s] INFO:colcon.colcon_core.shell:Creating package script '/home/ambushee/HexapodLeg_modeling_team/2dof/install/experiment_kit/share/experiment_kit/package.sh'
[1.900s] INFO:colcon.colcon_core.shell:Creating package script '/home/ambushee/HexapodLeg_modeling_team/2dof/install/experiment_kit/share/experiment_kit/package.bash'
[1.901s] INFO:colcon.colcon_core.shell:Creating package script '/home/ambushee/HexapodLeg_modeling_team/2dof/install/experiment_kit/share/experiment_kit/package.zsh'
[1.901s] Level 1:colcon.colcon_core.environment:create_file_with_runtime_dependencies(/home/ambushee/HexapodLeg_modeling_team/2dof/install/experiment_kit/share/colcon-core/packages/experiment_kit)
[1.902s] DEBUG:colcon.colcon_parallel_executor.executor.parallel:closing loop
[1.902s] DEBUG:colcon.colcon_parallel_executor.executor.parallel:loop closed
[1.902s] DEBUG:colcon.colcon_parallel_executor.executor.parallel:run_until_complete finished with '0'
[1.902s] DEBUG:colcon.colcon_core.event_reactor:joining thread
[1.910s] INFO:colcon.colcon_core.plugin_system:Skipping extension 'colcon_notification.desktop_notification.terminal_notifier': Not used on non-Darwin systems
[1.910s] INFO:colcon.colcon_core.plugin_system:Skipping extension 'colcon_notification.desktop_notification.win32': Not used on non-Windows systems
[1.910s] INFO:colcon.colcon_notification.desktop_notification:Sending desktop notification using 'notify2'
[1.926s] DEBUG:colcon.colcon_core.event_reactor:joined thread
[1.926s] INFO:colcon.colcon_core.shell:Creating prefix script '/home/ambushee/HexapodLeg_modeling_team/2dof/install/local_setup.ps1'
[1.928s] INFO:colcon.colcon_core.shell:Creating prefix util module '/home/ambushee/HexapodLeg_modeling_team/2dof/install/_local_setup_util_ps1.py'
[1.930s] INFO:colcon.colcon_core.shell:Creating prefix chain script '/home/ambushee/HexapodLeg_modeling_team/2dof/install/setup.ps1'
[1.932s] INFO:colcon.colcon_core.shell:Creating prefix script '/home/ambushee/HexapodLeg_modeling_team/2dof/install/local_setup.sh'
[1.933s] INFO:colcon.colcon_core.shell:Creating prefix util module '/home/ambushee/HexapodLeg_modeling_team/2dof/install/_local_setup_util_sh.py'
[1.934s] INFO:colcon.colcon_core.shell:Creating prefix chain script '/home/ambushee/HexapodLeg_modeling_team/2dof/install/setup.sh'
[1.937s] INFO:colcon.colcon_core.shell:Creating prefix script '/home/ambushee/HexapodLeg_modeling_team/2dof/install/local_setup.bash'
[1.938s] INFO:colcon.colcon_core.shell:Creating prefix chain script '/home/ambushee/HexapodLeg_modeling_team/2dof/install/setup.bash'
[1.940s] INFO:colcon.colcon_core.shell:Creating prefix script '/home/ambushee/HexapodLeg_modeling_team/2dof/install/local_setup.zsh'
[1.941s] INFO:colcon.colcon_core.shell:Creating prefix chain script '/home/ambushee/HexapodLeg_modeling_team/2dof/install/setup.zsh'
