[0.097s] DEBUG:colcon:Command line arguments: ['/usr/bin/colcon', 'build']
[0.098s] DEBUG:colcon:Parsed command line arguments: Namespace(log_base=None, log_level=None, verb_name='build', build_base='build', install_base='install', merge_install=False, symlink_install=False, test_result_base=None, continue_on_error=False, executor='parallel', parallel_workers=16, event_handlers=None, ignore_user_meta=False, metas=['./colcon.meta'], base_paths=['.'], packages_ignore=None, packages_ignore_regex=None, paths=None, packages_up_to=None, packages_up_to_regex=None, packages_above=None, packages_above_and_dependencies=None, packages_above_depth=None, packages_select_by_dep=None, packages_skip_by_dep=None, packages_skip_up_to=None, packages_select_build_failed=False, packages_skip_build_finished=False, packages_select_test_failures=False, packages_skip_test_passed=False, packages_select=None, packages_skip=None, packages_select_regex=None, packages_skip_regex=None, packages_start=None, packages_end=None, allow_overriding=[], cmake_args=None, cmake_target=None, cmake_target_skip_unavailable=False, cmake_clean_cache=False, cmake_clean_first=False, cmake_force_configure=False, ament_cmake_args=None, catkin_cmake_args=None, catkin_skip_building_tests=False, verb_parser=<colcon_defaults.argument_parser.defaults.DefaultArgumentsDecorator object at 0x77eb87aea230>, verb_extension=<colcon_core.verb.build.BuildVerb object at 0x77eb87ccfaf0>, main=<bound method BuildVerb.main of <colcon_core.verb.build.BuildVerb object at 0x77eb87ccfaf0>>)
[0.268s] Level 1:colcon.colcon_core.package_discovery:discover_packages(colcon_meta) check parameters
[0.268s] Level 1:colcon.colcon_core.package_discovery:discover_packages(recursive) check parameters
[0.268s] Level 1:colcon.colcon_core.package_discovery:discover_packages(ignore) check parameters
[0.268s] Level 1:colcon.colcon_core.package_discovery:discover_packages(path) check parameters
[0.268s] Level 1:colcon.colcon_core.package_discovery:discover_packages(colcon_meta) discover
[0.268s] Level 1:colcon.colcon_core.package_discovery:discover_packages(recursive) discover
[0.268s] INFO:colcon.colcon_core.package_discovery:Crawling recursively for packages in '/home/ambushee/HexapodLeg_modeling_team/2dof'
[0.268s] Level 1:colcon.colcon_core.package_identification:_identify(.) by extensions ['ignore', 'ignore_ament_install']
[0.268s] Level 1:colcon.colcon_core.package_identification:_identify(.) by extension 'ignore'
[0.268s] Level 1:colcon.colcon_core.package_identification:_identify(.) by extension 'ignore_ament_install'
[0.268s] Level 1:colcon.colcon_core.package_identification:_identify(.) by extensions ['colcon_pkg']
[0.268s] Level 1:colcon.colcon_core.package_identification:_identify(.) by extension 'colcon_pkg'
[0.268s] Level 1:colcon.colcon_core.package_identification:_identify(.) by extensions ['colcon_meta']
[0.268s] Level 1:colcon.colcon_core.package_identification:_identify(.) by extension 'colcon_meta'
[0.268s] Level 1:colcon.colcon_core.package_identification:_identify(.) by extensions ['ros']
[0.268s] Level 1:colcon.colcon_core.package_identification:_identify(.) by extension 'ros'
[0.284s] Level 1:colcon.colcon_core.package_identification:_identify(.) by extensions ['cmake', 'python']
[0.284s] Level 1:colcon.colcon_core.package_identification:_identify(.) by extension 'cmake'
[0.284s] Level 1:colcon.colcon_core.package_identification:_identify(.) by extension 'python'
[0.284s] Level 1:colcon.colcon_core.package_identification:_identify(.) by extensions ['python_setup_py']
[0.284s] Level 1:colcon.colcon_core.package_identification:_identify(.) by extension 'python_setup_py'
[0.284s] Level 1:colcon.colcon_core.package_identification:_identify(build) by extensions ['ignore', 'ignore_ament_install']
[0.284s] Level 1:colcon.colcon_core.package_identification:_identify(build) by extension 'ignore'
[0.284s] Level 1:colcon.colcon_core.package_identification:_identify(build) ignored
[0.284s] Level 1:colcon.colcon_core.package_identification:_identify(install) by extensions ['ignore', 'ignore_ament_install']
[0.284s] Level 1:colcon.colcon_core.package_identification:_identify(install) by extension 'ignore'
[0.284s] Level 1:colcon.colcon_core.package_identification:_identify(install) ignored
[0.284s] Level 1:colcon.colcon_core.package_identification:_identify(log) by extensions ['ignore', 'ignore_ament_install']
[0.284s] Level 1:colcon.colcon_core.package_identification:_identify(log) by extension 'ignore'
[0.285s] Level 1:colcon.colcon_core.package_identification:_identify(log) ignored
[0.285s] Level 1:colcon.colcon_core.package_identification:_identify(src) by extensions ['ignore', 'ignore_ament_install']
[0.285s] Level 1:colcon.colcon_core.package_identification:_identify(src) by extension 'ignore'
[0.285s] Level 1:colcon.colcon_core.package_identification:_identify(src) by extension 'ignore_ament_install'
[0.285s] Level 1:colcon.colcon_core.package_identification:_identify(src) by extensions ['colcon_pkg']
[0.285s] Level 1:colcon.colcon_core.package_identification:_identify(src) by extension 'colcon_pkg'
[0.285s] Level 1:colcon.colcon_core.package_identification:_identify(src) by extensions ['colcon_meta']
[0.285s] Level 1:colcon.colcon_core.package_identification:_identify(src) by extension 'colcon_meta'
[0.285s] Level 1:colcon.colcon_core.package_identification:_identify(src) by extensions ['ros']
[0.285s] Level 1:colcon.colcon_core.package_identification:_identify(src) by extension 'ros'
[0.285s] Level 1:colcon.colcon_core.package_identification:_identify(src) by extensions ['cmake', 'python']
[0.285s] Level 1:colcon.colcon_core.package_identification:_identify(src) by extension 'cmake'
[0.285s] Level 1:colcon.colcon_core.package_identification:_identify(src) by extension 'python'
[0.285s] Level 1:colcon.colcon_core.package_identification:_identify(src) by extensions ['python_setup_py']
[0.285s] Level 1:colcon.colcon_core.package_identification:_identify(src) by extension 'python_setup_py'
[0.285s] Level 1:colcon.colcon_core.package_identification:_identify(src/cybergear_driver) by extensions ['ignore', 'ignore_ament_install']
[0.285s] Level 1:colcon.colcon_core.package_identification:_identify(src/cybergear_driver) by extension 'ignore'
[0.285s] Level 1:colcon.colcon_core.package_identification:_identify(src/cybergear_driver) by extension 'ignore_ament_install'
[0.285s] Level 1:colcon.colcon_core.package_identification:_identify(src/cybergear_driver) by extensions ['colcon_pkg']
[0.285s] Level 1:colcon.colcon_core.package_identification:_identify(src/cybergear_driver) by extension 'colcon_pkg'
[0.285s] Level 1:colcon.colcon_core.package_identification:_identify(src/cybergear_driver) by extensions ['colcon_meta']
[0.285s] Level 1:colcon.colcon_core.package_identification:_identify(src/cybergear_driver) by extension 'colcon_meta'
[0.285s] Level 1:colcon.colcon_core.package_identification:_identify(src/cybergear_driver) by extensions ['ros']
[0.285s] Level 1:colcon.colcon_core.package_identification:_identify(src/cybergear_driver) by extension 'ros'
[0.287s] DEBUG:colcon.colcon_core.package_identification:Package 'src/cybergear_driver' with type 'ros.ament_cmake' and name 'cybergear_driver'
[0.287s] Level 1:colcon.colcon_core.package_identification:_identify(src/cybergear_interfaces) by extensions ['ignore', 'ignore_ament_install']
[0.288s] Level 1:colcon.colcon_core.package_identification:_identify(src/cybergear_interfaces) by extension 'ignore'
[0.288s] Level 1:colcon.colcon_core.package_identification:_identify(src/cybergear_interfaces) by extension 'ignore_ament_install'
[0.288s] Level 1:colcon.colcon_core.package_identification:_identify(src/cybergear_interfaces) by extensions ['colcon_pkg']
[0.288s] Level 1:colcon.colcon_core.package_identification:_identify(src/cybergear_interfaces) by extension 'colcon_pkg'
[0.288s] Level 1:colcon.colcon_core.package_identification:_identify(src/cybergear_interfaces) by extensions ['colcon_meta']
[0.288s] Level 1:colcon.colcon_core.package_identification:_identify(src/cybergear_interfaces) by extension 'colcon_meta'
[0.288s] Level 1:colcon.colcon_core.package_identification:_identify(src/cybergear_interfaces) by extensions ['ros']
[0.288s] Level 1:colcon.colcon_core.package_identification:_identify(src/cybergear_interfaces) by extension 'ros'
[0.288s] DEBUG:colcon.colcon_core.package_identification:Package 'src/cybergear_interfaces' with type 'ros.ament_cmake' and name 'cybergear_interfaces'
[0.288s] Level 1:colcon.colcon_core.package_identification:_identify(src/experiment_kit) by extensions ['ignore', 'ignore_ament_install']
[0.288s] Level 1:colcon.colcon_core.package_identification:_identify(src/experiment_kit) by extension 'ignore'
[0.288s] Level 1:colcon.colcon_core.package_identification:_identify(src/experiment_kit) by extension 'ignore_ament_install'
[0.288s] Level 1:colcon.colcon_core.package_identification:_identify(src/experiment_kit) by extensions ['colcon_pkg']
[0.289s] Level 1:colcon.colcon_core.package_identification:_identify(src/experiment_kit) by extension 'colcon_pkg'
[0.289s] Level 1:colcon.colcon_core.package_identification:_identify(src/experiment_kit) by extensions ['colcon_meta']
[0.289s] Level 1:colcon.colcon_core.package_identification:_identify(src/experiment_kit) by extension 'colcon_meta'
[0.289s] Level 1:colcon.colcon_core.package_identification:_identify(src/experiment_kit) by extensions ['ros']
[0.289s] Level 1:colcon.colcon_core.package_identification:_identify(src/experiment_kit) by extension 'ros'
[0.289s] DEBUG:colcon.colcon_core.package_identification:Package 'src/experiment_kit' with type 'ros.ament_python' and name 'experiment_kit'
[0.289s] Level 1:colcon.colcon_core.package_identification:_identify(src/hexapod_gz) by extensions ['ignore', 'ignore_ament_install']
[0.289s] Level 1:colcon.colcon_core.package_identification:_identify(src/hexapod_gz) by extension 'ignore'
[0.289s] Level 1:colcon.colcon_core.package_identification:_identify(src/hexapod_gz) by extension 'ignore_ament_install'
[0.289s] Level 1:colcon.colcon_core.package_identification:_identify(src/hexapod_gz) by extensions ['colcon_pkg']
[0.289s] Level 1:colcon.colcon_core.package_identification:_identify(src/hexapod_gz) by extension 'colcon_pkg'
[0.289s] Level 1:colcon.colcon_core.package_identification:_identify(src/hexapod_gz) by extensions ['colcon_meta']
[0.289s] Level 1:colcon.colcon_core.package_identification:_identify(src/hexapod_gz) by extension 'colcon_meta'
[0.289s] Level 1:colcon.colcon_core.package_identification:_identify(src/hexapod_gz) by extensions ['ros']
[0.289s] Level 1:colcon.colcon_core.package_identification:_identify(src/hexapod_gz) by extension 'ros'
[0.290s] DEBUG:colcon.colcon_core.package_identification:Package 'src/hexapod_gz' with type 'ros.ament_python' and name 'hexapod_gz'
[0.290s] Level 1:colcon.colcon_core.package_identification:_identify(src/volta_controller-20251104T082652Z-1-001) by extensions ['ignore', 'ignore_ament_install']
[0.290s] Level 1:colcon.colcon_core.package_identification:_identify(src/volta_controller-20251104T082652Z-1-001) by extension 'ignore'
[0.290s] Level 1:colcon.colcon_core.package_identification:_identify(src/volta_controller-20251104T082652Z-1-001) by extension 'ignore_ament_install'
[0.290s] Level 1:colcon.colcon_core.package_identification:_identify(src/volta_controller-20251104T082652Z-1-001) by extensions ['colcon_pkg']
[0.290s] Level 1:colcon.colcon_core.package_identification:_identify(src/volta_controller-20251104T082652Z-1-001) by extension 'colcon_pkg'
[0.290s] Level 1:colcon.colcon_core.package_identification:_identify(src/volta_controller-20251104T082652Z-1-001) by extensions ['colcon_meta']
[0.290s] Level 1:colcon.colcon_core.package_identification:_identify(src/volta_controller-20251104T082652Z-1-001) by extension 'colcon_meta'
[0.290s] Level 1:colcon.colcon_core.package_identification:_identify(src/volta_controller-20251104T082652Z-1-001) by extensions ['ros']
[0.290s] Level 1:colcon.colcon_core.package_identification:_identify(src/volta_controller-20251104T082652Z-1-001) by extension 'ros'
[0.290s] Level 1:colcon.colcon_core.package_identification:_identify(src/volta_controller-20251104T082652Z-1-001) by extensions ['cmake', 'python']
[0.290s] Level 1:colcon.colcon_core.package_identification:_identify(src/volta_controller-20251104T082652Z-1-001) by extension 'cmake'
[0.290s] Level 1:colcon.colcon_core.package_identification:_identify(src/volta_controller-20251104T082652Z-1-001) by extension 'python'
[0.290s] Level 1:colcon.colcon_core.package_identification:_identify(src/volta_controller-20251104T082652Z-1-001) by extensions ['python_setup_py']
[0.290s] Level 1:colcon.colcon_core.package_identification:_identify(src/volta_controller-20251104T082652Z-1-001) by extension 'python_setup_py'
[0.290s] Level 1:colcon.colcon_core.package_identification:_identify(src/volta_controller-20251104T082652Z-1-001/volta_controller) by extensions ['ignore', 'ignore_ament_install']
[0.290s] Level 1:colcon.colcon_core.package_identification:_identify(src/volta_controller-20251104T082652Z-1-001/volta_controller) by extension 'ignore'
[0.290s] Level 1:colcon.colcon_core.package_identification:_identify(src/volta_controller-20251104T082652Z-1-001/volta_controller) by extension 'ignore_ament_install'
[0.290s] Level 1:colcon.colcon_core.package_identification:_identify(src/volta_controller-20251104T082652Z-1-001/volta_controller) by extensions ['colcon_pkg']
[0.290s] Level 1:colcon.colcon_core.package_identification:_identify(src/volta_controller-20251104T082652Z-1-001/volta_controller) by extension 'colcon_pkg'
[0.291s] Level 1:colcon.colcon_core.package_identification:_identify(src/volta_controller-20251104T082652Z-1-001/volta_controller) by extensions ['colcon_meta']
[0.291s] Level 1:colcon.colcon_core.package_identification:_identify(src/volta_controller-20251104T082652Z-1-001/volta_controller) by extension 'colcon_meta'
[0.291s] Level 1:colcon.colcon_core.package_identification:_identify(src/volta_controller-20251104T082652Z-1-001/volta_controller) by extensions ['ros']
[0.291s] Level 1:colcon.colcon_core.package_identification:_identify(src/volta_controller-20251104T082652Z-1-001/volta_controller) by extension 'ros'
[0.291s] DEBUG:colcon.colcon_core.package_identification:Package 'src/volta_controller-20251104T082652Z-1-001/volta_controller' with type 'ros.ament_cmake' and name 'volta_controller'
[0.291s] Level 1:colcon.colcon_core.package_discovery:discover_packages(recursive) using defaults
[0.291s] Level 1:colcon.colcon_core.package_discovery:discover_packages(ignore) discover
[0.291s] Level 1:colcon.colcon_core.package_discovery:discover_packages(ignore) using defaults
[0.291s] Level 1:colcon.colcon_core.package_discovery:discover_packages(path) discover
[0.291s] Level 1:colcon.colcon_core.package_discovery:discover_packages(path) using defaults
[0.308s] Level 1:colcon.colcon_core.package_discovery:discover_packages(prefix_path) check parameters
[0.308s] Level 1:colcon.colcon_core.package_discovery:discover_packages(prefix_path) discover
[0.309s] DEBUG:colcon.colcon_installed_package_information.package_discovery:Found 5 installed packages in /home/ambushee/HexapodLeg_modeling_team/2dof/install
[0.310s] DEBUG:colcon.colcon_installed_package_information.package_discovery:Found 2 installed packages in /home/ambushee/ros2_ws/install
[0.311s] DEBUG:colcon.colcon_installed_package_information.package_discovery:Found 359 installed packages in /opt/ros/humble
[0.312s] Level 1:colcon.colcon_core.package_discovery:discover_packages(prefix_path) using defaults
[0.346s] Level 5:colcon.colcon_core.verb:set package 'cybergear_driver' build argument 'cmake_args' from command line to 'None'
[0.346s] Level 5:colcon.colcon_core.verb:set package 'cybergear_driver' build argument 'cmake_target' from command line to 'None'
[0.346s] Level 5:colcon.colcon_core.verb:set package 'cybergear_driver' build argument 'cmake_target_skip_unavailable' from command line to 'False'
[0.346s] Level 5:colcon.colcon_core.verb:set package 'cybergear_driver' build argument 'cmake_clean_cache' from command line to 'False'
[0.346s] Level 5:colcon.colcon_core.verb:set package 'cybergear_driver' build argument 'cmake_clean_first' from command line to 'False'
[0.346s] Level 5:colcon.colcon_core.verb:set package 'cybergear_driver' build argument 'cmake_force_configure' from command line to 'False'
[0.346s] Level 5:colcon.colcon_core.verb:set package 'cybergear_driver' build argument 'ament_cmake_args' from command line to 'None'
[0.346s] Level 5:colcon.colcon_core.verb:set package 'cybergear_driver' build argument 'catkin_cmake_args' from command line to 'None'
[0.346s] Level 5:colcon.colcon_core.verb:set package 'cybergear_driver' build argument 'catkin_skip_building_tests' from command line to 'False'
[0.346s] DEBUG:colcon.colcon_core.verb:Building package 'cybergear_driver' with the following arguments: {'ament_cmake_args': None, 'build_base': '/home/ambushee/HexapodLeg_modeling_team/2dof/build/cybergear_driver', 'catkin_cmake_args': None, 'catkin_skip_building_tests': False, 'cmake_args': None, 'cmake_clean_cache': False, 'cmake_clean_first': False, 'cmake_force_configure': False, 'cmake_target': None, 'cmake_target_skip_unavailable': False, 'install_base': '/home/ambushee/HexapodLeg_modeling_team/2dof/install/cybergear_driver', 'merge_install': False, 'path': '/home/ambushee/HexapodLeg_modeling_team/2dof/src/cybergear_driver', 'symlink_install': False, 'test_result_base': None}
[0.347s] Level 5:colcon.colcon_core.verb:set package 'cybergear_interfaces' build argument 'cmake_args' from command line to 'None'
[0.347s] Level 5:colcon.colcon_core.verb:set package 'cybergear_interfaces' build argument 'cmake_target' from command line to 'None'
[0.347s] Level 5:colcon.colcon_core.verb:set package 'cybergear_interfaces' build argument 'cmake_target_skip_unavailable' from command line to 'False'
[0.347s] Level 5:colcon.colcon_core.verb:set package 'cybergear_interfaces' build argument 'cmake_clean_cache' from command line to 'False'
[0.347s] Level 5:colcon.colcon_core.verb:set package 'cybergear_interfaces' build argument 'cmake_clean_first' from command line to 'False'
[0.347s] Level 5:colcon.colcon_core.verb:set package 'cybergear_interfaces' build argument 'cmake_force_configure' from command line to 'False'
[0.347s] Level 5:colcon.colcon_core.verb:set package 'cybergear_interfaces' build argument 'ament_cmake_args' from command line to 'None'
[0.347s] Level 5:colcon.colcon_core.verb:set package 'cybergear_interfaces' build argument 'catkin_cmake_args' from command line to 'None'
[0.347s] Level 5:colcon.colcon_core.verb:set package 'cybergear_interfaces' build argument 'catkin_skip_building_tests' from command line to 'False'
[0.347s] DEBUG:colcon.colcon_core.verb:Building package 'cybergear_interfaces' with the following arguments: {'ament_cmake_args': None, 'build_base': '/home/ambushee/HexapodLeg_modeling_team/2dof/build/cybergear_interfaces', 'catkin_cmake_args': None, 'catkin_skip_building_tests': False, 'cmake_args': None, 'cmake_clean_cache': False, 'cmake_clean_first': False, 'cmake_force_configure': False, 'cmake_target': None, 'cmake_target_skip_unavailable': False, 'install_base': '/home/ambushee/HexapodLeg_modeling_team/2dof/install/cybergear_interfaces', 'merge_install': False, 'path': '/home/ambushee/HexapodLeg_modeling_team/2dof/src/cybergear_interfaces', 'symlink_install': False, 'test_result_base': None}
[0.347s] Level 5:colcon.colcon_core.verb:set package 'experiment_kit' build argument 'cmake_args' from command line to 'None'
[0.347s] Level 5:colcon.colcon_core.verb:set package 'experiment_kit' build argument 'cmake_target' from command line to 'None'
[0.347s] Level 5:colcon.colcon_core.verb:set package 'experiment_kit' build argument 'cmake_target_skip_unavailable' from command line to 'False'
[0.347s] Level 5:colcon.colcon_core.verb:set package 'experiment_kit' build argument 'cmake_clean_cache' from command line to 'False'
[0.347s] Level 5:colcon.colcon_core.verb:set package 'experiment_kit' build argument 'cmake_clean_first' from command line to 'False'
[0.347s] Level 5:colcon.colcon_core.verb:set package 'experiment_kit' build argument 'cmake_force_configure' from command line to 'False'
[0.347s] Level 5:colcon.colcon_core.verb:set package 'experiment_kit' build argument 'ament_cmake_args' from command line to 'None'
[0.347s] Level 5:colcon.colcon_core.verb:set package 'experiment_kit' build argument 'catkin_cmake_args' from command line to 'None'
[0.347s] Level 5:colcon.colcon_core.verb:set package 'experiment_kit' build argument 'catkin_skip_building_tests' from command line to 'False'
[0.347s] DEBUG:colcon.colcon_core.verb:Building package 'experiment_kit' with the following arguments: {'ament_cmake_args': None, 'build_base': '/home/ambushee/HexapodLeg_modeling_team/2dof/build/experiment_kit', 'catkin_cmake_args': None, 'catkin_skip_building_tests': False, 'cmake_args': None, 'cmake_clean_cache': False, 'cmake_clean_first': False, 'cmake_force_configure': False, 'cmake_target': None, 'cmake_target_skip_unavailable': False, 'install_base': '/home/ambushee/HexapodLeg_modeling_team/2dof/install/experiment_kit', 'merge_install': False, 'path': '/home/ambushee/HexapodLeg_modeling_team/2dof/src/experiment_kit', 'symlink_install': False, 'test_result_base': None}
[0.348s] Level 5:colcon.colcon_core.verb:set package 'hexapod_gz' build argument 'cmake_args' from command line to 'None'
[0.348s] Level 5:colcon.colcon_core.verb:set package 'hexapod_gz' build argument 'cmake_target' from command line to 'None'
[0.348s] Level 5:colcon.colcon_core.verb:set package 'hexapod_gz' build argument 'cmake_target_skip_unavailable' from command line to 'False'
[0.348s] Level 5:colcon.colcon_core.verb:set package 'hexapod_gz' build argument 'cmake_clean_cache' from command line to 'False'
[0.348s] Level 5:colcon.colcon_core.verb:set package 'hexapod_gz' build argument 'cmake_clean_first' from command line to 'False'
[0.348s] Level 5:colcon.colcon_core.verb:set package 'hexapod_gz' build argument 'cmake_force_configure' from command line to 'False'
[0.348s] Level 5:colcon.colcon_core.verb:set package 'hexapod_gz' build argument 'ament_cmake_args' from command line to 'None'
[0.348s] Level 5:colcon.colcon_core.verb:set package 'hexapod_gz' build argument 'catkin_cmake_args' from command line to 'None'
[0.348s] Level 5:colcon.colcon_core.verb:set package 'hexapod_gz' build argument 'catkin_skip_building_tests' from command line to 'False'
[0.348s] DEBUG:colcon.colcon_core.verb:Building package 'hexapod_gz' with the following arguments: {'ament_cmake_args': None, 'build_base': '/home/ambushee/HexapodLeg_modeling_team/2dof/build/hexapod_gz', 'catkin_cmake_args': None, 'catkin_skip_building_tests': False, 'cmake_args': None, 'cmake_clean_cache': False, 'cmake_clean_first': False, 'cmake_force_configure': False, 'cmake_target': None, 'cmake_target_skip_unavailable': False, 'install_base': '/home/ambushee/HexapodLeg_modeling_team/2dof/install/hexapod_gz', 'merge_install': False, 'path': '/home/ambushee/HexapodLeg_modeling_team/2dof/src/hexapod_gz', 'symlink_install': False, 'test_result_base': None}
[0.348s] Level 5:colcon.colcon_core.verb:set package 'volta_controller' build argument 'cmake_args' from command line to 'None'
[0.348s] Level 5:colcon.colcon_core.verb:set package 'volta_controller' build argument 'cmake_target' from command line to 'None'
[0.348s] Level 5:colcon.colcon_core.verb:set package 'volta_controller' build argument 'cmake_target_skip_unavailable' from command line to 'False'
[0.348s] Level 5:colcon.colcon_core.verb:set package 'volta_controller' build argument 'cmake_clean_cache' from command line to 'False'
[0.348s] Level 5:colcon.colcon_core.verb:set package 'volta_controller' build argument 'cmake_clean_first' from command line to 'False'
[0.348s] Level 5:colcon.colcon_core.verb:set package 'volta_controller' build argument 'cmake_force_configure' from command line to 'False'
[0.348s] Level 5:colcon.colcon_core.verb:set package 'volta_controller' build argument 'ament_cmake_args' from command line to 'None'
[0.348s] Level 5:colcon.colcon_core.verb:set package 'volta_controller' build argument 'catkin_cmake_args' from command line to 'None'
[0.348s] Level 5:colcon.colcon_core.verb:set package 'volta_controller' build argument 'catkin_skip_building_tests' from command line to 'False'
[0.348s] DEBUG:colcon.colcon_core.verb:Building package 'volta_controller' with the following arguments: {'ament_cmake_args': None, 'build_base': '/home/ambushee/HexapodLeg_modeling_team/2dof/build/volta_controller', 'catkin_cmake_args': None, 'catkin_skip_building_tests': False, 'cmake_args': None, 'cmake_clean_cache': False, 'cmake_clean_first': False, 'cmake_force_configure': False, 'cmake_target': None, 'cmake_target_skip_unavailable': False, 'install_base': '/home/ambushee/HexapodLeg_modeling_team/2dof/install/volta_controller', 'merge_install': False, 'path': '/home/ambushee/HexapodLeg_modeling_team/2dof/src/volta_controller-20251104T082652Z-1-001/volta_controller', 'symlink_install': False, 'test_result_base': None}
[0.348s] INFO:colcon.colcon_core.executor:Executing jobs using 'parallel' executor
[0.349s] DEBUG:colcon.colcon_parallel_executor.executor.parallel:run_until_complete
[0.349s] INFO:colcon.colcon_ros.task.ament_cmake.build:Building ROS package in '/home/ambushee/HexapodLeg_modeling_team/2dof/src/cybergear_driver' with build type 'ament_cmake'
[0.350s] INFO:colcon.colcon_cmake.task.cmake.build:Building CMake package in '/home/ambushee/HexapodLeg_modeling_team/2dof/src/cybergear_driver'
[0.351s] INFO:colcon.colcon_core.plugin_system:Skipping extension 'colcon_core.shell.bat': Not used on non-Windows systems
[0.351s] INFO:colcon.colcon_core.shell:Skip shell extension 'powershell' for command environment: Not usable outside of PowerShell
[0.351s] DEBUG:colcon.colcon_core.shell:Skip shell extension 'dsv' for command environment
[0.355s] INFO:colcon.colcon_ros.task.ament_cmake.build:Building ROS package in '/home/ambushee/HexapodLeg_modeling_team/2dof/src/cybergear_interfaces' with build type 'ament_cmake'
[0.355s] INFO:colcon.colcon_cmake.task.cmake.build:Building CMake package in '/home/ambushee/HexapodLeg_modeling_team/2dof/src/cybergear_interfaces'
[0.355s] INFO:colcon.colcon_core.shell:Skip shell extension 'powershell' for command environment: Not usable outside of PowerShell
[0.355s] DEBUG:colcon.colcon_core.shell:Skip shell extension 'dsv' for command environment
[0.358s] INFO:colcon.colcon_ros.task.ament_python.build:Building ROS package in '/home/ambushee/HexapodLeg_modeling_team/2dof/src/experiment_kit' with build type 'ament_python'
[0.358s] Level 1:colcon.colcon_core.shell:create_environment_hook('experiment_kit', 'ament_prefix_path')
[0.358s] INFO:colcon.colcon_core.shell:Creating environment hook '/home/ambushee/HexapodLeg_modeling_team/2dof/install/experiment_kit/share/experiment_kit/hook/ament_prefix_path.ps1'
[0.358s] INFO:colcon.colcon_core.shell:Creating environment descriptor '/home/ambushee/HexapodLeg_modeling_team/2dof/install/experiment_kit/share/experiment_kit/hook/ament_prefix_path.dsv'
[0.359s] INFO:colcon.colcon_core.shell:Creating environment hook '/home/ambushee/HexapodLeg_modeling_team/2dof/install/experiment_kit/share/experiment_kit/hook/ament_prefix_path.sh'
[0.359s] INFO:colcon.colcon_core.shell:Skip shell extension 'powershell' for command environment: Not usable outside of PowerShell
[0.359s] DEBUG:colcon.colcon_core.shell:Skip shell extension 'dsv' for command environment
[0.362s] INFO:colcon.colcon_ros.task.ament_python.build:Building ROS package in '/home/ambushee/HexapodLeg_modeling_team/2dof/src/hexapod_gz' with build type 'ament_python'
[0.362s] Level 1:colcon.colcon_core.shell:create_environment_hook('hexapod_gz', 'ament_prefix_path')
[0.362s] INFO:colcon.colcon_core.shell:Creating environment hook '/home/ambushee/HexapodLeg_modeling_team/2dof/install/hexapod_gz/share/hexapod_gz/hook/ament_prefix_path.ps1'
[0.362s] INFO:colcon.colcon_core.shell:Creating environment descriptor '/home/ambushee/HexapodLeg_modeling_team/2dof/install/hexapod_gz/share/hexapod_gz/hook/ament_prefix_path.dsv'
[0.362s] INFO:colcon.colcon_core.shell:Creating environment hook '/home/ambushee/HexapodLeg_modeling_team/2dof/install/hexapod_gz/share/hexapod_gz/hook/ament_prefix_path.sh'
[0.391s] INFO:colcon.colcon_core.shell:Skip shell extension 'powershell' for command environment: Not usable outside of PowerShell
[0.391s] DEBUG:colcon.colcon_core.shell:Skip shell extension 'dsv' for command environment
[0.394s] INFO:colcon.colcon_ros.task.ament_cmake.build:Building ROS package in '/home/ambushee/HexapodLeg_modeling_team/2dof/src/volta_controller-20251104T082652Z-1-001/volta_controller' with build type 'ament_cmake'
[0.394s] INFO:colcon.colcon_cmake.task.cmake.build:Building CMake package in '/home/ambushee/HexapodLeg_modeling_team/2dof/src/volta_controller-20251104T082652Z-1-001/volta_controller'
[0.394s] INFO:colcon.colcon_core.shell:Skip shell extension 'powershell' for command environment: Not usable outside of PowerShell
[0.394s] DEBUG:colcon.colcon_core.shell:Skip shell extension 'dsv' for command environment
[0.400s] DEBUG:colcon.colcon_core.event_handler.log_command:Invoking command in '/home/ambushee/HexapodLeg_modeling_team/2dof/build/cybergear_driver': CMAKE_PREFIX_PATH=${CMAKE_PREFIX_PATH}:/home/ambushee/HexapodLeg_modeling_team/2dof/install/hexapod_gz:/home/ambushee/HexapodLeg_modeling_team/2dof/install/experiment_kit:/opt/ros/humble /usr/bin/cmake --build /home/ambushee/HexapodLeg_modeling_team/2dof/build/cybergear_driver -- -j16 -l16
[0.402s] DEBUG:colcon.colcon_core.event_handler.log_command:Invoking command in '/home/ambushee/HexapodLeg_modeling_team/2dof/build/cybergear_interfaces': CMAKE_PREFIX_PATH=${CMAKE_PREFIX_PATH}:/home/ambushee/HexapodLeg_modeling_team/2dof/install/hexapod_gz:/home/ambushee/HexapodLeg_modeling_team/2dof/install/experiment_kit:/opt/ros/humble /usr/bin/cmake --build /home/ambushee/HexapodLeg_modeling_team/2dof/build/cybergear_interfaces -- -j16 -l16
[0.702s] INFO:colcon.colcon_core.task.python.build:Building Python package in '/home/ambushee/HexapodLeg_modeling_team/2dof/src/experiment_kit'
[0.703s] INFO:colcon.colcon_core.shell:Skip shell extension 'powershell' for command environment: Not usable outside of PowerShell
[0.703s] DEBUG:colcon.colcon_core.shell:Skip shell extension 'dsv' for command environment
[1.014s] INFO:colcon.colcon_core.task.python.build:Building Python package in '/home/ambushee/HexapodLeg_modeling_team/2dof/src/hexapod_gz'
[1.014s] INFO:colcon.colcon_core.shell:Skip shell extension 'powershell' for command environment: Not usable outside of PowerShell
[1.014s] DEBUG:colcon.colcon_core.shell:Skip shell extension 'dsv' for command environment
[1.029s] DEBUG:colcon.colcon_core.event_handler.log_command:Invoked command in '/home/ambushee/HexapodLeg_modeling_team/2dof/build/cybergear_interfaces' returned '0': CMAKE_PREFIX_PATH=${CMAKE_PREFIX_PATH}:/home/ambushee/HexapodLeg_modeling_team/2dof/install/hexapod_gz:/home/ambushee/HexapodLeg_modeling_team/2dof/install/experiment_kit:/opt/ros/humble /usr/bin/cmake --build /home/ambushee/HexapodLeg_modeling_team/2dof/build/cybergear_interfaces -- -j16 -l16
[1.037s] DEBUG:colcon.colcon_core.event_handler.log_command:Invoking command in '/home/ambushee/HexapodLeg_modeling_team/2dof/build/cybergear_interfaces': CMAKE_PREFIX_PATH=${CMAKE_PREFIX_PATH}:/home/ambushee/HexapodLeg_modeling_team/2dof/install/hexapod_gz:/home/ambushee/HexapodLeg_modeling_team/2dof/install/experiment_kit:/opt/ros/humble /usr/bin/cmake --install /home/ambushee/HexapodLeg_modeling_team/2dof/build/cybergear_interfaces
[1.038s] DEBUG:colcon.colcon_core.event_handler.log_command:Invoked command in '/home/ambushee/HexapodLeg_modeling_team/2dof/build/cybergear_driver' returned '0': CMAKE_PREFIX_PATH=${CMAKE_PREFIX_PATH}:/home/ambushee/HexapodLeg_modeling_team/2dof/install/hexapod_gz:/home/ambushee/HexapodLeg_modeling_team/2dof/install/experiment_kit:/opt/ros/humble /usr/bin/cmake --build /home/ambushee/HexapodLeg_modeling_team/2dof/build/cybergear_driver -- -j16 -l16
[1.040s] DEBUG:colcon.colcon_core.event_handler.log_command:Invoking command in '/home/ambushee/HexapodLeg_modeling_team/2dof/build/cybergear_driver': CMAKE_PREFIX_PATH=${CMAKE_PREFIX_PATH}:/home/ambushee/HexapodLeg_modeling_team/2dof/install/hexapod_gz:/home/ambushee/HexapodLeg_modeling_team/2dof/install/experiment_kit:/opt/ros/humble /usr/bin/cmake --install /home/ambushee/HexapodLeg_modeling_team/2dof/build/cybergear_driver
[1.045s] DEBUG:colcon.colcon_core.event_handler.log_command:Invoking command in '/home/ambushee/HexapodLeg_modeling_team/2dof/build/volta_controller': CMAKE_PREFIX_PATH=${CMAKE_PREFIX_PATH}:/home/ambushee/HexapodLeg_modeling_team/2dof/install/hexapod_gz:/home/ambushee/HexapodLeg_modeling_team/2dof/install/experiment_kit:/opt/ros/humble /usr/bin/cmake --build /home/ambushee/HexapodLeg_modeling_team/2dof/build/volta_controller -- -j16 -l16
[1.091s] Level 1:colcon.colcon_core.environment:create_environment_scripts_only(cybergear_interfaces)
[1.092s] DEBUG:colcon.colcon_core.event_handler.log_command:Invoked command in '/home/ambushee/HexapodLeg_modeling_team/2dof/build/cybergear_interfaces' returned '0': CMAKE_PREFIX_PATH=${CMAKE_PREFIX_PATH}:/home/ambushee/HexapodLeg_modeling_team/2dof/install/hexapod_gz:/home/ambushee/HexapodLeg_modeling_team/2dof/install/experiment_kit:/opt/ros/humble /usr/bin/cmake --install /home/ambushee/HexapodLeg_modeling_team/2dof/build/cybergear_interfaces
[1.094s] Level 1:colcon.colcon_core.environment:checking '/home/ambushee/HexapodLeg_modeling_team/2dof/install/cybergear_interfaces' for CMake module files
[1.095s] Level 1:colcon.colcon_core.environment:checking '/home/ambushee/HexapodLeg_modeling_team/2dof/install/cybergear_interfaces' for CMake config files
[1.095s] Level 1:colcon.colcon_core.shell:create_environment_hook('cybergear_interfaces', 'cmake_prefix_path')
[1.096s] INFO:colcon.colcon_core.shell:Creating environment hook '/home/ambushee/HexapodLeg_modeling_team/2dof/install/cybergear_interfaces/share/cybergear_interfaces/hook/cmake_prefix_path.ps1'
[1.096s] INFO:colcon.colcon_core.shell:Creating environment descriptor '/home/ambushee/HexapodLeg_modeling_team/2dof/install/cybergear_interfaces/share/cybergear_interfaces/hook/cmake_prefix_path.dsv'
[1.097s] INFO:colcon.colcon_core.shell:Creating environment hook '/home/ambushee/HexapodLeg_modeling_team/2dof/install/cybergear_interfaces/share/cybergear_interfaces/hook/cmake_prefix_path.sh'
[1.097s] Level 1:colcon.colcon_core.environment:checking '/home/ambushee/HexapodLeg_modeling_team/2dof/install/cybergear_interfaces/lib'
[1.098s] Level 1:colcon.colcon_core.shell:create_environment_hook('cybergear_interfaces', 'ld_library_path_lib')
[1.098s] INFO:colcon.colcon_core.shell:Creating environment hook '/home/ambushee/HexapodLeg_modeling_team/2dof/install/cybergear_interfaces/share/cybergear_interfaces/hook/ld_library_path_lib.ps1'
[1.098s] INFO:colcon.colcon_core.shell:Creating environment descriptor '/home/ambushee/HexapodLeg_modeling_team/2dof/install/cybergear_interfaces/share/cybergear_interfaces/hook/ld_library_path_lib.dsv'
[1.099s] INFO:colcon.colcon_core.shell:Creating environment hook '/home/ambushee/HexapodLeg_modeling_team/2dof/install/cybergear_interfaces/share/cybergear_interfaces/hook/ld_library_path_lib.sh'
[1.099s] Level 1:colcon.colcon_core.environment:checking '/home/ambushee/HexapodLeg_modeling_team/2dof/install/cybergear_interfaces/bin'
[1.099s] Level 1:colcon.colcon_core.environment:checking '/home/ambushee/HexapodLeg_modeling_team/2dof/install/cybergear_interfaces/lib/pkgconfig/cybergear_interfaces.pc'
[1.099s] Level 1:colcon.colcon_core.environment:checking '/home/ambushee/HexapodLeg_modeling_team/2dof/install/cybergear_interfaces/lib/python3.10/site-packages'
[1.099s] Level 1:colcon.colcon_core.environment:checking '/home/ambushee/HexapodLeg_modeling_team/2dof/install/cybergear_interfaces/bin'
[1.100s] INFO:colcon.colcon_core.shell:Creating package script '/home/ambushee/HexapodLeg_modeling_team/2dof/install/cybergear_interfaces/share/cybergear_interfaces/package.ps1'
[1.101s] INFO:colcon.colcon_core.shell:Creating package descriptor '/home/ambushee/HexapodLeg_modeling_team/2dof/install/cybergear_interfaces/share/cybergear_interfaces/package.dsv'
[1.102s] INFO:colcon.colcon_core.shell:Creating package script '/home/ambushee/HexapodLeg_modeling_team/2dof/install/cybergear_interfaces/share/cybergear_interfaces/package.sh'
[1.102s] INFO:colcon.colcon_core.shell:Creating package script '/home/ambushee/HexapodLeg_modeling_team/2dof/install/cybergear_interfaces/share/cybergear_interfaces/package.bash'
[1.103s] INFO:colcon.colcon_core.shell:Creating package script '/home/ambushee/HexapodLeg_modeling_team/2dof/install/cybergear_interfaces/share/cybergear_interfaces/package.zsh'
[1.104s] Level 1:colcon.colcon_core.environment:create_file_with_runtime_dependencies(/home/ambushee/HexapodLeg_modeling_team/2dof/install/cybergear_interfaces/share/colcon-core/packages/cybergear_interfaces)
[1.104s] Level 1:colcon.colcon_core.environment:create_environment_scripts_only(cybergear_interfaces)
[1.105s] Level 1:colcon.colcon_core.environment:checking '/home/ambushee/HexapodLeg_modeling_team/2dof/install/cybergear_interfaces' for CMake module files
[1.105s] Level 1:colcon.colcon_core.environment:checking '/home/ambushee/HexapodLeg_modeling_team/2dof/install/cybergear_interfaces' for CMake config files
[1.106s] Level 1:colcon.colcon_core.shell:create_environment_hook('cybergear_interfaces', 'cmake_prefix_path')
[1.106s] INFO:colcon.colcon_core.shell:Creating environment hook '/home/ambushee/HexapodLeg_modeling_team/2dof/install/cybergear_interfaces/share/cybergear_interfaces/hook/cmake_prefix_path.ps1'
[1.106s] INFO:colcon.colcon_core.shell:Creating environment descriptor '/home/ambushee/HexapodLeg_modeling_team/2dof/install/cybergear_interfaces/share/cybergear_interfaces/hook/cmake_prefix_path.dsv'
[1.107s] INFO:colcon.colcon_core.shell:Creating environment hook '/home/ambushee/HexapodLeg_modeling_team/2dof/install/cybergear_interfaces/share/cybergear_interfaces/hook/cmake_prefix_path.sh'
[1.107s] Level 1:colcon.colcon_core.environment:checking '/home/ambushee/HexapodLeg_modeling_team/2dof/install/cybergear_interfaces/lib'
[1.108s] Level 1:colcon.colcon_core.shell:create_environment_hook('cybergear_interfaces', 'ld_library_path_lib')
[1.108s] INFO:colcon.colcon_core.shell:Creating environment hook '/home/ambushee/HexapodLeg_modeling_team/2dof/install/cybergear_interfaces/share/cybergear_interfaces/hook/ld_library_path_lib.ps1'
[1.108s] INFO:colcon.colcon_core.shell:Creating environment descriptor '/home/ambushee/HexapodLeg_modeling_team/2dof/install/cybergear_interfaces/share/cybergear_interfaces/hook/ld_library_path_lib.dsv'
[1.108s] INFO:colcon.colcon_core.shell:Creating environment hook '/home/ambushee/HexapodLeg_modeling_team/2dof/install/cybergear_interfaces/share/cybergear_interfaces/hook/ld_library_path_lib.sh'
[1.109s] Level 1:colcon.colcon_core.environment:checking '/home/ambushee/HexapodLeg_modeling_team/2dof/install/cybergear_interfaces/bin'
[1.109s] Level 1:colcon.colcon_core.environment:checking '/home/ambushee/HexapodLeg_modeling_team/2dof/install/cybergear_interfaces/lib/pkgconfig/cybergear_interfaces.pc'
[1.109s] Level 1:colcon.colcon_core.environment:checking '/home/ambushee/HexapodLeg_modeling_team/2dof/install/cybergear_interfaces/lib/python3.10/site-packages'
[1.109s] Level 1:colcon.colcon_core.environment:checking '/home/ambushee/HexapodLeg_modeling_team/2dof/install/cybergear_interfaces/bin'
[1.110s] INFO:colcon.colcon_core.shell:Creating package script '/home/ambushee/HexapodLeg_modeling_team/2dof/install/cybergear_interfaces/share/cybergear_interfaces/package.ps1'
[1.110s] INFO:colcon.colcon_core.shell:Creating package descriptor '/home/ambushee/HexapodLeg_modeling_team/2dof/install/cybergear_interfaces/share/cybergear_interfaces/package.dsv'
[1.111s] INFO:colcon.colcon_core.shell:Creating package script '/home/ambushee/HexapodLeg_modeling_team/2dof/install/cybergear_interfaces/share/cybergear_interfaces/package.sh'
[1.111s] INFO:colcon.colcon_core.shell:Creating package script '/home/ambushee/HexapodLeg_modeling_team/2dof/install/cybergear_interfaces/share/cybergear_interfaces/package.bash'
[1.111s] INFO:colcon.colcon_core.shell:Creating package script '/home/ambushee/HexapodLeg_modeling_team/2dof/install/cybergear_interfaces/share/cybergear_interfaces/package.zsh'
[1.112s] Level 1:colcon.colcon_core.environment:create_file_with_runtime_dependencies(/home/ambushee/HexapodLeg_modeling_team/2dof/install/cybergear_interfaces/share/colcon-core/packages/cybergear_interfaces)
[1.113s] Level 1:colcon.colcon_core.environment:create_environment_scripts_only(cybergear_driver)
[1.113s] Level 1:colcon.colcon_core.environment:checking '/home/ambushee/HexapodLeg_modeling_team/2dof/install/cybergear_driver' for CMake module files
[1.114s] DEBUG:colcon.colcon_core.event_handler.log_command:Invoked command in '/home/ambushee/HexapodLeg_modeling_team/2dof/build/cybergear_driver' returned '0': CMAKE_PREFIX_PATH=${CMAKE_PREFIX_PATH}:/home/ambushee/HexapodLeg_modeling_team/2dof/install/hexapod_gz:/home/ambushee/HexapodLeg_modeling_team/2dof/install/experiment_kit:/opt/ros/humble /usr/bin/cmake --install /home/ambushee/HexapodLeg_modeling_team/2dof/build/cybergear_driver
[1.114s] Level 1:colcon.colcon_core.environment:checking '/home/ambushee/HexapodLeg_modeling_team/2dof/install/cybergear_driver' for CMake config files
[1.115s] Level 1:colcon.colcon_core.shell:create_environment_hook('cybergear_driver', 'cmake_prefix_path')
[1.115s] INFO:colcon.colcon_core.shell:Creating environment hook '/home/ambushee/HexapodLeg_modeling_team/2dof/install/cybergear_driver/share/cybergear_driver/hook/cmake_prefix_path.ps1'
[1.115s] INFO:colcon.colcon_core.shell:Creating environment descriptor '/home/ambushee/HexapodLeg_modeling_team/2dof/install/cybergear_driver/share/cybergear_driver/hook/cmake_prefix_path.dsv'
[1.115s] INFO:colcon.colcon_core.shell:Creating environment hook '/home/ambushee/HexapodLeg_modeling_team/2dof/install/cybergear_driver/share/cybergear_driver/hook/cmake_prefix_path.sh'
[1.116s] Level 1:colcon.colcon_core.environment:checking '/home/ambushee/HexapodLeg_modeling_team/2dof/install/cybergear_driver/lib'
[1.116s] Level 1:colcon.colcon_core.environment:checking '/home/ambushee/HexapodLeg_modeling_team/2dof/install/cybergear_driver/bin'
[1.116s] Level 1:colcon.colcon_core.environment:checking '/home/ambushee/HexapodLeg_modeling_team/2dof/install/cybergear_driver/lib/pkgconfig/cybergear_driver.pc'
[1.116s] Level 1:colcon.colcon_core.environment:checking '/home/ambushee/HexapodLeg_modeling_team/2dof/install/cybergear_driver/lib/python3.10/site-packages'
[1.117s] Level 1:colcon.colcon_core.environment:checking '/home/ambushee/HexapodLeg_modeling_team/2dof/install/cybergear_driver/bin'
[1.117s] INFO:colcon.colcon_core.shell:Creating package script '/home/ambushee/HexapodLeg_modeling_team/2dof/install/cybergear_driver/share/cybergear_driver/package.ps1'
[1.117s] INFO:colcon.colcon_core.shell:Creating package descriptor '/home/ambushee/HexapodLeg_modeling_team/2dof/install/cybergear_driver/share/cybergear_driver/package.dsv'
[1.118s] INFO:colcon.colcon_core.shell:Creating package script '/home/ambushee/HexapodLeg_modeling_team/2dof/install/cybergear_driver/share/cybergear_driver/package.sh'
[1.118s] INFO:colcon.colcon_core.shell:Creating package script '/home/ambushee/HexapodLeg_modeling_team/2dof/install/cybergear_driver/share/cybergear_driver/package.bash'
[1.118s] INFO:colcon.colcon_core.shell:Creating package script '/home/ambushee/HexapodLeg_modeling_team/2dof/install/cybergear_driver/share/cybergear_driver/package.zsh'
[1.119s] Level 1:colcon.colcon_core.environment:create_file_with_runtime_dependencies(/home/ambushee/HexapodLeg_modeling_team/2dof/install/cybergear_driver/share/colcon-core/packages/cybergear_driver)
[1.119s] Level 1:colcon.colcon_core.environment:create_environment_scripts_only(cybergear_driver)
[1.120s] Level 1:colcon.colcon_core.environment:checking '/home/ambushee/HexapodLeg_modeling_team/2dof/install/cybergear_driver' for CMake module files
[1.120s] Level 1:colcon.colcon_core.environment:checking '/home/ambushee/HexapodLeg_modeling_team/2dof/install/cybergear_driver' for CMake config files
[1.120s] Level 1:colcon.colcon_core.shell:create_environment_hook('cybergear_driver', 'cmake_prefix_path')
[1.121s] INFO:colcon.colcon_core.shell:Creating environment hook '/home/ambushee/HexapodLeg_modeling_team/2dof/install/cybergear_driver/share/cybergear_driver/hook/cmake_prefix_path.ps1'
[1.121s] INFO:colcon.colcon_core.shell:Creating environment descriptor '/home/ambushee/HexapodLeg_modeling_team/2dof/install/cybergear_driver/share/cybergear_driver/hook/cmake_prefix_path.dsv'
[1.121s] INFO:colcon.colcon_core.shell:Creating environment hook '/home/ambushee/HexapodLeg_modeling_team/2dof/install/cybergear_driver/share/cybergear_driver/hook/cmake_prefix_path.sh'
[1.122s] Level 1:colcon.colcon_core.environment:checking '/home/ambushee/HexapodLeg_modeling_team/2dof/install/cybergear_driver/lib'
[1.122s] Level 1:colcon.colcon_core.environment:checking '/home/ambushee/HexapodLeg_modeling_team/2dof/install/cybergear_driver/bin'
[1.122s] Level 1:colcon.colcon_core.environment:checking '/home/ambushee/HexapodLeg_modeling_team/2dof/install/cybergear_driver/lib/pkgconfig/cybergear_driver.pc'
[1.122s] Level 1:colcon.colcon_core.environment:checking '/home/ambushee/HexapodLeg_modeling_team/2dof/install/cybergear_driver/lib/python3.10/site-packages'
[1.122s] Level 1:colcon.colcon_core.environment:checking '/home/ambushee/HexapodLeg_modeling_team/2dof/install/cybergear_driver/bin'
[1.123s] INFO:colcon.colcon_core.shell:Creating package script '/home/ambushee/HexapodLeg_modeling_team/2dof/install/cybergear_driver/share/cybergear_driver/package.ps1'
[1.123s] INFO:colcon.colcon_core.shell:Creating package descriptor '/home/ambushee/HexapodLeg_modeling_team/2dof/install/cybergear_driver/share/cybergear_driver/package.dsv'
[1.124s] INFO:colcon.colcon_core.shell:Creating package script '/home/ambushee/HexapodLeg_modeling_team/2dof/install/cybergear_driver/share/cybergear_driver/package.sh'
[1.124s] INFO:colcon.colcon_core.shell:Creating package script '/home/ambushee/HexapodLeg_modeling_team/2dof/install/cybergear_driver/share/cybergear_driver/package.bash'
[1.125s] INFO:colcon.colcon_core.shell:Creating package script '/home/ambushee/HexapodLeg_modeling_team/2dof/install/cybergear_driver/share/cybergear_driver/package.zsh'
[1.125s] Level 1:colcon.colcon_core.environment:create_file_with_runtime_dependencies(/home/ambushee/HexapodLeg_modeling_team/2dof/install/cybergear_driver/share/colcon-core/packages/cybergear_driver)
[1.419s] DEBUG:colcon.colcon_core.event_handler.log_command:Invoked command in '/home/ambushee/HexapodLeg_modeling_team/2dof/build/volta_controller' returned '0': CMAKE_PREFIX_PATH=${CMAKE_PREFIX_PATH}:/home/ambushee/HexapodLeg_modeling_team/2dof/install/hexapod_gz:/home/ambushee/HexapodLeg_modeling_team/2dof/install/experiment_kit:/opt/ros/humble /usr/bin/cmake --build /home/ambushee/HexapodLeg_modeling_team/2dof/build/volta_controller -- -j16 -l16
[1.421s] DEBUG:colcon.colcon_core.event_handler.log_command:Invoking command in '/home/ambushee/HexapodLeg_modeling_team/2dof/build/volta_controller': CMAKE_PREFIX_PATH=${CMAKE_PREFIX_PATH}:/home/ambushee/HexapodLeg_modeling_team/2dof/install/hexapod_gz:/home/ambushee/HexapodLeg_modeling_team/2dof/install/experiment_kit:/opt/ros/humble /usr/bin/cmake --install /home/ambushee/HexapodLeg_modeling_team/2dof/build/volta_controller
[1.444s] DEBUG:colcon.colcon_core.event_handler.log_command:Invoking command in '/home/ambushee/HexapodLeg_modeling_team/2dof/src/experiment_kit': PYTHONPATH=/home/ambushee/HexapodLeg_modeling_team/2dof/build/experiment_kit/prefix_override:/usr/lib/python3/dist-packages/colcon_core/task/python/colcon_distutils_commands:/home/ambushee/HexapodLeg_modeling_team/2dof/install/experiment_kit/lib/python3.10/site-packages:${PYTHONPATH} /usr/bin/python3 -W ignore:setup.py install is deprecated -W ignore:easy_install command is deprecated setup.py egg_info --egg-base ../../build/experiment_kit build --build-base /home/ambushee/HexapodLeg_modeling_team/2dof/build/experiment_kit/build install --record /home/ambushee/HexapodLeg_modeling_team/2dof/build/experiment_kit/install.log --single-version-externally-managed install_data
[1.444s] DEBUG:colcon.colcon_core.event_handler.log_command:Invoking command in '/home/ambushee/HexapodLeg_modeling_team/2dof/src/hexapod_gz': PYTHONPATH=/home/ambushee/HexapodLeg_modeling_team/2dof/build/hexapod_gz/prefix_override:/usr/lib/python3/dist-packages/colcon_core/task/python/colcon_distutils_commands:/home/ambushee/HexapodLeg_modeling_team/2dof/install/hexapod_gz/lib/python3.10/site-packages:${PYTHONPATH} /usr/bin/python3 -W ignore:setup.py install is deprecated -W ignore:easy_install command is deprecated setup.py egg_info --egg-base ../../build/hexapod_gz build --build-base /home/ambushee/HexapodLeg_modeling_team/2dof/build/hexapod_gz/build install --record /home/ambushee/HexapodLeg_modeling_team/2dof/build/hexapod_gz/install.log --single-version-externally-managed install_data
[1.470s] Level 1:colcon.colcon_core.environment:create_environment_scripts_only(volta_controller)
[1.470s] Level 1:colcon.colcon_core.environment:checking '/home/ambushee/HexapodLeg_modeling_team/2dof/install/volta_controller' for CMake module files
[1.471s] DEBUG:colcon.colcon_core.event_handler.log_command:Invoked command in '/home/ambushee/HexapodLeg_modeling_team/2dof/build/volta_controller' returned '0': CMAKE_PREFIX_PATH=${CMAKE_PREFIX_PATH}:/home/ambushee/HexapodLeg_modeling_team/2dof/install/hexapod_gz:/home/ambushee/HexapodLeg_modeling_team/2dof/install/experiment_kit:/opt/ros/humble /usr/bin/cmake --install /home/ambushee/HexapodLeg_modeling_team/2dof/build/volta_controller
[1.472s] Level 1:colcon.colcon_core.environment:checking '/home/ambushee/HexapodLeg_modeling_team/2dof/install/volta_controller' for CMake config files
[1.473s] Level 1:colcon.colcon_core.shell:create_environment_hook('volta_controller', 'cmake_prefix_path')
[1.473s] INFO:colcon.colcon_core.shell:Creating environment hook '/home/ambushee/HexapodLeg_modeling_team/2dof/install/volta_controller/share/volta_controller/hook/cmake_prefix_path.ps1'
[1.474s] INFO:colcon.colcon_core.shell:Creating environment descriptor '/home/ambushee/HexapodLeg_modeling_team/2dof/install/volta_controller/share/volta_controller/hook/cmake_prefix_path.dsv'
[1.475s] INFO:colcon.colcon_core.shell:Creating environment hook '/home/ambushee/HexapodLeg_modeling_team/2dof/install/volta_controller/share/volta_controller/hook/cmake_prefix_path.sh'
[1.476s] Level 1:colcon.colcon_core.environment:checking '/home/ambushee/HexapodLeg_modeling_team/2dof/install/volta_controller/lib'
[1.476s] Level 1:colcon.colcon_core.environment:checking '/home/ambushee/HexapodLeg_modeling_team/2dof/install/volta_controller/bin'
[1.477s] Level 1:colcon.colcon_core.environment:checking '/home/ambushee/HexapodLeg_modeling_team/2dof/install/volta_controller/lib/pkgconfig/volta_controller.pc'
[1.477s] Level 1:colcon.colcon_core.environment:checking '/home/ambushee/HexapodLeg_modeling_team/2dof/install/volta_controller/lib/python3.10/site-packages'
[1.478s] Level 1:colcon.colcon_core.environment:checking '/home/ambushee/HexapodLeg_modeling_team/2dof/install/volta_controller/bin'
[1.478s] INFO:colcon.colcon_core.shell:Creating package script '/home/ambushee/HexapodLeg_modeling_team/2dof/install/volta_controller/share/volta_controller/package.ps1'
[1.479s] INFO:colcon.colcon_core.shell:Creating package descriptor '/home/ambushee/HexapodLeg_modeling_team/2dof/install/volta_controller/share/volta_controller/package.dsv'
[1.480s] INFO:colcon.colcon_core.shell:Creating package script '/home/ambushee/HexapodLeg_modeling_team/2dof/install/volta_controller/share/volta_controller/package.sh'
[1.481s] INFO:colcon.colcon_core.shell:Creating package script '/home/ambushee/HexapodLeg_modeling_team/2dof/install/volta_controller/share/volta_controller/package.bash'
[1.481s] INFO:colcon.colcon_core.shell:Creating package script '/home/ambushee/HexapodLeg_modeling_team/2dof/install/volta_controller/share/volta_controller/package.zsh'
[1.482s] Level 1:colcon.colcon_core.environment:create_file_with_runtime_dependencies(/home/ambushee/HexapodLeg_modeling_team/2dof/install/volta_controller/share/colcon-core/packages/volta_controller)
[1.483s] Level 1:colcon.colcon_core.environment:create_environment_scripts_only(volta_controller)
[1.484s] Level 1:colcon.colcon_core.environment:checking '/home/ambushee/HexapodLeg_modeling_team/2dof/install/volta_controller' for CMake module files
[1.485s] Level 1:colcon.colcon_core.environment:checking '/home/ambushee/HexapodLeg_modeling_team/2dof/install/volta_controller' for CMake config files
[1.486s] Level 1:colcon.colcon_core.shell:create_environment_hook('volta_controller', 'cmake_prefix_path')
[1.486s] INFO:colcon.colcon_core.shell:Creating environment hook '/home/ambushee/HexapodLeg_modeling_team/2dof/install/volta_controller/share/volta_controller/hook/cmake_prefix_path.ps1'
[1.487s] INFO:colcon.colcon_core.shell:Creating environment descriptor '/home/ambushee/HexapodLeg_modeling_team/2dof/install/volta_controller/share/volta_controller/hook/cmake_prefix_path.dsv'
[1.488s] INFO:colcon.colcon_core.shell:Creating environment hook '/home/ambushee/HexapodLeg_modeling_team/2dof/install/volta_controller/share/volta_controller/hook/cmake_prefix_path.sh'
[1.488s] Level 1:colcon.colcon_core.environment:checking '/home/ambushee/HexapodLeg_modeling_team/2dof/install/volta_controller/lib'
[1.489s] Level 1:colcon.colcon_core.environment:checking '/home/ambushee/HexapodLeg_modeling_team/2dof/install/volta_controller/bin'
[1.489s] Level 1:colcon.colcon_core.environment:checking '/home/ambushee/HexapodLeg_modeling_team/2dof/install/volta_controller/lib/pkgconfig/volta_controller.pc'
[1.489s] Level 1:colcon.colcon_core.environment:checking '/home/ambushee/HexapodLeg_modeling_team/2dof/install/volta_controller/lib/python3.10/site-packages'
[1.490s] Level 1:colcon.colcon_core.environment:checking '/home/ambushee/HexapodLeg_modeling_team/2dof/install/volta_controller/bin'
[1.490s] INFO:colcon.colcon_core.shell:Creating package script '/home/ambushee/HexapodLeg_modeling_team/2dof/install/volta_controller/share/volta_controller/package.ps1'
[1.491s] INFO:colcon.colcon_core.shell:Creating package descriptor '/home/ambushee/HexapodLeg_modeling_team/2dof/install/volta_controller/share/volta_controller/package.dsv'
[1.492s] INFO:colcon.colcon_core.shell:Creating package script '/home/ambushee/HexapodLeg_modeling_team/2dof/install/volta_controller/share/volta_controller/package.sh'
[1.492s] INFO:colcon.colcon_core.shell:Creating package script '/home/ambushee/HexapodLeg_modeling_team/2dof/install/volta_controller/share/volta_controller/package.bash'
[1.493s] INFO:colcon.colcon_core.shell:Creating package script '/home/ambushee/HexapodLeg_modeling_team/2dof/install/volta_controller/share/volta_controller/package.zsh'
[1.494s] Level 1:colcon.colcon_core.environment:create_file_with_runtime_dependencies(/home/ambushee/HexapodLeg_modeling_team/2dof/install/volta_controller/share/colcon-core/packages/volta_controller)
[1.740s] Level 1:colcon.colcon_core.environment:checking '/home/ambushee/HexapodLeg_modeling_team/2dof/install/experiment_kit' for CMake module files
[1.742s] DEBUG:colcon.colcon_core.event_handler.log_command:Invoked command in '/home/ambushee/HexapodLeg_modeling_team/2dof/src/experiment_kit' returned '0': PYTHONPATH=/home/ambushee/HexapodLeg_modeling_team/2dof/build/experiment_kit/prefix_override:/usr/lib/python3/dist-packages/colcon_core/task/python/colcon_distutils_commands:/home/ambushee/HexapodLeg_modeling_team/2dof/install/experiment_kit/lib/python3.10/site-packages:${PYTHONPATH} /usr/bin/python3 -W ignore:setup.py install is deprecated -W ignore:easy_install command is deprecated setup.py egg_info --egg-base ../../build/experiment_kit build --build-base /home/ambushee/HexapodLeg_modeling_team/2dof/build/experiment_kit/build install --record /home/ambushee/HexapodLeg_modeling_team/2dof/build/experiment_kit/install.log --single-version-externally-managed install_data
[1.742s] Level 1:colcon.colcon_core.environment:checking '/home/ambushee/HexapodLeg_modeling_team/2dof/install/experiment_kit' for CMake config files
[1.743s] Level 1:colcon.colcon_core.environment:checking '/home/ambushee/HexapodLeg_modeling_team/2dof/install/experiment_kit/lib'
[1.743s] Level 1:colcon.colcon_core.environment:checking '/home/ambushee/HexapodLeg_modeling_team/2dof/install/experiment_kit/bin'
[1.743s] Level 1:colcon.colcon_core.environment:checking '/home/ambushee/HexapodLeg_modeling_team/2dof/install/experiment_kit/lib/pkgconfig/experiment_kit.pc'
[1.744s] Level 1:colcon.colcon_core.environment:checking '/home/ambushee/HexapodLeg_modeling_team/2dof/install/experiment_kit/lib/python3.10/site-packages'
[1.744s] Level 1:colcon.colcon_core.shell:create_environment_hook('experiment_kit', 'pythonpath')
[1.745s] INFO:colcon.colcon_core.shell:Creating environment hook '/home/ambushee/HexapodLeg_modeling_team/2dof/install/experiment_kit/share/experiment_kit/hook/pythonpath.ps1'
[1.745s] INFO:colcon.colcon_core.shell:Creating environment descriptor '/home/ambushee/HexapodLeg_modeling_team/2dof/install/experiment_kit/share/experiment_kit/hook/pythonpath.dsv'
[1.746s] INFO:colcon.colcon_core.shell:Creating environment hook '/home/ambushee/HexapodLeg_modeling_team/2dof/install/experiment_kit/share/experiment_kit/hook/pythonpath.sh'
[1.747s] Level 1:colcon.colcon_core.environment:checking '/home/ambushee/HexapodLeg_modeling_team/2dof/install/experiment_kit/bin'
[1.747s] Level 1:colcon.colcon_core.environment:create_environment_scripts_only(experiment_kit)
[1.748s] INFO:colcon.colcon_core.shell:Creating package script '/home/ambushee/HexapodLeg_modeling_team/2dof/install/experiment_kit/share/experiment_kit/package.ps1'
[1.749s] INFO:colcon.colcon_core.shell:Creating package descriptor '/home/ambushee/HexapodLeg_modeling_team/2dof/install/experiment_kit/share/experiment_kit/package.dsv'
[1.749s] INFO:colcon.colcon_core.shell:Creating package script '/home/ambushee/HexapodLeg_modeling_team/2dof/install/experiment_kit/share/experiment_kit/package.sh'
[1.750s] INFO:colcon.colcon_core.shell:Creating package script '/home/ambushee/HexapodLeg_modeling_team/2dof/install/experiment_kit/share/experiment_kit/package.bash'
[1.751s] INFO:colcon.colcon_core.shell:Creating package script '/home/ambushee/HexapodLeg_modeling_team/2dof/install/experiment_kit/share/experiment_kit/package.zsh'
[1.751s] Level 1:colcon.colcon_core.environment:create_file_with_runtime_dependencies(/home/ambushee/HexapodLeg_modeling_team/2dof/install/experiment_kit/share/colcon-core/packages/experiment_kit)
[1.753s] Level 1:colcon.colcon_core.environment:checking '/home/ambushee/HexapodLeg_modeling_team/2dof/install/hexapod_gz' for CMake module files
[1.754s] DEBUG:colcon.colcon_core.event_handler.log_command:Invoked command in '/home/ambushee/HexapodLeg_modeling_team/2dof/src/hexapod_gz' returned '0': PYTHONPATH=/home/ambushee/HexapodLeg_modeling_team/2dof/build/hexapod_gz/prefix_override:/usr/lib/python3/dist-packages/colcon_core/task/python/colcon_distutils_commands:/home/ambushee/HexapodLeg_modeling_team/2dof/install/hexapod_gz/lib/python3.10/site-packages:${PYTHONPATH} /usr/bin/python3 -W ignore:setup.py install is deprecated -W ignore:easy_install command is deprecated setup.py egg_info --egg-base ../../build/hexapod_gz build --build-base /home/ambushee/HexapodLeg_modeling_team/2dof/build/hexapod_gz/build install --record /home/ambushee/HexapodLeg_modeling_team/2dof/build/hexapod_gz/install.log --single-version-externally-managed install_data
[1.754s] Level 1:colcon.colcon_core.environment:checking '/home/ambushee/HexapodLeg_modeling_team/2dof/install/hexapod_gz' for CMake config files
[1.755s] Level 1:colcon.colcon_core.environment:checking '/home/ambushee/HexapodLeg_modeling_team/2dof/install/hexapod_gz/lib'
[1.755s] Level 1:colcon.colcon_core.environment:checking '/home/ambushee/HexapodLeg_modeling_team/2dof/install/hexapod_gz/bin'
[1.756s] Level 1:colcon.colcon_core.environment:checking '/home/ambushee/HexapodLeg_modeling_team/2dof/install/hexapod_gz/lib/pkgconfig/hexapod_gz.pc'
[1.756s] Level 1:colcon.colcon_core.environment:checking '/home/ambushee/HexapodLeg_modeling_team/2dof/install/hexapod_gz/lib/python3.10/site-packages'
[1.756s] Level 1:colcon.colcon_core.shell:create_environment_hook('hexapod_gz', 'pythonpath')
[1.757s] INFO:colcon.colcon_core.shell:Creating environment hook '/home/ambushee/HexapodLeg_modeling_team/2dof/install/hexapod_gz/share/hexapod_gz/hook/pythonpath.ps1'
[1.757s] INFO:colcon.colcon_core.shell:Creating environment descriptor '/home/ambushee/HexapodLeg_modeling_team/2dof/install/hexapod_gz/share/hexapod_gz/hook/pythonpath.dsv'
[1.758s] INFO:colcon.colcon_core.shell:Creating environment hook '/home/ambushee/HexapodLeg_modeling_team/2dof/install/hexapod_gz/share/hexapod_gz/hook/pythonpath.sh'
[1.759s] Level 1:colcon.colcon_core.environment:checking '/home/ambushee/HexapodLeg_modeling_team/2dof/install/hexapod_gz/bin'
[1.759s] Level 1:colcon.colcon_core.environment:create_environment_scripts_only(hexapod_gz)
[1.760s] INFO:colcon.colcon_core.shell:Creating package script '/home/ambushee/HexapodLeg_modeling_team/2dof/install/hexapod_gz/share/hexapod_gz/package.ps1'
[1.760s] INFO:colcon.colcon_core.shell:Creating package descriptor '/home/ambushee/HexapodLeg_modeling_team/2dof/install/hexapod_gz/share/hexapod_gz/package.dsv'
[1.761s] INFO:colcon.colcon_core.shell:Creating package script '/home/ambushee/HexapodLeg_modeling_team/2dof/install/hexapod_gz/share/hexapod_gz/package.sh'
[1.762s] INFO:colcon.colcon_core.shell:Creating package script '/home/ambushee/HexapodLeg_modeling_team/2dof/install/hexapod_gz/share/hexapod_gz/package.bash'
[1.762s] INFO:colcon.colcon_core.shell:Creating package script '/home/ambushee/HexapodLeg_modeling_team/2dof/install/hexapod_gz/share/hexapod_gz/package.zsh'
[1.763s] Level 1:colcon.colcon_core.environment:create_file_with_runtime_dependencies(/home/ambushee/HexapodLeg_modeling_team/2dof/install/hexapod_gz/share/colcon-core/packages/hexapod_gz)
[1.763s] DEBUG:colcon.colcon_parallel_executor.executor.parallel:closing loop
[1.764s] DEBUG:colcon.colcon_parallel_executor.executor.parallel:loop closed
[1.764s] DEBUG:colcon.colcon_parallel_executor.executor.parallel:run_until_complete finished with '0'
[1.764s] DEBUG:colcon.colcon_core.event_reactor:joining thread
[1.772s] INFO:colcon.colcon_core.plugin_system:Skipping extension 'colcon_notification.desktop_notification.terminal_notifier': Not used on non-Darwin systems
[1.773s] INFO:colcon.colcon_core.plugin_system:Skipping extension 'colcon_notification.desktop_notification.win32': Not used on non-Windows systems
[1.773s] INFO:colcon.colcon_notification.desktop_notification:Sending desktop notification using 'notify2'
[1.788s] DEBUG:colcon.colcon_core.event_reactor:joined thread
[1.789s] INFO:colcon.colcon_core.shell:Creating prefix script '/home/ambushee/HexapodLeg_modeling_team/2dof/install/local_setup.ps1'
[1.790s] INFO:colcon.colcon_core.shell:Creating prefix util module '/home/ambushee/HexapodLeg_modeling_team/2dof/install/_local_setup_util_ps1.py'
[1.793s] INFO:colcon.colcon_core.shell:Creating prefix chain script '/home/ambushee/HexapodLeg_modeling_team/2dof/install/setup.ps1'
[1.795s] INFO:colcon.colcon_core.shell:Creating prefix script '/home/ambushee/HexapodLeg_modeling_team/2dof/install/local_setup.sh'
[1.796s] INFO:colcon.colcon_core.shell:Creating prefix util module '/home/ambushee/HexapodLeg_modeling_team/2dof/install/_local_setup_util_sh.py'
[1.797s] INFO:colcon.colcon_core.shell:Creating prefix chain script '/home/ambushee/HexapodLeg_modeling_team/2dof/install/setup.sh'
[1.799s] INFO:colcon.colcon_core.shell:Creating prefix script '/home/ambushee/HexapodLeg_modeling_team/2dof/install/local_setup.bash'
[1.800s] INFO:colcon.colcon_core.shell:Creating prefix chain script '/home/ambushee/HexapodLeg_modeling_team/2dof/install/setup.bash'
[1.802s] INFO:colcon.colcon_core.shell:Creating prefix script '/home/ambushee/HexapodLeg_modeling_team/2dof/install/local_setup.zsh'
[1.803s] INFO:colcon.colcon_core.shell:Creating prefix chain script '/home/ambushee/HexapodLeg_modeling_team/2dof/install/setup.zsh'
