[0.794s] Invoking command in '/home/ambushee/HexapodLeg_modeling_team/2dof/src/experiment_kit': PYTHONPATH=/home/ambushee/HexapodLeg_modeling_team/2dof/build/experiment_kit/prefix_override:/usr/lib/python3/dist-packages/colcon_core/task/python/colcon_distutils_commands:/home/ambushee/HexapodLeg_modeling_team/2dof/install/experiment_kit/lib/python3.10/site-packages:${PYTHONPATH} /usr/bin/python3 -W ignore:setup.py install is deprecated -W ignore:easy_install command is deprecated setup.py egg_info --egg-base ../../build/experiment_kit build --build-base /home/ambushee/HexapodLeg_modeling_team/2dof/build/experiment_kit/build install --record /home/ambushee/HexapodLeg_modeling_team/2dof/build/experiment_kit/install.log --single-version-externally-managed install_data
[1.131s] running egg_info
[1.132s] writing ../../build/experiment_kit/experiment_kit.egg-info/PKG-INFO
[1.134s] writing dependency_links to ../../build/experiment_kit/experiment_kit.egg-info/dependency_links.txt
[1.134s] writing entry points to ../../build/experiment_kit/experiment_kit.egg-info/entry_points.txt
[1.134s] writing requirements to ../../build/experiment_kit/experiment_kit.egg-info/requires.txt
[1.134s] writing top-level names to ../../build/experiment_kit/experiment_kit.egg-info/top_level.txt
[1.136s] reading manifest file '../../build/experiment_kit/experiment_kit.egg-info/SOURCES.txt'
[1.138s] writing manifest file '../../build/experiment_kit/experiment_kit.egg-info/SOURCES.txt'
[1.139s] running build
[1.139s] running build_py
[1.140s] copying experiment_kit/pd_step_commander.py -> /home/ambushee/HexapodLeg_modeling_team/2dof/build/experiment_kit/build/lib/experiment_kit
[1.140s] running install
[1.140s] running install_lib
[1.141s] copying /home/ambushee/HexapodLeg_modeling_team/2dof/build/experiment_kit/build/lib/experiment_kit/pd_step_commander.py -> /home/ambushee/HexapodLeg_modeling_team/2dof/install/experiment_kit/lib/python3.10/site-packages/experiment_kit
[1.142s] byte-compiling /home/ambushee/HexapodLeg_modeling_team/2dof/install/experiment_kit/lib/python3.10/site-packages/experiment_kit/pd_step_commander.py to pd_step_commander.cpython-310.pyc
[1.144s] running install_data
[1.144s] running install_egg_info
[1.147s] removing '/home/ambushee/HexapodLeg_modeling_team/2dof/install/experiment_kit/lib/python3.10/site-packages/experiment_kit-0.1.0-py3.10.egg-info' (and everything under it)
[1.147s] Copying ../../build/experiment_kit/experiment_kit.egg-info to /home/ambushee/HexapodLeg_modeling_team/2dof/install/experiment_kit/lib/python3.10/site-packages/experiment_kit-0.1.0-py3.10.egg-info
[1.148s] running install_scripts
[1.173s] Installing pd_position_commander script to /home/ambushee/HexapodLeg_modeling_team/2dof/install/experiment_kit/lib/experiment_kit
[1.173s] Installing pd_step_commander script to /home/ambushee/HexapodLeg_modeling_team/2dof/install/experiment_kit/lib/experiment_kit
[1.173s] Installing pd_step_commander_link1 script to /home/ambushee/HexapodLeg_modeling_team/2dof/install/experiment_kit/lib/experiment_kit
[1.173s] writing list of installed files to '/home/ambushee/HexapodLeg_modeling_team/2dof/build/experiment_kit/install.log'
[1.198s] Invoked command in '/home/ambushee/HexapodLeg_modeling_team/2dof/src/experiment_kit' returned '0': PYTHONPATH=/home/ambushee/HexapodLeg_modeling_team/2dof/build/experiment_kit/prefix_override:/usr/lib/python3/dist-packages/colcon_core/task/python/colcon_distutils_commands:/home/ambushee/HexapodLeg_modeling_team/2dof/install/experiment_kit/lib/python3.10/site-packages:${PYTHONPATH} /usr/bin/python3 -W ignore:setup.py install is deprecated -W ignore:easy_install command is deprecated setup.py egg_info --egg-base ../../build/experiment_kit build --build-base /home/ambushee/HexapodLeg_modeling_team/2dof/build/experiment_kit/build install --record /home/ambushee/HexapodLeg_modeling_team/2dof/build/experiment_kit/install.log --single-version-externally-managed install_data
