[0.667s] Invoking command in '/home/ambushee/HexapodLeg_modeling_team/2dof/src/experiment_kit': PYTHONPATH=/home/ambushee/HexapodLeg_modeling_team/2dof/build/experiment_kit/prefix_override:/usr/lib/python3/dist-packages/colcon_core/task/python/colcon_distutils_commands:/home/ambushee/HexapodLeg_modeling_team/2dof/install/experiment_kit/lib/python3.10/site-packages:${PYTHONPATH} /usr/bin/python3 -W ignore:setup.py install is deprecated -W ignore:easy_install command is deprecated setup.py egg_info --egg-base ../../build/experiment_kit build --build-base /home/ambushee/HexapodLeg_modeling_team/2dof/build/experiment_kit/build install --record /home/ambushee/HexapodLeg_modeling_team/2dof/build/experiment_kit/install.log --single-version-externally-managed install_data
[0.939s] running egg_info
[0.939s] writing ../../build/experiment_kit/experiment_kit.egg-info/PKG-INFO
[0.940s] writing dependency_links to ../../build/experiment_kit/experiment_kit.egg-info/dependency_links.txt
[0.940s] writing entry points to ../../build/experiment_kit/experiment_kit.egg-info/entry_points.txt
[0.940s] writing requirements to ../../build/experiment_kit/experiment_kit.egg-info/requires.txt
[0.940s] writing top-level names to ../../build/experiment_kit/experiment_kit.egg-info/top_level.txt
[0.943s] reading manifest file '../../build/experiment_kit/experiment_kit.egg-info/SOURCES.txt'
[0.944s] writing manifest file '../../build/experiment_kit/experiment_kit.egg-info/SOURCES.txt'
[0.944s] running build
[0.944s] running build_py
[0.945s] copying experiment_kit/pd_step_commander_link1.py -> /home/ambushee/HexapodLeg_modeling_team/2dof/build/experiment_kit/build/lib/experiment_kit
[0.945s] running install
[0.946s] running install_lib
[0.947s] copying /home/ambushee/HexapodLeg_modeling_team/2dof/build/experiment_kit/build/lib/experiment_kit/pd_step_commander_link1.py -> /home/ambushee/HexapodLeg_modeling_team/2dof/install/experiment_kit/lib/python3.10/site-packages/experiment_kit
[0.948s] byte-compiling /home/ambushee/HexapodLeg_modeling_team/2dof/install/experiment_kit/lib/python3.10/site-packages/experiment_kit/pd_step_commander_link1.py to pd_step_commander_link1.cpython-310.pyc
[0.949s] running install_data
[0.950s] running install_egg_info
[0.952s] removing '/home/ambushee/HexapodLeg_modeling_team/2dof/install/experiment_kit/lib/python3.10/site-packages/experiment_kit-0.1.0-py3.10.egg-info' (and everything under it)
[0.952s] Copying ../../build/experiment_kit/experiment_kit.egg-info to /home/ambushee/HexapodLeg_modeling_team/2dof/install/experiment_kit/lib/python3.10/site-packages/experiment_kit-0.1.0-py3.10.egg-info
[0.953s] running install_scripts
[0.973s] Installing pd_position_commander script to /home/ambushee/HexapodLeg_modeling_team/2dof/install/experiment_kit/lib/experiment_kit
[0.974s] Installing pd_step_commander script to /home/ambushee/HexapodLeg_modeling_team/2dof/install/experiment_kit/lib/experiment_kit
[0.974s] Installing pd_step_commander_link1 script to /home/ambushee/HexapodLeg_modeling_team/2dof/install/experiment_kit/lib/experiment_kit
[0.974s] writing list of installed files to '/home/ambushee/HexapodLeg_modeling_team/2dof/build/experiment_kit/install.log'
[0.997s] Invoked command in '/home/ambushee/HexapodLeg_modeling_team/2dof/src/experiment_kit' returned '0': PYTHONPATH=/home/ambushee/HexapodLeg_modeling_team/2dof/build/experiment_kit/prefix_override:/usr/lib/python3/dist-packages/colcon_core/task/python/colcon_distutils_commands:/home/ambushee/HexapodLeg_modeling_team/2dof/install/experiment_kit/lib/python3.10/site-packages:${PYTHONPATH} /usr/bin/python3 -W ignore:setup.py install is deprecated -W ignore:easy_install command is deprecated setup.py egg_info --egg-base ../../build/experiment_kit build --build-base /home/ambushee/HexapodLeg_modeling_team/2dof/build/experiment_kit/build install --record /home/ambushee/HexapodLeg_modeling_team/2dof/build/experiment_kit/install.log --single-version-externally-managed install_data
