[0.640s] Invoking command in '/home/ambushee/HexapodLeg_modeling_team/2dof/build/volta_controller': CMAKE_PREFIX_PATH=${CMAKE_PREFIX_PATH}:/home/ambushee/HexapodLeg_modeling_team/2dof/install/hexapod_gz:/home/ambushee/HexapodLeg_modeling_team/2dof/install/experiment_kit:/opt/ros/humble /usr/bin/cmake --build /home/ambushee/HexapodLeg_modeling_team/2dof/build/volta_controller -- -j16 -l16
[0.689s] [100%] Built target cpp_node_test
[0.697s] [100%] Built target ament_cmake_python_copy_volta_controller
[1.011s] running egg_info
[1.011s] writing volta_controller.egg-info/PKG-INFO
[1.012s] writing dependency_links to volta_controller.egg-info/dependency_links.txt
[1.012s] writing top-level names to volta_controller.egg-info/top_level.txt
[1.014s] reading manifest file 'volta_controller.egg-info/SOURCES.txt'
[1.015s] writing manifest file 'volta_controller.egg-info/SOURCES.txt'
[1.042s] [100%] Built target ament_cmake_python_build_volta_controller_egg
[1.054s] Invoked command in '/home/ambushee/HexapodLeg_modeling_team/2dof/build/volta_controller' returned '0': CMAKE_PREFIX_PATH=${CMAKE_PREFIX_PATH}:/home/ambushee/HexapodLeg_modeling_team/2dof/install/hexapod_gz:/home/ambushee/HexapodLeg_modeling_team/2dof/install/experiment_kit:/opt/ros/humble /usr/bin/cmake --build /home/ambushee/HexapodLeg_modeling_team/2dof/build/volta_controller -- -j16 -l16
[1.056s] Invoking command in '/home/ambushee/HexapodLeg_modeling_team/2dof/build/volta_controller': CMAKE_PREFIX_PATH=${CMAKE_PREFIX_PATH}:/home/ambushee/HexapodLeg_modeling_team/2dof/install/hexapod_gz:/home/ambushee/HexapodLeg_modeling_team/2dof/install/experiment_kit:/opt/ros/humble /usr/bin/cmake --install /home/ambushee/HexapodLeg_modeling_team/2dof/build/volta_controller
[1.064s] -- Install configuration: ""
[1.064s] -- Up-to-date: /home/ambushee/HexapodLeg_modeling_team/2dof/install/volta_controller/share/volta_controller/environment/pythonpath.sh
[1.064s] -- Up-to-date: /home/ambushee/HexapodLeg_modeling_team/2dof/install/volta_controller/share/volta_controller/environment/pythonpath.dsv
[1.064s] -- Up-to-date: /home/ambushee/HexapodLeg_modeling_team/2dof/install/volta_controller/local/lib/python3.10/dist-packages/volta_controller-0.0.0-py3.10.egg-info
[1.064s] -- Installing: /home/ambushee/HexapodLeg_modeling_team/2dof/install/volta_controller/local/lib/python3.10/dist-packages/volta_controller-0.0.0-py3.10.egg-info/dependency_links.txt
[1.065s] -- Installing: /home/ambushee/HexapodLeg_modeling_team/2dof/install/volta_controller/local/lib/python3.10/dist-packages/volta_controller-0.0.0-py3.10.egg-info/SOURCES.txt
[1.065s] -- Installing: /home/ambushee/HexapodLeg_modeling_team/2dof/install/volta_controller/local/lib/python3.10/dist-packages/volta_controller-0.0.0-py3.10.egg-info/top_level.txt
[1.065s] -- Installing: /home/ambushee/HexapodLeg_modeling_team/2dof/install/volta_controller/local/lib/python3.10/dist-packages/volta_controller-0.0.0-py3.10.egg-info/PKG-INFO
[1.065s] -- Up-to-date: /home/ambushee/HexapodLeg_modeling_team/2dof/install/volta_controller/local/lib/python3.10/dist-packages/volta_controller
[1.065s] -- Up-to-date: /home/ambushee/HexapodLeg_modeling_team/2dof/install/volta_controller/local/lib/python3.10/dist-packages/volta_controller/__init__.py
[1.065s] -- Up-to-date: /home/ambushee/HexapodLeg_modeling_team/2dof/install/volta_controller/local/lib/python3.10/dist-packages/volta_controller/dummy_module.py
[1.101s] Listing '/home/ambushee/HexapodLeg_modeling_team/2dof/install/volta_controller/local/lib/python3.10/dist-packages/volta_controller'...
[1.105s] -- Up-to-date: /home/ambushee/HexapodLeg_modeling_team/2dof/install/volta_controller/lib/volta_controller/dummy_script.py
[1.106s] -- Up-to-date: /home/ambushee/HexapodLeg_modeling_team/2dof/install/volta_controller/lib/volta_controller/GravityCompensation.py
[1.106s] -- Installing: /home/ambushee/HexapodLeg_modeling_team/2dof/install/volta_controller/lib/volta_controller/MotorGroupConfig.py
[1.106s] -- Up-to-date: /home/ambushee/HexapodLeg_modeling_team/2dof/install/volta_controller/lib/volta_controller/InverseDynamicsController.py
[1.106s] -- Up-to-date: /home/ambushee/HexapodLeg_modeling_team/2dof/install/volta_controller/lib/volta_controller/DesiredJointsState.py
[1.106s] -- Up-to-date: /home/ambushee/HexapodLeg_modeling_team/2dof/install/volta_controller/lib/volta_controller/VoltaStateMachine.py
[1.106s] -- Up-to-date: /home/ambushee/HexapodLeg_modeling_team/2dof/install/volta_controller/lib/volta_controller/KinematicsFunc.py
[1.106s] -- Up-to-date: /home/ambushee/HexapodLeg_modeling_team/2dof/install/volta_controller/lib/volta_controller/cpp_node_test
[1.106s] -- Up-to-date: /home/ambushee/HexapodLeg_modeling_team/2dof/install/volta_controller/share/volta_controller/launch
[1.106s] -- Up-to-date: /home/ambushee/HexapodLeg_modeling_team/2dof/install/volta_controller/share/volta_controller/launch/VoltaController.launch.py
[1.107s] -- Up-to-date: /home/ambushee/HexapodLeg_modeling_team/2dof/install/volta_controller/share/ament_index/resource_index/package_run_dependencies/volta_controller
[1.107s] -- Up-to-date: /home/ambushee/HexapodLeg_modeling_team/2dof/install/volta_controller/share/ament_index/resource_index/parent_prefix_path/volta_controller
[1.107s] -- Up-to-date: /home/ambushee/HexapodLeg_modeling_team/2dof/install/volta_controller/share/volta_controller/environment/ament_prefix_path.sh
[1.107s] -- Up-to-date: /home/ambushee/HexapodLeg_modeling_team/2dof/install/volta_controller/share/volta_controller/environment/ament_prefix_path.dsv
[1.107s] -- Up-to-date: /home/ambushee/HexapodLeg_modeling_team/2dof/install/volta_controller/share/volta_controller/environment/path.sh
[1.107s] -- Up-to-date: /home/ambushee/HexapodLeg_modeling_team/2dof/install/volta_controller/share/volta_controller/environment/path.dsv
[1.107s] -- Up-to-date: /home/ambushee/HexapodLeg_modeling_team/2dof/install/volta_controller/share/volta_controller/local_setup.bash
[1.107s] -- Up-to-date: /home/ambushee/HexapodLeg_modeling_team/2dof/install/volta_controller/share/volta_controller/local_setup.sh
[1.107s] -- Up-to-date: /home/ambushee/HexapodLeg_modeling_team/2dof/install/volta_controller/share/volta_controller/local_setup.zsh
[1.107s] -- Up-to-date: /home/ambushee/HexapodLeg_modeling_team/2dof/install/volta_controller/share/volta_controller/local_setup.dsv
[1.108s] -- Installing: /home/ambushee/HexapodLeg_modeling_team/2dof/install/volta_controller/share/volta_controller/package.dsv
[1.108s] -- Up-to-date: /home/ambushee/HexapodLeg_modeling_team/2dof/install/volta_controller/share/ament_index/resource_index/packages/volta_controller
[1.108s] -- Up-to-date: /home/ambushee/HexapodLeg_modeling_team/2dof/install/volta_controller/share/volta_controller/cmake/volta_controllerConfig.cmake
[1.108s] -- Up-to-date: /home/ambushee/HexapodLeg_modeling_team/2dof/install/volta_controller/share/volta_controller/cmake/volta_controllerConfig-version.cmake
[1.108s] -- Up-to-date: /home/ambushee/HexapodLeg_modeling_team/2dof/install/volta_controller/share/volta_controller/package.xml
[1.109s] Invoked command in '/home/ambushee/HexapodLeg_modeling_team/2dof/build/volta_controller' returned '0': CMAKE_PREFIX_PATH=${CMAKE_PREFIX_PATH}:/home/ambushee/HexapodLeg_modeling_team/2dof/install/hexapod_gz:/home/ambushee/HexapodLeg_modeling_team/2dof/install/experiment_kit:/opt/ros/humble /usr/bin/cmake --install /home/ambushee/HexapodLeg_modeling_team/2dof/build/volta_controller
