[0.128s] DEBUG:colcon:Command line arguments: ['/usr/bin/colcon', 'build', '--packages-select', 'experiment_kit']
[0.128s] DEBUG:colcon:Parsed command line arguments: Namespace(log_base=None, log_level=None, verb_name='build', build_base='build', install_base='install', merge_install=False, symlink_install=False, test_result_base=None, continue_on_error=False, executor='parallel', parallel_workers=16, event_handlers=None, ignore_user_meta=False, metas=['./colcon.meta'], base_paths=['.'], packages_ignore=None, packages_ignore_regex=None, paths=None, packages_up_to=None, packages_up_to_regex=None, packages_above=None, packages_above_and_dependencies=None, packages_above_depth=None, packages_select_by_dep=None, packages_skip_by_dep=None, packages_skip_up_to=None, packages_select_build_failed=False, packages_skip_build_finished=False, packages_select_test_failures=False, packages_skip_test_passed=False, packages_select=['experiment_kit'], packages_skip=None, packages_select_regex=None, packages_skip_regex=None, packages_start=None, packages_end=None, allow_overriding=[], cmake_args=None, cmake_target=None, cmake_target_skip_unavailable=False, cmake_clean_cache=False, cmake_clean_first=False, cmake_force_configure=False, ament_cmake_args=None, catkin_cmake_args=None, catkin_skip_building_tests=False, verb_parser=<colcon_defaults.argument_parser.defaults.DefaultArgumentsDecorator object at 0x747cad861ea0>, verb_extension=<colcon_core.verb.build.BuildVerb object at 0x747cad9e7760>, main=<bound method BuildVerb.main of <colcon_core.verb.build.BuildVerb object at 0x747cad9e7760>>)
[0.361s] Level 1:colcon.colcon_core.package_discovery:discover_packages(colcon_meta) check parameters
[0.361s] Level 1:colcon.colcon_core.package_discovery:discover_packages(recursive) check parameters
[0.361s] Level 1:colcon.colcon_core.package_discovery:discover_packages(ignore) check parameters
[0.361s] Level 1:colcon.colcon_core.package_discovery:discover_packages(path) check parameters
[0.361s] Level 1:colcon.colcon_core.package_discovery:discover_packages(colcon_meta) discover
[0.361s] Level 1:colcon.colcon_core.package_discovery:discover_packages(recursive) discover
[0.361s] INFO:colcon.colcon_core.package_discovery:Crawling recursively for packages in '/home/ambushee/HexapodLeg_modeling_team/2dof'
[0.361s] Level 1:colcon.colcon_core.package_identification:_identify(.) by extensions ['ignore', 'ignore_ament_install']
[0.361s] Level 1:colcon.colcon_core.package_identification:_identify(.) by extension 'ignore'
[0.361s] Level 1:colcon.colcon_core.package_identification:_identify(.) by extension 'ignore_ament_install'
[0.362s] Level 1:colcon.colcon_core.package_identification:_identify(.) by extensions ['colcon_pkg']
[0.362s] Level 1:colcon.colcon_core.package_identification:_identify(.) by extension 'colcon_pkg'
[0.362s] Level 1:colcon.colcon_core.package_identification:_identify(.) by extensions ['colcon_meta']
[0.362s] Level 1:colcon.colcon_core.package_identification:_identify(.) by extension 'colcon_meta'
[0.362s] Level 1:colcon.colcon_core.package_identification:_identify(.) by extensions ['ros']
[0.362s] Level 1:colcon.colcon_core.package_identification:_identify(.) by extension 'ros'
[0.381s] Level 1:colcon.colcon_core.package_identification:_identify(.) by extensions ['cmake', 'python']
[0.381s] Level 1:colcon.colcon_core.package_identification:_identify(.) by extension 'cmake'
[0.381s] Level 1:colcon.colcon_core.package_identification:_identify(.) by extension 'python'
[0.381s] Level 1:colcon.colcon_core.package_identification:_identify(.) by extensions ['python_setup_py']
[0.381s] Level 1:colcon.colcon_core.package_identification:_identify(.) by extension 'python_setup_py'
[0.381s] Level 1:colcon.colcon_core.package_identification:_identify(build) by extensions ['ignore', 'ignore_ament_install']
[0.381s] Level 1:colcon.colcon_core.package_identification:_identify(build) by extension 'ignore'
[0.381s] Level 1:colcon.colcon_core.package_identification:_identify(build) ignored
[0.381s] Level 1:colcon.colcon_core.package_identification:_identify(install) by extensions ['ignore', 'ignore_ament_install']
[0.381s] Level 1:colcon.colcon_core.package_identification:_identify(install) by extension 'ignore'
[0.382s] Level 1:colcon.colcon_core.package_identification:_identify(install) ignored
[0.382s] Level 1:colcon.colcon_core.package_identification:_identify(log) by extensions ['ignore', 'ignore_ament_install']
[0.382s] Level 1:colcon.colcon_core.package_identification:_identify(log) by extension 'ignore'
[0.382s] Level 1:colcon.colcon_core.package_identification:_identify(log) ignored
[0.382s] Level 1:colcon.colcon_core.package_identification:_identify(src) by extensions ['ignore', 'ignore_ament_install']
[0.382s] Level 1:colcon.colcon_core.package_identification:_identify(src) by extension 'ignore'
[0.382s] Level 1:colcon.colcon_core.package_identification:_identify(src) by extension 'ignore_ament_install'
[0.382s] Level 1:colcon.colcon_core.package_identification:_identify(src) by extensions ['colcon_pkg']
[0.382s] Level 1:colcon.colcon_core.package_identification:_identify(src) by extension 'colcon_pkg'
[0.382s] Level 1:colcon.colcon_core.package_identification:_identify(src) by extensions ['colcon_meta']
[0.382s] Level 1:colcon.colcon_core.package_identification:_identify(src) by extension 'colcon_meta'
[0.382s] Level 1:colcon.colcon_core.package_identification:_identify(src) by extensions ['ros']
[0.382s] Level 1:colcon.colcon_core.package_identification:_identify(src) by extension 'ros'
[0.382s] Level 1:colcon.colcon_core.package_identification:_identify(src) by extensions ['cmake', 'python']
[0.382s] Level 1:colcon.colcon_core.package_identification:_identify(src) by extension 'cmake'
[0.382s] Level 1:colcon.colcon_core.package_identification:_identify(src) by extension 'python'
[0.382s] Level 1:colcon.colcon_core.package_identification:_identify(src) by extensions ['python_setup_py']
[0.382s] Level 1:colcon.colcon_core.package_identification:_identify(src) by extension 'python_setup_py'
[0.382s] Level 1:colcon.colcon_core.package_identification:_identify(src/experiment_kit) by extensions ['ignore', 'ignore_ament_install']
[0.383s] Level 1:colcon.colcon_core.package_identification:_identify(src/experiment_kit) by extension 'ignore'
[0.383s] Level 1:colcon.colcon_core.package_identification:_identify(src/experiment_kit) by extension 'ignore_ament_install'
[0.383s] Level 1:colcon.colcon_core.package_identification:_identify(src/experiment_kit) by extensions ['colcon_pkg']
[0.383s] Level 1:colcon.colcon_core.package_identification:_identify(src/experiment_kit) by extension 'colcon_pkg'
[0.383s] Level 1:colcon.colcon_core.package_identification:_identify(src/experiment_kit) by extensions ['colcon_meta']
[0.383s] Level 1:colcon.colcon_core.package_identification:_identify(src/experiment_kit) by extension 'colcon_meta'
[0.383s] Level 1:colcon.colcon_core.package_identification:_identify(src/experiment_kit) by extensions ['ros']
[0.383s] Level 1:colcon.colcon_core.package_identification:_identify(src/experiment_kit) by extension 'ros'
[0.385s] DEBUG:colcon.colcon_core.package_identification:Package 'src/experiment_kit' with type 'ros.ament_python' and name 'experiment_kit'
[0.385s] Level 1:colcon.colcon_core.package_identification:_identify(src/hexapod_gz) by extensions ['ignore', 'ignore_ament_install']
[0.386s] Level 1:colcon.colcon_core.package_identification:_identify(src/hexapod_gz) by extension 'ignore'
[0.386s] Level 1:colcon.colcon_core.package_identification:_identify(src/hexapod_gz) by extension 'ignore_ament_install'
[0.386s] Level 1:colcon.colcon_core.package_identification:_identify(src/hexapod_gz) by extensions ['colcon_pkg']
[0.386s] Level 1:colcon.colcon_core.package_identification:_identify(src/hexapod_gz) by extension 'colcon_pkg'
[0.386s] Level 1:colcon.colcon_core.package_identification:_identify(src/hexapod_gz) by extensions ['colcon_meta']
[0.386s] Level 1:colcon.colcon_core.package_identification:_identify(src/hexapod_gz) by extension 'colcon_meta'
[0.386s] Level 1:colcon.colcon_core.package_identification:_identify(src/hexapod_gz) by extensions ['ros']
[0.386s] Level 1:colcon.colcon_core.package_identification:_identify(src/hexapod_gz) by extension 'ros'
[0.387s] DEBUG:colcon.colcon_core.package_identification:Package 'src/hexapod_gz' with type 'ros.ament_python' and name 'hexapod_gz'
[0.387s] Level 1:colcon.colcon_core.package_discovery:discover_packages(recursive) using defaults
[0.387s] Level 1:colcon.colcon_core.package_discovery:discover_packages(ignore) discover
[0.387s] Level 1:colcon.colcon_core.package_discovery:discover_packages(ignore) using defaults
[0.387s] Level 1:colcon.colcon_core.package_discovery:discover_packages(path) discover
[0.387s] Level 1:colcon.colcon_core.package_discovery:discover_packages(path) using defaults
[0.406s] INFO:colcon.colcon_core.package_selection:Skipping not selected package 'hexapod_gz' in 'src/hexapod_gz'
[0.406s] Level 1:colcon.colcon_core.package_discovery:discover_packages(prefix_path) check parameters
[0.406s] Level 1:colcon.colcon_core.package_discovery:discover_packages(prefix_path) discover
[0.408s] DEBUG:colcon.colcon_installed_package_information.package_discovery:Found 2 installed packages in /home/ambushee/ros2_ws/install
[0.409s] DEBUG:colcon.colcon_installed_package_information.package_discovery:Found 2 installed packages in /home/ambushee/HexapodLeg_modeling_team/2dof/install
[0.410s] DEBUG:colcon.colcon_installed_package_information.package_discovery:Found 359 installed packages in /opt/ros/humble
[0.412s] Level 1:colcon.colcon_core.package_discovery:discover_packages(prefix_path) using defaults
[0.456s] Level 5:colcon.colcon_core.verb:set package 'experiment_kit' build argument 'cmake_args' from command line to 'None'
[0.456s] Level 5:colcon.colcon_core.verb:set package 'experiment_kit' build argument 'cmake_target' from command line to 'None'
[0.456s] Level 5:colcon.colcon_core.verb:set package 'experiment_kit' build argument 'cmake_target_skip_unavailable' from command line to 'False'
[0.456s] Level 5:colcon.colcon_core.verb:set package 'experiment_kit' build argument 'cmake_clean_cache' from command line to 'False'
[0.456s] Level 5:colcon.colcon_core.verb:set package 'experiment_kit' build argument 'cmake_clean_first' from command line to 'False'
[0.456s] Level 5:colcon.colcon_core.verb:set package 'experiment_kit' build argument 'cmake_force_configure' from command line to 'False'
[0.456s] Level 5:colcon.colcon_core.verb:set package 'experiment_kit' build argument 'ament_cmake_args' from command line to 'None'
[0.456s] Level 5:colcon.colcon_core.verb:set package 'experiment_kit' build argument 'catkin_cmake_args' from command line to 'None'
[0.456s] Level 5:colcon.colcon_core.verb:set package 'experiment_kit' build argument 'catkin_skip_building_tests' from command line to 'False'
[0.456s] DEBUG:colcon.colcon_core.verb:Building package 'experiment_kit' with the following arguments: {'ament_cmake_args': None, 'build_base': '/home/ambushee/HexapodLeg_modeling_team/2dof/build/experiment_kit', 'catkin_cmake_args': None, 'catkin_skip_building_tests': False, 'cmake_args': None, 'cmake_clean_cache': False, 'cmake_clean_first': False, 'cmake_force_configure': False, 'cmake_target': None, 'cmake_target_skip_unavailable': False, 'install_base': '/home/ambushee/HexapodLeg_modeling_team/2dof/install/experiment_kit', 'merge_install': False, 'path': '/home/ambushee/HexapodLeg_modeling_team/2dof/src/experiment_kit', 'symlink_install': False, 'test_result_base': None}
[0.456s] INFO:colcon.colcon_core.executor:Executing jobs using 'parallel' executor
[0.457s] DEBUG:colcon.colcon_parallel_executor.executor.parallel:run_until_complete
[0.457s] INFO:colcon.colcon_ros.task.ament_python.build:Building ROS package in '/home/ambushee/HexapodLeg_modeling_team/2dof/src/experiment_kit' with build type 'ament_python'
[0.458s] Level 1:colcon.colcon_core.shell:create_environment_hook('experiment_kit', 'ament_prefix_path')
[0.460s] INFO:colcon.colcon_core.plugin_system:Skipping extension 'colcon_core.shell.bat': Not used on non-Windows systems
[0.460s] INFO:colcon.colcon_core.shell:Creating environment hook '/home/ambushee/HexapodLeg_modeling_team/2dof/install/experiment_kit/share/experiment_kit/hook/ament_prefix_path.ps1'
[0.461s] INFO:colcon.colcon_core.shell:Creating environment descriptor '/home/ambushee/HexapodLeg_modeling_team/2dof/install/experiment_kit/share/experiment_kit/hook/ament_prefix_path.dsv'
[0.461s] INFO:colcon.colcon_core.shell:Creating environment hook '/home/ambushee/HexapodLeg_modeling_team/2dof/install/experiment_kit/share/experiment_kit/hook/ament_prefix_path.sh'
[0.462s] INFO:colcon.colcon_core.shell:Skip shell extension 'powershell' for command environment: Not usable outside of PowerShell
[0.462s] DEBUG:colcon.colcon_core.shell:Skip shell extension 'dsv' for command environment
[0.779s] INFO:colcon.colcon_core.task.python.build:Building Python package in '/home/ambushee/HexapodLeg_modeling_team/2dof/src/experiment_kit'
[0.779s] INFO:colcon.colcon_core.shell:Skip shell extension 'powershell' for command environment: Not usable outside of PowerShell
[0.779s] DEBUG:colcon.colcon_core.shell:Skip shell extension 'dsv' for command environment
[1.192s] DEBUG:colcon.colcon_core.event_handler.log_command:Invoking command in '/home/ambushee/HexapodLeg_modeling_team/2dof/src/experiment_kit': PYTHONPATH=/home/ambushee/HexapodLeg_modeling_team/2dof/build/experiment_kit/prefix_override:/usr/lib/python3/dist-packages/colcon_core/task/python/colcon_distutils_commands:/home/ambushee/HexapodLeg_modeling_team/2dof/install/experiment_kit/lib/python3.10/site-packages:${PYTHONPATH} /usr/bin/python3 -W ignore:setup.py install is deprecated -W ignore:easy_install command is deprecated setup.py egg_info --egg-base ../../build/experiment_kit build --build-base /home/ambushee/HexapodLeg_modeling_team/2dof/build/experiment_kit/build install --record /home/ambushee/HexapodLeg_modeling_team/2dof/build/experiment_kit/install.log --single-version-externally-managed install_data
[1.585s] DEBUG:colcon.colcon_core.event_handler.log_command:Invoked command in '/home/ambushee/HexapodLeg_modeling_team/2dof/src/experiment_kit' returned '0': PYTHONPATH=/home/ambushee/HexapodLeg_modeling_team/2dof/build/experiment_kit/prefix_override:/usr/lib/python3/dist-packages/colcon_core/task/python/colcon_distutils_commands:/home/ambushee/HexapodLeg_modeling_team/2dof/install/experiment_kit/lib/python3.10/site-packages:${PYTHONPATH} /usr/bin/python3 -W ignore:setup.py install is deprecated -W ignore:easy_install command is deprecated setup.py egg_info --egg-base ../../build/experiment_kit build --build-base /home/ambushee/HexapodLeg_modeling_team/2dof/build/experiment_kit/build install --record /home/ambushee/HexapodLeg_modeling_team/2dof/build/experiment_kit/install.log --single-version-externally-managed install_data
[1.588s] Level 1:colcon.colcon_core.environment:checking '/home/ambushee/HexapodLeg_modeling_team/2dof/install/experiment_kit' for CMake module files
[1.589s] Level 1:colcon.colcon_core.environment:checking '/home/ambushee/HexapodLeg_modeling_team/2dof/install/experiment_kit' for CMake config files
[1.590s] Level 1:colcon.colcon_core.environment:checking '/home/ambushee/HexapodLeg_modeling_team/2dof/install/experiment_kit/lib'
[1.590s] Level 1:colcon.colcon_core.environment:checking '/home/ambushee/HexapodLeg_modeling_team/2dof/install/experiment_kit/bin'
[1.591s] Level 1:colcon.colcon_core.environment:checking '/home/ambushee/HexapodLeg_modeling_team/2dof/install/experiment_kit/lib/pkgconfig/experiment_kit.pc'
[1.591s] Level 1:colcon.colcon_core.environment:checking '/home/ambushee/HexapodLeg_modeling_team/2dof/install/experiment_kit/lib/python3.10/site-packages'
[1.591s] Level 1:colcon.colcon_core.shell:create_environment_hook('experiment_kit', 'pythonpath')
[1.591s] INFO:colcon.colcon_core.shell:Creating environment hook '/home/ambushee/HexapodLeg_modeling_team/2dof/install/experiment_kit/share/experiment_kit/hook/pythonpath.ps1'
[1.592s] INFO:colcon.colcon_core.shell:Creating environment descriptor '/home/ambushee/HexapodLeg_modeling_team/2dof/install/experiment_kit/share/experiment_kit/hook/pythonpath.dsv'
[1.593s] INFO:colcon.colcon_core.shell:Creating environment hook '/home/ambushee/HexapodLeg_modeling_team/2dof/install/experiment_kit/share/experiment_kit/hook/pythonpath.sh'
[1.593s] Level 1:colcon.colcon_core.environment:checking '/home/ambushee/HexapodLeg_modeling_team/2dof/install/experiment_kit/bin'
[1.594s] Level 1:colcon.colcon_core.environment:create_environment_scripts_only(experiment_kit)
[1.594s] INFO:colcon.colcon_core.shell:Creating package script '/home/ambushee/HexapodLeg_modeling_team/2dof/install/experiment_kit/share/experiment_kit/package.ps1'
[1.595s] INFO:colcon.colcon_core.shell:Creating package descriptor '/home/ambushee/HexapodLeg_modeling_team/2dof/install/experiment_kit/share/experiment_kit/package.dsv'
[1.596s] INFO:colcon.colcon_core.shell:Creating package script '/home/ambushee/HexapodLeg_modeling_team/2dof/install/experiment_kit/share/experiment_kit/package.sh'
[1.597s] INFO:colcon.colcon_core.shell:Creating package script '/home/ambushee/HexapodLeg_modeling_team/2dof/install/experiment_kit/share/experiment_kit/package.bash'
[1.598s] INFO:colcon.colcon_core.shell:Creating package script '/home/ambushee/HexapodLeg_modeling_team/2dof/install/experiment_kit/share/experiment_kit/package.zsh'
[1.600s] Level 1:colcon.colcon_core.environment:create_file_with_runtime_dependencies(/home/ambushee/HexapodLeg_modeling_team/2dof/install/experiment_kit/share/colcon-core/packages/experiment_kit)
[1.600s] DEBUG:colcon.colcon_parallel_executor.executor.parallel:closing loop
[1.600s] DEBUG:colcon.colcon_parallel_executor.executor.parallel:loop closed
[1.601s] DEBUG:colcon.colcon_parallel_executor.executor.parallel:run_until_complete finished with '0'
[1.601s] DEBUG:colcon.colcon_core.event_reactor:joining thread
[1.609s] INFO:colcon.colcon_core.plugin_system:Skipping extension 'colcon_notification.desktop_notification.terminal_notifier': Not used on non-Darwin systems
[1.609s] INFO:colcon.colcon_core.plugin_system:Skipping extension 'colcon_notification.desktop_notification.win32': Not used on non-Windows systems
[1.609s] INFO:colcon.colcon_notification.desktop_notification:Sending desktop notification using 'notify2'
[1.629s] DEBUG:colcon.colcon_core.event_reactor:joined thread
[1.629s] INFO:colcon.colcon_core.shell:Creating prefix script '/home/ambushee/HexapodLeg_modeling_team/2dof/install/local_setup.ps1'
[1.632s] INFO:colcon.colcon_core.shell:Creating prefix util module '/home/ambushee/HexapodLeg_modeling_team/2dof/install/_local_setup_util_ps1.py'
[1.636s] INFO:colcon.colcon_core.shell:Creating prefix chain script '/home/ambushee/HexapodLeg_modeling_team/2dof/install/setup.ps1'
[1.638s] INFO:colcon.colcon_core.shell:Creating prefix script '/home/ambushee/HexapodLeg_modeling_team/2dof/install/local_setup.sh'
[1.639s] INFO:colcon.colcon_core.shell:Creating prefix util module '/home/ambushee/HexapodLeg_modeling_team/2dof/install/_local_setup_util_sh.py'
[1.640s] INFO:colcon.colcon_core.shell:Creating prefix chain script '/home/ambushee/HexapodLeg_modeling_team/2dof/install/setup.sh'
[1.643s] INFO:colcon.colcon_core.shell:Creating prefix script '/home/ambushee/HexapodLeg_modeling_team/2dof/install/local_setup.bash'
[1.644s] INFO:colcon.colcon_core.shell:Creating prefix chain script '/home/ambushee/HexapodLeg_modeling_team/2dof/install/setup.bash'
[1.646s] INFO:colcon.colcon_core.shell:Creating prefix script '/home/ambushee/HexapodLeg_modeling_team/2dof/install/local_setup.zsh'
[1.647s] INFO:colcon.colcon_core.shell:Creating prefix chain script '/home/ambushee/HexapodLeg_modeling_team/2dof/install/setup.zsh'
