[0.021s] Invoking command in '/home/ambushee/HexapodLeg_modeling_team/2dof/build/cybergear_driver': CMAKE_PREFIX_PATH=${CMAKE_PREFIX_PATH}:/home/ambushee/HexapodLeg_modeling_team/2dof/install/hexapod_gz:/home/ambushee/HexapodLeg_modeling_team/2dof/install/experiment_kit:/opt/ros/humble /usr/bin/cmake /home/ambushee/HexapodLeg_modeling_team/2dof/src/cybergear_driver -DCMAKE_INSTALL_PREFIX=/home/ambushee/HexapodLeg_modeling_team/2dof/install/cybergear_driver
[0.478s] -- The C compiler identification is GNU 11.4.0
[0.478s] -- The CXX compiler identification is GNU 11.4.0
[0.478s] -- Detecting C compiler ABI info
[0.478s] -- Detecting C compiler ABI info - done
[0.478s] -- Check for working C compiler: /usr/bin/cc - skipped
[0.478s] -- Detecting C compile features
[0.478s] -- Detecting C compile features - done
[0.478s] -- Detecting CXX compiler ABI info
[0.478s] -- Detecting CXX compiler ABI info - done
[0.478s] -- Check for working CXX compiler: /usr/bin/c++ - skipped
[0.479s] -- Detecting CXX compile features
[0.479s] -- Detecting CXX compile features - done
[0.479s] -- Found ament_cmake: 1.3.11 (/opt/ros/humble/share/ament_cmake/cmake)
[0.479s] -- Found Python3: /usr/bin/python3 (found version "3.10.12") found components: Interpreter 
[0.479s] -- Found rclcpp: 16.0.11 (/opt/ros/humble/share/rclcpp/cmake)
[0.490s] -- Found rosidl_generator_c: 3.1.6 (/opt/ros/humble/share/rosidl_generator_c/cmake)
[0.496s] -- Found rosidl_adapter: 3.1.6 (/opt/ros/humble/share/rosidl_adapter/cmake)
[0.503s] -- Found rosidl_generator_cpp: 3.1.6 (/opt/ros/humble/share/rosidl_generator_cpp/cmake)
[0.512s] -- Using all available rosidl_typesupport_c: rosidl_typesupport_fastrtps_c;rosidl_typesupport_introspection_c
[0.527s] -- Using all available rosidl_typesupport_cpp: rosidl_typesupport_fastrtps_cpp;rosidl_typesupport_introspection_cpp
[0.575s] -- Found rmw_implementation_cmake: 6.1.2 (/opt/ros/humble/share/rmw_implementation_cmake/cmake)
[0.578s] -- Found rmw_fastrtps_cpp: 6.2.7 (/opt/ros/humble/share/rmw_fastrtps_cpp/cmake)
[0.657s] -- Found OpenSSL: /usr/lib/x86_64-linux-gnu/libcrypto.so (found version "3.0.2")  
[0.691s] -- Found FastRTPS: /opt/ros/humble/include  
[0.735s] -- Using RMW implementation 'rmw_fastrtps_cpp' as default
[0.744s] -- Looking for pthread.h
[0.806s] -- Looking for pthread.h - found
[0.806s] -- Performing Test CMAKE_HAVE_LIBC_PTHREAD
[0.873s] -- Performing Test CMAKE_HAVE_LIBC_PTHREAD - Success
[0.875s] -- Found Threads: TRUE  
[0.922s] -- Found rclpy: 3.3.15 (/opt/ros/humble/share/rclpy/cmake)
[1.080s] -- Configuring done
[1.088s] -- Generating done
[1.092s] -- Build files have been written to: /home/ambushee/HexapodLeg_modeling_team/2dof/build/cybergear_driver
[1.103s] Invoked command in '/home/ambushee/HexapodLeg_modeling_team/2dof/build/cybergear_driver' returned '0': CMAKE_PREFIX_PATH=${CMAKE_PREFIX_PATH}:/home/ambushee/HexapodLeg_modeling_team/2dof/install/hexapod_gz:/home/ambushee/HexapodLeg_modeling_team/2dof/install/experiment_kit:/opt/ros/humble /usr/bin/cmake /home/ambushee/HexapodLeg_modeling_team/2dof/src/cybergear_driver -DCMAKE_INSTALL_PREFIX=/home/ambushee/HexapodLeg_modeling_team/2dof/install/cybergear_driver
[1.105s] Invoking command in '/home/ambushee/HexapodLeg_modeling_team/2dof/build/cybergear_driver': CMAKE_PREFIX_PATH=${CMAKE_PREFIX_PATH}:/home/ambushee/HexapodLeg_modeling_team/2dof/install/hexapod_gz:/home/ambushee/HexapodLeg_modeling_team/2dof/install/experiment_kit:/opt/ros/humble /usr/bin/cmake --build /home/ambushee/HexapodLeg_modeling_team/2dof/build/cybergear_driver -- -j16 -l16
[1.154s] [ 50%] [32mBuilding CXX object CMakeFiles/cpp_node_test.dir/src/cpp_node.cpp.o[0m
[1.162s] [ 50%] Built target ament_cmake_python_copy_cybergear_driver
[1.378s] [100%] [32m[1mLinking CXX executable cpp_node_test[0m
[1.402s] running egg_info
[1.402s] creating cybergear_driver.egg-info
[1.402s] writing cybergear_driver.egg-info/PKG-INFO
[1.402s] writing dependency_links to cybergear_driver.egg-info/dependency_links.txt
[1.402s] writing top-level names to cybergear_driver.egg-info/top_level.txt
[1.403s] writing manifest file 'cybergear_driver.egg-info/SOURCES.txt'
[1.404s] reading manifest file 'cybergear_driver.egg-info/SOURCES.txt'
[1.405s] writing manifest file 'cybergear_driver.egg-info/SOURCES.txt'
[1.426s] [100%] Built target ament_cmake_python_build_cybergear_driver_egg
[1.454s] [100%] Built target cpp_node_test
[1.463s] Invoked command in '/home/ambushee/HexapodLeg_modeling_team/2dof/build/cybergear_driver' returned '0': CMAKE_PREFIX_PATH=${CMAKE_PREFIX_PATH}:/home/ambushee/HexapodLeg_modeling_team/2dof/install/hexapod_gz:/home/ambushee/HexapodLeg_modeling_team/2dof/install/experiment_kit:/opt/ros/humble /usr/bin/cmake --build /home/ambushee/HexapodLeg_modeling_team/2dof/build/cybergear_driver -- -j16 -l16
[1.472s] Invoking command in '/home/ambushee/HexapodLeg_modeling_team/2dof/build/cybergear_driver': CMAKE_PREFIX_PATH=${CMAKE_PREFIX_PATH}:/home/ambushee/HexapodLeg_modeling_team/2dof/install/hexapod_gz:/home/ambushee/HexapodLeg_modeling_team/2dof/install/experiment_kit:/opt/ros/humble /usr/bin/cmake --install /home/ambushee/HexapodLeg_modeling_team/2dof/build/cybergear_driver
[1.477s] -- Install configuration: ""
[1.478s] -- Installing: /home/ambushee/HexapodLeg_modeling_team/2dof/install/cybergear_driver/share/cybergear_driver/environment/pythonpath.sh
[1.478s] -- Installing: /home/ambushee/HexapodLeg_modeling_team/2dof/install/cybergear_driver/share/cybergear_driver/environment/pythonpath.dsv
[1.478s] -- Installing: /home/ambushee/HexapodLeg_modeling_team/2dof/install/cybergear_driver/local/lib/python3.10/dist-packages/cybergear_driver-0.0.0-py3.10.egg-info
[1.478s] -- Installing: /home/ambushee/HexapodLeg_modeling_team/2dof/install/cybergear_driver/local/lib/python3.10/dist-packages/cybergear_driver-0.0.0-py3.10.egg-info/dependency_links.txt
[1.478s] -- Installing: /home/ambushee/HexapodLeg_modeling_team/2dof/install/cybergear_driver/local/lib/python3.10/dist-packages/cybergear_driver-0.0.0-py3.10.egg-info/SOURCES.txt
[1.478s] -- Installing: /home/ambushee/HexapodLeg_modeling_team/2dof/install/cybergear_driver/local/lib/python3.10/dist-packages/cybergear_driver-0.0.0-py3.10.egg-info/top_level.txt
[1.478s] -- Installing: /home/ambushee/HexapodLeg_modeling_team/2dof/install/cybergear_driver/local/lib/python3.10/dist-packages/cybergear_driver-0.0.0-py3.10.egg-info/PKG-INFO
[1.478s] -- Installing: /home/ambushee/HexapodLeg_modeling_team/2dof/install/cybergear_driver/local/lib/python3.10/dist-packages/cybergear_driver
[1.478s] -- Installing: /home/ambushee/HexapodLeg_modeling_team/2dof/install/cybergear_driver/local/lib/python3.10/dist-packages/cybergear_driver/__init__.py
[1.478s] -- Installing: /home/ambushee/HexapodLeg_modeling_team/2dof/install/cybergear_driver/local/lib/python3.10/dist-packages/cybergear_driver/dummy_module.py
[1.513s] Listing '/home/ambushee/HexapodLeg_modeling_team/2dof/install/cybergear_driver/local/lib/python3.10/dist-packages/cybergear_driver'...
[1.513s] Compiling '/home/ambushee/HexapodLeg_modeling_team/2dof/install/cybergear_driver/local/lib/python3.10/dist-packages/cybergear_driver/__init__.py'...
[1.513s] Compiling '/home/ambushee/HexapodLeg_modeling_team/2dof/install/cybergear_driver/local/lib/python3.10/dist-packages/cybergear_driver/dummy_module.py'...
[1.517s] -- Installing: /home/ambushee/HexapodLeg_modeling_team/2dof/install/cybergear_driver/lib/cybergear_driver/cybergear_driver.py
[1.518s] -- Installing: /home/ambushee/HexapodLeg_modeling_team/2dof/install/cybergear_driver/lib/cybergear_driver/lock_home_position_control.py
[1.518s] -- Installing: /home/ambushee/HexapodLeg_modeling_team/2dof/install/cybergear_driver/lib/cybergear_driver/lock_home_mit_control.py
[1.518s] -- Installing: /home/ambushee/HexapodLeg_modeling_team/2dof/install/cybergear_driver/lib/cybergear_driver/single_motor_position_control.py
[1.518s] -- Installing: /home/ambushee/HexapodLeg_modeling_team/2dof/install/cybergear_driver/lib/cybergear_driver/scan_motors.py
[1.518s] -- Installing: /home/ambushee/HexapodLeg_modeling_team/2dof/install/cybergear_driver/lib/cybergear_driver/config.py
[1.518s] -- Installing: /home/ambushee/HexapodLeg_modeling_team/2dof/install/cybergear_driver/lib/cybergear_driver/cybergear.py
[1.519s] -- Installing: /home/ambushee/HexapodLeg_modeling_team/2dof/install/cybergear_driver/lib/cybergear_driver/controller.py
[1.519s] -- Installing: /home/ambushee/HexapodLeg_modeling_team/2dof/install/cybergear_driver/lib/cybergear_driver/cybergear_calibration_node.py
[1.519s] -- Installing: /home/ambushee/HexapodLeg_modeling_team/2dof/install/cybergear_driver/lib/cybergear_driver/cpp_node_test
[1.519s] -- Set runtime path of "/home/ambushee/HexapodLeg_modeling_team/2dof/install/cybergear_driver/lib/cybergear_driver/cpp_node_test" to ""
[1.519s] -- Installing: /home/ambushee/HexapodLeg_modeling_team/2dof/install/cybergear_driver/share/cybergear_driver/config
[1.519s] -- Installing: /home/ambushee/HexapodLeg_modeling_team/2dof/install/cybergear_driver/share/cybergear_driver/config/config.yaml
[1.519s] -- Installing: /home/ambushee/HexapodLeg_modeling_team/2dof/install/cybergear_driver/share/ament_index/resource_index/package_run_dependencies/cybergear_driver
[1.519s] -- Installing: /home/ambushee/HexapodLeg_modeling_team/2dof/install/cybergear_driver/share/ament_index/resource_index/parent_prefix_path/cybergear_driver
[1.519s] -- Installing: /home/ambushee/HexapodLeg_modeling_team/2dof/install/cybergear_driver/share/cybergear_driver/environment/ament_prefix_path.sh
[1.519s] -- Installing: /home/ambushee/HexapodLeg_modeling_team/2dof/install/cybergear_driver/share/cybergear_driver/environment/ament_prefix_path.dsv
[1.519s] -- Installing: /home/ambushee/HexapodLeg_modeling_team/2dof/install/cybergear_driver/share/cybergear_driver/environment/path.sh
[1.520s] -- Installing: /home/ambushee/HexapodLeg_modeling_team/2dof/install/cybergear_driver/share/cybergear_driver/environment/path.dsv
[1.520s] -- Installing: /home/ambushee/HexapodLeg_modeling_team/2dof/install/cybergear_driver/share/cybergear_driver/local_setup.bash
[1.520s] -- Installing: /home/ambushee/HexapodLeg_modeling_team/2dof/install/cybergear_driver/share/cybergear_driver/local_setup.sh
[1.520s] -- Installing: /home/ambushee/HexapodLeg_modeling_team/2dof/install/cybergear_driver/share/cybergear_driver/local_setup.zsh
[1.520s] -- Installing: /home/ambushee/HexapodLeg_modeling_team/2dof/install/cybergear_driver/share/cybergear_driver/local_setup.dsv
[1.520s] -- Installing: /home/ambushee/HexapodLeg_modeling_team/2dof/install/cybergear_driver/share/cybergear_driver/package.dsv
[1.520s] -- Installing: /home/ambushee/HexapodLeg_modeling_team/2dof/install/cybergear_driver/share/ament_index/resource_index/packages/cybergear_driver
[1.520s] -- Installing: /home/ambushee/HexapodLeg_modeling_team/2dof/install/cybergear_driver/share/cybergear_driver/cmake/cybergear_driverConfig.cmake
[1.520s] -- Installing: /home/ambushee/HexapodLeg_modeling_team/2dof/install/cybergear_driver/share/cybergear_driver/cmake/cybergear_driverConfig-version.cmake
[1.520s] -- Installing: /home/ambushee/HexapodLeg_modeling_team/2dof/install/cybergear_driver/share/cybergear_driver/package.xml
[1.522s] Invoked command in '/home/ambushee/HexapodLeg_modeling_team/2dof/build/cybergear_driver' returned '0': CMAKE_PREFIX_PATH=${CMAKE_PREFIX_PATH}:/home/ambushee/HexapodLeg_modeling_team/2dof/install/hexapod_gz:/home/ambushee/HexapodLeg_modeling_team/2dof/install/experiment_kit:/opt/ros/humble /usr/bin/cmake --install /home/ambushee/HexapodLeg_modeling_team/2dof/build/cybergear_driver
