[100%] Built target cpp_node_test
[100%] Built target ament_cmake_python_copy_cybergear_driver
running egg_info
writing cybergear_driver.egg-info/PKG-INFO
writing dependency_links to cybergear_driver.egg-info/dependency_links.txt
writing top-level names to cybergear_driver.egg-info/top_level.txt
reading manifest file 'cybergear_driver.egg-info/SOURCES.txt'
writing manifest file 'cybergear_driver.egg-info/SOURCES.txt'
[100%] Built target ament_cmake_python_build_cybergear_driver_egg
-- Install configuration: ""
-- Up-to-date: /home/ambushee/HexapodLeg_modeling_team/2dof/install/cybergear_driver/share/cybergear_driver/environment/pythonpath.sh
-- Up-to-date: /home/ambushee/HexapodLeg_modeling_team/2dof/install/cybergear_driver/share/cybergear_driver/environment/pythonpath.dsv
-- Up-to-date: /home/ambushee/HexapodLeg_modeling_team/2dof/install/cybergear_driver/local/lib/python3.10/dist-packages/cybergear_driver-0.0.0-py3.10.egg-info
-- Installing: /home/ambushee/HexapodLeg_modeling_team/2dof/install/cybergear_driver/local/lib/python3.10/dist-packages/cybergear_driver-0.0.0-py3.10.egg-info/dependency_links.txt
-- Installing: /home/ambushee/HexapodLeg_modeling_team/2dof/install/cybergear_driver/local/lib/python3.10/dist-packages/cybergear_driver-0.0.0-py3.10.egg-info/SOURCES.txt
-- Installing: /home/ambushee/HexapodLeg_modeling_team/2dof/install/cybergear_driver/local/lib/python3.10/dist-packages/cybergear_driver-0.0.0-py3.10.egg-info/top_level.txt
-- Installing: /home/ambushee/HexapodLeg_modeling_team/2dof/install/cybergear_driver/local/lib/python3.10/dist-packages/cybergear_driver-0.0.0-py3.10.egg-info/PKG-INFO
-- Up-to-date: /home/ambushee/HexapodLeg_modeling_team/2dof/install/cybergear_driver/local/lib/python3.10/dist-packages/cybergear_driver
-- Up-to-date: /home/ambushee/HexapodLeg_modeling_team/2dof/install/cybergear_driver/local/lib/python3.10/dist-packages/cybergear_driver/__init__.py
-- Up-to-date: /home/ambushee/HexapodLeg_modeling_team/2dof/install/cybergear_driver/local/lib/python3.10/dist-packages/cybergear_driver/dummy_module.py
Listing '/home/ambushee/HexapodLeg_modeling_team/2dof/install/cybergear_driver/local/lib/python3.10/dist-packages/cybergear_driver'...
-- Up-to-date: /home/ambushee/HexapodLeg_modeling_team/2dof/install/cybergear_driver/lib/cybergear_driver/cybergear_driver.py
-- Up-to-date: /home/ambushee/HexapodLeg_modeling_team/2dof/install/cybergear_driver/lib/cybergear_driver/lock_home_position_control.py
-- Up-to-date: /home/ambushee/HexapodLeg_modeling_team/2dof/install/cybergear_driver/lib/cybergear_driver/lock_home_mit_control.py
-- Up-to-date: /home/ambushee/HexapodLeg_modeling_team/2dof/install/cybergear_driver/lib/cybergear_driver/single_motor_position_control.py
-- Up-to-date: /home/ambushee/HexapodLeg_modeling_team/2dof/install/cybergear_driver/lib/cybergear_driver/scan_motors.py
-- Up-to-date: /home/ambushee/HexapodLeg_modeling_team/2dof/install/cybergear_driver/lib/cybergear_driver/config.py
-- Up-to-date: /home/ambushee/HexapodLeg_modeling_team/2dof/install/cybergear_driver/lib/cybergear_driver/cybergear.py
-- Up-to-date: /home/ambushee/HexapodLeg_modeling_team/2dof/install/cybergear_driver/lib/cybergear_driver/controller.py
-- Up-to-date: /home/ambushee/HexapodLeg_modeling_team/2dof/install/cybergear_driver/lib/cybergear_driver/cybergear_calibration_node.py
-- Up-to-date: /home/ambushee/HexapodLeg_modeling_team/2dof/install/cybergear_driver/lib/cybergear_driver/cpp_node_test
-- Up-to-date: /home/ambushee/HexapodLeg_modeling_team/2dof/install/cybergear_driver/share/cybergear_driver/config
-- Up-to-date: /home/ambushee/HexapodLeg_modeling_team/2dof/install/cybergear_driver/share/cybergear_driver/config/config.yaml
-- Up-to-date: /home/ambushee/HexapodLeg_modeling_team/2dof/install/cybergear_driver/share/ament_index/resource_index/package_run_dependencies/cybergear_driver
-- Up-to-date: /home/ambushee/HexapodLeg_modeling_team/2dof/install/cybergear_driver/share/ament_index/resource_index/parent_prefix_path/cybergear_driver
-- Up-to-date: /home/ambushee/HexapodLeg_modeling_team/2dof/install/cybergear_driver/share/cybergear_driver/environment/ament_prefix_path.sh
-- Up-to-date: /home/ambushee/HexapodLeg_modeling_team/2dof/install/cybergear_driver/share/cybergear_driver/environment/ament_prefix_path.dsv
-- Up-to-date: /home/ambushee/HexapodLeg_modeling_team/2dof/install/cybergear_driver/share/cybergear_driver/environment/path.sh
-- Up-to-date: /home/ambushee/HexapodLeg_modeling_team/2dof/install/cybergear_driver/share/cybergear_driver/environment/path.dsv
-- Up-to-date: /home/ambushee/HexapodLeg_modeling_team/2dof/install/cybergear_driver/share/cybergear_driver/local_setup.bash
-- Up-to-date: /home/ambushee/HexapodLeg_modeling_team/2dof/install/cybergear_driver/share/cybergear_driver/local_setup.sh
-- Up-to-date: /home/ambushee/HexapodLeg_modeling_team/2dof/install/cybergear_driver/share/cybergear_driver/local_setup.zsh
-- Up-to-date: /home/ambushee/HexapodLeg_modeling_team/2dof/install/cybergear_driver/share/cybergear_driver/local_setup.dsv
-- Installing: /home/ambushee/HexapodLeg_modeling_team/2dof/install/cybergear_driver/share/cybergear_driver/package.dsv
-- Up-to-date: /home/ambushee/HexapodLeg_modeling_team/2dof/install/cybergear_driver/share/ament_index/resource_index/packages/cybergear_driver
-- Up-to-date: /home/ambushee/HexapodLeg_modeling_team/2dof/install/cybergear_driver/share/cybergear_driver/cmake/cybergear_driverConfig.cmake
-- Up-to-date: /home/ambushee/HexapodLeg_modeling_team/2dof/install/cybergear_driver/share/cybergear_driver/cmake/cybergear_driverConfig-version.cmake
-- Up-to-date: /home/ambushee/HexapodLeg_modeling_team/2dof/install/cybergear_driver/share/cybergear_driver/package.xml
