[0.780s] Invoking command in '/home/ambushee/HexapodLeg_modeling_team/2dof/src/experiment_kit': PYTHONPATH=/home/ambushee/HexapodLeg_modeling_team/2dof/build/experiment_kit/prefix_override:/usr/lib/python3/dist-packages/colcon_core/task/python/colcon_distutils_commands:/home/ambushee/HexapodLeg_modeling_team/2dof/install/experiment_kit/lib/python3.10/site-packages:${PYTHONPATH} /usr/bin/python3 -W ignore:setup.py install is deprecated -W ignore:easy_install command is deprecated setup.py egg_info --egg-base ../../build/experiment_kit build --build-base /home/ambushee/HexapodLeg_modeling_team/2dof/build/experiment_kit/build install --record /home/ambushee/HexapodLeg_modeling_team/2dof/build/experiment_kit/install.log --single-version-externally-managed install_data
[0.983s] running egg_info
[0.984s] writing ../../build/experiment_kit/experiment_kit.egg-info/PKG-INFO
[0.984s] writing dependency_links to ../../build/experiment_kit/experiment_kit.egg-info/dependency_links.txt
[0.984s] writing entry points to ../../build/experiment_kit/experiment_kit.egg-info/entry_points.txt
[0.984s] writing requirements to ../../build/experiment_kit/experiment_kit.egg-info/requires.txt
[0.984s] writing top-level names to ../../build/experiment_kit/experiment_kit.egg-info/top_level.txt
[0.985s] reading manifest file '../../build/experiment_kit/experiment_kit.egg-info/SOURCES.txt'
[0.986s] writing manifest file '../../build/experiment_kit/experiment_kit.egg-info/SOURCES.txt'
[0.986s] running build
[0.986s] running build_py
[0.987s] copying experiment_kit/pd_step_commander.py -> /home/ambushee/HexapodLeg_modeling_team/2dof/build/experiment_kit/build/lib/experiment_kit
[0.987s] running install
[0.987s] running install_lib
[0.987s] copying /home/ambushee/HexapodLeg_modeling_team/2dof/build/experiment_kit/build/lib/experiment_kit/pd_step_commander.py -> /home/ambushee/HexapodLeg_modeling_team/2dof/install/experiment_kit/lib/python3.10/site-packages/experiment_kit
[0.988s] byte-compiling /home/ambushee/HexapodLeg_modeling_team/2dof/install/experiment_kit/lib/python3.10/site-packages/experiment_kit/pd_step_commander.py to pd_step_commander.cpython-310.pyc
[0.989s] running install_data
[0.994s] running install_egg_info
[0.994s] removing '/home/ambushee/HexapodLeg_modeling_team/2dof/install/experiment_kit/lib/python3.10/site-packages/experiment_kit-0.1.0-py3.10.egg-info' (and everything under it)
[0.995s] Copying ../../build/experiment_kit/experiment_kit.egg-info to /home/ambushee/HexapodLeg_modeling_team/2dof/install/experiment_kit/lib/python3.10/site-packages/experiment_kit-0.1.0-py3.10.egg-info
[0.995s] running install_scripts
[1.010s] Installing pd_position_commander script to /home/ambushee/HexapodLeg_modeling_team/2dof/install/experiment_kit/lib/experiment_kit
[1.010s] Installing pd_step_commander script to /home/ambushee/HexapodLeg_modeling_team/2dof/install/experiment_kit/lib/experiment_kit
[1.010s] Installing pd_step_commander_link1 script to /home/ambushee/HexapodLeg_modeling_team/2dof/install/experiment_kit/lib/experiment_kit
[1.010s] writing list of installed files to '/home/ambushee/HexapodLeg_modeling_team/2dof/build/experiment_kit/install.log'
[1.048s] Invoked command in '/home/ambushee/HexapodLeg_modeling_team/2dof/src/experiment_kit' returned '0': PYTHONPATH=/home/ambushee/HexapodLeg_modeling_team/2dof/build/experiment_kit/prefix_override:/usr/lib/python3/dist-packages/colcon_core/task/python/colcon_distutils_commands:/home/ambushee/HexapodLeg_modeling_team/2dof/install/experiment_kit/lib/python3.10/site-packages:${PYTHONPATH} /usr/bin/python3 -W ignore:setup.py install is deprecated -W ignore:easy_install command is deprecated setup.py egg_info --egg-base ../../build/experiment_kit build --build-base /home/ambushee/HexapodLeg_modeling_team/2dof/build/experiment_kit/build install --record /home/ambushee/HexapodLeg_modeling_team/2dof/build/experiment_kit/install.log --single-version-externally-managed install_data
