[0.542s] Invoking command in '/home/ambushee/HexapodLeg_modeling_team/2dof/src/experiment_kit': PYTHONPATH=/home/ambushee/HexapodLeg_modeling_team/2dof/build/experiment_kit/prefix_override:/usr/lib/python3/dist-packages/colcon_core/task/python/colcon_distutils_commands:/home/ambushee/HexapodLeg_modeling_team/2dof/install/experiment_kit/lib/python3.10/site-packages:${PYTHONPATH} /usr/bin/python3 -W ignore:setup.py install is deprecated -W ignore:easy_install command is deprecated setup.py egg_info --egg-base ../../build/experiment_kit build --build-base /home/ambushee/HexapodLeg_modeling_team/2dof/build/experiment_kit/build install --record /home/ambushee/HexapodLeg_modeling_team/2dof/build/experiment_kit/install.log --single-version-externally-managed install_data
[0.760s] running egg_info
[0.760s] writing ../../build/experiment_kit/experiment_kit.egg-info/PKG-INFO
[0.761s] writing dependency_links to ../../build/experiment_kit/experiment_kit.egg-info/dependency_links.txt
[0.761s] writing entry points to ../../build/experiment_kit/experiment_kit.egg-info/entry_points.txt
[0.761s] writing requirements to ../../build/experiment_kit/experiment_kit.egg-info/requires.txt
[0.761s] writing top-level names to ../../build/experiment_kit/experiment_kit.egg-info/top_level.txt
[0.762s] reading manifest file '../../build/experiment_kit/experiment_kit.egg-info/SOURCES.txt'
[0.763s] writing manifest file '../../build/experiment_kit/experiment_kit.egg-info/SOURCES.txt'
[0.763s] running build
[0.763s] running build_py
[0.764s] copying experiment_kit/pd_step_commander_link2.py -> /home/ambushee/HexapodLeg_modeling_team/2dof/build/experiment_kit/build/lib/experiment_kit
[0.764s] copying experiment_kit/pd_step_commander_link1.py -> /home/ambushee/HexapodLeg_modeling_team/2dof/build/experiment_kit/build/lib/experiment_kit
[0.764s] running install
[0.764s] running install_lib
[0.764s] copying /home/ambushee/HexapodLeg_modeling_team/2dof/build/experiment_kit/build/lib/experiment_kit/pd_step_commander_link2.py -> /home/ambushee/HexapodLeg_modeling_team/2dof/install/experiment_kit/lib/python3.10/site-packages/experiment_kit
[0.765s] copying /home/ambushee/HexapodLeg_modeling_team/2dof/build/experiment_kit/build/lib/experiment_kit/pd_step_commander_link1.py -> /home/ambushee/HexapodLeg_modeling_team/2dof/install/experiment_kit/lib/python3.10/site-packages/experiment_kit
[0.765s] byte-compiling /home/ambushee/HexapodLeg_modeling_team/2dof/install/experiment_kit/lib/python3.10/site-packages/experiment_kit/pd_step_commander_link2.py to pd_step_commander_link2.cpython-310.pyc
[0.766s] byte-compiling /home/ambushee/HexapodLeg_modeling_team/2dof/install/experiment_kit/lib/python3.10/site-packages/experiment_kit/pd_step_commander_link1.py to pd_step_commander_link1.cpython-310.pyc
[0.767s] running install_data
[0.767s] copying launch/spawn_robot_step_link1.launch.py -> /home/ambushee/HexapodLeg_modeling_team/2dof/install/experiment_kit/share/experiment_kit/launch
[0.767s] copying launch/spawn_robot_step_link2.launch.py -> /home/ambushee/HexapodLeg_modeling_team/2dof/install/experiment_kit/share/experiment_kit/launch
[0.767s] running install_egg_info
[0.769s] removing '/home/ambushee/HexapodLeg_modeling_team/2dof/install/experiment_kit/lib/python3.10/site-packages/experiment_kit-0.1.0-py3.10.egg-info' (and everything under it)
[0.769s] Copying ../../build/experiment_kit/experiment_kit.egg-info to /home/ambushee/HexapodLeg_modeling_team/2dof/install/experiment_kit/lib/python3.10/site-packages/experiment_kit-0.1.0-py3.10.egg-info
[0.769s] running install_scripts
[0.785s] Installing pd_position_commander script to /home/ambushee/HexapodLeg_modeling_team/2dof/install/experiment_kit/lib/experiment_kit
[0.786s] Installing pd_step_commander script to /home/ambushee/HexapodLeg_modeling_team/2dof/install/experiment_kit/lib/experiment_kit
[0.786s] Installing pd_step_commander_link1 script to /home/ambushee/HexapodLeg_modeling_team/2dof/install/experiment_kit/lib/experiment_kit
[0.786s] Installing pd_step_commander_link2 script to /home/ambushee/HexapodLeg_modeling_team/2dof/install/experiment_kit/lib/experiment_kit
[0.786s] writing list of installed files to '/home/ambushee/HexapodLeg_modeling_team/2dof/build/experiment_kit/install.log'
[0.805s] Invoked command in '/home/ambushee/HexapodLeg_modeling_team/2dof/src/experiment_kit' returned '0': PYTHONPATH=/home/ambushee/HexapodLeg_modeling_team/2dof/build/experiment_kit/prefix_override:/usr/lib/python3/dist-packages/colcon_core/task/python/colcon_distutils_commands:/home/ambushee/HexapodLeg_modeling_team/2dof/install/experiment_kit/lib/python3.10/site-packages:${PYTHONPATH} /usr/bin/python3 -W ignore:setup.py install is deprecated -W ignore:easy_install command is deprecated setup.py egg_info --egg-base ../../build/experiment_kit build --build-base /home/ambushee/HexapodLeg_modeling_team/2dof/build/experiment_kit/build install --record /home/ambushee/HexapodLeg_modeling_team/2dof/build/experiment_kit/install.log --single-version-externally-managed install_data
