[0.521s] Invoking command in '/home/ambushee/HexapodLeg_modeling_team/2dof/build/volta_controller': CMAKE_PREFIX_PATH=${CMAKE_PREFIX_PATH}:/home/ambushee/HexapodLeg_modeling_team/2dof/install/hexapod_gz:/home/ambushee/HexapodLeg_modeling_team/2dof/install/experiment_kit:/opt/ros/humble /usr/bin/cmake --build /home/ambushee/HexapodLeg_modeling_team/2dof/build/volta_controller -- -j16 -l16
[0.556s] [100%] Built target cpp_node_test
[0.562s] [100%] Built target ament_cmake_python_copy_volta_controller
[0.814s] running egg_info
[0.814s] writing volta_controller.egg-info/PKG-INFO
[0.814s] writing dependency_links to volta_controller.egg-info/dependency_links.txt
[0.814s] writing top-level names to volta_controller.egg-info/top_level.txt
[0.816s] reading manifest file 'volta_controller.egg-info/SOURCES.txt'
[0.817s] writing manifest file 'volta_controller.egg-info/SOURCES.txt'
[0.840s] [100%] Built target ament_cmake_python_build_volta_controller_egg
[0.849s] Invoked command in '/home/ambushee/HexapodLeg_modeling_team/2dof/build/volta_controller' returned '0': CMAKE_PREFIX_PATH=${CMAKE_PREFIX_PATH}:/home/ambushee/HexapodLeg_modeling_team/2dof/install/hexapod_gz:/home/ambushee/HexapodLeg_modeling_team/2dof/install/experiment_kit:/opt/ros/humble /usr/bin/cmake --build /home/ambushee/HexapodLeg_modeling_team/2dof/build/volta_controller -- -j16 -l16
[0.850s] Invoking command in '/home/ambushee/HexapodLeg_modeling_team/2dof/build/volta_controller': CMAKE_PREFIX_PATH=${CMAKE_PREFIX_PATH}:/home/ambushee/HexapodLeg_modeling_team/2dof/install/hexapod_gz:/home/ambushee/HexapodLeg_modeling_team/2dof/install/experiment_kit:/opt/ros/humble /usr/bin/cmake --install /home/ambushee/HexapodLeg_modeling_team/2dof/build/volta_controller
[0.857s] -- Install configuration: ""
[0.857s] -- Up-to-date: /home/ambushee/HexapodLeg_modeling_team/2dof/install/volta_controller/share/volta_controller/environment/pythonpath.sh
[0.857s] -- Up-to-date: /home/ambushee/HexapodLeg_modeling_team/2dof/install/volta_controller/share/volta_controller/environment/pythonpath.dsv
[0.857s] -- Up-to-date: /home/ambushee/HexapodLeg_modeling_team/2dof/install/volta_controller/local/lib/python3.10/dist-packages/volta_controller-0.0.0-py3.10.egg-info
[0.857s] -- Installing: /home/ambushee/HexapodLeg_modeling_team/2dof/install/volta_controller/local/lib/python3.10/dist-packages/volta_controller-0.0.0-py3.10.egg-info/dependency_links.txt
[0.857s] -- Installing: /home/ambushee/HexapodLeg_modeling_team/2dof/install/volta_controller/local/lib/python3.10/dist-packages/volta_controller-0.0.0-py3.10.egg-info/SOURCES.txt
[0.858s] -- Installing: /home/ambushee/HexapodLeg_modeling_team/2dof/install/volta_controller/local/lib/python3.10/dist-packages/volta_controller-0.0.0-py3.10.egg-info/top_level.txt
[0.858s] -- Installing: /home/ambushee/HexapodLeg_modeling_team/2dof/install/volta_controller/local/lib/python3.10/dist-packages/volta_controller-0.0.0-py3.10.egg-info/PKG-INFO
[0.858s] -- Up-to-date: /home/ambushee/HexapodLeg_modeling_team/2dof/install/volta_controller/local/lib/python3.10/dist-packages/volta_controller
[0.858s] -- Up-to-date: /home/ambushee/HexapodLeg_modeling_team/2dof/install/volta_controller/local/lib/python3.10/dist-packages/volta_controller/__init__.py
[0.858s] -- Up-to-date: /home/ambushee/HexapodLeg_modeling_team/2dof/install/volta_controller/local/lib/python3.10/dist-packages/volta_controller/dummy_module.py
[0.887s] Listing '/home/ambushee/HexapodLeg_modeling_team/2dof/install/volta_controller/local/lib/python3.10/dist-packages/volta_controller'...
[0.891s] -- Up-to-date: /home/ambushee/HexapodLeg_modeling_team/2dof/install/volta_controller/lib/volta_controller/dummy_script.py
[0.891s] -- Up-to-date: /home/ambushee/HexapodLeg_modeling_team/2dof/install/volta_controller/lib/volta_controller/GravityCompensation.py
[0.891s] -- Up-to-date: /home/ambushee/HexapodLeg_modeling_team/2dof/install/volta_controller/lib/volta_controller/MotorGroupConfig.py
[0.891s] -- Up-to-date: /home/ambushee/HexapodLeg_modeling_team/2dof/install/volta_controller/lib/volta_controller/InverseDynamicsController.py
[0.891s] -- Up-to-date: /home/ambushee/HexapodLeg_modeling_team/2dof/install/volta_controller/lib/volta_controller/DesiredJointsState.py
[0.891s] -- Up-to-date: /home/ambushee/HexapodLeg_modeling_team/2dof/install/volta_controller/lib/volta_controller/VoltaStateMachine.py
[0.891s] -- Up-to-date: /home/ambushee/HexapodLeg_modeling_team/2dof/install/volta_controller/lib/volta_controller/KinematicsFunc.py
[0.891s] -- Up-to-date: /home/ambushee/HexapodLeg_modeling_team/2dof/install/volta_controller/lib/volta_controller/cpp_node_test
[0.891s] -- Up-to-date: /home/ambushee/HexapodLeg_modeling_team/2dof/install/volta_controller/share/volta_controller/launch
[0.891s] -- Up-to-date: /home/ambushee/HexapodLeg_modeling_team/2dof/install/volta_controller/share/volta_controller/launch/VoltaController.launch.py
[0.891s] -- Up-to-date: /home/ambushee/HexapodLeg_modeling_team/2dof/install/volta_controller/share/ament_index/resource_index/package_run_dependencies/volta_controller
[0.892s] -- Up-to-date: /home/ambushee/HexapodLeg_modeling_team/2dof/install/volta_controller/share/ament_index/resource_index/parent_prefix_path/volta_controller
[0.892s] -- Up-to-date: /home/ambushee/HexapodLeg_modeling_team/2dof/install/volta_controller/share/volta_controller/environment/ament_prefix_path.sh
[0.892s] -- Up-to-date: /home/ambushee/HexapodLeg_modeling_team/2dof/install/volta_controller/share/volta_controller/environment/ament_prefix_path.dsv
[0.892s] -- Up-to-date: /home/ambushee/HexapodLeg_modeling_team/2dof/install/volta_controller/share/volta_controller/environment/path.sh
[0.892s] -- Up-to-date: /home/ambushee/HexapodLeg_modeling_team/2dof/install/volta_controller/share/volta_controller/environment/path.dsv
[0.892s] -- Up-to-date: /home/ambushee/HexapodLeg_modeling_team/2dof/install/volta_controller/share/volta_controller/local_setup.bash
[0.892s] -- Up-to-date: /home/ambushee/HexapodLeg_modeling_team/2dof/install/volta_controller/share/volta_controller/local_setup.sh
[0.892s] -- Up-to-date: /home/ambushee/HexapodLeg_modeling_team/2dof/install/volta_controller/share/volta_controller/local_setup.zsh
[0.892s] -- Up-to-date: /home/ambushee/HexapodLeg_modeling_team/2dof/install/volta_controller/share/volta_controller/local_setup.dsv
[0.892s] -- Installing: /home/ambushee/HexapodLeg_modeling_team/2dof/install/volta_controller/share/volta_controller/package.dsv
[0.892s] -- Up-to-date: /home/ambushee/HexapodLeg_modeling_team/2dof/install/volta_controller/share/ament_index/resource_index/packages/volta_controller
[0.892s] -- Up-to-date: /home/ambushee/HexapodLeg_modeling_team/2dof/install/volta_controller/share/volta_controller/cmake/volta_controllerConfig.cmake
[0.892s] -- Up-to-date: /home/ambushee/HexapodLeg_modeling_team/2dof/install/volta_controller/share/volta_controller/cmake/volta_controllerConfig-version.cmake
[0.892s] -- Up-to-date: /home/ambushee/HexapodLeg_modeling_team/2dof/install/volta_controller/share/volta_controller/package.xml
[0.894s] Invoked command in '/home/ambushee/HexapodLeg_modeling_team/2dof/build/volta_controller' returned '0': CMAKE_PREFIX_PATH=${CMAKE_PREFIX_PATH}:/home/ambushee/HexapodLeg_modeling_team/2dof/install/hexapod_gz:/home/ambushee/HexapodLeg_modeling_team/2dof/install/experiment_kit:/opt/ros/humble /usr/bin/cmake --install /home/ambushee/HexapodLeg_modeling_team/2dof/build/volta_controller
