[0.811s] Invoking command in '/home/ambushee/HexapodLeg_modeling_team/2dof/src/hexapod_gz': PYTHONPATH=/home/ambushee/HexapodLeg_modeling_team/2dof/build/hexapod_gz/prefix_override:/usr/lib/python3/dist-packages/colcon_core/task/python/colcon_distutils_commands:/home/ambushee/HexapodLeg_modeling_team/2dof/install/hexapod_gz/lib/python3.10/site-packages:${PYTHONPATH} /usr/bin/python3 -W ignore:setup.py install is deprecated -W ignore:easy_install command is deprecated setup.py egg_info --egg-base ../../build/hexapod_gz build --build-base /home/ambushee/HexapodLeg_modeling_team/2dof/build/hexapod_gz/build install --record /home/ambushee/HexapodLeg_modeling_team/2dof/build/hexapod_gz/install.log --single-version-externally-managed install_data
[0.998s] running egg_info
[0.998s] creating ../../build/hexapod_gz/hexapod_gz.egg-info
[0.998s] writing ../../build/hexapod_gz/hexapod_gz.egg-info/PKG-INFO
[0.999s] writing dependency_links to ../../build/hexapod_gz/hexapod_gz.egg-info/dependency_links.txt
[0.999s] writing entry points to ../../build/hexapod_gz/hexapod_gz.egg-info/entry_points.txt
[0.999s] writing requirements to ../../build/hexapod_gz/hexapod_gz.egg-info/requires.txt
[0.999s] writing top-level names to ../../build/hexapod_gz/hexapod_gz.egg-info/top_level.txt
[0.999s] writing manifest file '../../build/hexapod_gz/hexapod_gz.egg-info/SOURCES.txt'
[1.000s] reading manifest file '../../build/hexapod_gz/hexapod_gz.egg-info/SOURCES.txt'
[1.001s] writing manifest file '../../build/hexapod_gz/hexapod_gz.egg-info/SOURCES.txt'
[1.001s] running build
[1.001s] running build_py
[1.001s] creating /home/ambushee/HexapodLeg_modeling_team/2dof/build/hexapod_gz/build
[1.002s] creating /home/ambushee/HexapodLeg_modeling_team/2dof/build/hexapod_gz/build/lib
[1.002s] creating /home/ambushee/HexapodLeg_modeling_team/2dof/build/hexapod_gz/build/lib/hexapod_gz
[1.002s] copying hexapod_gz/PD_Controller.py -> /home/ambushee/HexapodLeg_modeling_team/2dof/build/hexapod_gz/build/lib/hexapod_gz
[1.002s] copying hexapod_gz/__init__.py -> /home/ambushee/HexapodLeg_modeling_team/2dof/build/hexapod_gz/build/lib/hexapod_gz
[1.002s] copying hexapod_gz/pd_position_commander.py -> /home/ambushee/HexapodLeg_modeling_team/2dof/build/hexapod_gz/build/lib/hexapod_gz
[1.002s] copying hexapod_gz/pd_step_commander.py -> /home/ambushee/HexapodLeg_modeling_team/2dof/build/hexapod_gz/build/lib/hexapod_gz
[1.003s] running install
[1.003s] running install_lib
[1.004s] creating /home/ambushee/HexapodLeg_modeling_team/2dof/install/hexapod_gz/lib/python3.10/site-packages/hexapod_gz
[1.004s] copying /home/ambushee/HexapodLeg_modeling_team/2dof/build/hexapod_gz/build/lib/hexapod_gz/PD_Controller.py -> /home/ambushee/HexapodLeg_modeling_team/2dof/install/hexapod_gz/lib/python3.10/site-packages/hexapod_gz
[1.004s] copying /home/ambushee/HexapodLeg_modeling_team/2dof/build/hexapod_gz/build/lib/hexapod_gz/__init__.py -> /home/ambushee/HexapodLeg_modeling_team/2dof/install/hexapod_gz/lib/python3.10/site-packages/hexapod_gz
[1.004s] copying /home/ambushee/HexapodLeg_modeling_team/2dof/build/hexapod_gz/build/lib/hexapod_gz/pd_position_commander.py -> /home/ambushee/HexapodLeg_modeling_team/2dof/install/hexapod_gz/lib/python3.10/site-packages/hexapod_gz
[1.004s] copying /home/ambushee/HexapodLeg_modeling_team/2dof/build/hexapod_gz/build/lib/hexapod_gz/pd_step_commander.py -> /home/ambushee/HexapodLeg_modeling_team/2dof/install/hexapod_gz/lib/python3.10/site-packages/hexapod_gz
[1.004s] byte-compiling /home/ambushee/HexapodLeg_modeling_team/2dof/install/hexapod_gz/lib/python3.10/site-packages/hexapod_gz/PD_Controller.py to PD_Controller.cpython-310.pyc
[1.004s] byte-compiling /home/ambushee/HexapodLeg_modeling_team/2dof/install/hexapod_gz/lib/python3.10/site-packages/hexapod_gz/__init__.py to __init__.cpython-310.pyc
[1.005s] byte-compiling /home/ambushee/HexapodLeg_modeling_team/2dof/install/hexapod_gz/lib/python3.10/site-packages/hexapod_gz/pd_position_commander.py to pd_position_commander.cpython-310.pyc
[1.005s] byte-compiling /home/ambushee/HexapodLeg_modeling_team/2dof/install/hexapod_gz/lib/python3.10/site-packages/hexapod_gz/pd_step_commander.py to pd_step_commander.cpython-310.pyc
[1.006s] running install_data
[1.006s] creating /home/ambushee/HexapodLeg_modeling_team/2dof/install/hexapod_gz/share/ament_index
[1.006s] creating /home/ambushee/HexapodLeg_modeling_team/2dof/install/hexapod_gz/share/ament_index/resource_index
[1.006s] creating /home/ambushee/HexapodLeg_modeling_team/2dof/install/hexapod_gz/share/ament_index/resource_index/packages
[1.006s] copying resource/hexapod_gz -> /home/ambushee/HexapodLeg_modeling_team/2dof/install/hexapod_gz/share/ament_index/resource_index/packages
[1.006s] copying package.xml -> /home/ambushee/HexapodLeg_modeling_team/2dof/install/hexapod_gz/share/hexapod_gz
[1.006s] creating /home/ambushee/HexapodLeg_modeling_team/2dof/install/hexapod_gz/share/hexapod_gz/launch
[1.007s] copying launch/spawn_robot_pd.launch.py -> /home/ambushee/HexapodLeg_modeling_team/2dof/install/hexapod_gz/share/hexapod_gz/launch
[1.007s] copying launch/spawn_robot_step.launch.py -> /home/ambushee/HexapodLeg_modeling_team/2dof/install/hexapod_gz/share/hexapod_gz/launch
[1.007s] creating /home/ambushee/HexapodLeg_modeling_team/2dof/install/hexapod_gz/share/hexapod_gz/config
[1.007s] copying config/ros2_controllers.yaml -> /home/ambushee/HexapodLeg_modeling_team/2dof/install/hexapod_gz/share/hexapod_gz/config
[1.007s] copying config/plotjuggler_layout.xml -> /home/ambushee/HexapodLeg_modeling_team/2dof/install/hexapod_gz/share/hexapod_gz/config
[1.007s] creating /home/ambushee/HexapodLeg_modeling_team/2dof/install/hexapod_gz/share/hexapod_gz/urdf
[1.007s] copying urdf/hexapod_modelling_team.xacro -> /home/ambushee/HexapodLeg_modeling_team/2dof/install/hexapod_gz/share/hexapod_gz/urdf
[1.007s] creating /home/ambushee/HexapodLeg_modeling_team/2dof/install/hexapod_gz/share/hexapod_gz/worlds
[1.007s] copying worlds/hexapod.sdf -> /home/ambushee/HexapodLeg_modeling_team/2dof/install/hexapod_gz/share/hexapod_gz/worlds
[1.007s] creating /home/ambushee/HexapodLeg_modeling_team/2dof/install/hexapod_gz/share/hexapod_gz/meshes
[1.007s] copying meshes/base_link.STL -> /home/ambushee/HexapodLeg_modeling_team/2dof/install/hexapod_gz/share/hexapod_gz/meshes
[1.007s] copying meshes/Link1.STL -> /home/ambushee/HexapodLeg_modeling_team/2dof/install/hexapod_gz/share/hexapod_gz/meshes
[1.007s] copying meshes/Link_2.STL -> /home/ambushee/HexapodLeg_modeling_team/2dof/install/hexapod_gz/share/hexapod_gz/meshes
[1.008s] running install_egg_info
[1.009s] Copying ../../build/hexapod_gz/hexapod_gz.egg-info to /home/ambushee/HexapodLeg_modeling_team/2dof/install/hexapod_gz/lib/python3.10/site-packages/hexapod_gz-0.1.0-py3.10.egg-info
[1.009s] running install_scripts
[1.022s] Installing pd_position_commander script to /home/ambushee/HexapodLeg_modeling_team/2dof/install/hexapod_gz/lib/hexapod_gz
[1.023s] Installing pd_step_commander script to /home/ambushee/HexapodLeg_modeling_team/2dof/install/hexapod_gz/lib/hexapod_gz
[1.023s] writing list of installed files to '/home/ambushee/HexapodLeg_modeling_team/2dof/build/hexapod_gz/install.log'
[1.042s] Invoked command in '/home/ambushee/HexapodLeg_modeling_team/2dof/src/hexapod_gz' returned '0': PYTHONPATH=/home/ambushee/HexapodLeg_modeling_team/2dof/build/hexapod_gz/prefix_override:/usr/lib/python3/dist-packages/colcon_core/task/python/colcon_distutils_commands:/home/ambushee/HexapodLeg_modeling_team/2dof/install/hexapod_gz/lib/python3.10/site-packages:${PYTHONPATH} /usr/bin/python3 -W ignore:setup.py install is deprecated -W ignore:easy_install command is deprecated setup.py egg_info --egg-base ../../build/hexapod_gz build --build-base /home/ambushee/HexapodLeg_modeling_team/2dof/build/hexapod_gz/build install --record /home/ambushee/HexapodLeg_modeling_team/2dof/build/hexapod_gz/install.log --single-version-externally-managed install_data
