[0.070s] DEBUG:colcon:Command line arguments: ['/usr/bin/colcon', 'build']
[0.070s] DEBUG:colcon:Parsed command line arguments: Namespace(log_base=None, log_level=None, verb_name='build', build_base='build', install_base='install', merge_install=False, symlink_install=False, test_result_base=None, continue_on_error=False, executor='parallel', parallel_workers=16, event_handlers=None, ignore_user_meta=False, metas=['./colcon.meta'], base_paths=['.'], packages_ignore=None, packages_ignore_regex=None, paths=None, packages_up_to=None, packages_up_to_regex=None, packages_above=None, packages_above_and_dependencies=None, packages_above_depth=None, packages_select_by_dep=None, packages_skip_by_dep=None, packages_skip_up_to=None, packages_select_build_failed=False, packages_skip_build_finished=False, packages_select_test_failures=False, packages_skip_test_passed=False, packages_select=None, packages_skip=None, packages_select_regex=None, packages_skip_regex=None, packages_start=None, packages_end=None, allow_overriding=[], cmake_args=None, cmake_target=None, cmake_target_skip_unavailable=False, cmake_clean_cache=False, cmake_clean_first=False, cmake_force_configure=False, ament_cmake_args=None, catkin_cmake_args=None, catkin_skip_building_tests=False, verb_parser=<colcon_defaults.argument_parser.defaults.DefaultArgumentsDecorator object at 0x70ec06642200>, verb_extension=<colcon_core.verb.build.BuildVerb object at 0x70ec067ebac0>, main=<bound method BuildVerb.main of <colcon_core.verb.build.BuildVerb object at 0x70ec067ebac0>>)
[0.220s] Level 1:colcon.colcon_core.package_discovery:discover_packages(colcon_meta) check parameters
[0.220s] Level 1:colcon.colcon_core.package_discovery:discover_packages(recursive) check parameters
[0.220s] Level 1:colcon.colcon_core.package_discovery:discover_packages(ignore) check parameters
[0.220s] Level 1:colcon.colcon_core.package_discovery:discover_packages(path) check parameters
[0.220s] Level 1:colcon.colcon_core.package_discovery:discover_packages(colcon_meta) discover
[0.220s] Level 1:colcon.colcon_core.package_discovery:discover_packages(recursive) discover
[0.220s] INFO:colcon.colcon_core.package_discovery:Crawling recursively for packages in '/home/ambushee/HexapodLeg_modeling_team/2dof'
[0.220s] Level 1:colcon.colcon_core.package_identification:_identify(.) by extensions ['ignore', 'ignore_ament_install']
[0.220s] Level 1:colcon.colcon_core.package_identification:_identify(.) by extension 'ignore'
[0.220s] Level 1:colcon.colcon_core.package_identification:_identify(.) by extension 'ignore_ament_install'
[0.220s] Level 1:colcon.colcon_core.package_identification:_identify(.) by extensions ['colcon_pkg']
[0.220s] Level 1:colcon.colcon_core.package_identification:_identify(.) by extension 'colcon_pkg'
[0.220s] Level 1:colcon.colcon_core.package_identification:_identify(.) by extensions ['colcon_meta']
[0.220s] Level 1:colcon.colcon_core.package_identification:_identify(.) by extension 'colcon_meta'
[0.220s] Level 1:colcon.colcon_core.package_identification:_identify(.) by extensions ['ros']
[0.220s] Level 1:colcon.colcon_core.package_identification:_identify(.) by extension 'ros'
[0.235s] Level 1:colcon.colcon_core.package_identification:_identify(.) by extensions ['cmake', 'python']
[0.235s] Level 1:colcon.colcon_core.package_identification:_identify(.) by extension 'cmake'
[0.235s] Level 1:colcon.colcon_core.package_identification:_identify(.) by extension 'python'
[0.235s] Level 1:colcon.colcon_core.package_identification:_identify(.) by extensions ['python_setup_py']
[0.235s] Level 1:colcon.colcon_core.package_identification:_identify(.) by extension 'python_setup_py'
[0.235s] Level 1:colcon.colcon_core.package_identification:_identify(build) by extensions ['ignore', 'ignore_ament_install']
[0.235s] Level 1:colcon.colcon_core.package_identification:_identify(build) by extension 'ignore'
[0.235s] Level 1:colcon.colcon_core.package_identification:_identify(build) ignored
[0.236s] Level 1:colcon.colcon_core.package_identification:_identify(install) by extensions ['ignore', 'ignore_ament_install']
[0.236s] Level 1:colcon.colcon_core.package_identification:_identify(install) by extension 'ignore'
[0.236s] Level 1:colcon.colcon_core.package_identification:_identify(install) ignored
[0.236s] Level 1:colcon.colcon_core.package_identification:_identify(log) by extensions ['ignore', 'ignore_ament_install']
[0.236s] Level 1:colcon.colcon_core.package_identification:_identify(log) by extension 'ignore'
[0.236s] Level 1:colcon.colcon_core.package_identification:_identify(log) ignored
[0.236s] Level 1:colcon.colcon_core.package_identification:_identify(src) by extensions ['ignore', 'ignore_ament_install']
[0.236s] Level 1:colcon.colcon_core.package_identification:_identify(src) by extension 'ignore'
[0.236s] Level 1:colcon.colcon_core.package_identification:_identify(src) by extension 'ignore_ament_install'
[0.236s] Level 1:colcon.colcon_core.package_identification:_identify(src) by extensions ['colcon_pkg']
[0.236s] Level 1:colcon.colcon_core.package_identification:_identify(src) by extension 'colcon_pkg'
[0.236s] Level 1:colcon.colcon_core.package_identification:_identify(src) by extensions ['colcon_meta']
[0.236s] Level 1:colcon.colcon_core.package_identification:_identify(src) by extension 'colcon_meta'
[0.236s] Level 1:colcon.colcon_core.package_identification:_identify(src) by extensions ['ros']
[0.236s] Level 1:colcon.colcon_core.package_identification:_identify(src) by extension 'ros'
[0.236s] Level 1:colcon.colcon_core.package_identification:_identify(src) by extensions ['cmake', 'python']
[0.236s] Level 1:colcon.colcon_core.package_identification:_identify(src) by extension 'cmake'
[0.236s] Level 1:colcon.colcon_core.package_identification:_identify(src) by extension 'python'
[0.236s] Level 1:colcon.colcon_core.package_identification:_identify(src) by extensions ['python_setup_py']
[0.236s] Level 1:colcon.colcon_core.package_identification:_identify(src) by extension 'python_setup_py'
[0.236s] Level 1:colcon.colcon_core.package_identification:_identify(src/cybergear_driver) by extensions ['ignore', 'ignore_ament_install']
[0.236s] Level 1:colcon.colcon_core.package_identification:_identify(src/cybergear_driver) by extension 'ignore'
[0.236s] Level 1:colcon.colcon_core.package_identification:_identify(src/cybergear_driver) by extension 'ignore_ament_install'
[0.236s] Level 1:colcon.colcon_core.package_identification:_identify(src/cybergear_driver) by extensions ['colcon_pkg']
[0.236s] Level 1:colcon.colcon_core.package_identification:_identify(src/cybergear_driver) by extension 'colcon_pkg'
[0.236s] Level 1:colcon.colcon_core.package_identification:_identify(src/cybergear_driver) by extensions ['colcon_meta']
[0.236s] Level 1:colcon.colcon_core.package_identification:_identify(src/cybergear_driver) by extension 'colcon_meta'
[0.236s] Level 1:colcon.colcon_core.package_identification:_identify(src/cybergear_driver) by extensions ['ros']
[0.236s] Level 1:colcon.colcon_core.package_identification:_identify(src/cybergear_driver) by extension 'ros'
[0.238s] DEBUG:colcon.colcon_core.package_identification:Package 'src/cybergear_driver' with type 'ros.ament_cmake' and name 'cybergear_driver'
[0.239s] Level 1:colcon.colcon_core.package_identification:_identify(src/cybergear_interfaces) by extensions ['ignore', 'ignore_ament_install']
[0.239s] Level 1:colcon.colcon_core.package_identification:_identify(src/cybergear_interfaces) by extension 'ignore'
[0.239s] Level 1:colcon.colcon_core.package_identification:_identify(src/cybergear_interfaces) by extension 'ignore_ament_install'
[0.239s] Level 1:colcon.colcon_core.package_identification:_identify(src/cybergear_interfaces) by extensions ['colcon_pkg']
[0.239s] Level 1:colcon.colcon_core.package_identification:_identify(src/cybergear_interfaces) by extension 'colcon_pkg'
[0.239s] Level 1:colcon.colcon_core.package_identification:_identify(src/cybergear_interfaces) by extensions ['colcon_meta']
[0.239s] Level 1:colcon.colcon_core.package_identification:_identify(src/cybergear_interfaces) by extension 'colcon_meta'
[0.239s] Level 1:colcon.colcon_core.package_identification:_identify(src/cybergear_interfaces) by extensions ['ros']
[0.239s] Level 1:colcon.colcon_core.package_identification:_identify(src/cybergear_interfaces) by extension 'ros'
[0.239s] DEBUG:colcon.colcon_core.package_identification:Package 'src/cybergear_interfaces' with type 'ros.ament_cmake' and name 'cybergear_interfaces'
[0.239s] Level 1:colcon.colcon_core.package_identification:_identify(src/experiment_kit) by extensions ['ignore', 'ignore_ament_install']
[0.239s] Level 1:colcon.colcon_core.package_identification:_identify(src/experiment_kit) by extension 'ignore'
[0.240s] Level 1:colcon.colcon_core.package_identification:_identify(src/experiment_kit) by extension 'ignore_ament_install'
[0.240s] Level 1:colcon.colcon_core.package_identification:_identify(src/experiment_kit) by extensions ['colcon_pkg']
[0.240s] Level 1:colcon.colcon_core.package_identification:_identify(src/experiment_kit) by extension 'colcon_pkg'
[0.240s] Level 1:colcon.colcon_core.package_identification:_identify(src/experiment_kit) by extensions ['colcon_meta']
[0.240s] Level 1:colcon.colcon_core.package_identification:_identify(src/experiment_kit) by extension 'colcon_meta'
[0.240s] Level 1:colcon.colcon_core.package_identification:_identify(src/experiment_kit) by extensions ['ros']
[0.240s] Level 1:colcon.colcon_core.package_identification:_identify(src/experiment_kit) by extension 'ros'
[0.240s] DEBUG:colcon.colcon_core.package_identification:Package 'src/experiment_kit' with type 'ros.ament_python' and name 'experiment_kit'
[0.240s] Level 1:colcon.colcon_core.package_identification:_identify(src/hexapod_gz) by extensions ['ignore', 'ignore_ament_install']
[0.240s] Level 1:colcon.colcon_core.package_identification:_identify(src/hexapod_gz) by extension 'ignore'
[0.240s] Level 1:colcon.colcon_core.package_identification:_identify(src/hexapod_gz) by extension 'ignore_ament_install'
[0.240s] Level 1:colcon.colcon_core.package_identification:_identify(src/hexapod_gz) by extensions ['colcon_pkg']
[0.240s] Level 1:colcon.colcon_core.package_identification:_identify(src/hexapod_gz) by extension 'colcon_pkg'
[0.240s] Level 1:colcon.colcon_core.package_identification:_identify(src/hexapod_gz) by extensions ['colcon_meta']
[0.240s] Level 1:colcon.colcon_core.package_identification:_identify(src/hexapod_gz) by extension 'colcon_meta'
[0.240s] Level 1:colcon.colcon_core.package_identification:_identify(src/hexapod_gz) by extensions ['ros']
[0.240s] Level 1:colcon.colcon_core.package_identification:_identify(src/hexapod_gz) by extension 'ros'
[0.241s] DEBUG:colcon.colcon_core.package_identification:Package 'src/hexapod_gz' with type 'ros.ament_python' and name 'hexapod_gz'
[0.241s] Level 1:colcon.colcon_core.package_identification:_identify(src/volta_controller-20251104T082652Z-1-001) by extensions ['ignore', 'ignore_ament_install']
[0.241s] Level 1:colcon.colcon_core.package_identification:_identify(src/volta_controller-20251104T082652Z-1-001) by extension 'ignore'
[0.241s] Level 1:colcon.colcon_core.package_identification:_identify(src/volta_controller-20251104T082652Z-1-001) by extension 'ignore_ament_install'
[0.241s] Level 1:colcon.colcon_core.package_identification:_identify(src/volta_controller-20251104T082652Z-1-001) by extensions ['colcon_pkg']
[0.241s] Level 1:colcon.colcon_core.package_identification:_identify(src/volta_controller-20251104T082652Z-1-001) by extension 'colcon_pkg'
[0.241s] Level 1:colcon.colcon_core.package_identification:_identify(src/volta_controller-20251104T082652Z-1-001) by extensions ['colcon_meta']
[0.241s] Level 1:colcon.colcon_core.package_identification:_identify(src/volta_controller-20251104T082652Z-1-001) by extension 'colcon_meta'
[0.241s] Level 1:colcon.colcon_core.package_identification:_identify(src/volta_controller-20251104T082652Z-1-001) by extensions ['ros']
[0.241s] Level 1:colcon.colcon_core.package_identification:_identify(src/volta_controller-20251104T082652Z-1-001) by extension 'ros'
[0.241s] Level 1:colcon.colcon_core.package_identification:_identify(src/volta_controller-20251104T082652Z-1-001) by extensions ['cmake', 'python']
[0.241s] Level 1:colcon.colcon_core.package_identification:_identify(src/volta_controller-20251104T082652Z-1-001) by extension 'cmake'
[0.241s] Level 1:colcon.colcon_core.package_identification:_identify(src/volta_controller-20251104T082652Z-1-001) by extension 'python'
[0.241s] Level 1:colcon.colcon_core.package_identification:_identify(src/volta_controller-20251104T082652Z-1-001) by extensions ['python_setup_py']
[0.241s] Level 1:colcon.colcon_core.package_identification:_identify(src/volta_controller-20251104T082652Z-1-001) by extension 'python_setup_py'
[0.241s] Level 1:colcon.colcon_core.package_identification:_identify(src/volta_controller-20251104T082652Z-1-001/volta_controller) by extensions ['ignore', 'ignore_ament_install']
[0.241s] Level 1:colcon.colcon_core.package_identification:_identify(src/volta_controller-20251104T082652Z-1-001/volta_controller) by extension 'ignore'
[0.241s] Level 1:colcon.colcon_core.package_identification:_identify(src/volta_controller-20251104T082652Z-1-001/volta_controller) by extension 'ignore_ament_install'
[0.242s] Level 1:colcon.colcon_core.package_identification:_identify(src/volta_controller-20251104T082652Z-1-001/volta_controller) by extensions ['colcon_pkg']
[0.242s] Level 1:colcon.colcon_core.package_identification:_identify(src/volta_controller-20251104T082652Z-1-001/volta_controller) by extension 'colcon_pkg'
[0.242s] Level 1:colcon.colcon_core.package_identification:_identify(src/volta_controller-20251104T082652Z-1-001/volta_controller) by extensions ['colcon_meta']
[0.242s] Level 1:colcon.colcon_core.package_identification:_identify(src/volta_controller-20251104T082652Z-1-001/volta_controller) by extension 'colcon_meta'
[0.242s] Level 1:colcon.colcon_core.package_identification:_identify(src/volta_controller-20251104T082652Z-1-001/volta_controller) by extensions ['ros']
[0.242s] Level 1:colcon.colcon_core.package_identification:_identify(src/volta_controller-20251104T082652Z-1-001/volta_controller) by extension 'ros'
[0.242s] DEBUG:colcon.colcon_core.package_identification:Package 'src/volta_controller-20251104T082652Z-1-001/volta_controller' with type 'ros.ament_cmake' and name 'volta_controller'
[0.242s] Level 1:colcon.colcon_core.package_discovery:discover_packages(recursive) using defaults
[0.242s] Level 1:colcon.colcon_core.package_discovery:discover_packages(ignore) discover
[0.242s] Level 1:colcon.colcon_core.package_discovery:discover_packages(ignore) using defaults
[0.242s] Level 1:colcon.colcon_core.package_discovery:discover_packages(path) discover
[0.242s] Level 1:colcon.colcon_core.package_discovery:discover_packages(path) using defaults
[0.258s] Level 1:colcon.colcon_core.package_discovery:discover_packages(prefix_path) check parameters
[0.258s] Level 1:colcon.colcon_core.package_discovery:discover_packages(prefix_path) discover
[0.259s] DEBUG:colcon.colcon_installed_package_information.package_discovery:Found 5 installed packages in /home/ambushee/HexapodLeg_modeling_team/2dof/install
[0.259s] DEBUG:colcon.colcon_installed_package_information.package_discovery:Found 2 installed packages in /home/ambushee/ros2_ws/install
[0.261s] DEBUG:colcon.colcon_installed_package_information.package_discovery:Found 359 installed packages in /opt/ros/humble
[0.262s] Level 1:colcon.colcon_core.package_discovery:discover_packages(prefix_path) using defaults
[0.295s] Level 5:colcon.colcon_core.verb:set package 'cybergear_driver' build argument 'cmake_args' from command line to 'None'
[0.295s] Level 5:colcon.colcon_core.verb:set package 'cybergear_driver' build argument 'cmake_target' from command line to 'None'
[0.295s] Level 5:colcon.colcon_core.verb:set package 'cybergear_driver' build argument 'cmake_target_skip_unavailable' from command line to 'False'
[0.295s] Level 5:colcon.colcon_core.verb:set package 'cybergear_driver' build argument 'cmake_clean_cache' from command line to 'False'
[0.296s] Level 5:colcon.colcon_core.verb:set package 'cybergear_driver' build argument 'cmake_clean_first' from command line to 'False'
[0.296s] Level 5:colcon.colcon_core.verb:set package 'cybergear_driver' build argument 'cmake_force_configure' from command line to 'False'
[0.296s] Level 5:colcon.colcon_core.verb:set package 'cybergear_driver' build argument 'ament_cmake_args' from command line to 'None'
[0.296s] Level 5:colcon.colcon_core.verb:set package 'cybergear_driver' build argument 'catkin_cmake_args' from command line to 'None'
[0.296s] Level 5:colcon.colcon_core.verb:set package 'cybergear_driver' build argument 'catkin_skip_building_tests' from command line to 'False'
[0.296s] DEBUG:colcon.colcon_core.verb:Building package 'cybergear_driver' with the following arguments: {'ament_cmake_args': None, 'build_base': '/home/ambushee/HexapodLeg_modeling_team/2dof/build/cybergear_driver', 'catkin_cmake_args': None, 'catkin_skip_building_tests': False, 'cmake_args': None, 'cmake_clean_cache': False, 'cmake_clean_first': False, 'cmake_force_configure': False, 'cmake_target': None, 'cmake_target_skip_unavailable': False, 'install_base': '/home/ambushee/HexapodLeg_modeling_team/2dof/install/cybergear_driver', 'merge_install': False, 'path': '/home/ambushee/HexapodLeg_modeling_team/2dof/src/cybergear_driver', 'symlink_install': False, 'test_result_base': None}
[0.296s] Level 5:colcon.colcon_core.verb:set package 'cybergear_interfaces' build argument 'cmake_args' from command line to 'None'
[0.296s] Level 5:colcon.colcon_core.verb:set package 'cybergear_interfaces' build argument 'cmake_target' from command line to 'None'
[0.296s] Level 5:colcon.colcon_core.verb:set package 'cybergear_interfaces' build argument 'cmake_target_skip_unavailable' from command line to 'False'
[0.296s] Level 5:colcon.colcon_core.verb:set package 'cybergear_interfaces' build argument 'cmake_clean_cache' from command line to 'False'
[0.296s] Level 5:colcon.colcon_core.verb:set package 'cybergear_interfaces' build argument 'cmake_clean_first' from command line to 'False'
[0.296s] Level 5:colcon.colcon_core.verb:set package 'cybergear_interfaces' build argument 'cmake_force_configure' from command line to 'False'
[0.296s] Level 5:colcon.colcon_core.verb:set package 'cybergear_interfaces' build argument 'ament_cmake_args' from command line to 'None'
[0.296s] Level 5:colcon.colcon_core.verb:set package 'cybergear_interfaces' build argument 'catkin_cmake_args' from command line to 'None'
[0.296s] Level 5:colcon.colcon_core.verb:set package 'cybergear_interfaces' build argument 'catkin_skip_building_tests' from command line to 'False'
[0.296s] DEBUG:colcon.colcon_core.verb:Building package 'cybergear_interfaces' with the following arguments: {'ament_cmake_args': None, 'build_base': '/home/ambushee/HexapodLeg_modeling_team/2dof/build/cybergear_interfaces', 'catkin_cmake_args': None, 'catkin_skip_building_tests': False, 'cmake_args': None, 'cmake_clean_cache': False, 'cmake_clean_first': False, 'cmake_force_configure': False, 'cmake_target': None, 'cmake_target_skip_unavailable': False, 'install_base': '/home/ambushee/HexapodLeg_modeling_team/2dof/install/cybergear_interfaces', 'merge_install': False, 'path': '/home/ambushee/HexapodLeg_modeling_team/2dof/src/cybergear_interfaces', 'symlink_install': False, 'test_result_base': None}
[0.296s] Level 5:colcon.colcon_core.verb:set package 'experiment_kit' build argument 'cmake_args' from command line to 'None'
[0.296s] Level 5:colcon.colcon_core.verb:set package 'experiment_kit' build argument 'cmake_target' from command line to 'None'
[0.296s] Level 5:colcon.colcon_core.verb:set package 'experiment_kit' build argument 'cmake_target_skip_unavailable' from command line to 'False'
[0.296s] Level 5:colcon.colcon_core.verb:set package 'experiment_kit' build argument 'cmake_clean_cache' from command line to 'False'
[0.296s] Level 5:colcon.colcon_core.verb:set package 'experiment_kit' build argument 'cmake_clean_first' from command line to 'False'
[0.296s] Level 5:colcon.colcon_core.verb:set package 'experiment_kit' build argument 'cmake_force_configure' from command line to 'False'
[0.296s] Level 5:colcon.colcon_core.verb:set package 'experiment_kit' build argument 'ament_cmake_args' from command line to 'None'
[0.297s] Level 5:colcon.colcon_core.verb:set package 'experiment_kit' build argument 'catkin_cmake_args' from command line to 'None'
[0.297s] Level 5:colcon.colcon_core.verb:set package 'experiment_kit' build argument 'catkin_skip_building_tests' from command line to 'False'
[0.297s] DEBUG:colcon.colcon_core.verb:Building package 'experiment_kit' with the following arguments: {'ament_cmake_args': None, 'build_base': '/home/ambushee/HexapodLeg_modeling_team/2dof/build/experiment_kit', 'catkin_cmake_args': None, 'catkin_skip_building_tests': False, 'cmake_args': None, 'cmake_clean_cache': False, 'cmake_clean_first': False, 'cmake_force_configure': False, 'cmake_target': None, 'cmake_target_skip_unavailable': False, 'install_base': '/home/ambushee/HexapodLeg_modeling_team/2dof/install/experiment_kit', 'merge_install': False, 'path': '/home/ambushee/HexapodLeg_modeling_team/2dof/src/experiment_kit', 'symlink_install': False, 'test_result_base': None}
[0.297s] Level 5:colcon.colcon_core.verb:set package 'hexapod_gz' build argument 'cmake_args' from command line to 'None'
[0.297s] Level 5:colcon.colcon_core.verb:set package 'hexapod_gz' build argument 'cmake_target' from command line to 'None'
[0.297s] Level 5:colcon.colcon_core.verb:set package 'hexapod_gz' build argument 'cmake_target_skip_unavailable' from command line to 'False'
[0.297s] Level 5:colcon.colcon_core.verb:set package 'hexapod_gz' build argument 'cmake_clean_cache' from command line to 'False'
[0.297s] Level 5:colcon.colcon_core.verb:set package 'hexapod_gz' build argument 'cmake_clean_first' from command line to 'False'
[0.297s] Level 5:colcon.colcon_core.verb:set package 'hexapod_gz' build argument 'cmake_force_configure' from command line to 'False'
[0.297s] Level 5:colcon.colcon_core.verb:set package 'hexapod_gz' build argument 'ament_cmake_args' from command line to 'None'
[0.297s] Level 5:colcon.colcon_core.verb:set package 'hexapod_gz' build argument 'catkin_cmake_args' from command line to 'None'
[0.297s] Level 5:colcon.colcon_core.verb:set package 'hexapod_gz' build argument 'catkin_skip_building_tests' from command line to 'False'
[0.297s] DEBUG:colcon.colcon_core.verb:Building package 'hexapod_gz' with the following arguments: {'ament_cmake_args': None, 'build_base': '/home/ambushee/HexapodLeg_modeling_team/2dof/build/hexapod_gz', 'catkin_cmake_args': None, 'catkin_skip_building_tests': False, 'cmake_args': None, 'cmake_clean_cache': False, 'cmake_clean_first': False, 'cmake_force_configure': False, 'cmake_target': None, 'cmake_target_skip_unavailable': False, 'install_base': '/home/ambushee/HexapodLeg_modeling_team/2dof/install/hexapod_gz', 'merge_install': False, 'path': '/home/ambushee/HexapodLeg_modeling_team/2dof/src/hexapod_gz', 'symlink_install': False, 'test_result_base': None}
[0.297s] Level 5:colcon.colcon_core.verb:set package 'volta_controller' build argument 'cmake_args' from command line to 'None'
[0.297s] Level 5:colcon.colcon_core.verb:set package 'volta_controller' build argument 'cmake_target' from command line to 'None'
[0.297s] Level 5:colcon.colcon_core.verb:set package 'volta_controller' build argument 'cmake_target_skip_unavailable' from command line to 'False'
[0.297s] Level 5:colcon.colcon_core.verb:set package 'volta_controller' build argument 'cmake_clean_cache' from command line to 'False'
[0.297s] Level 5:colcon.colcon_core.verb:set package 'volta_controller' build argument 'cmake_clean_first' from command line to 'False'
[0.297s] Level 5:colcon.colcon_core.verb:set package 'volta_controller' build argument 'cmake_force_configure' from command line to 'False'
[0.297s] Level 5:colcon.colcon_core.verb:set package 'volta_controller' build argument 'ament_cmake_args' from command line to 'None'
[0.297s] Level 5:colcon.colcon_core.verb:set package 'volta_controller' build argument 'catkin_cmake_args' from command line to 'None'
[0.297s] Level 5:colcon.colcon_core.verb:set package 'volta_controller' build argument 'catkin_skip_building_tests' from command line to 'False'
[0.297s] DEBUG:colcon.colcon_core.verb:Building package 'volta_controller' with the following arguments: {'ament_cmake_args': None, 'build_base': '/home/ambushee/HexapodLeg_modeling_team/2dof/build/volta_controller', 'catkin_cmake_args': None, 'catkin_skip_building_tests': False, 'cmake_args': None, 'cmake_clean_cache': False, 'cmake_clean_first': False, 'cmake_force_configure': False, 'cmake_target': None, 'cmake_target_skip_unavailable': False, 'install_base': '/home/ambushee/HexapodLeg_modeling_team/2dof/install/volta_controller', 'merge_install': False, 'path': '/home/ambushee/HexapodLeg_modeling_team/2dof/src/volta_controller-20251104T082652Z-1-001/volta_controller', 'symlink_install': False, 'test_result_base': None}
[0.298s] INFO:colcon.colcon_core.executor:Executing jobs using 'parallel' executor
[0.298s] DEBUG:colcon.colcon_parallel_executor.executor.parallel:run_until_complete
[0.299s] INFO:colcon.colcon_ros.task.ament_cmake.build:Building ROS package in '/home/ambushee/HexapodLeg_modeling_team/2dof/src/cybergear_driver' with build type 'ament_cmake'
[0.299s] INFO:colcon.colcon_cmake.task.cmake.build:Building CMake package in '/home/ambushee/HexapodLeg_modeling_team/2dof/src/cybergear_driver'
[0.300s] INFO:colcon.colcon_core.plugin_system:Skipping extension 'colcon_core.shell.bat': Not used on non-Windows systems
[0.300s] INFO:colcon.colcon_core.shell:Skip shell extension 'powershell' for command environment: Not usable outside of PowerShell
[0.301s] DEBUG:colcon.colcon_core.shell:Skip shell extension 'dsv' for command environment
[0.304s] INFO:colcon.colcon_ros.task.ament_cmake.build:Building ROS package in '/home/ambushee/HexapodLeg_modeling_team/2dof/src/cybergear_interfaces' with build type 'ament_cmake'
[0.304s] INFO:colcon.colcon_cmake.task.cmake.build:Building CMake package in '/home/ambushee/HexapodLeg_modeling_team/2dof/src/cybergear_interfaces'
[0.304s] INFO:colcon.colcon_core.shell:Skip shell extension 'powershell' for command environment: Not usable outside of PowerShell
[0.304s] DEBUG:colcon.colcon_core.shell:Skip shell extension 'dsv' for command environment
[0.307s] INFO:colcon.colcon_ros.task.ament_python.build:Building ROS package in '/home/ambushee/HexapodLeg_modeling_team/2dof/src/experiment_kit' with build type 'ament_python'
[0.307s] Level 1:colcon.colcon_core.shell:create_environment_hook('experiment_kit', 'ament_prefix_path')
[0.307s] INFO:colcon.colcon_core.shell:Creating environment hook '/home/ambushee/HexapodLeg_modeling_team/2dof/install/experiment_kit/share/experiment_kit/hook/ament_prefix_path.ps1'
[0.308s] INFO:colcon.colcon_core.shell:Creating environment descriptor '/home/ambushee/HexapodLeg_modeling_team/2dof/install/experiment_kit/share/experiment_kit/hook/ament_prefix_path.dsv'
[0.308s] INFO:colcon.colcon_core.shell:Creating environment hook '/home/ambushee/HexapodLeg_modeling_team/2dof/install/experiment_kit/share/experiment_kit/hook/ament_prefix_path.sh'
[0.309s] INFO:colcon.colcon_core.shell:Skip shell extension 'powershell' for command environment: Not usable outside of PowerShell
[0.309s] DEBUG:colcon.colcon_core.shell:Skip shell extension 'dsv' for command environment
[0.311s] INFO:colcon.colcon_ros.task.ament_python.build:Building ROS package in '/home/ambushee/HexapodLeg_modeling_team/2dof/src/hexapod_gz' with build type 'ament_python'
[0.311s] Level 1:colcon.colcon_core.shell:create_environment_hook('hexapod_gz', 'ament_prefix_path')
[0.312s] INFO:colcon.colcon_core.shell:Creating environment hook '/home/ambushee/HexapodLeg_modeling_team/2dof/install/hexapod_gz/share/hexapod_gz/hook/ament_prefix_path.ps1'
[0.312s] INFO:colcon.colcon_core.shell:Creating environment descriptor '/home/ambushee/HexapodLeg_modeling_team/2dof/install/hexapod_gz/share/hexapod_gz/hook/ament_prefix_path.dsv'
[0.312s] INFO:colcon.colcon_core.shell:Creating environment hook '/home/ambushee/HexapodLeg_modeling_team/2dof/install/hexapod_gz/share/hexapod_gz/hook/ament_prefix_path.sh'
[0.313s] INFO:colcon.colcon_core.shell:Skip shell extension 'powershell' for command environment: Not usable outside of PowerShell
[0.313s] DEBUG:colcon.colcon_core.shell:Skip shell extension 'dsv' for command environment
[0.315s] INFO:colcon.colcon_ros.task.ament_cmake.build:Building ROS package in '/home/ambushee/HexapodLeg_modeling_team/2dof/src/volta_controller-20251104T082652Z-1-001/volta_controller' with build type 'ament_cmake'
[0.315s] INFO:colcon.colcon_cmake.task.cmake.build:Building CMake package in '/home/ambushee/HexapodLeg_modeling_team/2dof/src/volta_controller-20251104T082652Z-1-001/volta_controller'
[0.315s] INFO:colcon.colcon_core.shell:Skip shell extension 'powershell' for command environment: Not usable outside of PowerShell
[0.315s] DEBUG:colcon.colcon_core.shell:Skip shell extension 'dsv' for command environment
[0.322s] DEBUG:colcon.colcon_core.event_handler.log_command:Invoking command in '/home/ambushee/HexapodLeg_modeling_team/2dof/build/cybergear_driver': CMAKE_PREFIX_PATH=${CMAKE_PREFIX_PATH}:/home/ambushee/HexapodLeg_modeling_team/2dof/install/hexapod_gz:/home/ambushee/HexapodLeg_modeling_team/2dof/install/experiment_kit:/opt/ros/humble /usr/bin/cmake --build /home/ambushee/HexapodLeg_modeling_team/2dof/build/cybergear_driver -- -j16 -l16
[0.324s] DEBUG:colcon.colcon_core.event_handler.log_command:Invoking command in '/home/ambushee/HexapodLeg_modeling_team/2dof/build/cybergear_interfaces': CMAKE_PREFIX_PATH=${CMAKE_PREFIX_PATH}:/home/ambushee/HexapodLeg_modeling_team/2dof/install/hexapod_gz:/home/ambushee/HexapodLeg_modeling_team/2dof/install/experiment_kit:/opt/ros/humble /usr/bin/cmake --build /home/ambushee/HexapodLeg_modeling_team/2dof/build/cybergear_interfaces -- -j16 -l16
[0.577s] INFO:colcon.colcon_core.task.python.build:Building Python package in '/home/ambushee/HexapodLeg_modeling_team/2dof/src/experiment_kit'
[0.577s] INFO:colcon.colcon_core.shell:Skip shell extension 'powershell' for command environment: Not usable outside of PowerShell
[0.577s] DEBUG:colcon.colcon_core.shell:Skip shell extension 'dsv' for command environment
[0.821s] INFO:colcon.colcon_core.task.python.build:Building Python package in '/home/ambushee/HexapodLeg_modeling_team/2dof/src/hexapod_gz'
[0.822s] INFO:colcon.colcon_core.shell:Skip shell extension 'powershell' for command environment: Not usable outside of PowerShell
[0.822s] DEBUG:colcon.colcon_core.shell:Skip shell extension 'dsv' for command environment
[0.833s] DEBUG:colcon.colcon_core.event_handler.log_command:Invoked command in '/home/ambushee/HexapodLeg_modeling_team/2dof/build/cybergear_driver' returned '0': CMAKE_PREFIX_PATH=${CMAKE_PREFIX_PATH}:/home/ambushee/HexapodLeg_modeling_team/2dof/install/hexapod_gz:/home/ambushee/HexapodLeg_modeling_team/2dof/install/experiment_kit:/opt/ros/humble /usr/bin/cmake --build /home/ambushee/HexapodLeg_modeling_team/2dof/build/cybergear_driver -- -j16 -l16
[0.840s] DEBUG:colcon.colcon_core.event_handler.log_command:Invoking command in '/home/ambushee/HexapodLeg_modeling_team/2dof/build/cybergear_driver': CMAKE_PREFIX_PATH=${CMAKE_PREFIX_PATH}:/home/ambushee/HexapodLeg_modeling_team/2dof/install/hexapod_gz:/home/ambushee/HexapodLeg_modeling_team/2dof/install/experiment_kit:/opt/ros/humble /usr/bin/cmake --install /home/ambushee/HexapodLeg_modeling_team/2dof/build/cybergear_driver
[0.840s] DEBUG:colcon.colcon_core.event_handler.log_command:Invoked command in '/home/ambushee/HexapodLeg_modeling_team/2dof/build/cybergear_interfaces' returned '0': CMAKE_PREFIX_PATH=${CMAKE_PREFIX_PATH}:/home/ambushee/HexapodLeg_modeling_team/2dof/install/hexapod_gz:/home/ambushee/HexapodLeg_modeling_team/2dof/install/experiment_kit:/opt/ros/humble /usr/bin/cmake --build /home/ambushee/HexapodLeg_modeling_team/2dof/build/cybergear_interfaces -- -j16 -l16
[0.842s] DEBUG:colcon.colcon_core.event_handler.log_command:Invoking command in '/home/ambushee/HexapodLeg_modeling_team/2dof/build/cybergear_interfaces': CMAKE_PREFIX_PATH=${CMAKE_PREFIX_PATH}:/home/ambushee/HexapodLeg_modeling_team/2dof/install/hexapod_gz:/home/ambushee/HexapodLeg_modeling_team/2dof/install/experiment_kit:/opt/ros/humble /usr/bin/cmake --install /home/ambushee/HexapodLeg_modeling_team/2dof/build/cybergear_interfaces
[0.846s] DEBUG:colcon.colcon_core.event_handler.log_command:Invoking command in '/home/ambushee/HexapodLeg_modeling_team/2dof/build/volta_controller': CMAKE_PREFIX_PATH=${CMAKE_PREFIX_PATH}:/home/ambushee/HexapodLeg_modeling_team/2dof/install/hexapod_gz:/home/ambushee/HexapodLeg_modeling_team/2dof/install/experiment_kit:/opt/ros/humble /usr/bin/cmake --build /home/ambushee/HexapodLeg_modeling_team/2dof/build/volta_controller -- -j16 -l16
[0.881s] Level 1:colcon.colcon_core.environment:create_environment_scripts_only(cybergear_driver)
[0.882s] DEBUG:colcon.colcon_core.event_handler.log_command:Invoked command in '/home/ambushee/HexapodLeg_modeling_team/2dof/build/cybergear_driver' returned '0': CMAKE_PREFIX_PATH=${CMAKE_PREFIX_PATH}:/home/ambushee/HexapodLeg_modeling_team/2dof/install/hexapod_gz:/home/ambushee/HexapodLeg_modeling_team/2dof/install/experiment_kit:/opt/ros/humble /usr/bin/cmake --install /home/ambushee/HexapodLeg_modeling_team/2dof/build/cybergear_driver
[0.884s] Level 1:colcon.colcon_core.environment:checking '/home/ambushee/HexapodLeg_modeling_team/2dof/install/cybergear_driver' for CMake module files
[0.885s] Level 1:colcon.colcon_core.environment:checking '/home/ambushee/HexapodLeg_modeling_team/2dof/install/cybergear_driver' for CMake config files
[0.885s] Level 1:colcon.colcon_core.shell:create_environment_hook('cybergear_driver', 'cmake_prefix_path')
[0.885s] INFO:colcon.colcon_core.shell:Creating environment hook '/home/ambushee/HexapodLeg_modeling_team/2dof/install/cybergear_driver/share/cybergear_driver/hook/cmake_prefix_path.ps1'
[0.886s] INFO:colcon.colcon_core.shell:Creating environment descriptor '/home/ambushee/HexapodLeg_modeling_team/2dof/install/cybergear_driver/share/cybergear_driver/hook/cmake_prefix_path.dsv'
[0.886s] INFO:colcon.colcon_core.shell:Creating environment hook '/home/ambushee/HexapodLeg_modeling_team/2dof/install/cybergear_driver/share/cybergear_driver/hook/cmake_prefix_path.sh'
[0.889s] Level 1:colcon.colcon_core.environment:checking '/home/ambushee/HexapodLeg_modeling_team/2dof/install/cybergear_driver/lib'
[0.890s] Level 1:colcon.colcon_core.environment:checking '/home/ambushee/HexapodLeg_modeling_team/2dof/install/cybergear_driver/bin'
[0.890s] Level 1:colcon.colcon_core.environment:checking '/home/ambushee/HexapodLeg_modeling_team/2dof/install/cybergear_driver/lib/pkgconfig/cybergear_driver.pc'
[0.890s] Level 1:colcon.colcon_core.environment:checking '/home/ambushee/HexapodLeg_modeling_team/2dof/install/cybergear_driver/lib/python3.10/site-packages'
[0.890s] Level 1:colcon.colcon_core.environment:checking '/home/ambushee/HexapodLeg_modeling_team/2dof/install/cybergear_driver/bin'
[0.891s] INFO:colcon.colcon_core.shell:Creating package script '/home/ambushee/HexapodLeg_modeling_team/2dof/install/cybergear_driver/share/cybergear_driver/package.ps1'
[0.892s] INFO:colcon.colcon_core.shell:Creating package descriptor '/home/ambushee/HexapodLeg_modeling_team/2dof/install/cybergear_driver/share/cybergear_driver/package.dsv'
[0.892s] INFO:colcon.colcon_core.shell:Creating package script '/home/ambushee/HexapodLeg_modeling_team/2dof/install/cybergear_driver/share/cybergear_driver/package.sh'
[0.893s] INFO:colcon.colcon_core.shell:Creating package script '/home/ambushee/HexapodLeg_modeling_team/2dof/install/cybergear_driver/share/cybergear_driver/package.bash'
[0.893s] INFO:colcon.colcon_core.shell:Creating package script '/home/ambushee/HexapodLeg_modeling_team/2dof/install/cybergear_driver/share/cybergear_driver/package.zsh'
[0.894s] Level 1:colcon.colcon_core.environment:create_file_with_runtime_dependencies(/home/ambushee/HexapodLeg_modeling_team/2dof/install/cybergear_driver/share/colcon-core/packages/cybergear_driver)
[0.894s] Level 1:colcon.colcon_core.environment:create_environment_scripts_only(cybergear_driver)
[0.895s] Level 1:colcon.colcon_core.environment:checking '/home/ambushee/HexapodLeg_modeling_team/2dof/install/cybergear_driver' for CMake module files
[0.895s] Level 1:colcon.colcon_core.environment:checking '/home/ambushee/HexapodLeg_modeling_team/2dof/install/cybergear_driver' for CMake config files
[0.895s] Level 1:colcon.colcon_core.shell:create_environment_hook('cybergear_driver', 'cmake_prefix_path')
[0.895s] INFO:colcon.colcon_core.shell:Creating environment hook '/home/ambushee/HexapodLeg_modeling_team/2dof/install/cybergear_driver/share/cybergear_driver/hook/cmake_prefix_path.ps1'
[0.896s] INFO:colcon.colcon_core.shell:Creating environment descriptor '/home/ambushee/HexapodLeg_modeling_team/2dof/install/cybergear_driver/share/cybergear_driver/hook/cmake_prefix_path.dsv'
[0.896s] INFO:colcon.colcon_core.shell:Creating environment hook '/home/ambushee/HexapodLeg_modeling_team/2dof/install/cybergear_driver/share/cybergear_driver/hook/cmake_prefix_path.sh'
[0.896s] Level 1:colcon.colcon_core.environment:checking '/home/ambushee/HexapodLeg_modeling_team/2dof/install/cybergear_driver/lib'
[0.896s] Level 1:colcon.colcon_core.environment:checking '/home/ambushee/HexapodLeg_modeling_team/2dof/install/cybergear_driver/bin'
[0.896s] Level 1:colcon.colcon_core.environment:checking '/home/ambushee/HexapodLeg_modeling_team/2dof/install/cybergear_driver/lib/pkgconfig/cybergear_driver.pc'
[0.897s] Level 1:colcon.colcon_core.environment:checking '/home/ambushee/HexapodLeg_modeling_team/2dof/install/cybergear_driver/lib/python3.10/site-packages'
[0.897s] Level 1:colcon.colcon_core.environment:checking '/home/ambushee/HexapodLeg_modeling_team/2dof/install/cybergear_driver/bin'
[0.897s] INFO:colcon.colcon_core.shell:Creating package script '/home/ambushee/HexapodLeg_modeling_team/2dof/install/cybergear_driver/share/cybergear_driver/package.ps1'
[0.897s] INFO:colcon.colcon_core.shell:Creating package descriptor '/home/ambushee/HexapodLeg_modeling_team/2dof/install/cybergear_driver/share/cybergear_driver/package.dsv'
[0.898s] INFO:colcon.colcon_core.shell:Creating package script '/home/ambushee/HexapodLeg_modeling_team/2dof/install/cybergear_driver/share/cybergear_driver/package.sh'
[0.898s] INFO:colcon.colcon_core.shell:Creating package script '/home/ambushee/HexapodLeg_modeling_team/2dof/install/cybergear_driver/share/cybergear_driver/package.bash'
[0.898s] INFO:colcon.colcon_core.shell:Creating package script '/home/ambushee/HexapodLeg_modeling_team/2dof/install/cybergear_driver/share/cybergear_driver/package.zsh'
[0.899s] Level 1:colcon.colcon_core.environment:create_file_with_runtime_dependencies(/home/ambushee/HexapodLeg_modeling_team/2dof/install/cybergear_driver/share/colcon-core/packages/cybergear_driver)
[0.900s] Level 1:colcon.colcon_core.environment:create_environment_scripts_only(cybergear_interfaces)
[0.900s] Level 1:colcon.colcon_core.environment:checking '/home/ambushee/HexapodLeg_modeling_team/2dof/install/cybergear_interfaces' for CMake module files
[0.900s] DEBUG:colcon.colcon_core.event_handler.log_command:Invoked command in '/home/ambushee/HexapodLeg_modeling_team/2dof/build/cybergear_interfaces' returned '0': CMAKE_PREFIX_PATH=${CMAKE_PREFIX_PATH}:/home/ambushee/HexapodLeg_modeling_team/2dof/install/hexapod_gz:/home/ambushee/HexapodLeg_modeling_team/2dof/install/experiment_kit:/opt/ros/humble /usr/bin/cmake --install /home/ambushee/HexapodLeg_modeling_team/2dof/build/cybergear_interfaces
[0.901s] Level 1:colcon.colcon_core.environment:checking '/home/ambushee/HexapodLeg_modeling_team/2dof/install/cybergear_interfaces' for CMake config files
[0.901s] Level 1:colcon.colcon_core.shell:create_environment_hook('cybergear_interfaces', 'cmake_prefix_path')
[0.901s] INFO:colcon.colcon_core.shell:Creating environment hook '/home/ambushee/HexapodLeg_modeling_team/2dof/install/cybergear_interfaces/share/cybergear_interfaces/hook/cmake_prefix_path.ps1'
[0.902s] INFO:colcon.colcon_core.shell:Creating environment descriptor '/home/ambushee/HexapodLeg_modeling_team/2dof/install/cybergear_interfaces/share/cybergear_interfaces/hook/cmake_prefix_path.dsv'
[0.902s] INFO:colcon.colcon_core.shell:Creating environment hook '/home/ambushee/HexapodLeg_modeling_team/2dof/install/cybergear_interfaces/share/cybergear_interfaces/hook/cmake_prefix_path.sh'
[0.902s] Level 1:colcon.colcon_core.environment:checking '/home/ambushee/HexapodLeg_modeling_team/2dof/install/cybergear_interfaces/lib'
[0.902s] Level 1:colcon.colcon_core.shell:create_environment_hook('cybergear_interfaces', 'ld_library_path_lib')
[0.903s] INFO:colcon.colcon_core.shell:Creating environment hook '/home/ambushee/HexapodLeg_modeling_team/2dof/install/cybergear_interfaces/share/cybergear_interfaces/hook/ld_library_path_lib.ps1'
[0.903s] INFO:colcon.colcon_core.shell:Creating environment descriptor '/home/ambushee/HexapodLeg_modeling_team/2dof/install/cybergear_interfaces/share/cybergear_interfaces/hook/ld_library_path_lib.dsv'
[0.903s] INFO:colcon.colcon_core.shell:Creating environment hook '/home/ambushee/HexapodLeg_modeling_team/2dof/install/cybergear_interfaces/share/cybergear_interfaces/hook/ld_library_path_lib.sh'
[0.903s] Level 1:colcon.colcon_core.environment:checking '/home/ambushee/HexapodLeg_modeling_team/2dof/install/cybergear_interfaces/bin'
[0.904s] Level 1:colcon.colcon_core.environment:checking '/home/ambushee/HexapodLeg_modeling_team/2dof/install/cybergear_interfaces/lib/pkgconfig/cybergear_interfaces.pc'
[0.904s] Level 1:colcon.colcon_core.environment:checking '/home/ambushee/HexapodLeg_modeling_team/2dof/install/cybergear_interfaces/lib/python3.10/site-packages'
[0.904s] Level 1:colcon.colcon_core.environment:checking '/home/ambushee/HexapodLeg_modeling_team/2dof/install/cybergear_interfaces/bin'
[0.904s] INFO:colcon.colcon_core.shell:Creating package script '/home/ambushee/HexapodLeg_modeling_team/2dof/install/cybergear_interfaces/share/cybergear_interfaces/package.ps1'
[0.905s] INFO:colcon.colcon_core.shell:Creating package descriptor '/home/ambushee/HexapodLeg_modeling_team/2dof/install/cybergear_interfaces/share/cybergear_interfaces/package.dsv'
[0.905s] INFO:colcon.colcon_core.shell:Creating package script '/home/ambushee/HexapodLeg_modeling_team/2dof/install/cybergear_interfaces/share/cybergear_interfaces/package.sh'
[0.905s] INFO:colcon.colcon_core.shell:Creating package script '/home/ambushee/HexapodLeg_modeling_team/2dof/install/cybergear_interfaces/share/cybergear_interfaces/package.bash'
[0.906s] INFO:colcon.colcon_core.shell:Creating package script '/home/ambushee/HexapodLeg_modeling_team/2dof/install/cybergear_interfaces/share/cybergear_interfaces/package.zsh'
[0.906s] Level 1:colcon.colcon_core.environment:create_file_with_runtime_dependencies(/home/ambushee/HexapodLeg_modeling_team/2dof/install/cybergear_interfaces/share/colcon-core/packages/cybergear_interfaces)
[0.906s] Level 1:colcon.colcon_core.environment:create_environment_scripts_only(cybergear_interfaces)
[0.907s] Level 1:colcon.colcon_core.environment:checking '/home/ambushee/HexapodLeg_modeling_team/2dof/install/cybergear_interfaces' for CMake module files
[0.907s] Level 1:colcon.colcon_core.environment:checking '/home/ambushee/HexapodLeg_modeling_team/2dof/install/cybergear_interfaces' for CMake config files
[0.908s] Level 1:colcon.colcon_core.shell:create_environment_hook('cybergear_interfaces', 'cmake_prefix_path')
[0.908s] INFO:colcon.colcon_core.shell:Creating environment hook '/home/ambushee/HexapodLeg_modeling_team/2dof/install/cybergear_interfaces/share/cybergear_interfaces/hook/cmake_prefix_path.ps1'
[0.908s] INFO:colcon.colcon_core.shell:Creating environment descriptor '/home/ambushee/HexapodLeg_modeling_team/2dof/install/cybergear_interfaces/share/cybergear_interfaces/hook/cmake_prefix_path.dsv'
[0.909s] INFO:colcon.colcon_core.shell:Creating environment hook '/home/ambushee/HexapodLeg_modeling_team/2dof/install/cybergear_interfaces/share/cybergear_interfaces/hook/cmake_prefix_path.sh'
[0.909s] Level 1:colcon.colcon_core.environment:checking '/home/ambushee/HexapodLeg_modeling_team/2dof/install/cybergear_interfaces/lib'
[0.909s] Level 1:colcon.colcon_core.shell:create_environment_hook('cybergear_interfaces', 'ld_library_path_lib')
[0.909s] INFO:colcon.colcon_core.shell:Creating environment hook '/home/ambushee/HexapodLeg_modeling_team/2dof/install/cybergear_interfaces/share/cybergear_interfaces/hook/ld_library_path_lib.ps1'
[0.910s] INFO:colcon.colcon_core.shell:Creating environment descriptor '/home/ambushee/HexapodLeg_modeling_team/2dof/install/cybergear_interfaces/share/cybergear_interfaces/hook/ld_library_path_lib.dsv'
[0.910s] INFO:colcon.colcon_core.shell:Creating environment hook '/home/ambushee/HexapodLeg_modeling_team/2dof/install/cybergear_interfaces/share/cybergear_interfaces/hook/ld_library_path_lib.sh'
[0.910s] Level 1:colcon.colcon_core.environment:checking '/home/ambushee/HexapodLeg_modeling_team/2dof/install/cybergear_interfaces/bin'
[0.911s] Level 1:colcon.colcon_core.environment:checking '/home/ambushee/HexapodLeg_modeling_team/2dof/install/cybergear_interfaces/lib/pkgconfig/cybergear_interfaces.pc'
[0.911s] Level 1:colcon.colcon_core.environment:checking '/home/ambushee/HexapodLeg_modeling_team/2dof/install/cybergear_interfaces/lib/python3.10/site-packages'
[0.911s] Level 1:colcon.colcon_core.environment:checking '/home/ambushee/HexapodLeg_modeling_team/2dof/install/cybergear_interfaces/bin'
[0.911s] INFO:colcon.colcon_core.shell:Creating package script '/home/ambushee/HexapodLeg_modeling_team/2dof/install/cybergear_interfaces/share/cybergear_interfaces/package.ps1'
[0.912s] INFO:colcon.colcon_core.shell:Creating package descriptor '/home/ambushee/HexapodLeg_modeling_team/2dof/install/cybergear_interfaces/share/cybergear_interfaces/package.dsv'
[0.912s] INFO:colcon.colcon_core.shell:Creating package script '/home/ambushee/HexapodLeg_modeling_team/2dof/install/cybergear_interfaces/share/cybergear_interfaces/package.sh'
[0.913s] INFO:colcon.colcon_core.shell:Creating package script '/home/ambushee/HexapodLeg_modeling_team/2dof/install/cybergear_interfaces/share/cybergear_interfaces/package.bash'
[0.913s] INFO:colcon.colcon_core.shell:Creating package script '/home/ambushee/HexapodLeg_modeling_team/2dof/install/cybergear_interfaces/share/cybergear_interfaces/package.zsh'
[0.913s] Level 1:colcon.colcon_core.environment:create_file_with_runtime_dependencies(/home/ambushee/HexapodLeg_modeling_team/2dof/install/cybergear_interfaces/share/colcon-core/packages/cybergear_interfaces)
[1.216s] DEBUG:colcon.colcon_core.event_handler.log_command:Invoked command in '/home/ambushee/HexapodLeg_modeling_team/2dof/build/volta_controller' returned '0': CMAKE_PREFIX_PATH=${CMAKE_PREFIX_PATH}:/home/ambushee/HexapodLeg_modeling_team/2dof/install/hexapod_gz:/home/ambushee/HexapodLeg_modeling_team/2dof/install/experiment_kit:/opt/ros/humble /usr/bin/cmake --build /home/ambushee/HexapodLeg_modeling_team/2dof/build/volta_controller -- -j16 -l16
[1.218s] DEBUG:colcon.colcon_core.event_handler.log_command:Invoking command in '/home/ambushee/HexapodLeg_modeling_team/2dof/build/volta_controller': CMAKE_PREFIX_PATH=${CMAKE_PREFIX_PATH}:/home/ambushee/HexapodLeg_modeling_team/2dof/install/hexapod_gz:/home/ambushee/HexapodLeg_modeling_team/2dof/install/experiment_kit:/opt/ros/humble /usr/bin/cmake --install /home/ambushee/HexapodLeg_modeling_team/2dof/build/volta_controller
[1.222s] DEBUG:colcon.colcon_core.event_handler.log_command:Invoking command in '/home/ambushee/HexapodLeg_modeling_team/2dof/src/experiment_kit': PYTHONPATH=/home/ambushee/HexapodLeg_modeling_team/2dof/build/experiment_kit/prefix_override:/usr/lib/python3/dist-packages/colcon_core/task/python/colcon_distutils_commands:/home/ambushee/HexapodLeg_modeling_team/2dof/install/experiment_kit/lib/python3.10/site-packages:${PYTHONPATH} /usr/bin/python3 -W ignore:setup.py install is deprecated -W ignore:easy_install command is deprecated setup.py egg_info --egg-base ../../build/experiment_kit build --build-base /home/ambushee/HexapodLeg_modeling_team/2dof/build/experiment_kit/build install --record /home/ambushee/HexapodLeg_modeling_team/2dof/build/experiment_kit/install.log --single-version-externally-managed install_data
[1.231s] DEBUG:colcon.colcon_core.event_handler.log_command:Invoking command in '/home/ambushee/HexapodLeg_modeling_team/2dof/src/hexapod_gz': PYTHONPATH=/home/ambushee/HexapodLeg_modeling_team/2dof/build/hexapod_gz/prefix_override:/usr/lib/python3/dist-packages/colcon_core/task/python/colcon_distutils_commands:/home/ambushee/HexapodLeg_modeling_team/2dof/install/hexapod_gz/lib/python3.10/site-packages:${PYTHONPATH} /usr/bin/python3 -W ignore:setup.py install is deprecated -W ignore:easy_install command is deprecated setup.py egg_info --egg-base ../../build/hexapod_gz build --build-base /home/ambushee/HexapodLeg_modeling_team/2dof/build/hexapod_gz/build install --record /home/ambushee/HexapodLeg_modeling_team/2dof/build/hexapod_gz/install.log --single-version-externally-managed install_data
[1.262s] Level 1:colcon.colcon_core.environment:create_environment_scripts_only(volta_controller)
[1.262s] Level 1:colcon.colcon_core.environment:checking '/home/ambushee/HexapodLeg_modeling_team/2dof/install/volta_controller' for CMake module files
[1.263s] DEBUG:colcon.colcon_core.event_handler.log_command:Invoked command in '/home/ambushee/HexapodLeg_modeling_team/2dof/build/volta_controller' returned '0': CMAKE_PREFIX_PATH=${CMAKE_PREFIX_PATH}:/home/ambushee/HexapodLeg_modeling_team/2dof/install/hexapod_gz:/home/ambushee/HexapodLeg_modeling_team/2dof/install/experiment_kit:/opt/ros/humble /usr/bin/cmake --install /home/ambushee/HexapodLeg_modeling_team/2dof/build/volta_controller
[1.264s] Level 1:colcon.colcon_core.environment:checking '/home/ambushee/HexapodLeg_modeling_team/2dof/install/volta_controller' for CMake config files
[1.264s] Level 1:colcon.colcon_core.shell:create_environment_hook('volta_controller', 'cmake_prefix_path')
[1.264s] INFO:colcon.colcon_core.shell:Creating environment hook '/home/ambushee/HexapodLeg_modeling_team/2dof/install/volta_controller/share/volta_controller/hook/cmake_prefix_path.ps1'
[1.265s] INFO:colcon.colcon_core.shell:Creating environment descriptor '/home/ambushee/HexapodLeg_modeling_team/2dof/install/volta_controller/share/volta_controller/hook/cmake_prefix_path.dsv'
[1.265s] INFO:colcon.colcon_core.shell:Creating environment hook '/home/ambushee/HexapodLeg_modeling_team/2dof/install/volta_controller/share/volta_controller/hook/cmake_prefix_path.sh'
[1.266s] Level 1:colcon.colcon_core.environment:checking '/home/ambushee/HexapodLeg_modeling_team/2dof/install/volta_controller/lib'
[1.266s] Level 1:colcon.colcon_core.environment:checking '/home/ambushee/HexapodLeg_modeling_team/2dof/install/volta_controller/bin'
[1.266s] Level 1:colcon.colcon_core.environment:checking '/home/ambushee/HexapodLeg_modeling_team/2dof/install/volta_controller/lib/pkgconfig/volta_controller.pc'
[1.267s] Level 1:colcon.colcon_core.environment:checking '/home/ambushee/HexapodLeg_modeling_team/2dof/install/volta_controller/lib/python3.10/site-packages'
[1.267s] Level 1:colcon.colcon_core.environment:checking '/home/ambushee/HexapodLeg_modeling_team/2dof/install/volta_controller/bin'
[1.267s] INFO:colcon.colcon_core.shell:Creating package script '/home/ambushee/HexapodLeg_modeling_team/2dof/install/volta_controller/share/volta_controller/package.ps1'
[1.268s] INFO:colcon.colcon_core.shell:Creating package descriptor '/home/ambushee/HexapodLeg_modeling_team/2dof/install/volta_controller/share/volta_controller/package.dsv'
[1.269s] INFO:colcon.colcon_core.shell:Creating package script '/home/ambushee/HexapodLeg_modeling_team/2dof/install/volta_controller/share/volta_controller/package.sh'
[1.269s] INFO:colcon.colcon_core.shell:Creating package script '/home/ambushee/HexapodLeg_modeling_team/2dof/install/volta_controller/share/volta_controller/package.bash'
[1.269s] INFO:colcon.colcon_core.shell:Creating package script '/home/ambushee/HexapodLeg_modeling_team/2dof/install/volta_controller/share/volta_controller/package.zsh'
[1.270s] Level 1:colcon.colcon_core.environment:create_file_with_runtime_dependencies(/home/ambushee/HexapodLeg_modeling_team/2dof/install/volta_controller/share/colcon-core/packages/volta_controller)
[1.271s] Level 1:colcon.colcon_core.environment:create_environment_scripts_only(volta_controller)
[1.271s] Level 1:colcon.colcon_core.environment:checking '/home/ambushee/HexapodLeg_modeling_team/2dof/install/volta_controller' for CMake module files
[1.272s] Level 1:colcon.colcon_core.environment:checking '/home/ambushee/HexapodLeg_modeling_team/2dof/install/volta_controller' for CMake config files
[1.272s] Level 1:colcon.colcon_core.shell:create_environment_hook('volta_controller', 'cmake_prefix_path')
[1.272s] INFO:colcon.colcon_core.shell:Creating environment hook '/home/ambushee/HexapodLeg_modeling_team/2dof/install/volta_controller/share/volta_controller/hook/cmake_prefix_path.ps1'
[1.273s] INFO:colcon.colcon_core.shell:Creating environment descriptor '/home/ambushee/HexapodLeg_modeling_team/2dof/install/volta_controller/share/volta_controller/hook/cmake_prefix_path.dsv'
[1.273s] INFO:colcon.colcon_core.shell:Creating environment hook '/home/ambushee/HexapodLeg_modeling_team/2dof/install/volta_controller/share/volta_controller/hook/cmake_prefix_path.sh'
[1.274s] Level 1:colcon.colcon_core.environment:checking '/home/ambushee/HexapodLeg_modeling_team/2dof/install/volta_controller/lib'
[1.274s] Level 1:colcon.colcon_core.environment:checking '/home/ambushee/HexapodLeg_modeling_team/2dof/install/volta_controller/bin'
[1.274s] Level 1:colcon.colcon_core.environment:checking '/home/ambushee/HexapodLeg_modeling_team/2dof/install/volta_controller/lib/pkgconfig/volta_controller.pc'
[1.274s] Level 1:colcon.colcon_core.environment:checking '/home/ambushee/HexapodLeg_modeling_team/2dof/install/volta_controller/lib/python3.10/site-packages'
[1.275s] Level 1:colcon.colcon_core.environment:checking '/home/ambushee/HexapodLeg_modeling_team/2dof/install/volta_controller/bin'
[1.275s] INFO:colcon.colcon_core.shell:Creating package script '/home/ambushee/HexapodLeg_modeling_team/2dof/install/volta_controller/share/volta_controller/package.ps1'
[1.276s] INFO:colcon.colcon_core.shell:Creating package descriptor '/home/ambushee/HexapodLeg_modeling_team/2dof/install/volta_controller/share/volta_controller/package.dsv'
[1.276s] INFO:colcon.colcon_core.shell:Creating package script '/home/ambushee/HexapodLeg_modeling_team/2dof/install/volta_controller/share/volta_controller/package.sh'
[1.277s] INFO:colcon.colcon_core.shell:Creating package script '/home/ambushee/HexapodLeg_modeling_team/2dof/install/volta_controller/share/volta_controller/package.bash'
[1.277s] INFO:colcon.colcon_core.shell:Creating package script '/home/ambushee/HexapodLeg_modeling_team/2dof/install/volta_controller/share/volta_controller/package.zsh'
[1.278s] Level 1:colcon.colcon_core.environment:create_file_with_runtime_dependencies(/home/ambushee/HexapodLeg_modeling_team/2dof/install/volta_controller/share/colcon-core/packages/volta_controller)
[1.509s] Level 1:colcon.colcon_core.environment:checking '/home/ambushee/HexapodLeg_modeling_team/2dof/install/experiment_kit' for CMake module files
[1.510s] DEBUG:colcon.colcon_core.event_handler.log_command:Invoked command in '/home/ambushee/HexapodLeg_modeling_team/2dof/src/experiment_kit' returned '0': PYTHONPATH=/home/ambushee/HexapodLeg_modeling_team/2dof/build/experiment_kit/prefix_override:/usr/lib/python3/dist-packages/colcon_core/task/python/colcon_distutils_commands:/home/ambushee/HexapodLeg_modeling_team/2dof/install/experiment_kit/lib/python3.10/site-packages:${PYTHONPATH} /usr/bin/python3 -W ignore:setup.py install is deprecated -W ignore:easy_install command is deprecated setup.py egg_info --egg-base ../../build/experiment_kit build --build-base /home/ambushee/HexapodLeg_modeling_team/2dof/build/experiment_kit/build install --record /home/ambushee/HexapodLeg_modeling_team/2dof/build/experiment_kit/install.log --single-version-externally-managed install_data
[1.510s] Level 1:colcon.colcon_core.environment:checking '/home/ambushee/HexapodLeg_modeling_team/2dof/install/experiment_kit' for CMake config files
[1.511s] Level 1:colcon.colcon_core.environment:checking '/home/ambushee/HexapodLeg_modeling_team/2dof/install/experiment_kit/lib'
[1.511s] Level 1:colcon.colcon_core.environment:checking '/home/ambushee/HexapodLeg_modeling_team/2dof/install/experiment_kit/bin'
[1.512s] Level 1:colcon.colcon_core.environment:checking '/home/ambushee/HexapodLeg_modeling_team/2dof/install/experiment_kit/lib/pkgconfig/experiment_kit.pc'
[1.512s] Level 1:colcon.colcon_core.environment:checking '/home/ambushee/HexapodLeg_modeling_team/2dof/install/experiment_kit/lib/python3.10/site-packages'
[1.512s] Level 1:colcon.colcon_core.shell:create_environment_hook('experiment_kit', 'pythonpath')
[1.512s] INFO:colcon.colcon_core.shell:Creating environment hook '/home/ambushee/HexapodLeg_modeling_team/2dof/install/experiment_kit/share/experiment_kit/hook/pythonpath.ps1'
[1.513s] INFO:colcon.colcon_core.shell:Creating environment descriptor '/home/ambushee/HexapodLeg_modeling_team/2dof/install/experiment_kit/share/experiment_kit/hook/pythonpath.dsv'
[1.514s] INFO:colcon.colcon_core.shell:Creating environment hook '/home/ambushee/HexapodLeg_modeling_team/2dof/install/experiment_kit/share/experiment_kit/hook/pythonpath.sh'
[1.514s] Level 1:colcon.colcon_core.environment:checking '/home/ambushee/HexapodLeg_modeling_team/2dof/install/experiment_kit/bin'
[1.514s] Level 1:colcon.colcon_core.environment:create_environment_scripts_only(experiment_kit)
[1.515s] INFO:colcon.colcon_core.shell:Creating package script '/home/ambushee/HexapodLeg_modeling_team/2dof/install/experiment_kit/share/experiment_kit/package.ps1'
[1.516s] INFO:colcon.colcon_core.shell:Creating package descriptor '/home/ambushee/HexapodLeg_modeling_team/2dof/install/experiment_kit/share/experiment_kit/package.dsv'
[1.516s] INFO:colcon.colcon_core.shell:Creating package script '/home/ambushee/HexapodLeg_modeling_team/2dof/install/experiment_kit/share/experiment_kit/package.sh'
[1.517s] INFO:colcon.colcon_core.shell:Creating package script '/home/ambushee/HexapodLeg_modeling_team/2dof/install/experiment_kit/share/experiment_kit/package.bash'
[1.518s] INFO:colcon.colcon_core.shell:Creating package script '/home/ambushee/HexapodLeg_modeling_team/2dof/install/experiment_kit/share/experiment_kit/package.zsh'
[1.518s] Level 1:colcon.colcon_core.environment:create_file_with_runtime_dependencies(/home/ambushee/HexapodLeg_modeling_team/2dof/install/experiment_kit/share/colcon-core/packages/experiment_kit)
[1.520s] Level 1:colcon.colcon_core.environment:checking '/home/ambushee/HexapodLeg_modeling_team/2dof/install/hexapod_gz' for CMake module files
[1.521s] DEBUG:colcon.colcon_core.event_handler.log_command:Invoked command in '/home/ambushee/HexapodLeg_modeling_team/2dof/src/hexapod_gz' returned '0': PYTHONPATH=/home/ambushee/HexapodLeg_modeling_team/2dof/build/hexapod_gz/prefix_override:/usr/lib/python3/dist-packages/colcon_core/task/python/colcon_distutils_commands:/home/ambushee/HexapodLeg_modeling_team/2dof/install/hexapod_gz/lib/python3.10/site-packages:${PYTHONPATH} /usr/bin/python3 -W ignore:setup.py install is deprecated -W ignore:easy_install command is deprecated setup.py egg_info --egg-base ../../build/hexapod_gz build --build-base /home/ambushee/HexapodLeg_modeling_team/2dof/build/hexapod_gz/build install --record /home/ambushee/HexapodLeg_modeling_team/2dof/build/hexapod_gz/install.log --single-version-externally-managed install_data
[1.521s] Level 1:colcon.colcon_core.environment:checking '/home/ambushee/HexapodLeg_modeling_team/2dof/install/hexapod_gz' for CMake config files
[1.522s] Level 1:colcon.colcon_core.environment:checking '/home/ambushee/HexapodLeg_modeling_team/2dof/install/hexapod_gz/lib'
[1.522s] Level 1:colcon.colcon_core.environment:checking '/home/ambushee/HexapodLeg_modeling_team/2dof/install/hexapod_gz/bin'
[1.522s] Level 1:colcon.colcon_core.environment:checking '/home/ambushee/HexapodLeg_modeling_team/2dof/install/hexapod_gz/lib/pkgconfig/hexapod_gz.pc'
[1.522s] Level 1:colcon.colcon_core.environment:checking '/home/ambushee/HexapodLeg_modeling_team/2dof/install/hexapod_gz/lib/python3.10/site-packages'
[1.522s] Level 1:colcon.colcon_core.shell:create_environment_hook('hexapod_gz', 'pythonpath')
[1.523s] INFO:colcon.colcon_core.shell:Creating environment hook '/home/ambushee/HexapodLeg_modeling_team/2dof/install/hexapod_gz/share/hexapod_gz/hook/pythonpath.ps1'
[1.523s] INFO:colcon.colcon_core.shell:Creating environment descriptor '/home/ambushee/HexapodLeg_modeling_team/2dof/install/hexapod_gz/share/hexapod_gz/hook/pythonpath.dsv'
[1.524s] INFO:colcon.colcon_core.shell:Creating environment hook '/home/ambushee/HexapodLeg_modeling_team/2dof/install/hexapod_gz/share/hexapod_gz/hook/pythonpath.sh'
[1.525s] Level 1:colcon.colcon_core.environment:checking '/home/ambushee/HexapodLeg_modeling_team/2dof/install/hexapod_gz/bin'
[1.525s] Level 1:colcon.colcon_core.environment:create_environment_scripts_only(hexapod_gz)
[1.525s] INFO:colcon.colcon_core.shell:Creating package script '/home/ambushee/HexapodLeg_modeling_team/2dof/install/hexapod_gz/share/hexapod_gz/package.ps1'
[1.526s] INFO:colcon.colcon_core.shell:Creating package descriptor '/home/ambushee/HexapodLeg_modeling_team/2dof/install/hexapod_gz/share/hexapod_gz/package.dsv'
[1.526s] INFO:colcon.colcon_core.shell:Creating package script '/home/ambushee/HexapodLeg_modeling_team/2dof/install/hexapod_gz/share/hexapod_gz/package.sh'
[1.527s] INFO:colcon.colcon_core.shell:Creating package script '/home/ambushee/HexapodLeg_modeling_team/2dof/install/hexapod_gz/share/hexapod_gz/package.bash'
[1.528s] INFO:colcon.colcon_core.shell:Creating package script '/home/ambushee/HexapodLeg_modeling_team/2dof/install/hexapod_gz/share/hexapod_gz/package.zsh'
[1.528s] Level 1:colcon.colcon_core.environment:create_file_with_runtime_dependencies(/home/ambushee/HexapodLeg_modeling_team/2dof/install/hexapod_gz/share/colcon-core/packages/hexapod_gz)
[1.528s] DEBUG:colcon.colcon_parallel_executor.executor.parallel:closing loop
[1.529s] DEBUG:colcon.colcon_parallel_executor.executor.parallel:loop closed
[1.529s] DEBUG:colcon.colcon_parallel_executor.executor.parallel:run_until_complete finished with '0'
[1.529s] DEBUG:colcon.colcon_core.event_reactor:joining thread
[1.533s] INFO:colcon.colcon_core.plugin_system:Skipping extension 'colcon_notification.desktop_notification.terminal_notifier': Not used on non-Darwin systems
[1.533s] INFO:colcon.colcon_core.plugin_system:Skipping extension 'colcon_notification.desktop_notification.win32': Not used on non-Windows systems
[1.533s] INFO:colcon.colcon_notification.desktop_notification:Sending desktop notification using 'notify2'
[1.549s] DEBUG:colcon.colcon_core.event_reactor:joined thread
[1.549s] INFO:colcon.colcon_core.shell:Creating prefix script '/home/ambushee/HexapodLeg_modeling_team/2dof/install/local_setup.ps1'
[1.551s] INFO:colcon.colcon_core.shell:Creating prefix util module '/home/ambushee/HexapodLeg_modeling_team/2dof/install/_local_setup_util_ps1.py'
[1.553s] INFO:colcon.colcon_core.shell:Creating prefix chain script '/home/ambushee/HexapodLeg_modeling_team/2dof/install/setup.ps1'
[1.555s] INFO:colcon.colcon_core.shell:Creating prefix script '/home/ambushee/HexapodLeg_modeling_team/2dof/install/local_setup.sh'
[1.555s] INFO:colcon.colcon_core.shell:Creating prefix util module '/home/ambushee/HexapodLeg_modeling_team/2dof/install/_local_setup_util_sh.py'
[1.556s] INFO:colcon.colcon_core.shell:Creating prefix chain script '/home/ambushee/HexapodLeg_modeling_team/2dof/install/setup.sh'
[1.558s] INFO:colcon.colcon_core.shell:Creating prefix script '/home/ambushee/HexapodLeg_modeling_team/2dof/install/local_setup.bash'
[1.559s] INFO:colcon.colcon_core.shell:Creating prefix chain script '/home/ambushee/HexapodLeg_modeling_team/2dof/install/setup.bash'
[1.561s] INFO:colcon.colcon_core.shell:Creating prefix script '/home/ambushee/HexapodLeg_modeling_team/2dof/install/local_setup.zsh'
[1.561s] INFO:colcon.colcon_core.shell:Creating prefix chain script '/home/ambushee/HexapodLeg_modeling_team/2dof/install/setup.zsh'
