[  1%] Built target cybergear_interfaces__cpp
[ 12%] Built target cybergear_interfaces__rosidl_generator_c
[ 12%] Built target ament_cmake_python_copy_cybergear_interfaces
[ 25%] Built target cybergear_interfaces__rosidl_typesupport_introspection_cpp
[ 35%] Built target cybergear_interfaces__rosidl_typesupport_c
[ 46%] Built target cybergear_interfaces__rosidl_typesupport_introspection_c
[ 69%] Built target cybergear_interfaces__rosidl_typesupport_fastrtps_cpp
[ 69%] Built target cybergear_interfaces__rosidl_typesupport_cpp
[ 80%] Built target cybergear_interfaces__rosidl_typesupport_fastrtps_c
[ 80%] Built target cybergear_interfaces
[ 81%] Built target cybergear_interfaces__py
[ 91%] Built target cybergear_interfaces__rosidl_generator_py
[100%] Built target cybergear_interfaces__rosidl_typesupport_c__pyext
[100%] Built target cybergear_interfaces__rosidl_typesupport_fastrtps_c__pyext
[100%] Built target cybergear_interfaces__rosidl_typesupport_introspection_c__pyext
running egg_info
writing cybergear_interfaces.egg-info/PKG-INFO
writing dependency_links to cybergear_interfaces.egg-info/dependency_links.txt
writing top-level names to cybergear_interfaces.egg-info/top_level.txt
reading manifest file 'cybergear_interfaces.egg-info/SOURCES.txt'
writing manifest file 'cybergear_interfaces.egg-info/SOURCES.txt'
[100%] Built target ament_cmake_python_build_cybergear_interfaces_egg
-- Install configuration: ""
-- Up-to-date: /home/ambushee/HexapodLeg_modeling_team/2dof/install/cybergear_interfaces/share/ament_index/resource_index/rosidl_interfaces/cybergear_interfaces
-- Up-to-date: /home/ambushee/HexapodLeg_modeling_team/2dof/install/cybergear_interfaces/include/cybergear_interfaces/cybergear_interfaces
-- Up-to-date: /home/ambushee/HexapodLeg_modeling_team/2dof/install/cybergear_interfaces/include/cybergear_interfaces/cybergear_interfaces/msg
-- Up-to-date: /home/ambushee/HexapodLeg_modeling_team/2dof/install/cybergear_interfaces/include/cybergear_interfaces/cybergear_interfaces/msg/motor_control.h
-- Up-to-date: /home/ambushee/HexapodLeg_modeling_team/2dof/install/cybergear_interfaces/include/cybergear_interfaces/cybergear_interfaces/msg/motor_control_group.h
-- Up-to-date: /home/ambushee/HexapodLeg_modeling_team/2dof/install/cybergear_interfaces/include/cybergear_interfaces/cybergear_interfaces/msg/set_point.h
-- Up-to-date: /home/ambushee/HexapodLeg_modeling_team/2dof/install/cybergear_interfaces/include/cybergear_interfaces/cybergear_interfaces/msg/detail
-- Up-to-date: /home/ambushee/HexapodLeg_modeling_team/2dof/install/cybergear_interfaces/include/cybergear_interfaces/cybergear_interfaces/msg/detail/motor_control__functions.c
-- Up-to-date: /home/ambushee/HexapodLeg_modeling_team/2dof/install/cybergear_interfaces/include/cybergear_interfaces/cybergear_interfaces/msg/detail/set_point__functions.h
-- Up-to-date: /home/ambushee/HexapodLeg_modeling_team/2dof/install/cybergear_interfaces/include/cybergear_interfaces/cybergear_interfaces/msg/detail/motor_control__struct.h
-- Up-to-date: /home/ambushee/HexapodLeg_modeling_team/2dof/install/cybergear_interfaces/include/cybergear_interfaces/cybergear_interfaces/msg/detail/motor_control_group__struct.h
-- Up-to-date: /home/ambushee/HexapodLeg_modeling_team/2dof/install/cybergear_interfaces/include/cybergear_interfaces/cybergear_interfaces/msg/detail/motor_control_group__functions.c
-- Up-to-date: /home/ambushee/HexapodLeg_modeling_team/2dof/install/cybergear_interfaces/include/cybergear_interfaces/cybergear_interfaces/msg/detail/motor_control__type_support.h
-- Up-to-date: /home/ambushee/HexapodLeg_modeling_team/2dof/install/cybergear_interfaces/include/cybergear_interfaces/cybergear_interfaces/msg/detail/set_point__struct.h
-- Up-to-date: /home/ambushee/HexapodLeg_modeling_team/2dof/install/cybergear_interfaces/include/cybergear_interfaces/cybergear_interfaces/msg/detail/motor_control__functions.h
-- Up-to-date: /home/ambushee/HexapodLeg_modeling_team/2dof/install/cybergear_interfaces/include/cybergear_interfaces/cybergear_interfaces/msg/detail/set_point__functions.c
-- Up-to-date: /home/ambushee/HexapodLeg_modeling_team/2dof/install/cybergear_interfaces/include/cybergear_interfaces/cybergear_interfaces/msg/detail/motor_control_group__functions.h
-- Up-to-date: /home/ambushee/HexapodLeg_modeling_team/2dof/install/cybergear_interfaces/include/cybergear_interfaces/cybergear_interfaces/msg/detail/motor_control_group__type_support.h
-- Up-to-date: /home/ambushee/HexapodLeg_modeling_team/2dof/install/cybergear_interfaces/include/cybergear_interfaces/cybergear_interfaces/msg/detail/set_point__type_support.h
-- Up-to-date: /home/ambushee/HexapodLeg_modeling_team/2dof/install/cybergear_interfaces/include/cybergear_interfaces/cybergear_interfaces/msg/rosidl_generator_c__visibility_control.h
-- Up-to-date: /home/ambushee/HexapodLeg_modeling_team/2dof/install/cybergear_interfaces/include/cybergear_interfaces/cybergear_interfaces/srv
-- Up-to-date: /home/ambushee/HexapodLeg_modeling_team/2dof/install/cybergear_interfaces/include/cybergear_interfaces/cybergear_interfaces/srv/set_motion_gain.h
-- Up-to-date: /home/ambushee/HexapodLeg_modeling_team/2dof/install/cybergear_interfaces/include/cybergear_interfaces/cybergear_interfaces/srv/detail
-- Up-to-date: /home/ambushee/HexapodLeg_modeling_team/2dof/install/cybergear_interfaces/include/cybergear_interfaces/cybergear_interfaces/srv/detail/set_param__type_support.h
-- Up-to-date: /home/ambushee/HexapodLeg_modeling_team/2dof/install/cybergear_interfaces/include/cybergear_interfaces/cybergear_interfaces/srv/detail/volta_operation_command__struct.h
-- Up-to-date: /home/ambushee/HexapodLeg_modeling_team/2dof/install/cybergear_interfaces/include/cybergear_interfaces/cybergear_interfaces/srv/detail/volta_operation_command__functions.h
-- Up-to-date: /home/ambushee/HexapodLeg_modeling_team/2dof/install/cybergear_interfaces/include/cybergear_interfaces/cybergear_interfaces/srv/detail/set_motion_gain__struct.h
-- Up-to-date: /home/ambushee/HexapodLeg_modeling_team/2dof/install/cybergear_interfaces/include/cybergear_interfaces/cybergear_interfaces/srv/detail/set_param__functions.h
-- Up-to-date: /home/ambushee/HexapodLeg_modeling_team/2dof/install/cybergear_interfaces/include/cybergear_interfaces/cybergear_interfaces/srv/detail/set_motion_gain__functions.c
-- Up-to-date: /home/ambushee/HexapodLeg_modeling_team/2dof/install/cybergear_interfaces/include/cybergear_interfaces/cybergear_interfaces/srv/detail/set_param__struct.h
-- Up-to-date: /home/ambushee/HexapodLeg_modeling_team/2dof/install/cybergear_interfaces/include/cybergear_interfaces/cybergear_interfaces/srv/detail/volta_operation_command__type_support.h
-- Up-to-date: /home/ambushee/HexapodLeg_modeling_team/2dof/install/cybergear_interfaces/include/cybergear_interfaces/cybergear_interfaces/srv/detail/set_param__functions.c
-- Up-to-date: /home/ambushee/HexapodLeg_modeling_team/2dof/install/cybergear_interfaces/include/cybergear_interfaces/cybergear_interfaces/srv/detail/volta_operation_command__functions.c
-- Up-to-date: /home/ambushee/HexapodLeg_modeling_team/2dof/install/cybergear_interfaces/include/cybergear_interfaces/cybergear_interfaces/srv/detail/set_motion_gain__functions.h
-- Up-to-date: /home/ambushee/HexapodLeg_modeling_team/2dof/install/cybergear_interfaces/include/cybergear_interfaces/cybergear_interfaces/srv/detail/set_motion_gain__type_support.h
-- Up-to-date: /home/ambushee/HexapodLeg_modeling_team/2dof/install/cybergear_interfaces/include/cybergear_interfaces/cybergear_interfaces/srv/volta_operation_command.h
-- Up-to-date: /home/ambushee/HexapodLeg_modeling_team/2dof/install/cybergear_interfaces/include/cybergear_interfaces/cybergear_interfaces/srv/set_param.h
-- Up-to-date: /home/ambushee/HexapodLeg_modeling_team/2dof/install/cybergear_interfaces/share/cybergear_interfaces/environment/library_path.sh
-- Up-to-date: /home/ambushee/HexapodLeg_modeling_team/2dof/install/cybergear_interfaces/share/cybergear_interfaces/environment/library_path.dsv
-- Up-to-date: /home/ambushee/HexapodLeg_modeling_team/2dof/install/cybergear_interfaces/lib/libcybergear_interfaces__rosidl_generator_c.so
-- Up-to-date: /home/ambushee/HexapodLeg_modeling_team/2dof/install/cybergear_interfaces/include/cybergear_interfaces/cybergear_interfaces
-- Up-to-date: /home/ambushee/HexapodLeg_modeling_team/2dof/install/cybergear_interfaces/include/cybergear_interfaces/cybergear_interfaces/msg
-- Up-to-date: /home/ambushee/HexapodLeg_modeling_team/2dof/install/cybergear_interfaces/include/cybergear_interfaces/cybergear_interfaces/msg/detail
-- Up-to-date: /home/ambushee/HexapodLeg_modeling_team/2dof/install/cybergear_interfaces/include/cybergear_interfaces/cybergear_interfaces/msg/detail/motor_control__rosidl_typesupport_fastrtps_c.h
-- Up-to-date: /home/ambushee/HexapodLeg_modeling_team/2dof/install/cybergear_interfaces/include/cybergear_interfaces/cybergear_interfaces/msg/detail/motor_control_group__rosidl_typesupport_fastrtps_c.h
-- Up-to-date: /home/ambushee/HexapodLeg_modeling_team/2dof/install/cybergear_interfaces/include/cybergear_interfaces/cybergear_interfaces/msg/detail/set_point__rosidl_typesupport_fastrtps_c.h
-- Up-to-date: /home/ambushee/HexapodLeg_modeling_team/2dof/install/cybergear_interfaces/include/cybergear_interfaces/cybergear_interfaces/msg/rosidl_typesupport_fastrtps_c__visibility_control.h
-- Up-to-date: /home/ambushee/HexapodLeg_modeling_team/2dof/install/cybergear_interfaces/include/cybergear_interfaces/cybergear_interfaces/srv
-- Up-to-date: /home/ambushee/HexapodLeg_modeling_team/2dof/install/cybergear_interfaces/include/cybergear_interfaces/cybergear_interfaces/srv/detail
-- Up-to-date: /home/ambushee/HexapodLeg_modeling_team/2dof/install/cybergear_interfaces/include/cybergear_interfaces/cybergear_interfaces/srv/detail/set_param__rosidl_typesupport_fastrtps_c.h
-- Up-to-date: /home/ambushee/HexapodLeg_modeling_team/2dof/install/cybergear_interfaces/include/cybergear_interfaces/cybergear_interfaces/srv/detail/set_motion_gain__rosidl_typesupport_fastrtps_c.h
-- Up-to-date: /home/ambushee/HexapodLeg_modeling_team/2dof/install/cybergear_interfaces/include/cybergear_interfaces/cybergear_interfaces/srv/detail/volta_operation_command__rosidl_typesupport_fastrtps_c.h
-- Up-to-date: /home/ambushee/HexapodLeg_modeling_team/2dof/install/cybergear_interfaces/lib/libcybergear_interfaces__rosidl_typesupport_fastrtps_c.so
-- Up-to-date: /home/ambushee/HexapodLeg_modeling_team/2dof/install/cybergear_interfaces/include/cybergear_interfaces/cybergear_interfaces
-- Up-to-date: /home/ambushee/HexapodLeg_modeling_team/2dof/install/cybergear_interfaces/include/cybergear_interfaces/cybergear_interfaces/msg
-- Up-to-date: /home/ambushee/HexapodLeg_modeling_team/2dof/install/cybergear_interfaces/include/cybergear_interfaces/cybergear_interfaces/msg/detail
-- Up-to-date: /home/ambushee/HexapodLeg_modeling_team/2dof/install/cybergear_interfaces/include/cybergear_interfaces/cybergear_interfaces/msg/detail/motor_control_group__rosidl_typesupport_introspection_c.h
-- Up-to-date: /home/ambushee/HexapodLeg_modeling_team/2dof/install/cybergear_interfaces/include/cybergear_interfaces/cybergear_interfaces/msg/detail/motor_control__type_support.c
-- Up-to-date: /home/ambushee/HexapodLeg_modeling_team/2dof/install/cybergear_interfaces/include/cybergear_interfaces/cybergear_interfaces/msg/detail/set_point__type_support.c
-- Up-to-date: /home/ambushee/HexapodLeg_modeling_team/2dof/install/cybergear_interfaces/include/cybergear_interfaces/cybergear_interfaces/msg/detail/motor_control_group__type_support.c
-- Up-to-date: /home/ambushee/HexapodLeg_modeling_team/2dof/install/cybergear_interfaces/include/cybergear_interfaces/cybergear_interfaces/msg/detail/set_point__rosidl_typesupport_introspection_c.h
-- Up-to-date: /home/ambushee/HexapodLeg_modeling_team/2dof/install/cybergear_interfaces/include/cybergear_interfaces/cybergear_interfaces/msg/detail/motor_control__rosidl_typesupport_introspection_c.h
-- Up-to-date: /home/ambushee/HexapodLeg_modeling_team/2dof/install/cybergear_interfaces/include/cybergear_interfaces/cybergear_interfaces/msg/rosidl_typesupport_introspection_c__visibility_control.h
-- Up-to-date: /home/ambushee/HexapodLeg_modeling_team/2dof/install/cybergear_interfaces/include/cybergear_interfaces/cybergear_interfaces/srv
-- Up-to-date: /home/ambushee/HexapodLeg_modeling_team/2dof/install/cybergear_interfaces/include/cybergear_interfaces/cybergear_interfaces/srv/detail
-- Up-to-date: /home/ambushee/HexapodLeg_modeling_team/2dof/install/cybergear_interfaces/include/cybergear_interfaces/cybergear_interfaces/srv/detail/set_param__rosidl_typesupport_introspection_c.h
-- Up-to-date: /home/ambushee/HexapodLeg_modeling_team/2dof/install/cybergear_interfaces/include/cybergear_interfaces/cybergear_interfaces/srv/detail/set_motion_gain__rosidl_typesupport_introspection_c.h
-- Up-to-date: /home/ambushee/HexapodLeg_modeling_team/2dof/install/cybergear_interfaces/include/cybergear_interfaces/cybergear_interfaces/srv/detail/volta_operation_command__type_support.c
-- Up-to-date: /home/ambushee/HexapodLeg_modeling_team/2dof/install/cybergear_interfaces/include/cybergear_interfaces/cybergear_interfaces/srv/detail/volta_operation_command__rosidl_typesupport_introspection_c.h
-- Up-to-date: /home/ambushee/HexapodLeg_modeling_team/2dof/install/cybergear_interfaces/include/cybergear_interfaces/cybergear_interfaces/srv/detail/set_param__type_support.c
-- Up-to-date: /home/ambushee/HexapodLeg_modeling_team/2dof/install/cybergear_interfaces/include/cybergear_interfaces/cybergear_interfaces/srv/detail/set_motion_gain__type_support.c
-- Up-to-date: /home/ambushee/HexapodLeg_modeling_team/2dof/install/cybergear_interfaces/lib/libcybergear_interfaces__rosidl_typesupport_introspection_c.so
-- Up-to-date: /home/ambushee/HexapodLeg_modeling_team/2dof/install/cybergear_interfaces/lib/libcybergear_interfaces__rosidl_typesupport_c.so
-- Up-to-date: /home/ambushee/HexapodLeg_modeling_team/2dof/install/cybergear_interfaces/include/cybergear_interfaces/cybergear_interfaces
-- Up-to-date: /home/ambushee/HexapodLeg_modeling_team/2dof/install/cybergear_interfaces/include/cybergear_interfaces/cybergear_interfaces/msg
-- Up-to-date: /home/ambushee/HexapodLeg_modeling_team/2dof/install/cybergear_interfaces/include/cybergear_interfaces/cybergear_interfaces/msg/detail
-- Up-to-date: /home/ambushee/HexapodLeg_modeling_team/2dof/install/cybergear_interfaces/include/cybergear_interfaces/cybergear_interfaces/msg/detail/motor_control__struct.hpp
-- Up-to-date: /home/ambushee/HexapodLeg_modeling_team/2dof/install/cybergear_interfaces/include/cybergear_interfaces/cybergear_interfaces/msg/detail/set_point__traits.hpp
-- Up-to-date: /home/ambushee/HexapodLeg_modeling_team/2dof/install/cybergear_interfaces/include/cybergear_interfaces/cybergear_interfaces/msg/detail/motor_control__builder.hpp
-- Up-to-date: /home/ambushee/HexapodLeg_modeling_team/2dof/install/cybergear_interfaces/include/cybergear_interfaces/cybergear_interfaces/msg/detail/motor_control_group__type_support.hpp
-- Up-to-date: /home/ambushee/HexapodLeg_modeling_team/2dof/install/cybergear_interfaces/include/cybergear_interfaces/cybergear_interfaces/msg/detail/set_point__builder.hpp
-- Up-to-date: /home/ambushee/HexapodLeg_modeling_team/2dof/install/cybergear_interfaces/include/cybergear_interfaces/cybergear_interfaces/msg/detail/set_point__struct.hpp
-- Up-to-date: /home/ambushee/HexapodLeg_modeling_team/2dof/install/cybergear_interfaces/include/cybergear_interfaces/cybergear_interfaces/msg/detail/motor_control_group__builder.hpp
-- Up-to-date: /home/ambushee/HexapodLeg_modeling_team/2dof/install/cybergear_interfaces/include/cybergear_interfaces/cybergear_interfaces/msg/detail/set_point__type_support.hpp
-- Up-to-date: /home/ambushee/HexapodLeg_modeling_team/2dof/install/cybergear_interfaces/include/cybergear_interfaces/cybergear_interfaces/msg/detail/motor_control__traits.hpp
-- Up-to-date: /home/ambushee/HexapodLeg_modeling_team/2dof/install/cybergear_interfaces/include/cybergear_interfaces/cybergear_interfaces/msg/detail/motor_control_group__traits.hpp
-- Up-to-date: /home/ambushee/HexapodLeg_modeling_team/2dof/install/cybergear_interfaces/include/cybergear_interfaces/cybergear_interfaces/msg/detail/motor_control__type_support.hpp
-- Up-to-date: /home/ambushee/HexapodLeg_modeling_team/2dof/install/cybergear_interfaces/include/cybergear_interfaces/cybergear_interfaces/msg/detail/motor_control_group__struct.hpp
-- Up-to-date: /home/ambushee/HexapodLeg_modeling_team/2dof/install/cybergear_interfaces/include/cybergear_interfaces/cybergear_interfaces/msg/motor_control.hpp
-- Up-to-date: /home/ambushee/HexapodLeg_modeling_team/2dof/install/cybergear_interfaces/include/cybergear_interfaces/cybergear_interfaces/msg/rosidl_generator_cpp__visibility_control.hpp
-- Up-to-date: /home/ambushee/HexapodLeg_modeling_team/2dof/install/cybergear_interfaces/include/cybergear_interfaces/cybergear_interfaces/msg/set_point.hpp
-- Up-to-date: /home/ambushee/HexapodLeg_modeling_team/2dof/install/cybergear_interfaces/include/cybergear_interfaces/cybergear_interfaces/msg/motor_control_group.hpp
-- Up-to-date: /home/ambushee/HexapodLeg_modeling_team/2dof/install/cybergear_interfaces/include/cybergear_interfaces/cybergear_interfaces/srv
-- Up-to-date: /home/ambushee/HexapodLeg_modeling_team/2dof/install/cybergear_interfaces/include/cybergear_interfaces/cybergear_interfaces/srv/set_param.hpp
-- Up-to-date: /home/ambushee/HexapodLeg_modeling_team/2dof/install/cybergear_interfaces/include/cybergear_interfaces/cybergear_interfaces/srv/detail
-- Up-to-date: /home/ambushee/HexapodLeg_modeling_team/2dof/install/cybergear_interfaces/include/cybergear_interfaces/cybergear_interfaces/srv/detail/volta_operation_command__struct.hpp
-- Up-to-date: /home/ambushee/HexapodLeg_modeling_team/2dof/install/cybergear_interfaces/include/cybergear_interfaces/cybergear_interfaces/srv/detail/volta_operation_command__type_support.hpp
-- Up-to-date: /home/ambushee/HexapodLeg_modeling_team/2dof/install/cybergear_interfaces/include/cybergear_interfaces/cybergear_interfaces/srv/detail/set_param__struct.hpp
-- Up-to-date: /home/ambushee/HexapodLeg_modeling_team/2dof/install/cybergear_interfaces/include/cybergear_interfaces/cybergear_interfaces/srv/detail/set_param__traits.hpp
-- Up-to-date: /home/ambushee/HexapodLeg_modeling_team/2dof/install/cybergear_interfaces/include/cybergear_interfaces/cybergear_interfaces/srv/detail/volta_operation_command__traits.hpp
-- Up-to-date: /home/ambushee/HexapodLeg_modeling_team/2dof/install/cybergear_interfaces/include/cybergear_interfaces/cybergear_interfaces/srv/detail/set_param__builder.hpp
-- Up-to-date: /home/ambushee/HexapodLeg_modeling_team/2dof/install/cybergear_interfaces/include/cybergear_interfaces/cybergear_interfaces/srv/detail/set_motion_gain__builder.hpp
-- Up-to-date: /home/ambushee/HexapodLeg_modeling_team/2dof/install/cybergear_interfaces/include/cybergear_interfaces/cybergear_interfaces/srv/detail/volta_operation_command__builder.hpp
-- Up-to-date: /home/ambushee/HexapodLeg_modeling_team/2dof/install/cybergear_interfaces/include/cybergear_interfaces/cybergear_interfaces/srv/detail/set_motion_gain__traits.hpp
-- Up-to-date: /home/ambushee/HexapodLeg_modeling_team/2dof/install/cybergear_interfaces/include/cybergear_interfaces/cybergear_interfaces/srv/detail/set_param__type_support.hpp
-- Up-to-date: /home/ambushee/HexapodLeg_modeling_team/2dof/install/cybergear_interfaces/include/cybergear_interfaces/cybergear_interfaces/srv/detail/set_motion_gain__struct.hpp
-- Up-to-date: /home/ambushee/HexapodLeg_modeling_team/2dof/install/cybergear_interfaces/include/cybergear_interfaces/cybergear_interfaces/srv/detail/set_motion_gain__type_support.hpp
-- Up-to-date: /home/ambushee/HexapodLeg_modeling_team/2dof/install/cybergear_interfaces/include/cybergear_interfaces/cybergear_interfaces/srv/set_motion_gain.hpp
-- Up-to-date: /home/ambushee/HexapodLeg_modeling_team/2dof/install/cybergear_interfaces/include/cybergear_interfaces/cybergear_interfaces/srv/volta_operation_command.hpp
-- Up-to-date: /home/ambushee/HexapodLeg_modeling_team/2dof/install/cybergear_interfaces/include/cybergear_interfaces/cybergear_interfaces
-- Up-to-date: /home/ambushee/HexapodLeg_modeling_team/2dof/install/cybergear_interfaces/include/cybergear_interfaces/cybergear_interfaces/msg
-- Up-to-date: /home/ambushee/HexapodLeg_modeling_team/2dof/install/cybergear_interfaces/include/cybergear_interfaces/cybergear_interfaces/msg/detail
-- Up-to-date: /home/ambushee/HexapodLeg_modeling_team/2dof/install/cybergear_interfaces/include/cybergear_interfaces/cybergear_interfaces/msg/detail/set_point__rosidl_typesupport_fastrtps_cpp.hpp
-- Up-to-date: /home/ambushee/HexapodLeg_modeling_team/2dof/install/cybergear_interfaces/include/cybergear_interfaces/cybergear_interfaces/msg/detail/dds_fastrtps
-- Up-to-date: /home/ambushee/HexapodLeg_modeling_team/2dof/install/cybergear_interfaces/include/cybergear_interfaces/cybergear_interfaces/msg/detail/motor_control_group__rosidl_typesupport_fastrtps_cpp.hpp
-- Up-to-date: /home/ambushee/HexapodLeg_modeling_team/2dof/install/cybergear_interfaces/include/cybergear_interfaces/cybergear_interfaces/msg/detail/motor_control__rosidl_typesupport_fastrtps_cpp.hpp
-- Up-to-date: /home/ambushee/HexapodLeg_modeling_team/2dof/install/cybergear_interfaces/include/cybergear_interfaces/cybergear_interfaces/msg/rosidl_typesupport_fastrtps_cpp__visibility_control.h
-- Up-to-date: /home/ambushee/HexapodLeg_modeling_team/2dof/install/cybergear_interfaces/include/cybergear_interfaces/cybergear_interfaces/srv
-- Up-to-date: /home/ambushee/HexapodLeg_modeling_team/2dof/install/cybergear_interfaces/include/cybergear_interfaces/cybergear_interfaces/srv/detail
-- Up-to-date: /home/ambushee/HexapodLeg_modeling_team/2dof/install/cybergear_interfaces/include/cybergear_interfaces/cybergear_interfaces/srv/detail/dds_fastrtps
-- Up-to-date: /home/ambushee/HexapodLeg_modeling_team/2dof/install/cybergear_interfaces/include/cybergear_interfaces/cybergear_interfaces/srv/detail/set_param__rosidl_typesupport_fastrtps_cpp.hpp
-- Up-to-date: /home/ambushee/HexapodLeg_modeling_team/2dof/install/cybergear_interfaces/include/cybergear_interfaces/cybergear_interfaces/srv/detail/volta_operation_command__rosidl_typesupport_fastrtps_cpp.hpp
-- Up-to-date: /home/ambushee/HexapodLeg_modeling_team/2dof/install/cybergear_interfaces/include/cybergear_interfaces/cybergear_interfaces/srv/detail/set_motion_gain__rosidl_typesupport_fastrtps_cpp.hpp
-- Up-to-date: /home/ambushee/HexapodLeg_modeling_team/2dof/install/cybergear_interfaces/lib/libcybergear_interfaces__rosidl_typesupport_fastrtps_cpp.so
-- Up-to-date: /home/ambushee/HexapodLeg_modeling_team/2dof/install/cybergear_interfaces/include/cybergear_interfaces/cybergear_interfaces
-- Up-to-date: /home/ambushee/HexapodLeg_modeling_team/2dof/install/cybergear_interfaces/include/cybergear_interfaces/cybergear_interfaces/msg
-- Up-to-date: /home/ambushee/HexapodLeg_modeling_team/2dof/install/cybergear_interfaces/include/cybergear_interfaces/cybergear_interfaces/msg/detail
-- Up-to-date: /home/ambushee/HexapodLeg_modeling_team/2dof/install/cybergear_interfaces/include/cybergear_interfaces/cybergear_interfaces/msg/detail/motor_control__type_support.cpp
-- Up-to-date: /home/ambushee/HexapodLeg_modeling_team/2dof/install/cybergear_interfaces/include/cybergear_interfaces/cybergear_interfaces/msg/detail/set_point__rosidl_typesupport_introspection_cpp.hpp
-- Up-to-date: /home/ambushee/HexapodLeg_modeling_team/2dof/install/cybergear_interfaces/include/cybergear_interfaces/cybergear_interfaces/msg/detail/set_point__type_support.cpp
-- Up-to-date: /home/ambushee/HexapodLeg_modeling_team/2dof/install/cybergear_interfaces/include/cybergear_interfaces/cybergear_interfaces/msg/detail/motor_control_group__rosidl_typesupport_introspection_cpp.hpp
-- Up-to-date: /home/ambushee/HexapodLeg_modeling_team/2dof/install/cybergear_interfaces/include/cybergear_interfaces/cybergear_interfaces/msg/detail/motor_control__rosidl_typesupport_introspection_cpp.hpp
-- Up-to-date: /home/ambushee/HexapodLeg_modeling_team/2dof/install/cybergear_interfaces/include/cybergear_interfaces/cybergear_interfaces/msg/detail/motor_control_group__type_support.cpp
-- Up-to-date: /home/ambushee/HexapodLeg_modeling_team/2dof/install/cybergear_interfaces/include/cybergear_interfaces/cybergear_interfaces/srv
-- Up-to-date: /home/ambushee/HexapodLeg_modeling_team/2dof/install/cybergear_interfaces/include/cybergear_interfaces/cybergear_interfaces/srv/detail
-- Up-to-date: /home/ambushee/HexapodLeg_modeling_team/2dof/install/cybergear_interfaces/include/cybergear_interfaces/cybergear_interfaces/srv/detail/volta_operation_command__rosidl_typesupport_introspection_cpp.hpp
-- Up-to-date: /home/ambushee/HexapodLeg_modeling_team/2dof/install/cybergear_interfaces/include/cybergear_interfaces/cybergear_interfaces/srv/detail/set_motion_gain__type_support.cpp
-- Up-to-date: /home/ambushee/HexapodLeg_modeling_team/2dof/install/cybergear_interfaces/include/cybergear_interfaces/cybergear_interfaces/srv/detail/set_param__type_support.cpp
-- Up-to-date: /home/ambushee/HexapodLeg_modeling_team/2dof/install/cybergear_interfaces/include/cybergear_interfaces/cybergear_interfaces/srv/detail/volta_operation_command__type_support.cpp
-- Up-to-date: /home/ambushee/HexapodLeg_modeling_team/2dof/install/cybergear_interfaces/include/cybergear_interfaces/cybergear_interfaces/srv/detail/set_motion_gain__rosidl_typesupport_introspection_cpp.hpp
-- Up-to-date: /home/ambushee/HexapodLeg_modeling_team/2dof/install/cybergear_interfaces/include/cybergear_interfaces/cybergear_interfaces/srv/detail/set_param__rosidl_typesupport_introspection_cpp.hpp
-- Up-to-date: /home/ambushee/HexapodLeg_modeling_team/2dof/install/cybergear_interfaces/lib/libcybergear_interfaces__rosidl_typesupport_introspection_cpp.so
-- Up-to-date: /home/ambushee/HexapodLeg_modeling_team/2dof/install/cybergear_interfaces/lib/libcybergear_interfaces__rosidl_typesupport_cpp.so
-- Up-to-date: /home/ambushee/HexapodLeg_modeling_team/2dof/install/cybergear_interfaces/share/cybergear_interfaces/environment/pythonpath.sh
-- Up-to-date: /home/ambushee/HexapodLeg_modeling_team/2dof/install/cybergear_interfaces/share/cybergear_interfaces/environment/pythonpath.dsv
-- Up-to-date: /home/ambushee/HexapodLeg_modeling_team/2dof/install/cybergear_interfaces/local/lib/python3.10/dist-packages/cybergear_interfaces-0.0.0-py3.10.egg-info
-- Installing: /home/ambushee/HexapodLeg_modeling_team/2dof/install/cybergear_interfaces/local/lib/python3.10/dist-packages/cybergear_interfaces-0.0.0-py3.10.egg-info/dependency_links.txt
-- Installing: /home/ambushee/HexapodLeg_modeling_team/2dof/install/cybergear_interfaces/local/lib/python3.10/dist-packages/cybergear_interfaces-0.0.0-py3.10.egg-info/SOURCES.txt
-- Installing: /home/ambushee/HexapodLeg_modeling_team/2dof/install/cybergear_interfaces/local/lib/python3.10/dist-packages/cybergear_interfaces-0.0.0-py3.10.egg-info/top_level.txt
-- Installing: /home/ambushee/HexapodLeg_modeling_team/2dof/install/cybergear_interfaces/local/lib/python3.10/dist-packages/cybergear_interfaces-0.0.0-py3.10.egg-info/PKG-INFO
-- Up-to-date: /home/ambushee/HexapodLeg_modeling_team/2dof/install/cybergear_interfaces/local/lib/python3.10/dist-packages/cybergear_interfaces
-- Up-to-date: /home/ambushee/HexapodLeg_modeling_team/2dof/install/cybergear_interfaces/local/lib/python3.10/dist-packages/cybergear_interfaces/cybergear_interfaces_s__rosidl_typesupport_introspection_c.cpython-310-x86_64-linux-gnu.so
-- Up-to-date: /home/ambushee/HexapodLeg_modeling_team/2dof/install/cybergear_interfaces/local/lib/python3.10/dist-packages/cybergear_interfaces/_cybergear_interfaces_s.ep.rosidl_typesupport_c.c
-- Up-to-date: /home/ambushee/HexapodLeg_modeling_team/2dof/install/cybergear_interfaces/local/lib/python3.10/dist-packages/cybergear_interfaces/_cybergear_interfaces_s.ep.rosidl_typesupport_fastrtps_c.c
-- Up-to-date: /home/ambushee/HexapodLeg_modeling_team/2dof/install/cybergear_interfaces/local/lib/python3.10/dist-packages/cybergear_interfaces/__init__.py
-- Up-to-date: /home/ambushee/HexapodLeg_modeling_team/2dof/install/cybergear_interfaces/local/lib/python3.10/dist-packages/cybergear_interfaces/cybergear_interfaces_s__rosidl_typesupport_c.cpython-310-x86_64-linux-gnu.so
-- Up-to-date: /home/ambushee/HexapodLeg_modeling_team/2dof/install/cybergear_interfaces/local/lib/python3.10/dist-packages/cybergear_interfaces/_cybergear_interfaces_s.ep.rosidl_typesupport_introspection_c.c
-- Up-to-date: /home/ambushee/HexapodLeg_modeling_team/2dof/install/cybergear_interfaces/local/lib/python3.10/dist-packages/cybergear_interfaces/msg
-- Up-to-date: /home/ambushee/HexapodLeg_modeling_team/2dof/install/cybergear_interfaces/local/lib/python3.10/dist-packages/cybergear_interfaces/msg/_motor_control.py
-- Up-to-date: /home/ambushee/HexapodLeg_modeling_team/2dof/install/cybergear_interfaces/local/lib/python3.10/dist-packages/cybergear_interfaces/msg/_set_point.py
-- Up-to-date: /home/ambushee/HexapodLeg_modeling_team/2dof/install/cybergear_interfaces/local/lib/python3.10/dist-packages/cybergear_interfaces/msg/_motor_control_group_s.c
-- Up-to-date: /home/ambushee/HexapodLeg_modeling_team/2dof/install/cybergear_interfaces/local/lib/python3.10/dist-packages/cybergear_interfaces/msg/_set_point_s.c
-- Up-to-date: /home/ambushee/HexapodLeg_modeling_team/2dof/install/cybergear_interfaces/local/lib/python3.10/dist-packages/cybergear_interfaces/msg/_motor_control_s.c
-- Up-to-date: /home/ambushee/HexapodLeg_modeling_team/2dof/install/cybergear_interfaces/local/lib/python3.10/dist-packages/cybergear_interfaces/msg/__init__.py
-- Up-to-date: /home/ambushee/HexapodLeg_modeling_team/2dof/install/cybergear_interfaces/local/lib/python3.10/dist-packages/cybergear_interfaces/msg/_motor_control_group.py
-- Up-to-date: /home/ambushee/HexapodLeg_modeling_team/2dof/install/cybergear_interfaces/local/lib/python3.10/dist-packages/cybergear_interfaces/srv
-- Up-to-date: /home/ambushee/HexapodLeg_modeling_team/2dof/install/cybergear_interfaces/local/lib/python3.10/dist-packages/cybergear_interfaces/srv/_set_motion_gain_s.c
-- Up-to-date: /home/ambushee/HexapodLeg_modeling_team/2dof/install/cybergear_interfaces/local/lib/python3.10/dist-packages/cybergear_interfaces/srv/_volta_operation_command.py
-- Up-to-date: /home/ambushee/HexapodLeg_modeling_team/2dof/install/cybergear_interfaces/local/lib/python3.10/dist-packages/cybergear_interfaces/srv/_set_param.py
-- Up-to-date: /home/ambushee/HexapodLeg_modeling_team/2dof/install/cybergear_interfaces/local/lib/python3.10/dist-packages/cybergear_interfaces/srv/_set_motion_gain.py
-- Up-to-date: /home/ambushee/HexapodLeg_modeling_team/2dof/install/cybergear_interfaces/local/lib/python3.10/dist-packages/cybergear_interfaces/srv/__init__.py
-- Up-to-date: /home/ambushee/HexapodLeg_modeling_team/2dof/install/cybergear_interfaces/local/lib/python3.10/dist-packages/cybergear_interfaces/srv/_volta_operation_command_s.c
-- Up-to-date: /home/ambushee/HexapodLeg_modeling_team/2dof/install/cybergear_interfaces/local/lib/python3.10/dist-packages/cybergear_interfaces/srv/_set_param_s.c
-- Up-to-date: /home/ambushee/HexapodLeg_modeling_team/2dof/install/cybergear_interfaces/local/lib/python3.10/dist-packages/cybergear_interfaces/libcybergear_interfaces__rosidl_generator_py.so
-- Up-to-date: /home/ambushee/HexapodLeg_modeling_team/2dof/install/cybergear_interfaces/local/lib/python3.10/dist-packages/cybergear_interfaces/cybergear_interfaces_s__rosidl_typesupport_fastrtps_c.cpython-310-x86_64-linux-gnu.so
Listing '/home/ambushee/HexapodLeg_modeling_team/2dof/install/cybergear_interfaces/local/lib/python3.10/dist-packages/cybergear_interfaces'...
Listing '/home/ambushee/HexapodLeg_modeling_team/2dof/install/cybergear_interfaces/local/lib/python3.10/dist-packages/cybergear_interfaces/msg'...
Listing '/home/ambushee/HexapodLeg_modeling_team/2dof/install/cybergear_interfaces/local/lib/python3.10/dist-packages/cybergear_interfaces/srv'...
-- Up-to-date: /home/ambushee/HexapodLeg_modeling_team/2dof/install/cybergear_interfaces/local/lib/python3.10/dist-packages/cybergear_interfaces/cybergear_interfaces_s__rosidl_typesupport_fastrtps_c.cpython-310-x86_64-linux-gnu.so
-- Up-to-date: /home/ambushee/HexapodLeg_modeling_team/2dof/install/cybergear_interfaces/local/lib/python3.10/dist-packages/cybergear_interfaces/cybergear_interfaces_s__rosidl_typesupport_introspection_c.cpython-310-x86_64-linux-gnu.so
-- Up-to-date: /home/ambushee/HexapodLeg_modeling_team/2dof/install/cybergear_interfaces/local/lib/python3.10/dist-packages/cybergear_interfaces/cybergear_interfaces_s__rosidl_typesupport_c.cpython-310-x86_64-linux-gnu.so
-- Up-to-date: /home/ambushee/HexapodLeg_modeling_team/2dof/install/cybergear_interfaces/lib/libcybergear_interfaces__rosidl_generator_py.so
-- Up-to-date: /home/ambushee/HexapodLeg_modeling_team/2dof/install/cybergear_interfaces/share/cybergear_interfaces/msg/MotorControl.idl
-- Up-to-date: /home/ambushee/HexapodLeg_modeling_team/2dof/install/cybergear_interfaces/share/cybergear_interfaces/msg/MotorControlGroup.idl
-- Up-to-date: /home/ambushee/HexapodLeg_modeling_team/2dof/install/cybergear_interfaces/share/cybergear_interfaces/msg/SetPoint.idl
-- Up-to-date: /home/ambushee/HexapodLeg_modeling_team/2dof/install/cybergear_interfaces/share/cybergear_interfaces/srv/SetParam.idl
-- Up-to-date: /home/ambushee/HexapodLeg_modeling_team/2dof/install/cybergear_interfaces/share/cybergear_interfaces/srv/SetMotionGain.idl
-- Up-to-date: /home/ambushee/HexapodLeg_modeling_team/2dof/install/cybergear_interfaces/share/cybergear_interfaces/srv/VoltaOperationCommand.idl
-- Up-to-date: /home/ambushee/HexapodLeg_modeling_team/2dof/install/cybergear_interfaces/share/cybergear_interfaces/msg/MotorControl.msg
-- Up-to-date: /home/ambushee/HexapodLeg_modeling_team/2dof/install/cybergear_interfaces/share/cybergear_interfaces/msg/MotorControlGroup.msg
-- Up-to-date: /home/ambushee/HexapodLeg_modeling_team/2dof/install/cybergear_interfaces/share/cybergear_interfaces/msg/SetPoint.msg
-- Up-to-date: /home/ambushee/HexapodLeg_modeling_team/2dof/install/cybergear_interfaces/share/cybergear_interfaces/srv/SetParam.srv
-- Up-to-date: /home/ambushee/HexapodLeg_modeling_team/2dof/install/cybergear_interfaces/share/cybergear_interfaces/srv/SetParam_Request.msg
-- Up-to-date: /home/ambushee/HexapodLeg_modeling_team/2dof/install/cybergear_interfaces/share/cybergear_interfaces/srv/SetParam_Response.msg
-- Up-to-date: /home/ambushee/HexapodLeg_modeling_team/2dof/install/cybergear_interfaces/share/cybergear_interfaces/srv/SetMotionGain.srv
-- Up-to-date: /home/ambushee/HexapodLeg_modeling_team/2dof/install/cybergear_interfaces/share/cybergear_interfaces/srv/SetMotionGain_Request.msg
-- Up-to-date: /home/ambushee/HexapodLeg_modeling_team/2dof/install/cybergear_interfaces/share/cybergear_interfaces/srv/SetMotionGain_Response.msg
-- Up-to-date: /home/ambushee/HexapodLeg_modeling_team/2dof/install/cybergear_interfaces/share/cybergear_interfaces/srv/VoltaOperationCommand.srv
-- Up-to-date: /home/ambushee/HexapodLeg_modeling_team/2dof/install/cybergear_interfaces/share/cybergear_interfaces/srv/VoltaOperationCommand_Request.msg
-- Up-to-date: /home/ambushee/HexapodLeg_modeling_team/2dof/install/cybergear_interfaces/share/cybergear_interfaces/srv/VoltaOperationCommand_Response.msg
-- Up-to-date: /home/ambushee/HexapodLeg_modeling_team/2dof/install/cybergear_interfaces/share/ament_index/resource_index/package_run_dependencies/cybergear_interfaces
-- Up-to-date: /home/ambushee/HexapodLeg_modeling_team/2dof/install/cybergear_interfaces/share/ament_index/resource_index/parent_prefix_path/cybergear_interfaces
-- Up-to-date: /home/ambushee/HexapodLeg_modeling_team/2dof/install/cybergear_interfaces/share/cybergear_interfaces/environment/ament_prefix_path.sh
-- Up-to-date: /home/ambushee/HexapodLeg_modeling_team/2dof/install/cybergear_interfaces/share/cybergear_interfaces/environment/ament_prefix_path.dsv
-- Up-to-date: /home/ambushee/HexapodLeg_modeling_team/2dof/install/cybergear_interfaces/share/cybergear_interfaces/environment/path.sh
-- Up-to-date: /home/ambushee/HexapodLeg_modeling_team/2dof/install/cybergear_interfaces/share/cybergear_interfaces/environment/path.dsv
-- Up-to-date: /home/ambushee/HexapodLeg_modeling_team/2dof/install/cybergear_interfaces/share/cybergear_interfaces/local_setup.bash
-- Up-to-date: /home/ambushee/HexapodLeg_modeling_team/2dof/install/cybergear_interfaces/share/cybergear_interfaces/local_setup.sh
-- Up-to-date: /home/ambushee/HexapodLeg_modeling_team/2dof/install/cybergear_interfaces/share/cybergear_interfaces/local_setup.zsh
-- Up-to-date: /home/ambushee/HexapodLeg_modeling_team/2dof/install/cybergear_interfaces/share/cybergear_interfaces/local_setup.dsv
-- Installing: /home/ambushee/HexapodLeg_modeling_team/2dof/install/cybergear_interfaces/share/cybergear_interfaces/package.dsv
-- Up-to-date: /home/ambushee/HexapodLeg_modeling_team/2dof/install/cybergear_interfaces/share/ament_index/resource_index/packages/cybergear_interfaces
-- Up-to-date: /home/ambushee/HexapodLeg_modeling_team/2dof/install/cybergear_interfaces/share/cybergear_interfaces/cmake/export_cybergear_interfaces__rosidl_generator_cExport.cmake
-- Up-to-date: /home/ambushee/HexapodLeg_modeling_team/2dof/install/cybergear_interfaces/share/cybergear_interfaces/cmake/export_cybergear_interfaces__rosidl_generator_cExport-noconfig.cmake
-- Up-to-date: /home/ambushee/HexapodLeg_modeling_team/2dof/install/cybergear_interfaces/share/cybergear_interfaces/cmake/export_cybergear_interfaces__rosidl_typesupport_fastrtps_cExport.cmake
-- Up-to-date: /home/ambushee/HexapodLeg_modeling_team/2dof/install/cybergear_interfaces/share/cybergear_interfaces/cmake/export_cybergear_interfaces__rosidl_typesupport_fastrtps_cExport-noconfig.cmake
-- Up-to-date: /home/ambushee/HexapodLeg_modeling_team/2dof/install/cybergear_interfaces/share/cybergear_interfaces/cmake/cybergear_interfaces__rosidl_typesupport_introspection_cExport.cmake
-- Up-to-date: /home/ambushee/HexapodLeg_modeling_team/2dof/install/cybergear_interfaces/share/cybergear_interfaces/cmake/cybergear_interfaces__rosidl_typesupport_introspection_cExport-noconfig.cmake
-- Up-to-date: /home/ambushee/HexapodLeg_modeling_team/2dof/install/cybergear_interfaces/share/cybergear_interfaces/cmake/cybergear_interfaces__rosidl_typesupport_cExport.cmake
-- Up-to-date: /home/ambushee/HexapodLeg_modeling_team/2dof/install/cybergear_interfaces/share/cybergear_interfaces/cmake/cybergear_interfaces__rosidl_typesupport_cExport-noconfig.cmake
-- Up-to-date: /home/ambushee/HexapodLeg_modeling_team/2dof/install/cybergear_interfaces/share/cybergear_interfaces/cmake/export_cybergear_interfaces__rosidl_generator_cppExport.cmake
-- Up-to-date: /home/ambushee/HexapodLeg_modeling_team/2dof/install/cybergear_interfaces/share/cybergear_interfaces/cmake/export_cybergear_interfaces__rosidl_typesupport_fastrtps_cppExport.cmake
-- Up-to-date: /home/ambushee/HexapodLeg_modeling_team/2dof/install/cybergear_interfaces/share/cybergear_interfaces/cmake/export_cybergear_interfaces__rosidl_typesupport_fastrtps_cppExport-noconfig.cmake
-- Up-to-date: /home/ambushee/HexapodLeg_modeling_team/2dof/install/cybergear_interfaces/share/cybergear_interfaces/cmake/cybergear_interfaces__rosidl_typesupport_introspection_cppExport.cmake
-- Up-to-date: /home/ambushee/HexapodLeg_modeling_team/2dof/install/cybergear_interfaces/share/cybergear_interfaces/cmake/cybergear_interfaces__rosidl_typesupport_introspection_cppExport-noconfig.cmake
-- Up-to-date: /home/ambushee/HexapodLeg_modeling_team/2dof/install/cybergear_interfaces/share/cybergear_interfaces/cmake/cybergear_interfaces__rosidl_typesupport_cppExport.cmake
-- Up-to-date: /home/ambushee/HexapodLeg_modeling_team/2dof/install/cybergear_interfaces/share/cybergear_interfaces/cmake/cybergear_interfaces__rosidl_typesupport_cppExport-noconfig.cmake
-- Up-to-date: /home/ambushee/HexapodLeg_modeling_team/2dof/install/cybergear_interfaces/share/cybergear_interfaces/cmake/export_cybergear_interfaces__rosidl_generator_pyExport.cmake
-- Up-to-date: /home/ambushee/HexapodLeg_modeling_team/2dof/install/cybergear_interfaces/share/cybergear_interfaces/cmake/export_cybergear_interfaces__rosidl_generator_pyExport-noconfig.cmake
-- Up-to-date: /home/ambushee/HexapodLeg_modeling_team/2dof/install/cybergear_interfaces/share/cybergear_interfaces/cmake/rosidl_cmake-extras.cmake
-- Up-to-date: /home/ambushee/HexapodLeg_modeling_team/2dof/install/cybergear_interfaces/share/cybergear_interfaces/cmake/ament_cmake_export_dependencies-extras.cmake
-- Up-to-date: /home/ambushee/HexapodLeg_modeling_team/2dof/install/cybergear_interfaces/share/cybergear_interfaces/cmake/ament_cmake_export_include_directories-extras.cmake
-- Up-to-date: /home/ambushee/HexapodLeg_modeling_team/2dof/install/cybergear_interfaces/share/cybergear_interfaces/cmake/ament_cmake_export_libraries-extras.cmake
-- Up-to-date: /home/ambushee/HexapodLeg_modeling_team/2dof/install/cybergear_interfaces/share/cybergear_interfaces/cmake/ament_cmake_export_targets-extras.cmake
-- Up-to-date: /home/ambushee/HexapodLeg_modeling_team/2dof/install/cybergear_interfaces/share/cybergear_interfaces/cmake/rosidl_cmake_export_typesupport_targets-extras.cmake
-- Up-to-date: /home/ambushee/HexapodLeg_modeling_team/2dof/install/cybergear_interfaces/share/cybergear_interfaces/cmake/rosidl_cmake_export_typesupport_libraries-extras.cmake
-- Up-to-date: /home/ambushee/HexapodLeg_modeling_team/2dof/install/cybergear_interfaces/share/cybergear_interfaces/cmake/cybergear_interfacesConfig.cmake
-- Up-to-date: /home/ambushee/HexapodLeg_modeling_team/2dof/install/cybergear_interfaces/share/cybergear_interfaces/cmake/cybergear_interfacesConfig-version.cmake
-- Up-to-date: /home/ambushee/HexapodLeg_modeling_team/2dof/install/cybergear_interfaces/share/cybergear_interfaces/package.xml
